[16:04:21] user=Invader17 gpu=7 vk_uuid=d9fc0582a134ded0909de88d902ecc0b cpus=46-47 timeout=40m stall=20m
[16:04:21] cmd: /home/Invader17/grasp_task/code/grasp/grasp_check.py --obj tetrapak --side --video
[Warning] [simulation_app.simulation_app] Modules: ['omni.kit_app'] were loaded before SimulationApp was started and might not be loaded correctly.
[Warning] [simulation_app.simulation_app] Please check to make sure no extra omniverse or pxr modules are imported before the call to SimulationApp(...)
Starting kit application with the following args:  ['/home/Invader17/grasp_task/envs/isaac/lib/python3.10/site-packages/isaacsim/exts/isaacsim.simulation_app/isaacsim/simulation_app/simulation_app.py', '/home/Invader17/grasp_task/envs/isaac/lib/python3.10/site-packages/isaacsim/apps/isaacsim.exp.base.python.kit', '--/app/tokens/exe-path=/home/Invader17/grasp_task/envs/isaac/lib/python3.10/site-packages/omni', '--/persistent/app/viewport/displayOptions=3094', '--/rtx/materialDb/syncLoads=True', '--/rtx/hydra/materialSyncLoads=True', '--/omni.kit.plugin/syncUsdLoads=True', '--/app/renderer/resolution/width=640', '--/app/renderer/resolution/height=480', '--/app/window/width=1440', '--/app/window/height=900', '--/renderer/multiGpu/enabled=False', '--/app/fastShutdown=True', '--/app/installSignalHandlers=0', '--ext-folder', '/home/Invader17/grasp_task/envs/isaac/lib/python3.10/site-packages/isaacsim/exts', '--ext-folder', '/home/Invader17/grasp_task/envs/isaac/lib/python3.10/site-packages/isaacsim/apps', '--/renderer/multiGpu/enabled=false', '--/renderer/multiGpu/autoEnable=false', '--/renderer/multiGpu/maxGpuCount=1', '--/renderer/activeGpu=0', '--/plugins/carb.tasking.plugin/threadCount=4', '--/persistent/isaac/asset_root/default=http://omniverse-content-production.s3-us-west-2.amazonaws.com/Assets/Isaac/4.5', '--/persistent/isaac/asset_root/cloud=http://omniverse-content-production.s3-us-west-2.amazonaws.com/Assets/Isaac/4.5', '--/persistent/isaac/asset_root/nvidia=http://omniverse-content-production.s3-us-west-2.amazonaws.com/Assets/Isaac/4.5', '--/renderer/activeGpu=0', '--/physics/cudaDevice=0', '--portable', '--no-window', '--/app/window/hideUi=1']
Passing the following args to the base kit application:  ['--obj', 'tetrapak', '--side', '--video']
[Info] [carb] Logging to file: /home/Invader17/grasp_task/envs/isaac/lib/python3.10/site-packages/omni/logs/Kit/Isaac-Sim Python/4.5/kit_20261004_130421.log
2026-10-04 13:04:21 [0ms] [Warning] [omni.kit.app.plugin] No crash reporter present, dumps uploading isn't available.
[0.368s] [ext: omni.kit.async_engine-0.0.1] startup
[1.010s] [ext: omni.metrics.core-0.0.1] startup
[1.015s] [ext: omni.client.lib-1.0.0] startup
[1.060s] [ext: omni.blobkey-1.1.2] startup
[1.061s] [ext: omni.stats-1.0.1] startup
[1.065s] [ext: omni.datastore-0.0.0] startup
[1.076s] [ext: omni.client-1.2.2] startup
[1.088s] [ext: omni.ujitso.default-1.0.0] startup
[1.093s] [ext: omni.hsscclient-1.1.1] startup
2026-10-04 13:04:22 [1,077ms] [Warning] [omni.datastore] OmniHub is inaccessible
[1.104s] [ext: omni.gpu_foundation.shadercache.vulkan-1.0.0] startup
[1.112s] [ext: omni.assets.plugins-0.0.0] startup
[1.114s] [ext: omni.gpu_foundation-0.0.0] startup
[1.131s] [ext: carb.windowing.plugins-1.0.0] startup
2026-10-04 13:04:23 [1,114ms] [Warning] [carb.windowing-glfw.plugin] GLFW initialization failed.
2026-10-04 13:04:23 [1,114ms] [Warning] [carb] Failed to startup plugin carb.windowing-glfw.plugin (interfaces: [carb::windowing::IGLContext v1.0],[carb::windowing::IWindowing v1.5]) (impl: carb.windowing-glfw.plugin)
[1.135s] [ext: omni.kit.renderer.init-0.0.0] startup
2026-10-04 13:04:23 [1,136ms] [Warning] [omni.platforminfo.plugin] failed to open the default display.  Can't verify X Server version.
[16:04:25] на GPU 7 чужие процессы: 775078; запас памяти 1536 MiB, наш потолок 6144 MiB
2026-10-04 13:04:26 [4,526ms] [Warning] [carb.cudainterop.plugin] CUDA_VISIBLE_DEVICES environment variable is set.
2026-10-04 13:04:26 [4,526ms] [Warning] [carb.cudainterop.plugin] Note CUDA device enumeration and Omniverse device enumeration are different.
2026-10-04 13:04:26 [4,527ms] [Warning] [carb.cudainterop.plugin] Setting CUDA_VISIBLE_DEVICES can lead to undesired behavior or crashes.

|---------------------------------------------------------------------------------------------|
| Driver Version: 575.57.08     | Graphics API: Vulkan
|=============================================================================================|
| GPU | Name                             | Active | LDA | GPU Memory | Vendor-ID | LUID       |
|     |                                  |        |     |            | Device-ID | UUID       |
|     |                                  |        |     |            | Bus-ID    |            |
|---------------------------------------------------------------------------------------------|
| 0   | NVIDIA GeForce RTX 2080 Ti       | Yes: 0 |     | 11510   MB | 10de      | 0          |
|     |                                  |        |     |            | 1e04      | d9fc0582.. |
|     |                                  |        |     |            | 8         |            |
|=============================================================================================|
| OS: 20.04.6 LTS (Focal Fossa) ubuntu, Version: 20.04.6, Kernel: 5.15.0-139-generic
| Processor: AMD EPYC 7552 48-Core Processor
| Cores: 48 | Logical Cores: 48
|---------------------------------------------------------------------------------------------|
| Total Memory (MB): 515967 | Free Memory: 341969
| Total Page/Swap (MB): 67583 | Free Page/Swap: 17592186044409
|---------------------------------------------------------------------------------------------|
[9.743s] [ext: omni.kit.pipapi-0.0.0] startup
[9.748s] [ext: omni.materialx.libs-1.0.6] startup
[9.762s] [ext: omni.kit.pip_archive-0.0.0] startup
[9.764s] [ext: omni.usd.config-1.0.5] startup
[9.773s] [ext: omni.gpucompute.plugins-0.0.0] startup
[9.777s] [ext: omni.usd.libs-1.0.1] startup
[9.920s] [ext: omni.mdl-55.0.1] startup
[9.950s] [ext: omni.iray.libs-0.0.0] startup
[9.964s] [ext: omni.mdl.neuraylib-0.2.10] startup
[9.968s] [ext: omni.kit.usd.mdl-1.0.7] startup
[10.130s] [ext: omni.kit.telemetry-0.5.1] startup
[10.218s] [ext: omni.kit.loop-isaac-1.2.1] startup
[10.222s] [ext: omni.kit.test-1.1.2] startup
[10.455s] [ext: omni.appwindow-1.1.9] startup
2026-10-04 13:04:32 [10,438ms] [Warning] [carb.windowing-glfw.plugin] GLFW initialization failed.
2026-10-04 13:04:32 [10,438ms] [Warning] [carb] Failed to startup plugin carb.windowing-glfw.plugin (interfaces: [carb::windowing::IGLContext v1.0],[carb::windowing::IWindowing v1.5]) (impl: carb.windowing-glfw.plugin)
[10.464s] [ext: omni.kit.renderer.core-1.0.2] startup
2026-10-04 13:04:32 [10,469ms] [Warning] [carb.windowing-glfw.plugin] GLFW initialization failed.
2026-10-04 13:04:32 [10,469ms] [Warning] [carb] Failed to startup plugin carb.windowing-glfw.plugin (interfaces: [carb::windowing::IGLContext v1.0],[carb::windowing::IWindowing v1.5]) (impl: carb.windowing-glfw.plugin)
2026-10-04 13:04:32 [10,483ms] [Warning] [carb.windowing-glfw.plugin] GLFW initialization failed.
2026-10-04 13:04:32 [10,483ms] [Warning] [carb] Failed to startup plugin carb.windowing-glfw.plugin (interfaces: [carb::windowing::IGLContext v1.0],[carb::windowing::IWindowing v1.5]) (impl: carb.windowing-glfw.plugin)
[10.508s] [ext: omni.kit.renderer.capture-0.0.0] startup
[10.517s] [ext: omni.kit.renderer.imgui-1.0.2] startup
2026-10-04 13:04:32 [10,508ms] [Warning] [carb.windowing-glfw.plugin] GLFW initialization failed.
2026-10-04 13:04:32 [10,508ms] [Warning] [carb] Failed to startup plugin carb.windowing-glfw.plugin (interfaces: [carb::windowing::IGLContext v1.0],[carb::windowing::IWindowing v1.5]) (impl: carb.windowing-glfw.plugin)
2026-10-04 13:04:32 [10,511ms] [Warning] [carb.windowing-glfw.plugin] GLFW initialization failed.
2026-10-04 13:04:32 [10,512ms] [Warning] [carb] Failed to startup plugin carb.windowing-glfw.plugin (interfaces: [carb::windowing::IGLContext v1.0],[carb::windowing::IWindowing v1.5]) (impl: carb.windowing-glfw.plugin)
2026-10-04 13:04:32 [10,513ms] [Warning] [carb.windowing-glfw.plugin] GLFW initialization failed.
2026-10-04 13:04:32 [10,514ms] [Warning] [carb] Failed to startup plugin carb.windowing-glfw.plugin (interfaces: [carb::windowing::IGLContext v1.0],[carb::windowing::IWindowing v1.5]) (impl: carb.windowing-glfw.plugin)
[13.206s] [ext: omni.ui-2.26.5] startup
[13.227s] [ext: omni.kit.mainwindow-1.0.3] startup
[13.230s] [ext: carb.audio-0.1.0] startup
[13.239s] [ext: omni.uiaudio-1.0.0] startup
[13.242s] [ext: omni.kit.uiapp-0.0.0] startup
[13.242s] [ext: omni.usd.schema.metrics.assembler-106.5.0] startup
[13.260s] [ext: omni.usd.schema.anim-0.0.0] startup
[13.294s] [ext: omni.usd.schema.audio-0.0.0] startup
[13.300s] [ext: omni.usd.schema.isaac-3.0.2] startup
[13.301s] [ext: omni.usd.schema.omnigraph-1.0.0] startup
[13.314s] [ext: omni.usd.schema.forcefield-106.5.7] startup
[13.330s] [ext: omni.usd.schema.semantics-0.0.0] startup
[13.334s] [ext: omni.usd.schema.physx-106.5.7] startup
[13.400s] [ext: omni.usd.schema.geospatial-0.0.0] startup
[13.405s] [ext: omni.usd_resolver-1.0.0] startup
[13.412s] [ext: omni.kit.window.popup_dialog-2.0.24] startup
[13.419s] [ext: usdrt.scenegraph-7.5.1] startup
[13.485s] [ext: omni.timeline-1.0.11] startup
[13.489s] [ext: omni.usd.core-1.4.2] startup
[13.496s] [ext: omni.resourcemonitor-107.0.0] startup
[13.502s] [ext: omni.activity.core-1.0.1] startup
[13.507s] [ext: omni.kit.widget.nucleus_connector-1.1.10] startup
[13.512s] [ext: omni.hydra.usdrt_delegate-7.5.1] startup
[13.534s] [ext: omni.kit.actions.core-1.0.0] startup
[13.545s] [ext: omni.graph.exec-0.9.4] startup
[13.546s] [ext: omni.kit.commands-1.4.9] startup
[13.557s] [ext: omni.kit.usd_undo-0.1.8] startup
[13.558s] [ext: omni.kit.exec.core-0.13.4] startup
[13.566s] [ext: omni.kit.audiodeviceenum-1.0.1] startup
[13.572s] [ext: omni.hydra.scene_delegate-0.3.3] startup
[13.582s] [ext: omni.usd-1.12.4] startup
[13.660s] [ext: omni.inspect-1.0.1] startup
[13.664s] [ext: omni.kit.notification_manager-1.0.9] startup
[13.669s] [ext: omni.graph.core-2.181.8] startup
[13.676s] [ext: isaacsim.core.deprecation_manager-0.2.2] startup
[13.680s] [ext: omni.usd.schema.omniscripting-1.0.0] startup
[13.689s] [ext: isaacsim.robot.schema-3.1.2] startup
[13.701s] [ext: omni.kit.asset_converter-2.8.3] startup
[13.721s] [ext: omni.kit.menu.core-1.1.2] startup
[13.724s] [ext: omni.kvdb-106.5.7] startup
[13.728s] [ext: omni.kit.widget.context_menu-1.2.4] startup
[13.731s] [ext: omni.kit.usd.layers-2.2.0] startup
[13.745s] [ext: omni.kit.property.adapter.core-1.0.2] startup
[13.753s] [ext: omni.localcache-106.5.7] startup
[13.757s] [ext: omni.convexdecomposition-106.5.7] startup
[13.765s] [ext: omni.warp.core-1.5.0] startup
[14.081s] [ext: omni.kit.context_menu-1.8.3] startup
[14.086s] [ext: omni.kit.hotkeys.core-1.3.10] startup
[14.098s] [ext: omni.kit.property.adapter.fabric-1.0.3] startup
[14.101s] [ext: omni.usdphysics-106.5.7] startup
[14.110s] [ext: omni.kit.widget.path_field-2.0.11] startup
[14.118s] [ext: omni.kit.widget.options_menu-1.1.6] startup
[14.124s] [ext: omni.kit.helper.file_utils-0.1.9] startup
[14.128s] [ext: omni.kit.widget.browser_bar-2.0.10] startup
[14.129s] [ext: omni.kit.widget.options_button-1.0.3] startup
[14.135s] [ext: omni.kit.widget.filebrowser-2.10.52] startup
[14.144s] [ext: omni.kit.clipboard-1.0.5] startup
[14.146s] [ext: omni.graph.tools-1.79.1] startup
[14.191s] [ext: omni.ui.scene-1.11.2] startup
[14.202s] [ext: omni.graph.image.core-0.6.0] startup
[14.209s] [ext: omni.kit.window.filepicker-2.11.7] startup
[14.234s] [ext: omni.kit.widget.searchfield-1.1.8] startup
[14.238s] [ext: omni.graph.image.nodes-1.3.0] startup
[14.246s] [ext: omni.graph-1.140.2] startup
[14.317s] [ext: omni.kit.window.file_exporter-1.0.31] startup
[14.324s] [ext: omni.kit.widget.filter-1.1.4] startup
[14.329s] [ext: omni.physx.foundation-106.5.7] startup
[14.336s] [ext: omni.graph.nodes-1.162.1] startup
[14.357s] [ext: omni.kit.widget.stage-2.11.6] startup
[14.382s] [ext: omni.hydra.rtx.shadercache.vulkan-1.0.0] startup
[14.386s] [ext: omni.hydra.engine.stats-1.0.3] startup
[14.395s] [ext: omni.graph.action_core-1.1.7] startup
[14.407s] [ext: omni.kit.widget.highlight_label-1.0.3] startup
[14.410s] [ext: omni.ujitso.processor.texture-1.0.0] startup
[14.417s] [ext: omni.index.libs-380600.1777.0] startup
[14.417s] [ext: omni.kit.window.file_importer-1.1.14] startup
[14.421s] [ext: omni.kit.stage_template.core-1.1.22] startup
[14.429s] [ext: omni.volume-0.5.0] startup
[14.445s] [ext: omni.ujitso.client-0.0.0] startup
[14.447s] [ext: omni.index-1.0.1] startup
[14.449s] [ext: omni.kit.window.file-1.3.57] startup
[14.457s] [ext: omni.hydra.rtx-1.0.0] startup
2026-10-04 13:04:36 [14,452ms] [Warning] [omni.log] Source: omni.hydra was already registered.
[14.503s] [ext: omni.kit.viewport.registry-104.0.6] startup
[14.505s] [ext: omni.kit.viewport.legacy_gizmos-1.0.16] startup
[14.513s] [ext: omni.kit.raycast.query-1.0.5] startup
[14.589s] [ext: omni.kit.viewport.scene_camera_model-1.0.5] startup
[14.598s] [ext: omni.kit.hydra_texture-1.4.0] startup
[14.610s] [ext: omni.kit.menu.utils-1.7.7] startup
[14.621s] [ext: omni.kit.window.drop_support-1.0.4] startup
[14.623s] [ext: omni.kit.widget.viewport-107.0.7] startup
[14.634s] [ext: omni.kit.material.library-1.5.15] startup
[14.648s] [ext: omni.kit.window.content_browser_registry-0.0.6] startup
[14.652s] [ext: omni.kit.viewport.window-107.0.8] startup
[14.694s] [ext: omni.graph.action_nodes-1.40.1] startup
[14.709s] [ext: omni.kit.window.property-1.11.5] startup
[14.727s] [ext: omni.kit.window.content_browser-2.10.3] startup
[14.827s] [ext: omni.kit.property.adapter.usd-1.0.2] startup
[14.838s] [ext: omni.kit.viewport.utility-1.0.18] startup
[14.841s] [ext: omni.graph.action-1.120.0] startup
[14.842s] [ext: omni.kit.property.usd-4.2.16] startup
[14.884s] [ext: omni.physx.cooking-106.5.7] startup
[14.920s] [ext: omni.kit.widget.stage_icons-1.0.6] startup
[14.924s] [ext: omni.kit.widget.zoombar-1.0.5] startup
[14.926s] [ext: omni.physics.tensors-106.5.7] startup
[14.954s] [ext: omni.kit.widget.prompt-1.0.7] startup
[14.959s] [ext: omni.kit.usd.collect-2.2.22] startup
[14.969s] [ext: omni.physx-106.5.7] startup
[14.993s] [ext: omni.kit.window.stage-2.5.11] startup
[15.005s] [ext: omni.kit.browser.core-2.3.11] startup
[15.018s] [ext: omni.kit.widget.text_editor-1.0.2] startup
[15.024s] [ext: omni.physx.tensors-106.5.7] startup
[15.042s] [ext: omni.kit.tool.collect-2.2.16] startup
[15.048s] [ext: omni.kit.menu.stage-1.2.5] startup
[15.051s] [ext: omni.kit.browser.folder.core-1.10.1] startup
[15.069s] [ext: omni.warp-1.5.0] startup
[15.081s] [ext: isaacsim.examples.browser-0.1.8] startup
[15.086s] [ext: omni.physx.stageupdate-106.5.7] startup
[15.115s] [ext: omni.kit.numpy.common-0.1.2] startup
[15.149s] [ext: isaacsim.core.version-2.0.2] startup
[15.161s] [ext: omni.isaac.dynamic_control-1.3.15] startup
2026-10-04 13:04:37 [15,215ms] [Warning] [omni.isaac.dynamic_control] omni.isaac.dynamic_control is deprecated as of Isaac Sim 4.5. No action is needed from end-users.
[15.238s] [ext: isaacsim.storage.native-1.0.6] startup
[15.274s] [ext: omni.kit.menu.create-1.0.17] startup
[15.278s] [ext: isaacsim.core.utils-2.2.8] startup
[15.289s] [ext: omni.kit.widget.searchable_combobox-1.0.6] startup
[15.294s] [ext: omni.kit.primitive.mesh-1.0.17] startup
[15.302s] [ext: isaacsim.core.simulation_manager-0.3.3] startup
[17.601s] [ext: omni.kit.scripting-106.5.2] startup
[17.613s] [ext: omni.kit.stage_templates-1.2.6] startup
[17.622s] [ext: isaacsim.core.prims-0.3.7] startup
[17.665s] [ext: isaacsim.replicator.behavior-1.0.8] startup
[17.670s] [ext: isaacsim.core.api-4.2.16] startup
[17.697s] [ext: omni.ui_query-1.1.7] startup
[17.701s] [ext: omni.kit.manipulator.viewport-107.0.1] startup
[17.713s] [ext: omni.kit.ui_test-1.3.3] startup
[17.717s] [ext: omni.kit.window.extensions-1.4.25] startup
[17.732s] [ext: omni.graph.visualization.nodes-2.1.1] startup
[17.748s] [ext: omni.kit.tool.asset_importer-2.12.2] startup
[17.776s] [ext: isaacsim.gui.components-1.0.9] startup
[17.795s] [ext: omni.kit.widget.settings-1.2.2] startup
[17.801s] [ext: omni.kit.widget.graph-1.12.17] startup
[17.828s] [ext: omni.kit.window.preferences-1.7.0] startup
[17.846s] [ext: omni.kit.graph.delegate.default-1.2.2] startup
[17.848s] [ext: omni.kit.viewport.menubar.core-107.1.2] startup
[17.880s] [ext: omni.kit.widget.material_preview-1.0.16] startup
[17.884s] [ext: omni.kit.graph.usd.commands-1.3.1] startup
[17.886s] [ext: omni.kit.graph.editor.core-1.5.3] startup
[17.897s] [ext: omni.syntheticdata-0.6.10] startup
[17.946s] [ext: omni.kit.window.material_graph-1.8.19] startup
[18.009s] [ext: omni.graph.scriptnode-1.40.1] startup
[18.025s] [ext: isaacsim.core.cloner-1.3.4] startup
[18.028s] [ext: omni.replicator.core-1.11.35] startup
Warp 1.5.0 initialized:
   CUDA Toolkit 11.8, Driver 12.9
   Devices:
     "cpu"      : "x86_64"
     "cuda:0"   : "NVIDIA GeForce RTX 2080 Ti" (11 GiB, sm_75, mempool enabled)
   Kernel cache:
     /home/Invader17/grasp_task/.cache/warp
2026-10-04 13:04:40 [18,540ms] [Warning] [omni.replicator.core.scripts.extension] No material configuration file, adding configuration to material settings directly.
[18.566s] [ext: omni.isaac.cloner-1.0.2] startup
2026-10-04 13:04:40 [18,551ms] [Warning] [omni.isaac.cloner] omni.isaac.cloner has been deprecated in favor of isaacsim.core.cloner. Please update your code accordingly.
[18.579s] [ext: isaacsim.core.nodes-2.1.4] startup
[18.596s] [ext: isaacsim.asset.importer.urdf-2.3.10] startup
[18.929s] [ext: omni.isaac.core-4.0.3] startup
2026-10-04 13:04:40 [18,910ms] [Warning] [omni.isaac.core.physics_context.physics_context] omni.isaac.core.physics_context.physics_context has been deprecated in favor of isaacsim.core.api.physics_context.physics_context. Please update your code accordingly.
2026-10-04 13:04:40 [18,910ms] [Warning] [omni.isaac.core.simulation_context.simulation_context] omni.isaac.core.simulation_context.simulation_context has been deprecated in favor of isaacsim.core.api.simulation_context.simulation_context. Please update your code accordingly.
2026-10-04 13:04:40 [18,914ms] [Warning] [omni.isaac.core.world.world] omni.isaac.core.world.world has been deprecated in favor of isaacsim.core.api.world.world. Please update your code accordingly.
2026-10-04 13:04:40 [18,914ms] [Warning] [omni.isaac.core] omni.isaac.core has been deprecated in favor of isaacsim.core.api. Please update your code accordingly.
[18.935s] [ext: omni.isaac.core_nodes-2.0.2] startup
2026-10-04 13:04:40 [18,916ms] [Warning] [omni.isaac.core_nodes] omni.isaac.core_nodes has been deprecated in favor of isaacsim.core.nodes. Please update your code accordingly.
[18.937s] [ext: omni.anim.curve.core-1.2.0] startup
[18.999s] [ext: isaacsim.robot_motion.lula-4.0.4] startup
[19.048s] [ext: isaacsim.asset.importer.mjcf-2.3.3] startup
[19.078s] [ext: isaacsim.robot_motion.motion_generation-8.0.6] startup
[19.117s] [ext: isaacsim.asset.browser-1.3.4] startup
[19.226s] [ext: isaacsim.robot.surface_gripper-2.0.6] startup
[19.233s] [ext: omni.kit.selection-0.1.5] startup
[19.248s] [ext: isaacsim.robot_motion.lula_test_widget-1.0.5] startup
[19.260s] [ext: omni.isaac.assets_check-0.3.9] startup
2026-10-04 13:04:41 [19,249ms] [Warning] [omni.isaac.assets_check] omni.isaac.assets_check has been deprecated in favor of isaacsim.asset.browser. Please update your code accordingly.
[19.270s] [ext: isaacsim.robot.manipulators-3.0.4] startup
[19.284s] [ext: isaacsim.sensors.physics-0.3.5] startup
[19.330s] [ext: isaacsim.gui.menu-2.0.9] startup
[19.344s] [ext: omni.isaac.lula_test_widget-1.0.2] startup
2026-10-04 13:04:41 [19,337ms] [Warning] [omni.isaac.lula_test_widget] omni.isaac.lula_test_widget has been deprecated in favor of isaacsim.robot_motion.lula_test_widget. Please update your code accordingly.
[19.370s] [ext: omni.sensors.nv.common-2.5.0-coreapi] startup
[19.410s] [ext: omni.isaac.manipulators-3.0.3] startup
2026-10-04 13:04:41 [19,395ms] [Warning] [omni.isaac.manipulators] omni.isaac.manipulators has been deprecated in favor of isaacsim.robot.manipulators. Please update your code accordingly.
2026-10-04 13:04:41 [19,396ms] [Warning] [omni.isaac.manipulators.controllers] omni.isaac.manipulators has been deprecated in favor of isaacsim.robot.manipulators. Please update your code accordingly.
2026-10-04 13:04:41 [19,396ms] [Warning] [omni.isaac.manipulators.controllers.pick_place_controller] omni.isaac.manipulators has been deprecated in favor of isaacsim.robot.manipulators. Please update your code accordingly.
2026-10-04 13:04:41 [19,398ms] [Warning] [omni.isaac.manipulators.controllers.stacking_controller] omni.isaac.manipulators has been deprecated in favor of isaacsim.robot.manipulators. Please update your code accordingly.
2026-10-04 13:04:41 [19,398ms] [Warning] [omni.isaac.manipulators.grippers] omni.isaac.manipulators has been deprecated in favor of isaacsim.robot.manipulators. Please update your code accordingly.
2026-10-04 13:04:41 [19,400ms] [Warning] [omni.isaac.manipulators.grippers.gripper] omni.isaac.manipulators has been deprecated in favor of isaacsim.robot.manipulators. Please update your code accordingly.
2026-10-04 13:04:41 [19,400ms] [Warning] [omni.isaac.manipulators.grippers.parallel_gripper] omni.isaac.manipulators has been deprecated in favor of isaacsim.robot.manipulators. Please update your code accordingly.
2026-10-04 13:04:41 [19,401ms] [Warning] [omni.isaac.manipulators.grippers.surface_gripper] omni.isaac.manipulators has been deprecated in favor of isaacsim.robot.manipulators. Please update your code accordingly.
2026-10-04 13:04:41 [19,401ms] [Warning] [omni.isaac.manipulators.manipulators] omni.isaac.manipulators has been deprecated in favor of isaacsim.robot.manipulators. Please update your code accordingly.
2026-10-04 13:04:41 [19,402ms] [Warning] [omni.isaac.manipulators.manipulators.single_manipulator] omni.isaac.manipulators has been deprecated in favor of isaacsim.robot.manipulators. Please update your code accordingly.
[19.424s] [ext: isaacsim.robot.policy.examples-4.0.3] startup
[19.434s] [ext: omni.isaac.menu-1.0.2] startup
2026-10-04 13:04:41 [19,436ms] [Warning] [omni.isaac.menu] omni.isaac.menu has been deprecated in favor of isaacsim.gui.menu. Please update your code accordingly.
[19.462s] [ext: omni.isaac.motion_generation-8.0.2] startup
2026-10-04 13:04:41 [19,444ms] [Warning] [omni.isaac.motion_generation] omni.isaac.motion_generation has been deprecated in favor of isaacsim.robot_motion.motion_generation. Please update your code accordingly.
2026-10-04 13:04:41 [19,445ms] [Warning] [omni.isaac.motion_generation.articulation_kinematics_solver] omni.isaac.motion_generation has been deprecated in favor of isaacsim.robot_motion.motion_generation. Please update your code accordingly.
2026-10-04 13:04:41 [19,445ms] [Warning] [omni.isaac.motion_generation.articulation_motion_policy] omni.isaac.motion_generation has been deprecated in favor of isaacsim.robot_motion.motion_generation. Please update your code accordingly.
2026-10-04 13:04:41 [19,446ms] [Warning] [omni.isaac.motion_generation.articulation_trajectory] omni.isaac.motion_generation has been deprecated in favor of isaacsim.robot_motion.motion_generation. Please update your code accordingly.
2026-10-04 13:04:41 [19,446ms] [Warning] [omni.isaac.motion_generation.kinematics_interface] omni.isaac.motion_generation has been deprecated in favor of isaacsim.robot_motion.motion_generation. Please update your code accordingly.
2026-10-04 13:04:41 [19,447ms] [Warning] [omni.isaac.motion_generation.lula] omni.isaac.motion_generation has been deprecated in favor of isaacsim.robot_motion.motion_generation. Please update your code accordingly.
2026-10-04 13:04:41 [19,448ms] [Warning] [omni.isaac.motion_generation.lula.kinematics] omni.isaac.motion_generation has been deprecated in favor of isaacsim.robot_motion.motion_generation. Please update your code accordingly.
2026-10-04 13:04:41 [19,448ms] [Warning] [omni.isaac.motion_generation.lula.motion_policies] omni.isaac.motion_generation has been deprecated in favor of isaacsim.robot_motion.motion_generation. Please update your code accordingly.
2026-10-04 13:04:41 [19,449ms] [Warning] [omni.isaac.motion_generation.lula.path_planners] omni.isaac.motion_generation has been deprecated in favor of isaacsim.robot_motion.motion_generation. Please update your code accordingly.
2026-10-04 13:04:41 [19,449ms] [Warning] [omni.isaac.motion_generation.lula.trajectory_generator] omni.isaac.motion_generation has been deprecated in favor of isaacsim.robot_motion.motion_generation. Please update your code accordingly.
2026-10-04 13:04:41 [19,449ms] [Warning] [omni.isaac.motion_generation.motion_policy_controller] omni.isaac.motion_generation has been deprecated in favor of isaacsim.robot_motion.motion_generation. Please update your code accordingly.
2026-10-04 13:04:41 [19,450ms] [Warning] [omni.isaac.motion_generation.motion_policy_interface] omni.isaac.motion_generation has been deprecated in favor of isaacsim.robot_motion.motion_generation. Please update your code accordingly.
2026-10-04 13:04:41 [19,450ms] [Warning] [omni.isaac.motion_generation.path_planner_visualizer] omni.isaac.motion_generation has been deprecated in favor of isaacsim.robot_motion.motion_generation. Please update your code accordingly.
2026-10-04 13:04:41 [19,451ms] [Warning] [omni.isaac.motion_generation.path_planning_interface] omni.isaac.motion_generation has been deprecated in favor of isaacsim.robot_motion.motion_generation. Please update your code accordingly.
2026-10-04 13:04:41 [19,452ms] [Warning] [omni.isaac.motion_generation.trajectory] omni.isaac.motion_generation has been deprecated in favor of isaacsim.robot_motion.motion_generation. Please update your code accordingly.
2026-10-04 13:04:41 [19,452ms] [Warning] [omni.isaac.motion_generation.world_interface] omni.isaac.motion_generation has been deprecated in favor of isaacsim.robot_motion.motion_generation. Please update your code accordingly.
[19.473s] [ext: omni.sensors.nv.materials-1.4.0-coreapi] startup
[19.500s] [ext: omni.isaac.nucleus-1.0.3] startup
2026-10-04 13:04:41 [19,481ms] [Warning] [omni.isaac.nucleus] omni.isaac.nucleus has been deprecated in favor of isaacsim.storage.native. Please update your code accordingly.
2026-10-04 13:04:41 [19,481ms] [Warning] [omni.isaac.nucleus.nucleus] omni.isaac.nucleus.nucleus has been deprecated in favor of isaacsim.storage.native. Please update your code accordingly.
[19.507s] [ext: omni.isaac.quadruped-3.0.2] startup
2026-10-04 13:04:41 [19,488ms] [Warning] [omni.isaac.quadruped] omni.isaac.quadruped has been deprecated in favor of isaacsim.robot.policy.examples. Please update your code accordingly.
[19.509s] [ext: omni.kit.manipulator.selector-1.1.1] startup
[19.512s] [ext: omni.sensors.nv.wpm-2.4.0-coreapi] startup
[19.525s] [ext: omni.sensors.nv.lidar-2.6.3-coreapi] startup
[19.538s] [ext: omni.sensors.nv.ids-1.4.0-coreapi] startup
[19.550s] [ext: isaacsim.robot.manipulators.examples-1.0.3] startup
[19.553s] [ext: isaacsim.util.debug_draw-2.0.2] startup
[19.570s] [ext: omni.sensors.tiled-0.0.6] startup
[19.581s] [ext: omni.sensors.nv.radar-2.6.1-coreapi] startup
[19.598s] [ext: omni.kit.widget.toolbar-1.7.3] startup
[19.614s] [ext: omni.kit.manipulator.transform-106.0.1] startup
[19.624s] [ext: isaacsim.sensors.physx-2.2.4] startup
[19.642s] [ext: isaacsim.sensors.rtx-13.6.3] startup
[19.665s] [ext: isaacsim.sensors.camera-0.2.9] startup
[19.689s] [ext: isaacsim.cortex.framework-1.0.2] startup
[19.692s] [ext: omni.kit.manipulator.tool.snap-1.5.12] startup
[19.717s] [ext: omni.isaac.range_sensor-4.0.2] startup
[19.745s] [ext: omni.isaac.surface_gripper-2.0.2] startup
2026-10-04 13:04:41 [19,725ms] [Warning] [omni.isaac.surface_gripper] omni.isaac.surface_gripper has been deprecated in favor of isaacsim.robot.surface_gripper. Please update your code accordingly.
[19.746s] [ext: omni.isaac.sensor-13.0.3] startup
2026-10-04 13:04:41 [19,754ms] [Warning] [omni.isaac.sensor] omni.isaac.sensor has been deprecated in favor of isaacsim.sensors.camera, isaacsim.sensors.physics, isaacsim.sensors.physx, and isaacsim.sensors.rtx. Please update your code accordingly.
2026-10-04 13:04:41 [19,755ms] [Warning] [omni.isaac.sensor.camera] omni.isaac.sensor.camera has been deprecated in favor of isaacsim.sensors.camera.camera. Please update your code accordingly.
2026-10-04 13:04:41 [19,756ms] [Warning] [omni.isaac.sensor.camera_view] omni.isaac.sensor.camera_view has been deprecated in favor of isaacsim.sensors.camera.camera_view. Please update your code accordingly.
2026-10-04 13:04:41 [19,760ms] [Warning] [omni.isaac.sensor.commands] omni.isaac.sensor.commands has been deprecated in favor of isaacsim.sensors.physics.commands, isaacsim.sensors.physx.commands, and isaacsim.sensors.rtx.commands. Please update your code accordingly.
2026-10-04 13:04:41 [19,761ms] [Warning] [omni.isaac.sensor.contact_sensor] omni.isaac.sensor.contact_sensor has been deprecated in favor of isaacsim.sensors.physics.contact_sensor. Please update your code accordingly.
2026-10-04 13:04:41 [19,762ms] [Warning] [omni.isaac.sensor.imu_sensor] omni.isaac.sensor.imu_sensor has been deprecated in favor of isaacsim.sensors.physics.imu_sensor. Please update your code accordingly.
2026-10-04 13:04:41 [19,762ms] [Warning] [omni.isaac.sensor.lidar_rtx] omni.isaac.sensor.lidar_rtx has been deprecated in favor of isaacsim.sensors.rtx.lidar_rtx. Please update your code accordingly.
2026-10-04 13:04:41 [19,763ms] [Warning] [omni.isaac.sensor.rotating_lidar_physX] omni.isaac.sensor.imu_sensor has been deprecated in favor of isaacsim.sensors.physix.rotating_lidar_physX. Please update your code accordingly.
2026-10-04 13:04:41 [19,765ms] [Warning] [omni.isaac.sensor.scripts.samples.contact_sensor] omni.isaac.sensor.scripts.samples.contact_sensor has been deprecated in favor of isaacsim.sensors.physics.scripts.samples.contact_sensor. Please update your code accordingly.
2026-10-04 13:04:41 [19,766ms] [Warning] [omni.isaac.sensor.scripts.samples.imu_sensor] omni.isaac.sensor.scripts.samples.imu_sensor has been deprecated in favor of isaacsim.sensors.physics.scripts.samples.imu_sensor. Please update your code accordingly.
2026-10-04 13:04:41 [19,766ms] [Warning] [omni.isaac.sensor.scripts.samples.lightbeam_sensor] omni.isaac.sensor.scripts.samples.lightbeam_sensor has been deprecated in favor of isaacsim.sensors.physx.scripts.samples.lightbeam_sensor. Please update your code accordingly.
[19.788s] [ext: omni.isaac.cortex-1.0.2] startup
2026-10-04 13:04:41 [19,784ms] [Warning] [omni.isaac.cortex] omni.isaac.cortex has been deprecated in favor of isaacsim.cortex.framework. Please update your code accordingly.
[19.805s] [ext: omni.kit.viewport.manipulator.transform-107.0.4] startup
[19.809s] [ext: omni.debugdraw-0.1.3] startup
[19.840s] [ext: omni.isaac.universal_robots-1.0.2] startup
2026-10-04 13:04:41 [19,821ms] [Warning] [omni.isaac.universal_robots] omni.isaac.universal_robots has been deprecated in favor of isaacsim.robot.manipulators.examples.universal_robots. Please update your code accordingly.
2026-10-04 13:04:41 [19,821ms] [Warning] [omni.isaac.universal_robots.kinematics_solver] omni.isaac.franka has been deprecated in favor of isaacsim.robot.manipulators.examples.universal_robots. Please update your code accordingly.
2026-10-04 13:04:41 [19,822ms] [Warning] [omni.isaac.universal_robots.ur10] omni.isaac.franka has been deprecated in favor of isaacsim.robot.manipulators.examples.universal_robots. Please update your code accordingly.
[19.853s] [ext: omni.isaac.utils-2.0.2] startup
[19.854s] [ext: omni.kit.manipulator.prim.core-107.0.7] startup
[19.874s] [ext: omni.fabric.commands-1.1.5] startup
[19.889s] [ext: omni.kit.manipulator.selection-106.0.1] startup
[19.892s] [ext: omni.kit.viewport.actions-107.0.0] startup
[19.903s] [ext: omni.kit.manipulator.prim.usd-107.0.3] startup
[19.908s] [ext: omni.kit.manipulator.prim.fabric-107.0.4] startup
[19.921s] [ext: isaacsim.cortex.behaviors-2.0.3] startup
[19.923s] [ext: omni.kit.widget.layers-1.8.2] startup
[19.956s] [ext: omni.kit.viewport.menubar.display-107.0.3] startup
[19.961s] [ext: omni.kit.manipulator.prim-107.0.0] startup
[19.962s] [ext: omni.isaac.cortex.sample_behaviors-2.0.2] startup
2026-10-04 13:04:41 [19,942ms] [Warning] [omni.isaac.cortex.sample_behaviors] omni.isaac.cortex.sample_behaviors has been deprecated in favor of isaacsim.cortex.behaviors. Please update your code accordingly.
[19.968s] [ext: omni.graph.ui_nodes-1.40.1] startup
[19.983s] [ext: omni.usdphysics.ui-106.5.7] startup
[20.052s] [ext: omni.physx.commands-106.5.7] startup
[20.079s] [ext: omni.kit.property.camera-1.0.9] startup
[20.082s] [ext: omni.hydra.scene_api-0.1.2] startup
[20.096s] [ext: omni.kit.property.geometry-1.3.3] startup
[20.113s] [ext: omni.kit.property.light-1.0.11] startup
[20.121s] [ext: omni.physx.ui-106.5.7] startup
[20.182s] [ext: omni.kit.property.material-1.10.17] startup
[20.202s] [ext: omni.kit.property.render-1.1.3] startup
[20.205s] [ext: omni.kit.property.transform-1.5.10] startup
[20.218s] [ext: omni.kit.property.audio-1.0.16] startup
[20.226s] [ext: isaacsim.gui.property-1.0.4] startup
[20.233s] [ext: omni.physx.demos-106.5.7] startup
[20.276s] [ext: omni.kit.property.physx-106.5.7] startup
[20.380s] [ext: omni.isaac.lula-4.0.2] startup
2026-10-04 13:04:42 [20,361ms] [Warning] [omni.isaac.lula] omni.isaac.lula has been deprecated in favor of isaacsim.robot_motion.lula. Please update your code accordingly.
[20.382s] [ext: omni.kit.property.bundle-1.3.2] startup
[20.385s] [ext: omni.kit.property.isaac-1.0.2] startup
2026-10-04 13:04:42 [20,365ms] [Warning] [omni.kit.property.isaac] omni.kit.property.isaac has been deprecated in favor of isaacsim.gui.property. Please update your code accordingly.
2026-10-04 13:04:42 [20,365ms] [Warning] [omni.kit.property.isaac.widgets] omni.kit.property.isaac.widgets has been deprecated in favor of isaacsim.gui.property.widgets. Please update your code accordingly.
[20.386s] [ext: omni.physx.vehicle-106.5.7] startup
[20.434s] [ext: omni.kit.viewport.menubar.camera-107.0.2] startup
[20.449s] [ext: omni.kit.viewport.menubar.lighting-106.0.2] startup
[20.464s] [ext: omni.kit.viewport.menubar.render-107.0.8] startup
[20.472s] [ext: omni.kit.viewport.menubar.settings-107.0.3] startup
[20.480s] [ext: omni.kit.window.console-0.2.14] startup
[20.502s] [ext: omni.physx.camera-106.5.7] startup
[20.528s] [ext: omni.kit.window.toolbar-1.6.2] startup
[20.537s] [ext: omni.isaac.version-2.0.2] startup
2026-10-04 13:04:42 [20,518ms] [Warning] [omni.isaac.version] omni.isaac.version has been deprecated in favor of isaacsim.core.version. Please update your code accordingly.
[20.540s] [ext: isaacsim.robot.wheeled_robots-4.0.3] startup
[20.556s] [ext: omni.physx.cct-106.5.7] startup
[20.594s] [ext: omni.physx.graph-106.5.7] startup
[20.637s] [ext: isaacsim.replicator.writers-1.0.1] startup
[20.686s] [ext: omni.physx.supportui-106.5.7] startup
[20.771s] [ext: omni.physx.telemetry-106.5.7] startup
[20.792s] [ext: omni.isaac.wheeled_robots-3.0.3] startup
2026-10-04 13:04:42 [20,772ms] [Warning] [omni.isaac.wheeled_robots] omni.isaac.wheeled_robots has been deprecated in favor of isaacsim.robot.wheeled_robots. Please update your code accordingly.
2026-10-04 13:04:42 [20,773ms] [Warning] [omni.isaac.wheeled_robots.controllers] omni.isaac.wheeled_robots has been deprecated in favor of isaacsim.robot.wheeled_robots. Please update your code accordingly.
2026-10-04 13:04:42 [20,773ms] [Warning] [omni.isaac.wheeled_robots.controllers.ackermann_controller] omni.isaac.wheeled_robots has been deprecated in favor of isaacsim.robot.wheeled_robots. Please update your code accordingly.
2026-10-04 13:04:42 [20,773ms] [Warning] [omni.isaac.wheeled_robots.controllers.differential_controller] omni.isaac.wheeled_robots has been deprecated in favor of isaacsim.robot.wheeled_robots. Please update your code accordingly.
2026-10-04 13:04:42 [20,773ms] [Warning] [omni.isaac.wheeled_robots.controllers.holonomic_controller] omni.isaac.wheeled_robots has been deprecated in favor of isaacsim.robot.wheeled_robots. Please update your code accordingly.
2026-10-04 13:04:42 [20,774ms] [Warning] [omni.isaac.wheeled_robots.controllers.quintic_path_planner] omni.isaac.wheeled_robots has been deprecated in favor of isaacsim.robot.wheeled_robots. Please update your code accordingly.
2026-10-04 13:04:42 [20,774ms] [Warning] [omni.isaac.wheeled_robots.controllers.stanley_control] omni.isaac.wheeled_robots has been deprecated in favor of isaacsim.robot.wheeled_robots. Please update your code accordingly.
2026-10-04 13:04:42 [20,775ms] [Warning] [omni.isaac.wheeled_robots.controllers.wheel_base_pose_controller] omni.isaac.wheeled_robots has been deprecated in favor of isaacsim.robot.wheeled_robots. Please update your code accordingly.
2026-10-04 13:04:42 [20,775ms] [Warning] [omni.isaac.wheeled_robots.impl] omni.isaac.wheeled_robots has been deprecated in favor of isaacsim.robot.wheeled_robots. Please update your code accordingly.
2026-10-04 13:04:42 [20,776ms] [Warning] [omni.isaac.wheeled_robots.robots] omni.isaac.wheeled_robots has been deprecated in favor of isaacsim.robot.wheeled_robots. Please update your code accordingly.
2026-10-04 13:04:42 [20,776ms] [Warning] [omni.isaac.wheeled_robots.robots.holonomic_robot_usd_setup] omni.isaac.wheeled_robots has been deprecated in favor of isaacsim.robot.wheeled_robots. Please update your code accordingly.
2026-10-04 13:04:42 [20,776ms] [Warning] [omni.isaac.wheeled_robots.robots.wheeled_robot] omni.isaac.wheeled_robots has been deprecated in favor of isaacsim.robot.wheeled_robots. Please update your code accordingly.
[20.804s] [ext: omni.isaac.franka-1.0.2] startup
2026-10-04 13:04:42 [20,789ms] [Warning] [omni.isaac.franka] omni.isaac.franka has been deprecated in favor of isaacsim.robot.manipulators.examples.franka. Please update your code accordingly.
2026-10-04 13:04:42 [20,789ms] [Warning] [omni.isaac.franka.franka] omni.isaac.franka has been deprecated in favor of isaacsim.robot.manipulators.examples.franka. Please update your code accordingly.
2026-10-04 13:04:42 [20,790ms] [Warning] [omni.isaac.franka.kinematics_solver] omni.isaac.franka has been deprecated in favor of isaacsim.robot.manipulators.examples.franka. Please update your code accordingly.
[20.812s] [ext: isaacsim.replicator.domain_randomization-1.0.2] startup
[20.841s] [ext: isaacsim.replicator.examples-1.1.2] startup
[20.843s] [ext: omni.kit.window.status_bar-0.1.7] startup
[20.875s] [ext: omni.rtx.window.settings-0.6.17] startup
[20.894s] [ext: omni.usd.metrics.assembler-106.5.0] startup
[20.918s] [ext: omni.physx.bundle-106.5.7] startup
[20.919s] [ext: isaacsim.app.about-2.0.7] startup
[20.933s] [ext: omni.replicator.isaac-2.0.3] startup
2026-10-04 13:04:42 [20,913ms] [Warning] [omni.replicator.isaac] omni.replicator.isaac has been deprecated in favor of isaacsim.replicator.domain_randomization, isaacsim.replicator.examples, isaacsim.replicator.writers. Please update your code accordingly.
[20.934s] [ext: omni.replicator.replicator_yaml-2.0.10] startup
[20.980s] [ext: omni.rtx.settings.core-0.6.3] startup
[20.996s] [ext: omni.usd.metrics.assembler.ui-106.5.0] startup
[21.003s] [ext: isaacsim.simulation_app-2.4.2] startup
[21.009s] [ext: omni.isaac.window.about-2.0.2] startup
2026-10-04 13:04:42 [20,990ms] [Warning] [omni.isaac.window.about] omni.isaac.window.about has been deprecated in favor of isaacsim.app.about. Please update your code accordingly.
2026-10-04 13:04:42 [20,990ms] [Warning] [omni.isaac.window.about.about] omni.isaac.window.about.about has been deprecated in favor of isaacsim.app.about.about. Please update your code accordingly.
[21.014s] [ext: semantics.schema.editor-0.3.10] startup
[21.022s] [ext: omni.kit.ui.actions-1.0.2] startup
[21.038s] [ext: semantics.schema.property-1.0.5] startup
[21.044s] [ext: omni.kit.manipulator.camera-106.0.3] startup
[21.051s] [ext: omni.isaac.kit-2.0.3] startup
2026-10-04 13:04:42 [21,034ms] [Warning] [omni.isaac.kit] omni.isaac.kit has been deprecated in favor of isaacsim.simulation_app. Please update your code accordingly.
[21.056s] [ext: omni.isaac.asset_browser-1.0.2] startup
2026-10-04 13:04:42 [21,037ms] [Warning] [omni.isaac.asset_browser] omni.isaac.asset_browser has been deprecated in favor of isaacsim.asset.browser. Please update your code accordingly.
[21.062s] [ext: isaacsim.core.throttling-2.0.2] startup
[21.064s] [ext: omni.kit.menu.common-1.1.9] startup
[21.072s] [ext: isaacsim.exp.base-4.5.0] startup
[21.073s] [ext: isaacsim.exp.base.python-4.5.0] startup
[21.077s] Simulation App Starting
2026-10-04 13:04:43 [21,390ms] [Warning] [carb.audio.device] audio device is misconfigured or broken {deviceIndex = 0, name = 'default'} (The device is likely misconfigured, check your $HOME/.asoundrc)
2026-10-04 13:04:43 [21,390ms] [Warning] [carb.audio.output] failed to retrieve the capabilities for device 0 {result = eDeviceLost (2)}
2026-10-04 13:04:43 [21,390ms] [Warning] [carb.audio.context] failed to set the requested output during context creation.  Using a null streamer instead {result = eDeviceLost (2)}
[21.578s] app ready
2026-10-04 13:04:45 [24,005ms] [Warning] [rtx.scenedb.plugin] SceneDbContext : TLAS limit buffer size 2921508224
2026-10-04 13:04:45 [24,022ms] [Warning] [rtx.scenedb.plugin] SceneDbContext : TLAS limit : valid true, within: false
2026-10-04 13:04:47 [25,553ms] [Warning] [omni.usd-abi.plugin] No setting was found for '/rtx-defaults-transient/meshlights/forceDisable'
2026-10-04 13:04:47 [25,875ms] [Warning] [omni.usd-abi.plugin] No setting was found for '/rtx-defaults/post/dlss/execMode'
2026-10-04 13:04:50 [29,027ms] [Warning] [carb.tasking.plugin] carb.tasking is likely stuck. All threads are busy with same tasks for more than 1 seconds with waiting tasks. Starting an emergency helper thread.
2026-10-04 13:04:54 [33,039ms] [Warning] [carb.tasking.plugin] carb.tasking is likely stuck. All threads are busy with same tasks for more than 1 seconds with waiting tasks. Starting an emergency helper thread.
2026-10-04 13:05:07 [45,212ms] [Warning] [rtx.postprocessing.plugin] DLSS increasing input dimensions: Render resolution of (320, 240) is below minimal input resolution of 300.
[45.861s] Simulation App Startup Complete
[isaac_app] renderer activeGpu=0 (want 0), multiGpu=False
app started in 46.0s
[46.979s] [ext: omni.physx.fabric-106.5.7] startup
2026-10-04 13:05:09 [47,798ms] [Warning] [omni.physicsschema.plugin] ScaleOrientation is not supported for rigid bodies, prim path: /World/envs/env_0/Robot/hande_left_finger. You may ignore this if the scale is close to uniform.
2026-10-04 13:05:09 [47,803ms] [Warning] [omni.physicsschema.plugin] ScaleOrientation is not supported for rigid bodies, prim path: /World/envs/env_0/Robot/hande_right_finger. You may ignore this if the scale is close to uniform.
2026-10-04 13:05:13 [51,769ms] [Warning] [omni.physx.plugin] Detected an articulation at /World/envs/env_0/Robot with more than 4 velocity iterations being added to a TGS scene.The related behavior changed recently, please consult the changelog. This warning will only print once.
2026-10-04 13:05:13 [52,084ms] [Warning] [omni.physx.tensors.plugin] Duplicate joint name 'FixedJoint' in articulation metatype
setup done
finger limits [[0.0, 0.042500000447034836], [0.0, 0.042500000447034836]]
[planner] база повёрнута на 0: якобиан расходится на 1.9997
[planner] база повёрнута на 180: якобиан расходится на 0.0000
[planner] T_post = [[-0.99996, 0.0, 0.00939, 0.00068], [0.00939, 0.0, 0.99996, 0.00046], [0.0, 1.0, -0.0, 0.21432], [0.0, -0.0, 0.0, 1.0]]
домашняя поза: manip по симу 0.2198, по моей кинематике 0.2198
стартовая поза: решений 398, manip лучший 0.1036, у выбранной 0.0953, суставы [1.047, -2.232, 2.027, -1.365, -1.571, 2.628]
[planner] задача 1, напротив объекта (сторона 0, пальцы в [1.0, 0.0, 0.0]), ориентация 0: из 64 стартов промах >2мм у 6, поворот >1° у 6, ниже стола у 45; сошлись по позе и повороту 58, из них низко 44; лучший промах 0.0 мм, лучший поворот 0.00°, самая низкая точка у сошедшихся от -0.398 до 0.094 м
[planner] задача 1, напротив объекта (сторона 0, пальцы в [1.0, 0.0, 0.0]), ориентация 1: из 64 стартов промах >2мм у 6, поворот >1° у 6, ниже стола у 44; сошлись по позе и повороту 58, из них низко 41; лучший промах 0.0 мм, лучший поворот 0.00°, самая низкая точка у сошедшихся от -0.397 до 0.094 м
[planner] задача 1, напротив объекта (сторона 0, пальцы в [1.0, 0.0, 0.0]): решений 31 (разных ~18), из них сама поза ни во что не врезается у 31
[planner] задача 1, напротив объекта (сторона 0, пальцы в [1.0, 0.0, 0.0]): беру решение №3 по близости (до него 5.13 рад), путь по прямой чистый; до него прямая врезалась в стол 0 раз, в коробку 2; manip 0.1678
[planner] задача 2, схват (сторона 0, пальцы в [1.0, 0.0, 0.0]), ориентация 0: из 64 стартов промах >2мм у 10, поворот >1° у 10, ниже стола у 43; сошлись по позе и повороту 54, из них низко 37; лучший промах 0.0 мм, лучший поворот 0.00°, самая низкая точка у сошедшихся от -0.413 до 0.094 м
[planner] задача 2, схват (сторона 0, пальцы в [1.0, 0.0, 0.0]), ориентация 1: из 64 стартов промах >2мм у 11, поворот >1° у 11, ниже стола у 50; сошлись по позе и повороту 53, из них низко 44; лучший промах 0.0 мм, лучший поворот 0.00°, самая низкая точка у сошедшихся от -0.412 до 0.094 м
[planner] задача 2, схват (сторона 0, пальцы в [1.0, 0.0, 0.0]): решений 26 (разных ~15), из них сама поза ни во что не врезается у 26
[planner] задача 2, схват (сторона 0, пальцы в [1.0, 0.0, 0.0]): беру решение №1 по близости (до него 0.21 рад), путь по прямой чистый; до него прямая врезалась в стол 0 раз, в коробку 0; manip 0.1313
[planner] подъём (сторона 0, пальцы в [1.0, 0.0, 0.0]), ориентация 0: из 64 стартов промах >2мм у 12, поворот >1° у 12, ниже стола у 27; сошлись по позе и повороту 52, из них низко 20; лучший промах 0.0 мм, лучший поворот 0.00°, самая низкая точка у сошедшихся от -0.365 до 0.244 м
[planner] подъём (сторона 0, пальцы в [1.0, 0.0, 0.0]), ориентация 1: из 64 стартов промах >2мм у 6, поворот >1° у 6, ниже стола у 22; сошлись по позе и повороту 58, из них низко 20; лучший промах 0.0 мм, лучший поворот 0.00°, самая низкая точка у сошедшихся от -0.365 до 0.245 м
[planner] подъём (сторона 0, пальцы в [1.0, 0.0, 0.0]): решений 70 (разных ~39), из них сама поза ни во что не врезается у 70
[planner] подъём (сторона 0, пальцы в [1.0, 0.0, 0.0]): беру решение №1 по близости (до него 0.37 рад), путь по прямой чистый; до него прямая врезалась в стол 0 раз, в коробку 0; manip 0.1355
[planner] задача 1, напротив объекта (сторона 1, пальцы в [-1.0, 0.0, 0.0]), ориентация 0: из 64 стартов промах >2мм у 6, поворот >1° у 6, ниже стола у 48; сошлись по позе и повороту 58, из них низко 45; лучший промах 0.0 мм, лучший поворот 0.00°, самая низкая точка у сошедшихся от -0.397 до 0.094 м
[planner] задача 1, напротив объекта (сторона 1, пальцы в [-1.0, 0.0, 0.0]), ориентация 1: из 64 стартов промах >2мм у 6, поворот >1° у 6, ниже стола у 51; сошлись по позе и повороту 58, из них низко 45; лучший промах 0.0 мм, лучший поворот 0.00°, самая низкая точка у сошедшихся от -0.397 до 0.094 м
[planner] задача 1, напротив объекта (сторона 1, пальцы в [-1.0, 0.0, 0.0]): решений 26 (разных ~19), из них сама поза ни во что не врезается у 26
[planner] задача 1, напротив объекта (сторона 1, пальцы в [-1.0, 0.0, 0.0]): беру решение №5 по близости (до него 5.53 рад), путь по прямой чистый; до него прямая врезалась в стол 0 раз, в коробку 4; manip 0.0868
[planner] задача 2, схват (сторона 1, пальцы в [-1.0, 0.0, 0.0]), ориентация 0: из 64 стартов промах >2мм у 2, поворот >1° у 2, ниже стола у 50; сошлись по позе и повороту 62, из них низко 48; лучший промах 0.0 мм, лучший поворот 0.00°, самая низкая точка у сошедшихся от -0.412 до 0.094 м
[planner] задача 2, схват (сторона 1, пальцы в [-1.0, 0.0, 0.0]), ориентация 1: из 64 стартов промах >2мм у 7, поворот >1° у 7, ниже стола у 47; сошлись по позе и повороту 57, из них низко 44; лучший промах 0.0 мм, лучший поворот 0.00°, самая низкая точка у сошедшихся от -0.413 до 0.094 м
[planner] задача 2, схват (сторона 1, пальцы в [-1.0, 0.0, 0.0]): решений 27 (разных ~22), из них сама поза ни во что не врезается у 27
[planner] задача 2, схват (сторона 1, пальцы в [-1.0, 0.0, 0.0]): беру решение №1 по близости (до него 0.27 рад), путь по прямой чистый; до него прямая врезалась в стол 0 раз, в коробку 0; manip 0.0486
[planner] подъём (сторона 1, пальцы в [-1.0, 0.0, 0.0]), ориентация 0: из 64 стартов промах >2мм у 10, поворот >1° у 10, ниже стола у 29; сошлись по позе и повороту 54, из них низко 25; лучший промах 0.0 мм, лучший поворот 0.00°, самая низкая точка у сошедшихся от -0.365 до 0.244 м
[planner] подъём (сторона 1, пальцы в [-1.0, 0.0, 0.0]), ориентация 1: из 64 стартов промах >2мм у 3, поворот >1° у 3, ниже стола у 33; сошлись по позе и повороту 61, из них низко 31; лучший промах 0.0 мм, лучший поворот 0.00°, самая низкая точка у сошедшихся от -0.365 до 0.245 м
[planner] подъём (сторона 1, пальцы в [-1.0, 0.0, 0.0]): решений 59 (разных ~35), из них сама поза ни во что не врезается у 59
[planner] подъём (сторона 1, пальцы в [-1.0, 0.0, 0.0]): беру решение №1 по близости (до него 0.37 рад), путь по прямой чистый; до него прямая врезалась в стол 0 раз, в коробку 0; manip 0.0502
еду со стороны 0
[planner] задача 1: точек пути 2, суставы сдвинутся макс на 4.03 рад, кисть уйдёт от прямой до 1166 мм, самая низкая точка руки 0.094 м, мин запас до препятствий 15 мм, manip мин 0.0003
[planner] задача 2: точек пути 2, суставы сдвинутся макс на 0.12 рад, кисть уйдёт от прямой до 2 мм, самая низкая точка руки 0.094 м, мин запас до препятствий 35 мм, manip мин 0.1313
[planner] подъём: точек пути 2, суставы сдвинутся макс на 0.28 рад, кисть уйдёт от прямой до 5 мм, самая низкая точка руки 0.094 м, мин запас до препятствий 35 мм, manip мин 0.1313
[settle    ] step   50  ee err    nan mm  fingers 0.0425 0.0425  obj z -0.000  fk err 0.0 mm
frame saved to /home/Invader17/grasp_task/runs/side_v8_20261004_160421, depth 0.363..1.200 m
[test_close] step  130  ee err    nan mm  fingers 0.0000 0.0000  obj z +0.000  fk err 0.0 mm
[test_open ] step  210  ee err    nan mm  fingers 0.0425 0.0425  obj z +0.000  fk err 0.0 mm
[pregrasp  ] step 1010  ee err   71.7 mm  fingers 0.0425 0.0425  obj z +0.000  fk err 0.0 mm
[wait_pre  ] step 1060  ee err    nan mm  fingers 0.0425 0.0425  obj z +0.000  fk err 0.0 mm
[approach  ] step 1460  ee err   78.2 mm  fingers 0.0425 0.0425  obj z +0.001  fk err 0.0 mm
[wait_grasp] step 1510  ee err    nan mm  fingers 0.0425 0.0425  obj z +0.001  fk err 0.0 mm
[close     ] step 1610  ee err    nan mm  fingers 0.0000 0.0000  obj z +0.001  fk err 0.0 mm
[lift      ] step 2010  ee err    0.0 mm  fingers 0.0000 0.0000  obj z +0.029  fk err 0.0 mm
[wait_lift ] step 2060  ee err    nan mm  fingers 0.0000 0.0000  obj z +0.030  fk err 0.0 mm
[hold      ] step 2260  ee err    nan mm  fingers 0.0000 0.0000  obj z +0.030  fk err 0.0 mm
object rise 3.0 cm, fingers at [1.7002723673442688e-09, 0.0]
joints saved, 2260 steps
video saved to /home/Invader17/grasp_task/runs/side_v8_20261004_160421/grasp_tetrapak_side.gif, 452 frames
FAIL
2026-10-04 13:23:37 [1,155,249ms] [Warning] [carb.windowing-glfw.plugin] GLFW initialization failed.
2026-10-04 13:23:37 [1,155,250ms] [Warning] [carb] Failed to startup plugin carb.windowing-glfw.plugin (interfaces: [carb::windowing::IGLContext v1.0],[carb::windowing::IWindowing v1.5]) (impl: carb.windowing-glfw.plugin)
2026-10-04 13:23:45 [1,163,886ms] [Warning] [carb] Plugin interface for a client: omni.hydratexture.plugin was already released.
[INFO]: Simulation is stopped. Shutting down the app.
[16:24:06] код выхода 0, время 1181 с, пик памяти на GPU 7 4130 MiB, клиент драйвера на GPU 0 6 MiB
[16:24:17] наших процессов на GPU нет
[16:24:17] результаты: /home/Invader17/grasp_task/runs/side_v8_20261004_160421
