[22:14:04] user=Invader17 gpu=7 vk_uuid=d9fc0582a134ded0909de88d902ecc0b cpus=46-47 timeout=40m stall=20m
[22:14:04] cmd: /home/Invader17/grasp_task/code/grasp/env_check.py --n 10 --yaw-offset 0
[Warning] [simulation_app.simulation_app] Modules: ['omni.kit_app'] were loaded before SimulationApp was started and might not be loaded correctly.
[Warning] [simulation_app.simulation_app] Please check to make sure no extra omniverse or pxr modules are imported before the call to SimulationApp(...)
Starting kit application with the following args:  ['/home/Invader17/grasp_task/envs/isaac/lib/python3.10/site-packages/isaacsim/exts/isaacsim.simulation_app/isaacsim/simulation_app/simulation_app.py', '/home/Invader17/grasp_task/envs/isaac/lib/python3.10/site-packages/isaacsim/apps/isaacsim.exp.base.python.kit', '--/app/tokens/exe-path=/home/Invader17/grasp_task/envs/isaac/lib/python3.10/site-packages/omni', '--/persistent/app/viewport/displayOptions=3094', '--/rtx/materialDb/syncLoads=True', '--/rtx/hydra/materialSyncLoads=True', '--/omni.kit.plugin/syncUsdLoads=True', '--/app/renderer/resolution/width=640', '--/app/renderer/resolution/height=480', '--/app/window/width=1440', '--/app/window/height=900', '--/renderer/multiGpu/enabled=False', '--/app/fastShutdown=True', '--/app/installSignalHandlers=0', '--ext-folder', '/home/Invader17/grasp_task/envs/isaac/lib/python3.10/site-packages/isaacsim/exts', '--ext-folder', '/home/Invader17/grasp_task/envs/isaac/lib/python3.10/site-packages/isaacsim/apps', '--/renderer/multiGpu/enabled=false', '--/renderer/multiGpu/autoEnable=false', '--/renderer/multiGpu/maxGpuCount=1', '--/renderer/activeGpu=0', '--/plugins/carb.tasking.plugin/threadCount=4', '--/persistent/isaac/asset_root/default=http://omniverse-content-production.s3-us-west-2.amazonaws.com/Assets/Isaac/4.5', '--/persistent/isaac/asset_root/cloud=http://omniverse-content-production.s3-us-west-2.amazonaws.com/Assets/Isaac/4.5', '--/persistent/isaac/asset_root/nvidia=http://omniverse-content-production.s3-us-west-2.amazonaws.com/Assets/Isaac/4.5', '--/renderer/activeGpu=0', '--/physics/cudaDevice=0', '--portable', '--no-window', '--/app/window/hideUi=1']
Passing the following args to the base kit application:  ['--n', '10', '--yaw-offset', '0']
[Info] [carb] Logging to file: /home/Invader17/grasp_task/envs/isaac/lib/python3.10/site-packages/omni/logs/Kit/Isaac-Sim Python/4.5/kit_20261003_191407.log
2026-10-03 19:14:07 [0ms] [Warning] [omni.kit.app.plugin] No crash reporter present, dumps uploading isn't available.
[0.888s] [ext: omni.kit.async_engine-0.0.1] startup
[1.643s] [ext: omni.metrics.core-0.0.1] startup
[1.644s] [ext: omni.client.lib-1.0.0] startup
[1.723s] [ext: omni.blobkey-1.1.2] startup
[1.724s] [ext: omni.stats-1.0.1] startup
[1.741s] [ext: omni.datastore-0.0.0] startup
[1.771s] [ext: omni.client-1.2.2] startup
[2.084s] [ext: omni.ujitso.default-1.0.0] startup
[2.088s] [ext: omni.hsscclient-1.1.1] startup
2026-10-03 19:14:08 [1,626ms] [Warning] [omni.datastore] OmniHub is inaccessible
[2.283s] [ext: omni.gpu_foundation.shadercache.vulkan-1.0.0] startup
[2.477s] [ext: omni.assets.plugins-0.0.0] startup
[2.485s] [ext: omni.gpu_foundation-0.0.0] startup
[22:14:09] на GPU 7 чужие процессы: 4027574; запас памяти 1536 MiB, наш потолок 6144 MiB
[2.943s] [ext: carb.windowing.plugins-1.0.0] startup
2026-10-03 19:14:09 [2,477ms] [Warning] [carb.windowing-glfw.plugin] GLFW initialization failed.
2026-10-03 19:14:09 [2,477ms] [Warning] [carb] Failed to startup plugin carb.windowing-glfw.plugin (interfaces: [carb::windowing::IGLContext v1.0],[carb::windowing::IWindowing v1.5]) (impl: carb.windowing-glfw.plugin)
[2.947s] [ext: omni.kit.renderer.init-0.0.0] startup
2026-10-03 19:14:09 [2,506ms] [Warning] [omni.platforminfo.plugin] failed to open the default display.  Can't verify X Server version.
2026-10-03 19:14:24 [16,999ms] [Warning] [carb.cudainterop.plugin] CUDA_VISIBLE_DEVICES environment variable is set.
2026-10-03 19:14:24 [16,999ms] [Warning] [carb.cudainterop.plugin] Note CUDA device enumeration and Omniverse device enumeration are different.
2026-10-03 19:14:24 [16,999ms] [Warning] [carb.cudainterop.plugin] Setting CUDA_VISIBLE_DEVICES can lead to undesired behavior or crashes.

|---------------------------------------------------------------------------------------------|
| Driver Version: 575.57.08     | Graphics API: Vulkan
|=============================================================================================|
| GPU | Name                             | Active | LDA | GPU Memory | Vendor-ID | LUID       |
|     |                                  |        |     |            | Device-ID | UUID       |
|     |                                  |        |     |            | Bus-ID    |            |
|---------------------------------------------------------------------------------------------|
| 0   | NVIDIA GeForce RTX 2080 Ti       | Yes: 0 |     | 11510   MB | 10de      | 0          |
|     |                                  |        |     |            | 1e04      | d9fc0582.. |
|     |                                  |        |     |            | 8         |            |
|=============================================================================================|
| OS: 20.04.6 LTS (Focal Fossa) ubuntu, Version: 20.04.6, Kernel: 5.15.0-139-generic
| Processor: AMD EPYC 7552 48-Core Processor
| Cores: 48 | Logical Cores: 48
|---------------------------------------------------------------------------------------------|
| Total Memory (MB): 515967 | Free Memory: 321319
| Total Page/Swap (MB): 67583 | Free Page/Swap: 17592186044409
|---------------------------------------------------------------------------------------------|
[23.861s] [ext: omni.kit.pipapi-0.0.0] startup
[23.864s] [ext: omni.materialx.libs-1.0.6] startup
[23.879s] [ext: omni.kit.pip_archive-0.0.0] startup
[23.880s] [ext: omni.usd.config-1.0.5] startup
[23.888s] [ext: omni.gpucompute.plugins-0.0.0] startup
[23.893s] [ext: omni.usd.libs-1.0.1] startup
[24.040s] [ext: omni.mdl-55.0.1] startup
[24.075s] [ext: omni.iray.libs-0.0.0] startup
[24.110s] [ext: omni.mdl.neuraylib-0.2.10] startup
[24.115s] [ext: omni.kit.usd.mdl-1.0.7] startup
[24.279s] [ext: omni.kit.telemetry-0.5.1] startup
[24.349s] [ext: omni.kit.loop-isaac-1.2.1] startup
[24.356s] [ext: omni.kit.test-1.1.2] startup
[24.524s] [ext: omni.appwindow-1.1.9] startup
2026-10-03 19:14:31 [24,060ms] [Warning] [carb.windowing-glfw.plugin] GLFW initialization failed.
2026-10-03 19:14:31 [24,060ms] [Warning] [carb] Failed to startup plugin carb.windowing-glfw.plugin (interfaces: [carb::windowing::IGLContext v1.0],[carb::windowing::IWindowing v1.5]) (impl: carb.windowing-glfw.plugin)
[24.532s] [ext: omni.kit.renderer.core-1.0.2] startup
2026-10-03 19:14:31 [24,688ms] [Warning] [carb.windowing-glfw.plugin] GLFW initialization failed.
2026-10-03 19:14:31 [24,688ms] [Warning] [carb] Failed to startup plugin carb.windowing-glfw.plugin (interfaces: [carb::windowing::IGLContext v1.0],[carb::windowing::IWindowing v1.5]) (impl: carb.windowing-glfw.plugin)
2026-10-03 19:14:31 [24,877ms] [Warning] [carb.windowing-glfw.plugin] GLFW initialization failed.
2026-10-03 19:14:31 [24,877ms] [Warning] [carb] Failed to startup plugin carb.windowing-glfw.plugin (interfaces: [carb::windowing::IGLContext v1.0],[carb::windowing::IWindowing v1.5]) (impl: carb.windowing-glfw.plugin)
[25.451s] [ext: omni.kit.renderer.capture-0.0.0] startup
[25.459s] [ext: omni.kit.renderer.imgui-1.0.2] startup
2026-10-03 19:14:32 [25,006ms] [Warning] [carb.windowing-glfw.plugin] GLFW initialization failed.
2026-10-03 19:14:32 [25,006ms] [Warning] [carb] Failed to startup plugin carb.windowing-glfw.plugin (interfaces: [carb::windowing::IGLContext v1.0],[carb::windowing::IWindowing v1.5]) (impl: carb.windowing-glfw.plugin)
2026-10-03 19:14:32 [25,008ms] [Warning] [carb.windowing-glfw.plugin] GLFW initialization failed.
2026-10-03 19:14:32 [25,009ms] [Warning] [carb] Failed to startup plugin carb.windowing-glfw.plugin (interfaces: [carb::windowing::IGLContext v1.0],[carb::windowing::IWindowing v1.5]) (impl: carb.windowing-glfw.plugin)
2026-10-03 19:14:32 [25,014ms] [Warning] [carb.windowing-glfw.plugin] GLFW initialization failed.
2026-10-03 19:14:32 [25,014ms] [Warning] [carb] Failed to startup plugin carb.windowing-glfw.plugin (interfaces: [carb::windowing::IGLContext v1.0],[carb::windowing::IWindowing v1.5]) (impl: carb.windowing-glfw.plugin)
[29.065s] [ext: omni.ui-2.26.5] startup
[29.641s] [ext: omni.kit.mainwindow-1.0.3] startup
[29.647s] [ext: carb.audio-0.1.0] startup
[29.662s] [ext: omni.uiaudio-1.0.0] startup
[29.664s] [ext: omni.kit.uiapp-0.0.0] startup
[29.665s] [ext: omni.usd.schema.metrics.assembler-106.5.0] startup
[29.796s] [ext: omni.usd.schema.anim-0.0.0] startup
[31.711s] [ext: omni.usd.schema.audio-0.0.0] startup
[31.720s] [ext: omni.usd.schema.isaac-3.0.2] startup
[31.721s] [ext: omni.usd.schema.omnigraph-1.0.0] startup
[31.737s] [ext: omni.usd.schema.forcefield-106.5.7] startup
[31.760s] [ext: omni.usd.schema.semantics-0.0.0] startup
[31.765s] [ext: omni.usd.schema.physx-106.5.7] startup
[31.856s] [ext: omni.usd.schema.geospatial-0.0.0] startup
[31.864s] [ext: omni.usd_resolver-1.0.0] startup
[31.875s] [ext: omni.kit.window.popup_dialog-2.0.24] startup
[31.885s] [ext: usdrt.scenegraph-7.5.1] startup
[33.384s] [ext: omni.timeline-1.0.11] startup
[33.391s] [ext: omni.usd.core-1.4.2] startup
[33.400s] [ext: omni.resourcemonitor-107.0.0] startup
[33.407s] [ext: omni.activity.core-1.0.1] startup
[33.419s] [ext: omni.kit.widget.nucleus_connector-1.1.10] startup
[33.428s] [ext: omni.hydra.usdrt_delegate-7.5.1] startup
[33.505s] [ext: omni.kit.actions.core-1.0.0] startup
[33.541s] [ext: omni.graph.exec-0.9.4] startup
[33.545s] [ext: omni.kit.commands-1.4.9] startup
[33.561s] [ext: omni.kit.usd_undo-0.1.8] startup
[33.563s] [ext: omni.kit.exec.core-0.13.4] startup
[33.580s] [ext: omni.kit.audiodeviceenum-1.0.1] startup
[33.587s] [ext: omni.hydra.scene_delegate-0.3.3] startup
[33.605s] [ext: omni.usd-1.12.4] startup
[36.113s] [ext: omni.inspect-1.0.1] startup
[36.129s] [ext: omni.kit.notification_manager-1.0.9] startup
[36.577s] [ext: omni.graph.core-2.181.8] startup
[36.589s] [ext: isaacsim.core.deprecation_manager-0.2.2] startup
[36.592s] [ext: omni.usd.schema.omniscripting-1.0.0] startup
[36.645s] [ext: isaacsim.robot.schema-3.1.2] startup
[36.756s] [ext: omni.kit.asset_converter-2.8.3] startup
[36.872s] [ext: omni.kit.menu.core-1.1.2] startup
[36.873s] [ext: omni.kvdb-106.5.7] startup
[36.890s] [ext: omni.kit.widget.context_menu-1.2.4] startup
[36.893s] [ext: omni.kit.usd.layers-2.2.0] startup
[36.925s] [ext: omni.kit.property.adapter.core-1.0.2] startup
[36.941s] [ext: omni.localcache-106.5.7] startup
[36.949s] [ext: omni.convexdecomposition-106.5.7] startup
[36.968s] [ext: omni.warp.core-1.5.0] startup
[37.536s] [ext: omni.kit.context_menu-1.8.3] startup
[37.551s] [ext: omni.kit.hotkeys.core-1.3.10] startup
[37.560s] [ext: omni.kit.property.adapter.fabric-1.0.3] startup
[37.574s] [ext: omni.usdphysics-106.5.7] startup
[37.583s] [ext: omni.kit.widget.path_field-2.0.11] startup
[37.590s] [ext: omni.kit.widget.options_menu-1.1.6] startup
[37.600s] [ext: omni.kit.helper.file_utils-0.1.9] startup
[37.609s] [ext: omni.kit.widget.browser_bar-2.0.10] startup
[37.611s] [ext: omni.kit.widget.options_button-1.0.3] startup
[37.623s] [ext: omni.kit.widget.filebrowser-2.10.52] startup
[37.635s] [ext: omni.kit.clipboard-1.0.5] startup
[37.639s] [ext: omni.graph.tools-1.79.1] startup
[37.973s] [ext: omni.ui.scene-1.11.2] startup
[38.118s] [ext: omni.graph.image.core-0.6.0] startup
[38.127s] [ext: omni.kit.window.filepicker-2.11.7] startup
[38.161s] [ext: omni.kit.widget.searchfield-1.1.8] startup
[38.164s] [ext: omni.graph.image.nodes-1.3.0] startup
[38.237s] [ext: omni.graph-1.140.2] startup
[38.437s] [ext: omni.kit.window.file_exporter-1.0.31] startup
[38.443s] [ext: omni.kit.widget.filter-1.1.4] startup
[38.451s] [ext: omni.physx.foundation-106.5.7] startup
[38.457s] [ext: omni.graph.nodes-1.162.1] startup
[38.655s] [ext: omni.kit.widget.stage-2.11.6] startup
[38.701s] [ext: omni.hydra.rtx.shadercache.vulkan-1.0.0] startup
[38.793s] [ext: omni.hydra.engine.stats-1.0.3] startup
[38.801s] [ext: omni.graph.action_core-1.1.7] startup
[38.808s] [ext: omni.kit.widget.highlight_label-1.0.3] startup
[39.103s] [ext: omni.ujitso.processor.texture-1.0.0] startup
[39.113s] [ext: omni.index.libs-380600.1777.0] startup
[39.113s] [ext: omni.kit.window.file_importer-1.1.14] startup
[39.122s] [ext: omni.kit.stage_template.core-1.1.22] startup
[39.128s] [ext: omni.volume-0.5.0] startup
[39.371s] [ext: omni.ujitso.client-0.0.0] startup
[39.373s] [ext: omni.index-1.0.1] startup
[39.487s] [ext: omni.kit.window.file-1.3.57] startup
[39.505s] [ext: omni.hydra.rtx-1.0.0] startup
2026-10-03 19:14:46 [39,075ms] [Warning] [omni.log] Source: omni.hydra was already registered.
[39.724s] [ext: omni.kit.viewport.registry-104.0.6] startup
[39.727s] [ext: omni.kit.viewport.legacy_gizmos-1.0.16] startup
[40.274s] [ext: omni.kit.raycast.query-1.0.5] startup
[40.289s] [ext: omni.kit.viewport.scene_camera_model-1.0.5] startup
[40.391s] [ext: omni.kit.hydra_texture-1.4.0] startup
[40.931s] [ext: omni.kit.menu.utils-1.7.7] startup
[41.298s] [ext: omni.kit.window.drop_support-1.0.4] startup
[41.300s] [ext: omni.kit.widget.viewport-107.0.7] startup
[41.385s] [ext: omni.kit.material.library-1.5.15] startup
[41.433s] [ext: omni.kit.window.content_browser_registry-0.0.6] startup
[41.442s] [ext: omni.kit.viewport.window-107.0.8] startup
[41.505s] [ext: omni.graph.action_nodes-1.40.1] startup
[41.563s] [ext: omni.kit.window.property-1.11.5] startup
[41.581s] [ext: omni.kit.window.content_browser-2.10.3] startup
[41.783s] [ext: omni.kit.property.adapter.usd-1.0.2] startup
[42.088s] [ext: omni.kit.viewport.utility-1.0.18] startup
[42.115s] [ext: omni.graph.action-1.120.0] startup
[42.116s] [ext: omni.kit.property.usd-4.2.16] startup
[42.201s] [ext: omni.physx.cooking-106.5.7] startup
[43.423s] [ext: omni.kit.widget.stage_icons-1.0.6] startup
[43.425s] [ext: omni.kit.widget.zoombar-1.0.5] startup
[43.443s] [ext: omni.physics.tensors-106.5.7] startup
[43.497s] [ext: omni.kit.widget.prompt-1.0.7] startup
[43.513s] [ext: omni.kit.usd.collect-2.2.22] startup
[43.525s] [ext: omni.physx-106.5.7] startup
[43.559s] [ext: omni.kit.window.stage-2.5.11] startup
[43.576s] [ext: omni.kit.browser.core-2.3.11] startup
[43.593s] [ext: omni.kit.widget.text_editor-1.0.2] startup
[43.631s] [ext: omni.physx.tensors-106.5.7] startup
[44.777s] [ext: omni.kit.tool.collect-2.2.16] startup
[44.786s] [ext: omni.kit.menu.stage-1.2.5] startup
[44.788s] [ext: omni.kit.browser.folder.core-1.10.1] startup
[44.816s] [ext: omni.warp-1.5.0] startup
[45.013s] [ext: isaacsim.examples.browser-0.1.8] startup
[45.041s] [ext: omni.physx.stageupdate-106.5.7] startup
[45.323s] [ext: omni.kit.numpy.common-0.1.2] startup
[45.363s] [ext: isaacsim.core.version-2.0.2] startup
[45.364s] [ext: omni.isaac.dynamic_control-1.3.15] startup
2026-10-03 19:14:51 [44,921ms] [Warning] [omni.isaac.dynamic_control] omni.isaac.dynamic_control is deprecated as of Isaac Sim 4.5. No action is needed from end-users.
[45.473s] [ext: isaacsim.storage.native-1.0.6] startup
[45.483s] [ext: omni.kit.menu.create-1.0.17] startup
[45.636s] [ext: isaacsim.core.utils-2.2.8] startup
[45.748s] [ext: omni.kit.widget.searchable_combobox-1.0.6] startup
[45.822s] [ext: omni.kit.primitive.mesh-1.0.17] startup
[46.041s] [ext: isaacsim.core.simulation_manager-0.3.3] startup
[56.307s] [ext: omni.kit.scripting-106.5.2] startup
[56.321s] [ext: omni.kit.stage_templates-1.2.6] startup
[56.379s] [ext: isaacsim.core.prims-0.3.7] startup
[56.433s] [ext: isaacsim.replicator.behavior-1.0.8] startup
[56.440s] [ext: isaacsim.core.api-4.2.16] startup
[56.464s] [ext: omni.ui_query-1.1.7] startup
[56.465s] [ext: omni.kit.manipulator.viewport-107.0.1] startup
[56.473s] [ext: omni.kit.ui_test-1.3.3] startup
[56.498s] [ext: omni.kit.window.extensions-1.4.25] startup
[56.511s] [ext: omni.graph.visualization.nodes-2.1.1] startup
[56.532s] [ext: omni.kit.tool.asset_importer-2.12.2] startup
[56.563s] [ext: isaacsim.gui.components-1.0.9] startup
[57.986s] [ext: omni.kit.widget.settings-1.2.2] startup
[57.993s] [ext: omni.kit.widget.graph-1.12.17] startup
[58.041s] [ext: omni.kit.window.preferences-1.7.0] startup
[58.697s] [ext: omni.kit.graph.delegate.default-1.2.2] startup
[58.711s] [ext: omni.kit.viewport.menubar.core-107.1.2] startup
[58.756s] [ext: omni.kit.widget.material_preview-1.0.16] startup
[58.764s] [ext: omni.kit.graph.usd.commands-1.3.1] startup
[58.775s] [ext: omni.kit.graph.editor.core-1.5.3] startup
[58.780s] [ext: omni.syntheticdata-0.6.10] startup
[58.865s] [ext: omni.kit.window.material_graph-1.8.19] startup
[58.960s] [ext: omni.graph.scriptnode-1.40.1] startup
[58.976s] [ext: isaacsim.core.cloner-1.3.4] startup
[58.978s] [ext: omni.replicator.core-1.11.35] startup
Warp 1.5.0 initialized:
   CUDA Toolkit 11.8, Driver 12.9
   Devices:
     "cpu"      : "x86_64"
     "cuda:0"   : "NVIDIA GeForce RTX 2080 Ti" (11 GiB, sm_75, mempool enabled)
   Kernel cache:
     /home/Invader17/grasp_task/.cache/warp
2026-10-03 19:15:09 [62,026ms] [Warning] [omni.replicator.core.scripts.extension] No material configuration file, adding configuration to material settings directly.
[62.505s] [ext: omni.isaac.cloner-1.0.2] startup
2026-10-03 19:15:09 [62,095ms] [Warning] [omni.isaac.cloner] omni.isaac.cloner has been deprecated in favor of isaacsim.core.cloner. Please update your code accordingly.
[62.584s] [ext: isaacsim.core.nodes-2.1.4] startup
[62.603s] [ext: isaacsim.asset.importer.urdf-2.3.10] startup
[63.713s] [ext: omni.isaac.core-4.0.3] startup
2026-10-03 19:15:10 [63,247ms] [Warning] [omni.isaac.core.physics_context.physics_context] omni.isaac.core.physics_context.physics_context has been deprecated in favor of isaacsim.core.api.physics_context.physics_context. Please update your code accordingly.
2026-10-03 19:15:10 [63,247ms] [Warning] [omni.isaac.core.simulation_context.simulation_context] omni.isaac.core.simulation_context.simulation_context has been deprecated in favor of isaacsim.core.api.simulation_context.simulation_context. Please update your code accordingly.
2026-10-03 19:15:10 [63,248ms] [Warning] [omni.isaac.core.world.world] omni.isaac.core.world.world has been deprecated in favor of isaacsim.core.api.world.world. Please update your code accordingly.
2026-10-03 19:15:10 [63,248ms] [Warning] [omni.isaac.core] omni.isaac.core has been deprecated in favor of isaacsim.core.api. Please update your code accordingly.
[63.717s] [ext: omni.isaac.core_nodes-2.0.2] startup
2026-10-03 19:15:10 [63,358ms] [Warning] [omni.isaac.core_nodes] omni.isaac.core_nodes has been deprecated in favor of isaacsim.core.nodes. Please update your code accordingly.
[63.827s] [ext: omni.anim.curve.core-1.2.0] startup
[64.093s] [ext: isaacsim.robot_motion.lula-4.0.4] startup
[64.280s] [ext: isaacsim.asset.importer.mjcf-2.3.3] startup
[64.304s] [ext: isaacsim.robot_motion.motion_generation-8.0.6] startup
[64.428s] [ext: isaacsim.asset.browser-1.3.4] startup
[64.532s] [ext: isaacsim.robot.surface_gripper-2.0.6] startup
[64.551s] [ext: omni.kit.selection-0.1.5] startup
[64.575s] [ext: isaacsim.robot_motion.lula_test_widget-1.0.5] startup
[64.615s] [ext: omni.isaac.assets_check-0.3.9] startup
2026-10-03 19:15:11 [64,147ms] [Warning] [omni.isaac.assets_check] omni.isaac.assets_check has been deprecated in favor of isaacsim.asset.browser. Please update your code accordingly.
[64.616s] [ext: isaacsim.robot.manipulators-3.0.4] startup
[64.669s] [ext: isaacsim.sensors.physics-0.3.5] startup
[64.703s] [ext: isaacsim.gui.menu-2.0.9] startup
[64.736s] [ext: omni.isaac.lula_test_widget-1.0.2] startup
2026-10-03 19:15:11 [64,268ms] [Warning] [omni.isaac.lula_test_widget] omni.isaac.lula_test_widget has been deprecated in favor of isaacsim.robot_motion.lula_test_widget. Please update your code accordingly.
[64.755s] [ext: omni.sensors.nv.common-2.5.0-coreapi] startup
[64.859s] [ext: omni.isaac.manipulators-3.0.3] startup
2026-10-03 19:15:11 [64,391ms] [Warning] [omni.isaac.manipulators] omni.isaac.manipulators has been deprecated in favor of isaacsim.robot.manipulators. Please update your code accordingly.
2026-10-03 19:15:11 [64,391ms] [Warning] [omni.isaac.manipulators.controllers] omni.isaac.manipulators has been deprecated in favor of isaacsim.robot.manipulators. Please update your code accordingly.
2026-10-03 19:15:11 [64,392ms] [Warning] [omni.isaac.manipulators.controllers.pick_place_controller] omni.isaac.manipulators has been deprecated in favor of isaacsim.robot.manipulators. Please update your code accordingly.
2026-10-03 19:15:11 [64,393ms] [Warning] [omni.isaac.manipulators.controllers.stacking_controller] omni.isaac.manipulators has been deprecated in favor of isaacsim.robot.manipulators. Please update your code accordingly.
2026-10-03 19:15:11 [64,398ms] [Warning] [omni.isaac.manipulators.grippers] omni.isaac.manipulators has been deprecated in favor of isaacsim.robot.manipulators. Please update your code accordingly.
2026-10-03 19:15:11 [64,398ms] [Warning] [omni.isaac.manipulators.grippers.gripper] omni.isaac.manipulators has been deprecated in favor of isaacsim.robot.manipulators. Please update your code accordingly.
2026-10-03 19:15:11 [64,399ms] [Warning] [omni.isaac.manipulators.grippers.parallel_gripper] omni.isaac.manipulators has been deprecated in favor of isaacsim.robot.manipulators. Please update your code accordingly.
2026-10-03 19:15:11 [64,399ms] [Warning] [omni.isaac.manipulators.grippers.surface_gripper] omni.isaac.manipulators has been deprecated in favor of isaacsim.robot.manipulators. Please update your code accordingly.
2026-10-03 19:15:11 [64,399ms] [Warning] [omni.isaac.manipulators.manipulators] omni.isaac.manipulators has been deprecated in favor of isaacsim.robot.manipulators. Please update your code accordingly.
2026-10-03 19:15:11 [64,400ms] [Warning] [omni.isaac.manipulators.manipulators.single_manipulator] omni.isaac.manipulators has been deprecated in favor of isaacsim.robot.manipulators. Please update your code accordingly.
[64.894s] [ext: isaacsim.robot.policy.examples-4.0.3] startup
[64.897s] [ext: omni.isaac.menu-1.0.2] startup
2026-10-03 19:15:11 [64,429ms] [Warning] [omni.isaac.menu] omni.isaac.menu has been deprecated in favor of isaacsim.gui.menu. Please update your code accordingly.
[64.923s] [ext: omni.isaac.motion_generation-8.0.2] startup
2026-10-03 19:15:11 [64,456ms] [Warning] [omni.isaac.motion_generation] omni.isaac.motion_generation has been deprecated in favor of isaacsim.robot_motion.motion_generation. Please update your code accordingly.
2026-10-03 19:15:11 [64,459ms] [Warning] [omni.isaac.motion_generation.articulation_kinematics_solver] omni.isaac.motion_generation has been deprecated in favor of isaacsim.robot_motion.motion_generation. Please update your code accordingly.
2026-10-03 19:15:11 [64,459ms] [Warning] [omni.isaac.motion_generation.articulation_motion_policy] omni.isaac.motion_generation has been deprecated in favor of isaacsim.robot_motion.motion_generation. Please update your code accordingly.
2026-10-03 19:15:11 [64,460ms] [Warning] [omni.isaac.motion_generation.articulation_trajectory] omni.isaac.motion_generation has been deprecated in favor of isaacsim.robot_motion.motion_generation. Please update your code accordingly.
2026-10-03 19:15:11 [64,460ms] [Warning] [omni.isaac.motion_generation.kinematics_interface] omni.isaac.motion_generation has been deprecated in favor of isaacsim.robot_motion.motion_generation. Please update your code accordingly.
2026-10-03 19:15:11 [64,460ms] [Warning] [omni.isaac.motion_generation.lula] omni.isaac.motion_generation has been deprecated in favor of isaacsim.robot_motion.motion_generation. Please update your code accordingly.
2026-10-03 19:15:11 [64,461ms] [Warning] [omni.isaac.motion_generation.lula.kinematics] omni.isaac.motion_generation has been deprecated in favor of isaacsim.robot_motion.motion_generation. Please update your code accordingly.
2026-10-03 19:15:11 [64,462ms] [Warning] [omni.isaac.motion_generation.lula.motion_policies] omni.isaac.motion_generation has been deprecated in favor of isaacsim.robot_motion.motion_generation. Please update your code accordingly.
2026-10-03 19:15:11 [64,462ms] [Warning] [omni.isaac.motion_generation.lula.path_planners] omni.isaac.motion_generation has been deprecated in favor of isaacsim.robot_motion.motion_generation. Please update your code accordingly.
2026-10-03 19:15:11 [64,462ms] [Warning] [omni.isaac.motion_generation.lula.trajectory_generator] omni.isaac.motion_generation has been deprecated in favor of isaacsim.robot_motion.motion_generation. Please update your code accordingly.
2026-10-03 19:15:11 [64,463ms] [Warning] [omni.isaac.motion_generation.motion_policy_controller] omni.isaac.motion_generation has been deprecated in favor of isaacsim.robot_motion.motion_generation. Please update your code accordingly.
2026-10-03 19:15:11 [64,463ms] [Warning] [omni.isaac.motion_generation.motion_policy_interface] omni.isaac.motion_generation has been deprecated in favor of isaacsim.robot_motion.motion_generation. Please update your code accordingly.
2026-10-03 19:15:11 [64,464ms] [Warning] [omni.isaac.motion_generation.path_planner_visualizer] omni.isaac.motion_generation has been deprecated in favor of isaacsim.robot_motion.motion_generation. Please update your code accordingly.
2026-10-03 19:15:11 [64,464ms] [Warning] [omni.isaac.motion_generation.path_planning_interface] omni.isaac.motion_generation has been deprecated in favor of isaacsim.robot_motion.motion_generation. Please update your code accordingly.
2026-10-03 19:15:11 [64,464ms] [Warning] [omni.isaac.motion_generation.trajectory] omni.isaac.motion_generation has been deprecated in favor of isaacsim.robot_motion.motion_generation. Please update your code accordingly.
2026-10-03 19:15:11 [64,465ms] [Warning] [omni.isaac.motion_generation.world_interface] omni.isaac.motion_generation has been deprecated in favor of isaacsim.robot_motion.motion_generation. Please update your code accordingly.
[64.939s] [ext: omni.sensors.nv.materials-1.4.0-coreapi] startup
[64.984s] [ext: omni.isaac.nucleus-1.0.3] startup
2026-10-03 19:15:11 [64,516ms] [Warning] [omni.isaac.nucleus] omni.isaac.nucleus has been deprecated in favor of isaacsim.storage.native. Please update your code accordingly.
2026-10-03 19:15:11 [64,517ms] [Warning] [omni.isaac.nucleus.nucleus] omni.isaac.nucleus.nucleus has been deprecated in favor of isaacsim.storage.native. Please update your code accordingly.
[65.000s] [ext: omni.isaac.quadruped-3.0.2] startup
2026-10-03 19:15:11 [64,533ms] [Warning] [omni.isaac.quadruped] omni.isaac.quadruped has been deprecated in favor of isaacsim.robot.policy.examples. Please update your code accordingly.
[65.002s] [ext: omni.kit.manipulator.selector-1.1.1] startup
[65.005s] [ext: omni.sensors.nv.wpm-2.4.0-coreapi] startup
[65.028s] [ext: omni.sensors.nv.lidar-2.6.3-coreapi] startup
[65.071s] [ext: omni.sensors.nv.ids-1.4.0-coreapi] startup
[65.091s] [ext: isaacsim.robot.manipulators.examples-1.0.3] startup
[65.093s] [ext: isaacsim.util.debug_draw-2.0.2] startup
[65.139s] [ext: omni.sensors.tiled-0.0.6] startup
[65.159s] [ext: omni.sensors.nv.radar-2.6.1-coreapi] startup
[65.189s] [ext: omni.kit.widget.toolbar-1.7.3] startup
[65.230s] [ext: omni.kit.manipulator.transform-106.0.1] startup
[65.237s] [ext: isaacsim.sensors.physx-2.2.4] startup
[65.263s] [ext: isaacsim.sensors.rtx-13.6.3] startup
[65.589s] [ext: isaacsim.sensors.camera-0.2.9] startup
[65.603s] [ext: isaacsim.cortex.framework-1.0.2] startup
[65.604s] [ext: omni.kit.manipulator.tool.snap-1.5.12] startup
[65.854s] [ext: omni.isaac.range_sensor-4.0.2] startup
[65.864s] [ext: omni.isaac.surface_gripper-2.0.2] startup
2026-10-03 19:15:12 [65,396ms] [Warning] [omni.isaac.surface_gripper] omni.isaac.surface_gripper has been deprecated in favor of isaacsim.robot.surface_gripper. Please update your code accordingly.
[65.889s] [ext: omni.isaac.sensor-13.0.3] startup
2026-10-03 19:15:12 [65,421ms] [Warning] [omni.isaac.sensor] omni.isaac.sensor has been deprecated in favor of isaacsim.sensors.camera, isaacsim.sensors.physics, isaacsim.sensors.physx, and isaacsim.sensors.rtx. Please update your code accordingly.
2026-10-03 19:15:12 [65,422ms] [Warning] [omni.isaac.sensor.camera] omni.isaac.sensor.camera has been deprecated in favor of isaacsim.sensors.camera.camera. Please update your code accordingly.
2026-10-03 19:15:12 [65,422ms] [Warning] [omni.isaac.sensor.camera_view] omni.isaac.sensor.camera_view has been deprecated in favor of isaacsim.sensors.camera.camera_view. Please update your code accordingly.
2026-10-03 19:15:12 [65,423ms] [Warning] [omni.isaac.sensor.commands] omni.isaac.sensor.commands has been deprecated in favor of isaacsim.sensors.physics.commands, isaacsim.sensors.physx.commands, and isaacsim.sensors.rtx.commands. Please update your code accordingly.
2026-10-03 19:15:12 [65,424ms] [Warning] [omni.isaac.sensor.contact_sensor] omni.isaac.sensor.contact_sensor has been deprecated in favor of isaacsim.sensors.physics.contact_sensor. Please update your code accordingly.
2026-10-03 19:15:12 [65,424ms] [Warning] [omni.isaac.sensor.imu_sensor] omni.isaac.sensor.imu_sensor has been deprecated in favor of isaacsim.sensors.physics.imu_sensor. Please update your code accordingly.
2026-10-03 19:15:12 [65,425ms] [Warning] [omni.isaac.sensor.lidar_rtx] omni.isaac.sensor.lidar_rtx has been deprecated in favor of isaacsim.sensors.rtx.lidar_rtx. Please update your code accordingly.
2026-10-03 19:15:12 [65,425ms] [Warning] [omni.isaac.sensor.rotating_lidar_physX] omni.isaac.sensor.imu_sensor has been deprecated in favor of isaacsim.sensors.physix.rotating_lidar_physX. Please update your code accordingly.
2026-10-03 19:15:12 [65,427ms] [Warning] [omni.isaac.sensor.scripts.samples.contact_sensor] omni.isaac.sensor.scripts.samples.contact_sensor has been deprecated in favor of isaacsim.sensors.physics.scripts.samples.contact_sensor. Please update your code accordingly.
2026-10-03 19:15:12 [65,427ms] [Warning] [omni.isaac.sensor.scripts.samples.imu_sensor] omni.isaac.sensor.scripts.samples.imu_sensor has been deprecated in favor of isaacsim.sensors.physics.scripts.samples.imu_sensor. Please update your code accordingly.
2026-10-03 19:15:12 [65,428ms] [Warning] [omni.isaac.sensor.scripts.samples.lightbeam_sensor] omni.isaac.sensor.scripts.samples.lightbeam_sensor has been deprecated in favor of isaacsim.sensors.physx.scripts.samples.lightbeam_sensor. Please update your code accordingly.
[65.897s] [ext: omni.isaac.cortex-1.0.2] startup
2026-10-03 19:15:12 [65,429ms] [Warning] [omni.isaac.cortex] omni.isaac.cortex has been deprecated in favor of isaacsim.cortex.framework. Please update your code accordingly.
[65.947s] [ext: omni.kit.viewport.manipulator.transform-107.0.4] startup
[65.977s] [ext: omni.debugdraw-0.1.3] startup
[66.011s] [ext: omni.isaac.universal_robots-1.0.2] startup
2026-10-03 19:15:12 [65,543ms] [Warning] [omni.isaac.universal_robots] omni.isaac.universal_robots has been deprecated in favor of isaacsim.robot.manipulators.examples.universal_robots. Please update your code accordingly.
2026-10-03 19:15:12 [65,543ms] [Warning] [omni.isaac.universal_robots.kinematics_solver] omni.isaac.franka has been deprecated in favor of isaacsim.robot.manipulators.examples.universal_robots. Please update your code accordingly.
2026-10-03 19:15:12 [65,544ms] [Warning] [omni.isaac.universal_robots.ur10] omni.isaac.franka has been deprecated in favor of isaacsim.robot.manipulators.examples.universal_robots. Please update your code accordingly.
[66.014s] [ext: omni.isaac.utils-2.0.2] startup
[66.032s] [ext: omni.kit.manipulator.prim.core-107.0.7] startup
[66.052s] [ext: omni.fabric.commands-1.1.5] startup
[66.105s] [ext: omni.kit.manipulator.selection-106.0.1] startup
[66.171s] [ext: omni.kit.viewport.actions-107.0.0] startup
[66.183s] [ext: omni.kit.manipulator.prim.usd-107.0.3] startup
[66.192s] [ext: omni.kit.manipulator.prim.fabric-107.0.4] startup
[66.195s] [ext: isaacsim.cortex.behaviors-2.0.3] startup
[66.196s] [ext: omni.kit.widget.layers-1.8.2] startup
[66.301s] [ext: omni.kit.viewport.menubar.display-107.0.3] startup
[66.304s] [ext: omni.kit.manipulator.prim-107.0.0] startup
[66.305s] [ext: omni.isaac.cortex.sample_behaviors-2.0.2] startup
2026-10-03 19:15:12 [65,848ms] [Warning] [omni.isaac.cortex.sample_behaviors] omni.isaac.cortex.sample_behaviors has been deprecated in favor of isaacsim.cortex.behaviors. Please update your code accordingly.
[66.327s] [ext: omni.graph.ui_nodes-1.40.1] startup
[66.337s] [ext: omni.usdphysics.ui-106.5.7] startup
[66.583s] [ext: omni.physx.commands-106.5.7] startup
[67.039s] [ext: omni.kit.property.camera-1.0.9] startup
[67.079s] [ext: omni.hydra.scene_api-0.1.2] startup
[67.093s] [ext: omni.kit.property.geometry-1.3.3] startup
[67.566s] [ext: omni.kit.property.light-1.0.11] startup
[67.568s] [ext: omni.physx.ui-106.5.7] startup
[67.713s] [ext: omni.kit.property.material-1.10.17] startup
[67.732s] [ext: omni.kit.property.render-1.1.3] startup
[67.762s] [ext: omni.kit.property.transform-1.5.10] startup
[67.771s] [ext: omni.kit.property.audio-1.0.16] startup
[67.773s] [ext: isaacsim.gui.property-1.0.4] startup
[67.795s] [ext: omni.physx.demos-106.5.7] startup
[67.848s] [ext: omni.kit.property.physx-106.5.7] startup
[68.807s] [ext: omni.isaac.lula-4.0.2] startup
2026-10-03 19:15:15 [68,339ms] [Warning] [omni.isaac.lula] omni.isaac.lula has been deprecated in favor of isaacsim.robot_motion.lula. Please update your code accordingly.
[68.808s] [ext: omni.kit.property.bundle-1.3.2] startup
[68.814s] [ext: omni.kit.property.isaac-1.0.2] startup
2026-10-03 19:15:15 [68,348ms] [Warning] [omni.kit.property.isaac] omni.kit.property.isaac has been deprecated in favor of isaacsim.gui.property. Please update your code accordingly.
2026-10-03 19:15:15 [68,348ms] [Warning] [omni.kit.property.isaac.widgets] omni.kit.property.isaac.widgets has been deprecated in favor of isaacsim.gui.property.widgets. Please update your code accordingly.
[68.840s] [ext: omni.physx.vehicle-106.5.7] startup
[68.877s] [ext: omni.kit.viewport.menubar.camera-107.0.2] startup
[68.905s] [ext: omni.kit.viewport.menubar.lighting-106.0.2] startup
[68.917s] [ext: omni.kit.viewport.menubar.render-107.0.8] startup
[68.923s] [ext: omni.kit.viewport.menubar.settings-107.0.3] startup
[68.947s] [ext: omni.kit.window.console-0.2.14] startup
[69.056s] [ext: omni.physx.camera-106.5.7] startup
[69.127s] [ext: omni.kit.window.toolbar-1.6.2] startup
[69.140s] [ext: omni.isaac.version-2.0.2] startup
2026-10-03 19:15:15 [68,674ms] [Warning] [omni.isaac.version] omni.isaac.version has been deprecated in favor of isaacsim.core.version. Please update your code accordingly.
[69.429s] [ext: isaacsim.robot.wheeled_robots-4.0.3] startup
[69.446s] [ext: omni.physx.cct-106.5.7] startup
[69.546s] [ext: omni.physx.graph-106.5.7] startup
[69.609s] [ext: isaacsim.replicator.writers-1.0.1] startup
[69.852s] [ext: omni.physx.supportui-106.5.7] startup
[70.000s] [ext: omni.physx.telemetry-106.5.7] startup
[70.030s] [ext: omni.isaac.wheeled_robots-3.0.3] startup
2026-10-03 19:15:16 [69,563ms] [Warning] [omni.isaac.wheeled_robots] omni.isaac.wheeled_robots has been deprecated in favor of isaacsim.robot.wheeled_robots. Please update your code accordingly.
2026-10-03 19:15:16 [69,563ms] [Warning] [omni.isaac.wheeled_robots.controllers] omni.isaac.wheeled_robots has been deprecated in favor of isaacsim.robot.wheeled_robots. Please update your code accordingly.
2026-10-03 19:15:16 [69,563ms] [Warning] [omni.isaac.wheeled_robots.controllers.ackermann_controller] omni.isaac.wheeled_robots has been deprecated in favor of isaacsim.robot.wheeled_robots. Please update your code accordingly.
2026-10-03 19:15:16 [69,563ms] [Warning] [omni.isaac.wheeled_robots.controllers.differential_controller] omni.isaac.wheeled_robots has been deprecated in favor of isaacsim.robot.wheeled_robots. Please update your code accordingly.
2026-10-03 19:15:16 [69,564ms] [Warning] [omni.isaac.wheeled_robots.controllers.holonomic_controller] omni.isaac.wheeled_robots has been deprecated in favor of isaacsim.robot.wheeled_robots. Please update your code accordingly.
2026-10-03 19:15:16 [69,564ms] [Warning] [omni.isaac.wheeled_robots.controllers.quintic_path_planner] omni.isaac.wheeled_robots has been deprecated in favor of isaacsim.robot.wheeled_robots. Please update your code accordingly.
2026-10-03 19:15:16 [69,564ms] [Warning] [omni.isaac.wheeled_robots.controllers.stanley_control] omni.isaac.wheeled_robots has been deprecated in favor of isaacsim.robot.wheeled_robots. Please update your code accordingly.
2026-10-03 19:15:16 [69,565ms] [Warning] [omni.isaac.wheeled_robots.controllers.wheel_base_pose_controller] omni.isaac.wheeled_robots has been deprecated in favor of isaacsim.robot.wheeled_robots. Please update your code accordingly.
2026-10-03 19:15:16 [69,565ms] [Warning] [omni.isaac.wheeled_robots.impl] omni.isaac.wheeled_robots has been deprecated in favor of isaacsim.robot.wheeled_robots. Please update your code accordingly.
2026-10-03 19:15:16 [69,566ms] [Warning] [omni.isaac.wheeled_robots.robots] omni.isaac.wheeled_robots has been deprecated in favor of isaacsim.robot.wheeled_robots. Please update your code accordingly.
2026-10-03 19:15:16 [69,566ms] [Warning] [omni.isaac.wheeled_robots.robots.holonomic_robot_usd_setup] omni.isaac.wheeled_robots has been deprecated in favor of isaacsim.robot.wheeled_robots. Please update your code accordingly.
2026-10-03 19:15:16 [69,566ms] [Warning] [omni.isaac.wheeled_robots.robots.wheeled_robot] omni.isaac.wheeled_robots has been deprecated in favor of isaacsim.robot.wheeled_robots. Please update your code accordingly.
[70.036s] [ext: omni.isaac.franka-1.0.2] startup
2026-10-03 19:15:16 [69,568ms] [Warning] [omni.isaac.franka] omni.isaac.franka has been deprecated in favor of isaacsim.robot.manipulators.examples.franka. Please update your code accordingly.
2026-10-03 19:15:16 [69,568ms] [Warning] [omni.isaac.franka.franka] omni.isaac.franka has been deprecated in favor of isaacsim.robot.manipulators.examples.franka. Please update your code accordingly.
2026-10-03 19:15:16 [69,572ms] [Warning] [omni.isaac.franka.kinematics_solver] omni.isaac.franka has been deprecated in favor of isaacsim.robot.manipulators.examples.franka. Please update your code accordingly.
[70.041s] [ext: isaacsim.replicator.domain_randomization-1.0.2] startup
[70.138s] [ext: isaacsim.replicator.examples-1.1.2] startup
[70.147s] [ext: omni.kit.window.status_bar-0.1.7] startup
[70.171s] [ext: omni.rtx.window.settings-0.6.17] startup
[70.187s] [ext: omni.usd.metrics.assembler-106.5.0] startup
[70.239s] [ext: omni.physx.bundle-106.5.7] startup
[70.240s] [ext: isaacsim.app.about-2.0.7] startup
[70.257s] [ext: omni.replicator.isaac-2.0.3] startup
2026-10-03 19:15:16 [69,790ms] [Warning] [omni.replicator.isaac] omni.replicator.isaac has been deprecated in favor of isaacsim.replicator.domain_randomization, isaacsim.replicator.examples, isaacsim.replicator.writers. Please update your code accordingly.
[70.267s] [ext: omni.replicator.replicator_yaml-2.0.10] startup
[70.315s] [ext: omni.rtx.settings.core-0.6.3] startup
[70.332s] [ext: omni.usd.metrics.assembler.ui-106.5.0] startup
[70.341s] [ext: isaacsim.simulation_app-2.4.2] startup
[70.342s] [ext: omni.isaac.window.about-2.0.2] startup
2026-10-03 19:15:16 [69,875ms] [Warning] [omni.isaac.window.about] omni.isaac.window.about has been deprecated in favor of isaacsim.app.about. Please update your code accordingly.
2026-10-03 19:15:16 [69,875ms] [Warning] [omni.isaac.window.about.about] omni.isaac.window.about.about has been deprecated in favor of isaacsim.app.about.about. Please update your code accordingly.
[70.344s] [ext: semantics.schema.editor-0.3.10] startup
[70.412s] [ext: omni.kit.ui.actions-1.0.2] startup
[70.424s] [ext: semantics.schema.property-1.0.5] startup
[70.434s] [ext: omni.kit.manipulator.camera-106.0.3] startup
[70.443s] [ext: omni.isaac.kit-2.0.3] startup
2026-10-03 19:15:17 [69,991ms] [Warning] [omni.isaac.kit] omni.isaac.kit has been deprecated in favor of isaacsim.simulation_app. Please update your code accordingly.
[70.460s] [ext: omni.isaac.asset_browser-1.0.2] startup
2026-10-03 19:15:17 [69,992ms] [Warning] [omni.isaac.asset_browser] omni.isaac.asset_browser has been deprecated in favor of isaacsim.asset.browser. Please update your code accordingly.
[70.461s] [ext: isaacsim.core.throttling-2.0.2] startup
[70.463s] [ext: omni.kit.menu.common-1.1.9] startup
[70.485s] [ext: isaacsim.exp.base-4.5.0] startup
[70.486s] [ext: isaacsim.exp.base.python-4.5.0] startup
[70.492s] Simulation App Starting
2026-10-03 19:15:18 [71,769ms] [Warning] [carb.audio.device] audio device is misconfigured or broken {deviceIndex = 0, name = 'default'} (The device is likely misconfigured, check your $HOME/.asoundrc)
2026-10-03 19:15:18 [71,770ms] [Warning] [carb.audio.output] failed to retrieve the capabilities for device 0 {result = eDeviceLost (2)}
2026-10-03 19:15:18 [71,770ms] [Warning] [carb.audio.context] failed to set the requested output during context creation.  Using a null streamer instead {result = eDeviceLost (2)}
[73.008s] app ready
2026-10-03 19:15:20 [73,343ms] [Warning] [rtx.scenedb.plugin] SceneDbContext : TLAS limit buffer size 2921508224
2026-10-03 19:15:20 [73,343ms] [Warning] [rtx.scenedb.plugin] SceneDbContext : TLAS limit : valid true, within: false
2026-10-03 19:15:28 [81,880ms] [Warning] [omni.usd-abi.plugin] No setting was found for '/rtx-defaults-transient/meshlights/forceDisable'
2026-10-03 19:15:29 [82,547ms] [Warning] [omni.usd-abi.plugin] No setting was found for '/rtx-defaults/post/dlss/execMode'
2026-10-03 19:15:39 [92,754ms] [Warning] [carb.tasking.plugin] carb.tasking is likely stuck. All threads are busy with same tasks for more than 1 seconds with waiting tasks. Starting an emergency helper thread.
2026-10-03 19:15:40 [93,754ms] [Warning] [carb.tasking.plugin] carb.tasking is likely stuck. All threads are busy with same tasks for more than 1 seconds with waiting tasks. Starting an emergency helper thread.
2026-10-03 19:15:43 [96,763ms] [Warning] [carb.tasking.plugin] carb.tasking is likely stuck. All threads are busy with same tasks for more than 1 seconds with waiting tasks. Starting an emergency helper thread.
2026-10-03 19:15:44 [97,765ms] [Warning] [carb.tasking.plugin] carb.tasking is likely stuck. All threads are busy with same tasks for more than 1 seconds with waiting tasks. Starting an emergency helper thread.
2026-10-03 19:15:45 [98,778ms] [Warning] [carb.tasking.plugin] carb.tasking is likely stuck. All threads are busy with same tasks for more than 1 seconds with waiting tasks. Starting an emergency helper thread.
2026-10-03 19:15:46 [99,780ms] [Warning] [carb.tasking.plugin] carb.tasking is likely stuck. All threads are busy with same tasks for more than 1 seconds with waiting tasks. Starting an emergency helper thread.
2026-10-03 19:16:18 [131,533ms] [Warning] [rtx.postprocessing.plugin] DLSS increasing input dimensions: Render resolution of (320, 240) is below minimal input resolution of 300.
[139.213s] Simulation App Startup Complete
[isaac_app] renderer activeGpu=0 (want 0), multiGpu=False
app started in 139.6s
[142.416s] [ext: omni.physx.fabric-106.5.7] startup
2026-10-03 19:16:34 [147,410ms] [Warning] [omni.physicsschema.plugin] ScaleOrientation is not supported for rigid bodies, prim path: /World/envs/env_0/Robot/hande_left_finger. You may ignore this if the scale is close to uniform.
2026-10-03 19:16:34 [147,410ms] [Warning] [omni.physicsschema.plugin] ScaleOrientation is not supported for rigid bodies, prim path: /World/envs/env_0/Robot/hande_right_finger. You may ignore this if the scale is close to uniform.
2026-10-03 19:16:38 [151,588ms] [Warning] [omni.physx.plugin] Detected an articulation at /World/envs/env_0/Robot with more than 4 velocity iterations being added to a TGS scene.The related behavior changed recently, please consult the changelog. This warning will only print once.
2026-10-03 19:16:38 [151,675ms] [Warning] [omni.physx.tensors.plugin] Duplicate joint name 'FixedJoint' in articulation metatype
env ready in 26.9s
tetrapak #00 side      yaw    -83  grasp (-0.277 +0.343 +0.030) yaw    -83  rise  15.0 cm  OK  46.6s
tetrapak #01 side      yaw   +113  grasp (+0.252 +0.569 +0.030) yaw   +113  rise  15.1 cm  OK  43.2s
tetrapak #02 side      yaw    +16  grasp (+0.200 +0.504 +0.030) yaw    +16  rise  15.0 cm  OK  41.7s
tetrapak #03 side      yaw   -179  grasp (+0.141 +0.455 +0.030) yaw   -179  rise  15.0 cm  OK  29.5s
tetrapak #04 side      yaw   -117  grasp (+0.061 +0.555 +0.030) yaw   -117  rise  15.0 cm  OK  24.9s
tetrapak #05 side      yaw    -72  grasp (-0.121 +0.330 +0.030) yaw    -72  rise  15.0 cm  OK  39.0s
tetrapak #06 up        yaw    +61  grasp (+0.059 +0.535 +0.159) yaw    +61  rise  15.0 cm  OK  31.7s
tetrapak #07 up        yaw    -42  grasp (+0.199 +0.644 +0.159) yaw    -42  rise  15.0 cm  OK  26.1s
tetrapak #08 up        yaw    +54  grasp (+0.075 +0.467 +0.159) yaw    +54  rise  15.0 cm  OK  43.7s
tetrapak #09 side      yaw   -131  grasp (+0.018 +0.570 +0.030) yaw   -131  rise  15.0 cm  OK  35.2s
--- tetrapak: 10/10
can      #00 up        yaw    -68  grasp (-0.006 +0.617 +0.015) yaw    -68  rise  13.7 cm  OK  37.6s
can      #01 up        yaw   +156  grasp (-0.057 +0.521 +0.015) yaw   +156  rise  13.8 cm  OK  36.8s
can      #02 up        yaw    -64  grasp (+0.038 +0.451 +0.015) yaw    -64  rise  13.7 cm  OK  27.0s
can      #03 up        yaw    -39  grasp (+0.156 +0.418 +0.015) yaw    -39  rise  13.8 cm  OK  27.5s
can      #04 up        yaw    +44  grasp (-0.166 +0.600 +0.015) yaw    +44  rise  13.7 cm  OK  29.9s
can      #05 up        yaw   +103  grasp (-0.104 +0.613 +0.015) yaw   +103  rise  13.8 cm  OK  33.2s
can      #06 up        yaw   -159  grasp (-0.066 +0.395 +0.015) yaw   -159  rise  13.7 cm  OK  30.7s
can      #07 up        yaw    -18  grasp (+0.119 +0.419 +0.015) yaw    -18  rise  13.8 cm  OK  31.9s
can      #08 up        yaw   -161  grasp (-0.038 +0.410 +0.015) yaw   -161  rise  13.7 cm  OK  50.3s
can      #09 up        yaw   -147  grasp (+0.032 +0.440 +0.015) yaw   -147  rise  13.7 cm  OK  44.1s
--- can: 10/10
chips    #00 face_down yaw   -108  grasp (+0.282 +0.424 +0.023) yaw   -108  rise  -0.0 cm  fail  44.5s
chips    #01 face_down yaw   -142  grasp (+0.119 +0.540 +0.023) yaw   -142  rise  -0.0 cm  fail  27.9s
chips    #02 face_up   yaw   +164  grasp (+0.031 +0.583 +0.019) yaw   +164  rise  -0.0 cm  fail  31.5s
chips    #03 face_up   yaw    +43  grasp (+0.273 +0.555 +0.019) yaw    +43  rise  -0.0 cm  fail  31.2s
chips    #04 face_up   yaw    +93  grasp (+0.108 +0.514 +0.019) yaw    +93  rise   0.0 cm  fail  30.5s
chips    #05 face_up   yaw   +103  grasp (+0.073 +0.595 +0.019) yaw   +103  rise   0.0 cm  fail  43.4s
chips    #06 face_down yaw   +156  grasp (-0.201 +0.469 +0.023) yaw   +155  rise  -0.0 cm  fail  19.9s
chips    #07 face_down yaw   +154  grasp (+0.138 +0.256 +0.023) yaw   +154  rise  -0.0 cm  KNOCKED fail  24.7s
chips    #08 face_up   yaw   +173  grasp (+0.196 +0.503 +0.019) yaw   +173  rise  -0.0 cm  fail  30.2s
chips    #09 face_down yaw   +170  grasp (+0.136 +0.488 +0.023) yaw   +170  rise   0.0 cm  fail  33.2s
--- chips: 0/10
SR: tetrapak 10/10, can 10/10, chips 0/10
2026-10-03 19:34:03 [1,196,698ms] [Warning] [carb.windowing-glfw.plugin] GLFW initialization failed.
2026-10-03 19:34:03 [1,196,699ms] [Warning] [carb] Failed to startup plugin carb.windowing-glfw.plugin (interfaces: [carb::windowing::IGLContext v1.0],[carb::windowing::IWindowing v1.5]) (impl: carb.windowing-glfw.plugin)
[INFO]: Simulation is stopped. Shutting down the app.
[22:34:34] код выхода 0, время 1225 с, пик памяти на GPU 7 4087 MiB, клиент драйвера на GPU 0 6 MiB
[22:34:45] наших процессов на GPU нет
[22:34:45] результаты: /home/Invader17/grasp_task/runs/manual_env1_yaw0_20261003_221404
