[15:17:45] user=Invader17 gpu=7 vk_uuid=d9fc0582a134ded0909de88d902ecc0b cpus=44-45 timeout=7m stall=20m
[15:17:45] cmd: /home/Invader17/grasp_task/code/tmp_rl2/fly_check.py --num-envs 8 --rounds 2 --video
[Warning] [simulation_app.simulation_app] Modules: ['omni.kit_app'] were loaded before SimulationApp was started and might not be loaded correctly.
[Warning] [simulation_app.simulation_app] Please check to make sure no extra omniverse or pxr modules are imported before the call to SimulationApp(...)
Starting kit application with the following args:  ['/home/Invader17/grasp_task/envs/isaac/lib/python3.10/site-packages/isaacsim/exts/isaacsim.simulation_app/isaacsim/simulation_app/simulation_app.py', '/home/Invader17/grasp_task/envs/isaac/lib/python3.10/site-packages/isaacsim/apps/isaacsim.exp.base.python.kit', '--/app/tokens/exe-path=/home/Invader17/grasp_task/envs/isaac/lib/python3.10/site-packages/omni', '--/persistent/app/viewport/displayOptions=3094', '--/rtx/materialDb/syncLoads=True', '--/rtx/hydra/materialSyncLoads=True', '--/omni.kit.plugin/syncUsdLoads=True', '--/app/renderer/resolution/width=640', '--/app/renderer/resolution/height=480', '--/app/window/width=1440', '--/app/window/height=900', '--/renderer/multiGpu/enabled=False', '--/app/fastShutdown=True', '--/app/installSignalHandlers=0', '--ext-folder', '/home/Invader17/grasp_task/envs/isaac/lib/python3.10/site-packages/isaacsim/exts', '--ext-folder', '/home/Invader17/grasp_task/envs/isaac/lib/python3.10/site-packages/isaacsim/apps', '--/renderer/multiGpu/enabled=false', '--/renderer/multiGpu/autoEnable=false', '--/renderer/multiGpu/maxGpuCount=1', '--/renderer/activeGpu=0', '--/plugins/carb.tasking.plugin/threadCount=4', '--/persistent/isaac/asset_root/default=http://omniverse-content-production.s3-us-west-2.amazonaws.com/Assets/Isaac/4.5', '--/persistent/isaac/asset_root/cloud=http://omniverse-content-production.s3-us-west-2.amazonaws.com/Assets/Isaac/4.5', '--/persistent/isaac/asset_root/nvidia=http://omniverse-content-production.s3-us-west-2.amazonaws.com/Assets/Isaac/4.5', '--/renderer/activeGpu=0', '--/physics/cudaDevice=0', '--portable', '--no-window', '--/app/window/hideUi=1']
Passing the following args to the base kit application:  ['--num-envs', '8', '--rounds', '2', '--video']
[Info] [carb] Logging to file: /home/Invader17/grasp_task/envs/isaac/lib/python3.10/site-packages/omni/logs/Kit/Isaac-Sim Python/4.5/kit_20261005_121745.log
2026-10-05 12:17:45 [0ms] [Warning] [omni.kit.app.plugin] No crash reporter present, dumps uploading isn't available.
[0.396s] [ext: omni.kit.async_engine-0.0.1] startup
[1.058s] [ext: omni.metrics.core-0.0.1] startup
[1.059s] [ext: omni.client.lib-1.0.0] startup
[1.102s] [ext: omni.blobkey-1.1.2] startup
[1.104s] [ext: omni.stats-1.0.1] startup
[1.106s] [ext: omni.datastore-0.0.0] startup
[1.120s] [ext: omni.client-1.2.2] startup
[1.131s] [ext: omni.ujitso.default-1.0.0] startup
[1.137s] [ext: omni.hsscclient-1.1.1] startup
2026-10-05 12:17:46 [1,120ms] [Warning] [omni.datastore] OmniHub is inaccessible
[1.154s] [ext: omni.gpu_foundation.shadercache.vulkan-1.0.0] startup
[1.163s] [ext: omni.assets.plugins-0.0.0] startup
[1.167s] [ext: omni.gpu_foundation-0.0.0] startup
[1.196s] [ext: carb.windowing.plugins-1.0.0] startup
2026-10-05 12:17:46 [1,178ms] [Warning] [carb.windowing-glfw.plugin] GLFW initialization failed.
2026-10-05 12:17:46 [1,178ms] [Warning] [carb] Failed to startup plugin carb.windowing-glfw.plugin (interfaces: [carb::windowing::IGLContext v1.0],[carb::windowing::IWindowing v1.5]) (impl: carb.windowing-glfw.plugin)
[1.200s] [ext: omni.kit.renderer.init-0.0.0] startup
2026-10-05 12:17:46 [1,203ms] [Warning] [omni.platforminfo.plugin] failed to open the default display.  Can't verify X Server version.
2026-10-05 12:17:49 [3,992ms] [Warning] [carb.cudainterop.plugin] CUDA_VISIBLE_DEVICES environment variable is set.
2026-10-05 12:17:49 [3,992ms] [Warning] [carb.cudainterop.plugin] Note CUDA device enumeration and Omniverse device enumeration are different.
2026-10-05 12:17:49 [3,993ms] [Warning] [carb.cudainterop.plugin] Setting CUDA_VISIBLE_DEVICES can lead to undesired behavior or crashes.

|---------------------------------------------------------------------------------------------|
| Driver Version: 575.57.08     | Graphics API: Vulkan
|=============================================================================================|
| GPU | Name                             | Active | LDA | GPU Memory | Vendor-ID | LUID       |
|     |                                  |        |     |            | Device-ID | UUID       |
|     |                                  |        |     |            | Bus-ID    |            |
|---------------------------------------------------------------------------------------------|
| 0   | NVIDIA GeForce RTX 2080 Ti       | Yes: 0 |     | 11510   MB | 10de      | 0          |
|     |                                  |        |     |            | 1e04      | d9fc0582.. |
|     |                                  |        |     |            | 8         |            |
|=============================================================================================|
| OS: 20.04.6 LTS (Focal Fossa) ubuntu, Version: 20.04.6, Kernel: 5.15.0-139-generic
| Processor: AMD EPYC 7552 48-Core Processor
| Cores: 48 | Logical Cores: 48
|---------------------------------------------------------------------------------------------|
| Total Memory (MB): 515967 | Free Memory: 358877
| Total Page/Swap (MB): 67583 | Free Page/Swap: 17592186044409
|---------------------------------------------------------------------------------------------|
[9.496s] [ext: omni.kit.pipapi-0.0.0] startup
[9.514s] [ext: omni.materialx.libs-1.0.6] startup
[9.529s] [ext: omni.kit.pip_archive-0.0.0] startup
[9.530s] [ext: omni.usd.config-1.0.5] startup
[9.540s] [ext: omni.gpucompute.plugins-0.0.0] startup
[9.543s] [ext: omni.usd.libs-1.0.1] startup
[9.692s] [ext: omni.mdl-55.0.1] startup
[9.729s] [ext: omni.iray.libs-0.0.0] startup
[9.747s] [ext: omni.mdl.neuraylib-0.2.10] startup
[9.753s] [ext: omni.kit.usd.mdl-1.0.7] startup
[9.924s] [ext: omni.kit.telemetry-0.5.1] startup
[9.990s] [ext: omni.kit.loop-isaac-1.2.1] startup
[9.996s] [ext: omni.kit.test-1.1.2] startup
[10.225s] [ext: omni.appwindow-1.1.9] startup
2026-10-05 12:17:55 [10,209ms] [Warning] [carb.windowing-glfw.plugin] GLFW initialization failed.
2026-10-05 12:17:55 [10,209ms] [Warning] [carb] Failed to startup plugin carb.windowing-glfw.plugin (interfaces: [carb::windowing::IGLContext v1.0],[carb::windowing::IWindowing v1.5]) (impl: carb.windowing-glfw.plugin)
[10.234s] [ext: omni.kit.renderer.core-1.0.2] startup
2026-10-05 12:17:57 [12,629ms] [Warning] [carb.windowing-glfw.plugin] GLFW initialization failed.
2026-10-05 12:17:57 [12,630ms] [Warning] [carb] Failed to startup plugin carb.windowing-glfw.plugin (interfaces: [carb::windowing::IGLContext v1.0],[carb::windowing::IWindowing v1.5]) (impl: carb.windowing-glfw.plugin)
2026-10-05 12:17:58 [12,854ms] [Warning] [carb.windowing-glfw.plugin] GLFW initialization failed.
2026-10-05 12:17:58 [12,855ms] [Warning] [carb] Failed to startup plugin carb.windowing-glfw.plugin (interfaces: [carb::windowing::IGLContext v1.0],[carb::windowing::IWindowing v1.5]) (impl: carb.windowing-glfw.plugin)
[12.880s] [ext: omni.kit.renderer.capture-0.0.0] startup
[12.890s] [ext: omni.kit.renderer.imgui-1.0.2] startup
2026-10-05 12:17:58 [12,884ms] [Warning] [carb.windowing-glfw.plugin] GLFW initialization failed.
2026-10-05 12:17:58 [12,885ms] [Warning] [carb] Failed to startup plugin carb.windowing-glfw.plugin (interfaces: [carb::windowing::IGLContext v1.0],[carb::windowing::IWindowing v1.5]) (impl: carb.windowing-glfw.plugin)
2026-10-05 12:17:58 [12,888ms] [Warning] [carb.windowing-glfw.plugin] GLFW initialization failed.
2026-10-05 12:17:58 [12,888ms] [Warning] [carb] Failed to startup plugin carb.windowing-glfw.plugin (interfaces: [carb::windowing::IGLContext v1.0],[carb::windowing::IWindowing v1.5]) (impl: carb.windowing-glfw.plugin)
2026-10-05 12:17:58 [12,890ms] [Warning] [carb.windowing-glfw.plugin] GLFW initialization failed.
2026-10-05 12:17:58 [12,890ms] [Warning] [carb] Failed to startup plugin carb.windowing-glfw.plugin (interfaces: [carb::windowing::IGLContext v1.0],[carb::windowing::IWindowing v1.5]) (impl: carb.windowing-glfw.plugin)
[13.484s] [ext: omni.ui-2.26.5] startup
[13.526s] [ext: omni.kit.mainwindow-1.0.3] startup
[13.530s] [ext: carb.audio-0.1.0] startup
[13.547s] [ext: omni.uiaudio-1.0.0] startup
[13.550s] [ext: omni.kit.uiapp-0.0.0] startup
[13.566s] [ext: omni.usd.schema.metrics.assembler-106.5.0] startup
[13.590s] [ext: omni.usd.schema.anim-0.0.0] startup
[13.647s] [ext: omni.usd.schema.audio-0.0.0] startup
[13.654s] [ext: omni.usd.schema.isaac-3.0.2] startup
[13.654s] [ext: omni.usd.schema.omnigraph-1.0.0] startup
[13.667s] [ext: omni.usd.schema.forcefield-106.5.7] startup
[13.686s] [ext: omni.usd.schema.semantics-0.0.0] startup
[13.692s] [ext: omni.usd.schema.physx-106.5.7] startup
[13.733s] [ext: omni.usd.schema.geospatial-0.0.0] startup
[13.739s] [ext: omni.usd_resolver-1.0.0] startup
[13.747s] [ext: omni.kit.window.popup_dialog-2.0.24] startup
[13.755s] [ext: usdrt.scenegraph-7.5.1] startup
[13.833s] [ext: omni.timeline-1.0.11] startup
[13.837s] [ext: omni.usd.core-1.4.2] startup
[13.843s] [ext: omni.resourcemonitor-107.0.0] startup
[13.851s] [ext: omni.activity.core-1.0.1] startup
[13.854s] [ext: omni.kit.widget.nucleus_connector-1.1.10] startup
[13.862s] [ext: omni.hydra.usdrt_delegate-7.5.1] startup
[13.882s] [ext: omni.kit.actions.core-1.0.0] startup
[13.890s] [ext: omni.graph.exec-0.9.4] startup
[13.892s] [ext: omni.kit.commands-1.4.9] startup
[13.903s] [ext: omni.kit.usd_undo-0.1.8] startup
[13.906s] [ext: omni.kit.exec.core-0.13.4] startup
[13.911s] [ext: omni.kit.audiodeviceenum-1.0.1] startup
[13.917s] [ext: omni.hydra.scene_delegate-0.3.3] startup
[13.927s] [ext: omni.usd-1.12.4] startup
[14.012s] [ext: omni.inspect-1.0.1] startup
[14.016s] [ext: omni.kit.notification_manager-1.0.9] startup
[14.022s] [ext: omni.graph.core-2.181.8] startup
[14.031s] [ext: isaacsim.core.deprecation_manager-0.2.2] startup
[14.034s] [ext: omni.usd.schema.omniscripting-1.0.0] startup
[14.046s] [ext: isaacsim.robot.schema-3.1.2] startup
[14.059s] [ext: omni.kit.asset_converter-2.8.3] startup
[14.083s] [ext: omni.kit.menu.core-1.1.2] startup
[14.087s] [ext: omni.kvdb-106.5.7] startup
[14.091s] [ext: omni.kit.widget.context_menu-1.2.4] startup
[14.094s] [ext: omni.kit.usd.layers-2.2.0] startup
[14.112s] [ext: omni.kit.property.adapter.core-1.0.2] startup
[14.122s] [ext: omni.localcache-106.5.7] startup
[14.128s] [ext: omni.convexdecomposition-106.5.7] startup
[14.138s] [ext: omni.warp.core-1.5.0] startup
[14.514s] [ext: omni.kit.context_menu-1.8.3] startup
[14.519s] [ext: omni.kit.hotkeys.core-1.3.10] startup
[14.526s] [ext: omni.kit.property.adapter.fabric-1.0.3] startup
[14.530s] [ext: omni.usdphysics-106.5.7] startup
[14.536s] [ext: omni.kit.widget.path_field-2.0.11] startup
[14.538s] [ext: omni.kit.widget.options_menu-1.1.6] startup
[14.543s] [ext: omni.kit.helper.file_utils-0.1.9] startup
[14.547s] [ext: omni.kit.widget.browser_bar-2.0.10] startup
[14.549s] [ext: omni.kit.widget.options_button-1.0.3] startup
[14.551s] [ext: omni.kit.widget.filebrowser-2.10.52] startup
[14.560s] [ext: omni.kit.clipboard-1.0.5] startup
[14.562s] [ext: omni.graph.tools-1.79.1] startup
[14.604s] [ext: omni.ui.scene-1.11.2] startup
[14.616s] [ext: omni.graph.image.core-0.6.0] startup
[14.619s] [ext: omni.kit.window.filepicker-2.11.7] startup
[14.645s] [ext: omni.kit.widget.searchfield-1.1.8] startup
[14.648s] [ext: omni.graph.image.nodes-1.3.0] startup
[14.654s] [ext: omni.graph-1.140.2] startup
[14.725s] [ext: omni.kit.window.file_exporter-1.0.31] startup
[14.731s] [ext: omni.kit.widget.filter-1.1.4] startup
[14.736s] [ext: omni.physx.foundation-106.5.7] startup
[14.746s] [ext: omni.graph.nodes-1.162.1] startup
[14.766s] [ext: omni.kit.widget.stage-2.11.6] startup
[14.787s] [ext: omni.hydra.rtx.shadercache.vulkan-1.0.0] startup
[14.797s] [ext: omni.hydra.engine.stats-1.0.3] startup
[14.807s] [ext: omni.graph.action_core-1.1.7] startup
[14.819s] [ext: omni.kit.widget.highlight_label-1.0.3] startup
[14.822s] [ext: omni.ujitso.processor.texture-1.0.0] startup
[14.828s] [ext: omni.index.libs-380600.1777.0] startup
[14.829s] [ext: omni.kit.window.file_importer-1.1.14] startup
[14.833s] [ext: omni.kit.stage_template.core-1.1.22] startup
[14.835s] [ext: omni.volume-0.5.0] startup
[14.851s] [ext: omni.ujitso.client-0.0.0] startup
[14.853s] [ext: omni.index-1.0.1] startup
[14.858s] [ext: omni.kit.window.file-1.3.57] startup
[14.868s] [ext: omni.hydra.rtx-1.0.0] startup
2026-10-05 12:18:00 [14,860ms] [Warning] [omni.log] Source: omni.hydra was already registered.
[14.914s] [ext: omni.kit.viewport.registry-104.0.6] startup
[14.916s] [ext: omni.kit.viewport.legacy_gizmos-1.0.16] startup
[14.924s] [ext: omni.kit.raycast.query-1.0.5] startup
[14.936s] [ext: omni.kit.viewport.scene_camera_model-1.0.5] startup
[14.949s] [ext: omni.kit.hydra_texture-1.4.0] startup
[14.959s] [ext: omni.kit.menu.utils-1.7.7] startup
[14.970s] [ext: omni.kit.window.drop_support-1.0.4] startup
[14.972s] [ext: omni.kit.widget.viewport-107.0.7] startup
[15.420s] [ext: omni.kit.material.library-1.5.15] startup
[15.432s] [ext: omni.kit.window.content_browser_registry-0.0.6] startup
[15.437s] [ext: omni.kit.viewport.window-107.0.8] startup
[15.482s] [ext: omni.graph.action_nodes-1.40.1] startup
[15.492s] [ext: omni.kit.window.property-1.11.5] startup
[15.499s] [ext: omni.kit.window.content_browser-2.10.3] startup
[15.595s] [ext: omni.kit.property.adapter.usd-1.0.2] startup
[15.599s] [ext: omni.kit.viewport.utility-1.0.18] startup
[15.605s] [ext: omni.graph.action-1.120.0] startup
[15.606s] [ext: omni.kit.property.usd-4.2.16] startup
[15.631s] [ext: omni.physx.cooking-106.5.7] startup
[15.660s] [ext: omni.kit.widget.stage_icons-1.0.6] startup
[15.710s] [ext: omni.kit.widget.zoombar-1.0.5] startup
[15.730s] [ext: omni.physics.tensors-106.5.7] startup
[15.749s] [ext: omni.kit.widget.prompt-1.0.7] startup
[15.753s] [ext: omni.kit.usd.collect-2.2.22] startup
[15.760s] [ext: omni.physx-106.5.7] startup
[15.784s] [ext: omni.kit.window.stage-2.5.11] startup
[15.796s] [ext: omni.kit.browser.core-2.3.11] startup
[15.807s] [ext: omni.kit.widget.text_editor-1.0.2] startup
[15.818s] [ext: omni.physx.tensors-106.5.7] startup
[15.885s] [ext: omni.kit.tool.collect-2.2.16] startup
[15.890s] [ext: omni.kit.menu.stage-1.2.5] startup
[15.897s] [ext: omni.kit.browser.folder.core-1.10.1] startup
[15.910s] [ext: omni.warp-1.5.0] startup
[15.924s] [ext: isaacsim.examples.browser-0.1.8] startup
[15.936s] [ext: omni.physx.stageupdate-106.5.7] startup
[15.948s] [ext: omni.kit.numpy.common-0.1.2] startup
[15.952s] [ext: isaacsim.core.version-2.0.2] startup
[15.960s] [ext: omni.isaac.dynamic_control-1.3.15] startup
2026-10-05 12:18:01 [16,022ms] [Warning] [omni.isaac.dynamic_control] omni.isaac.dynamic_control is deprecated as of Isaac Sim 4.5. No action is needed from end-users.
[16.047s] [ext: isaacsim.storage.native-1.0.6] startup
[16.074s] [ext: omni.kit.menu.create-1.0.17] startup
[16.084s] [ext: isaacsim.core.utils-2.2.8] startup
[16.164s] [ext: omni.kit.widget.searchable_combobox-1.0.6] startup
[16.170s] [ext: omni.kit.primitive.mesh-1.0.17] startup
[16.179s] [ext: isaacsim.core.simulation_manager-0.3.3] startup
[18.486s] [ext: omni.kit.scripting-106.5.2] startup
[18.500s] [ext: omni.kit.stage_templates-1.2.6] startup
[18.512s] [ext: isaacsim.core.prims-0.3.7] startup
[18.546s] [ext: isaacsim.replicator.behavior-1.0.8] startup
[18.551s] [ext: isaacsim.core.api-4.2.16] startup
[18.578s] [ext: omni.ui_query-1.1.7] startup
[18.580s] [ext: omni.kit.manipulator.viewport-107.0.1] startup
[18.583s] [ext: omni.kit.ui_test-1.3.3] startup
[18.598s] [ext: omni.kit.window.extensions-1.4.25] startup
[18.612s] [ext: omni.graph.visualization.nodes-2.1.1] startup
[18.628s] [ext: omni.kit.tool.asset_importer-2.12.2] startup
[18.654s] [ext: isaacsim.gui.components-1.0.9] startup
[18.659s] [ext: omni.kit.widget.settings-1.2.2] startup
[18.664s] [ext: omni.kit.widget.graph-1.12.17] startup
[18.682s] [ext: omni.kit.window.preferences-1.7.0] startup
[18.707s] [ext: omni.kit.graph.delegate.default-1.2.2] startup
[18.710s] [ext: omni.kit.viewport.menubar.core-107.1.2] startup
[18.743s] [ext: omni.kit.widget.material_preview-1.0.16] startup
[18.747s] [ext: omni.kit.graph.usd.commands-1.3.1] startup
[18.753s] [ext: omni.kit.graph.editor.core-1.5.3] startup
[18.759s] [ext: omni.syntheticdata-0.6.10] startup
[18.815s] [ext: omni.kit.window.material_graph-1.8.19] startup
[18.868s] [ext: omni.graph.scriptnode-1.40.1] startup
[18.880s] [ext: isaacsim.core.cloner-1.3.4] startup
[18.897s] [ext: omni.replicator.core-1.11.35] startup
Warp 1.5.0 initialized:
   CUDA Toolkit 11.8, Driver 12.9
   Devices:
     "cpu"      : "x86_64"
     "cuda:0"   : "NVIDIA GeForce RTX 2080 Ti" (11 GiB, sm_75, mempool enabled)
   Kernel cache:
     /home/Invader17/grasp_task/.cache/warp
2026-10-05 12:18:04 [19,096ms] [Warning] [omni.replicator.core.scripts.extension] No material configuration file, adding configuration to material settings directly.
[19.124s] [ext: omni.isaac.cloner-1.0.2] startup
2026-10-05 12:18:04 [19,111ms] [Warning] [omni.isaac.cloner] omni.isaac.cloner has been deprecated in favor of isaacsim.core.cloner. Please update your code accordingly.
[19.143s] [ext: isaacsim.core.nodes-2.1.4] startup
[19.172s] [ext: isaacsim.asset.importer.urdf-2.3.10] startup
[19.414s] [ext: omni.isaac.core-4.0.3] startup
2026-10-05 12:18:04 [19,394ms] [Warning] [omni.isaac.core.physics_context.physics_context] omni.isaac.core.physics_context.physics_context has been deprecated in favor of isaacsim.core.api.physics_context.physics_context. Please update your code accordingly.
2026-10-05 12:18:04 [19,395ms] [Warning] [omni.isaac.core.simulation_context.simulation_context] omni.isaac.core.simulation_context.simulation_context has been deprecated in favor of isaacsim.core.api.simulation_context.simulation_context. Please update your code accordingly.
2026-10-05 12:18:04 [19,395ms] [Warning] [omni.isaac.core.world.world] omni.isaac.core.world.world has been deprecated in favor of isaacsim.core.api.world.world. Please update your code accordingly.
2026-10-05 12:18:04 [19,395ms] [Warning] [omni.isaac.core] omni.isaac.core has been deprecated in favor of isaacsim.core.api. Please update your code accordingly.
[19.417s] [ext: omni.isaac.core_nodes-2.0.2] startup
2026-10-05 12:18:04 [19,398ms] [Warning] [omni.isaac.core_nodes] omni.isaac.core_nodes has been deprecated in favor of isaacsim.core.nodes. Please update your code accordingly.
[19.457s] [ext: omni.anim.curve.core-1.2.0] startup
[19.567s] [ext: isaacsim.robot_motion.lula-4.0.4] startup
[19.620s] [ext: isaacsim.asset.importer.mjcf-2.3.3] startup
[19.655s] [ext: isaacsim.robot_motion.motion_generation-8.0.6] startup
[19.675s] [ext: isaacsim.asset.browser-1.3.4] startup
[19.771s] [ext: isaacsim.robot.surface_gripper-2.0.6] startup
[19.780s] [ext: omni.kit.selection-0.1.5] startup
[19.783s] [ext: isaacsim.robot_motion.lula_test_widget-1.0.5] startup
[19.789s] [ext: omni.isaac.assets_check-0.3.9] startup
2026-10-05 12:18:05 [19,769ms] [Warning] [omni.isaac.assets_check] omni.isaac.assets_check has been deprecated in favor of isaacsim.asset.browser. Please update your code accordingly.
[19.806s] [ext: isaacsim.robot.manipulators-3.0.4] startup
[19.814s] [ext: isaacsim.sensors.physics-0.3.5] startup
[19.840s] [ext: isaacsim.gui.menu-2.0.9] startup
[19.860s] [ext: omni.isaac.lula_test_widget-1.0.2] startup
2026-10-05 12:18:05 [19,840ms] [Warning] [omni.isaac.lula_test_widget] omni.isaac.lula_test_widget has been deprecated in favor of isaacsim.robot_motion.lula_test_widget. Please update your code accordingly.
[19.862s] [ext: omni.sensors.nv.common-2.5.0-coreapi] startup
[19.909s] [ext: omni.isaac.manipulators-3.0.3] startup
2026-10-05 12:18:05 [19,889ms] [Warning] [omni.isaac.manipulators] omni.isaac.manipulators has been deprecated in favor of isaacsim.robot.manipulators. Please update your code accordingly.
2026-10-05 12:18:05 [19,889ms] [Warning] [omni.isaac.manipulators.controllers] omni.isaac.manipulators has been deprecated in favor of isaacsim.robot.manipulators. Please update your code accordingly.
2026-10-05 12:18:05 [19,890ms] [Warning] [omni.isaac.manipulators.controllers.pick_place_controller] omni.isaac.manipulators has been deprecated in favor of isaacsim.robot.manipulators. Please update your code accordingly.
2026-10-05 12:18:05 [19,891ms] [Warning] [omni.isaac.manipulators.controllers.stacking_controller] omni.isaac.manipulators has been deprecated in favor of isaacsim.robot.manipulators. Please update your code accordingly.
2026-10-05 12:18:05 [19,892ms] [Warning] [omni.isaac.manipulators.grippers] omni.isaac.manipulators has been deprecated in favor of isaacsim.robot.manipulators. Please update your code accordingly.
2026-10-05 12:18:05 [19,893ms] [Warning] [omni.isaac.manipulators.grippers.gripper] omni.isaac.manipulators has been deprecated in favor of isaacsim.robot.manipulators. Please update your code accordingly.
2026-10-05 12:18:05 [19,893ms] [Warning] [omni.isaac.manipulators.grippers.parallel_gripper] omni.isaac.manipulators has been deprecated in favor of isaacsim.robot.manipulators. Please update your code accordingly.
2026-10-05 12:18:05 [19,894ms] [Warning] [omni.isaac.manipulators.grippers.surface_gripper] omni.isaac.manipulators has been deprecated in favor of isaacsim.robot.manipulators. Please update your code accordingly.
2026-10-05 12:18:05 [19,894ms] [Warning] [omni.isaac.manipulators.manipulators] omni.isaac.manipulators has been deprecated in favor of isaacsim.robot.manipulators. Please update your code accordingly.
2026-10-05 12:18:05 [19,895ms] [Warning] [omni.isaac.manipulators.manipulators.single_manipulator] omni.isaac.manipulators has been deprecated in favor of isaacsim.robot.manipulators. Please update your code accordingly.
[19.922s] [ext: isaacsim.robot.policy.examples-4.0.3] startup
[19.948s] [ext: omni.isaac.menu-1.0.2] startup
2026-10-05 12:18:05 [19,938ms] [Warning] [omni.isaac.menu] omni.isaac.menu has been deprecated in favor of isaacsim.gui.menu. Please update your code accordingly.
[19.968s] [ext: omni.isaac.motion_generation-8.0.2] startup
2026-10-05 12:18:05 [19,948ms] [Warning] [omni.isaac.motion_generation] omni.isaac.motion_generation has been deprecated in favor of isaacsim.robot_motion.motion_generation. Please update your code accordingly.
2026-10-05 12:18:05 [19,953ms] [Warning] [omni.isaac.motion_generation.articulation_kinematics_solver] omni.isaac.motion_generation has been deprecated in favor of isaacsim.robot_motion.motion_generation. Please update your code accordingly.
2026-10-05 12:18:05 [19,953ms] [Warning] [omni.isaac.motion_generation.articulation_motion_policy] omni.isaac.motion_generation has been deprecated in favor of isaacsim.robot_motion.motion_generation. Please update your code accordingly.
2026-10-05 12:18:05 [19,954ms] [Warning] [omni.isaac.motion_generation.articulation_trajectory] omni.isaac.motion_generation has been deprecated in favor of isaacsim.robot_motion.motion_generation. Please update your code accordingly.
2026-10-05 12:18:05 [19,954ms] [Warning] [omni.isaac.motion_generation.kinematics_interface] omni.isaac.motion_generation has been deprecated in favor of isaacsim.robot_motion.motion_generation. Please update your code accordingly.
2026-10-05 12:18:05 [19,955ms] [Warning] [omni.isaac.motion_generation.lula] omni.isaac.motion_generation has been deprecated in favor of isaacsim.robot_motion.motion_generation. Please update your code accordingly.
2026-10-05 12:18:05 [19,955ms] [Warning] [omni.isaac.motion_generation.lula.kinematics] omni.isaac.motion_generation has been deprecated in favor of isaacsim.robot_motion.motion_generation. Please update your code accordingly.
2026-10-05 12:18:05 [19,956ms] [Warning] [omni.isaac.motion_generation.lula.motion_policies] omni.isaac.motion_generation has been deprecated in favor of isaacsim.robot_motion.motion_generation. Please update your code accordingly.
2026-10-05 12:18:05 [19,957ms] [Warning] [omni.isaac.motion_generation.lula.path_planners] omni.isaac.motion_generation has been deprecated in favor of isaacsim.robot_motion.motion_generation. Please update your code accordingly.
2026-10-05 12:18:05 [19,957ms] [Warning] [omni.isaac.motion_generation.lula.trajectory_generator] omni.isaac.motion_generation has been deprecated in favor of isaacsim.robot_motion.motion_generation. Please update your code accordingly.
2026-10-05 12:18:05 [19,957ms] [Warning] [omni.isaac.motion_generation.motion_policy_controller] omni.isaac.motion_generation has been deprecated in favor of isaacsim.robot_motion.motion_generation. Please update your code accordingly.
2026-10-05 12:18:05 [19,958ms] [Warning] [omni.isaac.motion_generation.motion_policy_interface] omni.isaac.motion_generation has been deprecated in favor of isaacsim.robot_motion.motion_generation. Please update your code accordingly.
2026-10-05 12:18:05 [19,958ms] [Warning] [omni.isaac.motion_generation.path_planner_visualizer] omni.isaac.motion_generation has been deprecated in favor of isaacsim.robot_motion.motion_generation. Please update your code accordingly.
2026-10-05 12:18:05 [19,959ms] [Warning] [omni.isaac.motion_generation.path_planning_interface] omni.isaac.motion_generation has been deprecated in favor of isaacsim.robot_motion.motion_generation. Please update your code accordingly.
2026-10-05 12:18:05 [19,959ms] [Warning] [omni.isaac.motion_generation.trajectory] omni.isaac.motion_generation has been deprecated in favor of isaacsim.robot_motion.motion_generation. Please update your code accordingly.
2026-10-05 12:18:05 [19,960ms] [Warning] [omni.isaac.motion_generation.world_interface] omni.isaac.motion_generation has been deprecated in favor of isaacsim.robot_motion.motion_generation. Please update your code accordingly.
[19.993s] [ext: omni.sensors.nv.materials-1.4.0-coreapi] startup
[20.007s] [ext: omni.isaac.nucleus-1.0.3] startup
2026-10-05 12:18:05 [19,987ms] [Warning] [omni.isaac.nucleus] omni.isaac.nucleus has been deprecated in favor of isaacsim.storage.native. Please update your code accordingly.
2026-10-05 12:18:05 [19,988ms] [Warning] [omni.isaac.nucleus.nucleus] omni.isaac.nucleus.nucleus has been deprecated in favor of isaacsim.storage.native. Please update your code accordingly.
[20.010s] [ext: omni.isaac.quadruped-3.0.2] startup
2026-10-05 12:18:05 [19,990ms] [Warning] [omni.isaac.quadruped] omni.isaac.quadruped has been deprecated in favor of isaacsim.robot.policy.examples. Please update your code accordingly.
[20.012s] [ext: omni.kit.manipulator.selector-1.1.1] startup
[20.018s] [ext: omni.sensors.nv.wpm-2.4.0-coreapi] startup
[20.034s] [ext: omni.sensors.nv.lidar-2.6.3-coreapi] startup
[20.048s] [ext: omni.sensors.nv.ids-1.4.0-coreapi] startup
[20.072s] [ext: isaacsim.robot.manipulators.examples-1.0.3] startup
[20.083s] [ext: isaacsim.util.debug_draw-2.0.2] startup
[20.106s] [ext: omni.sensors.tiled-0.0.6] startup
[20.116s] [ext: omni.sensors.nv.radar-2.6.1-coreapi] startup
[20.135s] [ext: omni.kit.widget.toolbar-1.7.3] startup
[20.157s] [ext: omni.kit.manipulator.transform-106.0.1] startup
[20.167s] [ext: isaacsim.sensors.physx-2.2.4] startup
[20.184s] [ext: isaacsim.sensors.rtx-13.6.3] startup
[20.205s] [ext: isaacsim.sensors.camera-0.2.9] startup
[20.242s] [ext: isaacsim.cortex.framework-1.0.2] startup
[20.244s] [ext: omni.kit.manipulator.tool.snap-1.5.12] startup
[20.256s] [ext: omni.isaac.range_sensor-4.0.2] startup
[20.282s] [ext: omni.isaac.surface_gripper-2.0.2] startup
2026-10-05 12:18:05 [20,266ms] [Warning] [omni.isaac.surface_gripper] omni.isaac.surface_gripper has been deprecated in favor of isaacsim.robot.surface_gripper. Please update your code accordingly.
[20.289s] [ext: omni.isaac.sensor-13.0.3] startup
2026-10-05 12:18:05 [20,269ms] [Warning] [omni.isaac.sensor] omni.isaac.sensor has been deprecated in favor of isaacsim.sensors.camera, isaacsim.sensors.physics, isaacsim.sensors.physx, and isaacsim.sensors.rtx. Please update your code accordingly.
2026-10-05 12:18:05 [20,269ms] [Warning] [omni.isaac.sensor.camera] omni.isaac.sensor.camera has been deprecated in favor of isaacsim.sensors.camera.camera. Please update your code accordingly.
2026-10-05 12:18:05 [20,269ms] [Warning] [omni.isaac.sensor.camera_view] omni.isaac.sensor.camera_view has been deprecated in favor of isaacsim.sensors.camera.camera_view. Please update your code accordingly.
2026-10-05 12:18:05 [20,270ms] [Warning] [omni.isaac.sensor.commands] omni.isaac.sensor.commands has been deprecated in favor of isaacsim.sensors.physics.commands, isaacsim.sensors.physx.commands, and isaacsim.sensors.rtx.commands. Please update your code accordingly.
2026-10-05 12:18:05 [20,270ms] [Warning] [omni.isaac.sensor.contact_sensor] omni.isaac.sensor.contact_sensor has been deprecated in favor of isaacsim.sensors.physics.contact_sensor. Please update your code accordingly.
2026-10-05 12:18:05 [20,271ms] [Warning] [omni.isaac.sensor.imu_sensor] omni.isaac.sensor.imu_sensor has been deprecated in favor of isaacsim.sensors.physics.imu_sensor. Please update your code accordingly.
2026-10-05 12:18:05 [20,271ms] [Warning] [omni.isaac.sensor.lidar_rtx] omni.isaac.sensor.lidar_rtx has been deprecated in favor of isaacsim.sensors.rtx.lidar_rtx. Please update your code accordingly.
2026-10-05 12:18:05 [20,271ms] [Warning] [omni.isaac.sensor.rotating_lidar_physX] omni.isaac.sensor.imu_sensor has been deprecated in favor of isaacsim.sensors.physix.rotating_lidar_physX. Please update your code accordingly.
2026-10-05 12:18:05 [20,273ms] [Warning] [omni.isaac.sensor.scripts.samples.contact_sensor] omni.isaac.sensor.scripts.samples.contact_sensor has been deprecated in favor of isaacsim.sensors.physics.scripts.samples.contact_sensor. Please update your code accordingly.
2026-10-05 12:18:05 [20,274ms] [Warning] [omni.isaac.sensor.scripts.samples.imu_sensor] omni.isaac.sensor.scripts.samples.imu_sensor has been deprecated in favor of isaacsim.sensors.physics.scripts.samples.imu_sensor. Please update your code accordingly.
2026-10-05 12:18:05 [20,275ms] [Warning] [omni.isaac.sensor.scripts.samples.lightbeam_sensor] omni.isaac.sensor.scripts.samples.lightbeam_sensor has been deprecated in favor of isaacsim.sensors.physx.scripts.samples.lightbeam_sensor. Please update your code accordingly.
[20.296s] [ext: omni.isaac.cortex-1.0.2] startup
2026-10-05 12:18:05 [20,294ms] [Warning] [omni.isaac.cortex] omni.isaac.cortex has been deprecated in favor of isaacsim.cortex.framework. Please update your code accordingly.
[20.317s] [ext: omni.kit.viewport.manipulator.transform-107.0.4] startup
[20.340s] [ext: omni.debugdraw-0.1.3] startup
[20.352s] [ext: omni.isaac.universal_robots-1.0.2] startup
2026-10-05 12:18:05 [20,334ms] [Warning] [omni.isaac.universal_robots] omni.isaac.universal_robots has been deprecated in favor of isaacsim.robot.manipulators.examples.universal_robots. Please update your code accordingly.
2026-10-05 12:18:05 [20,335ms] [Warning] [omni.isaac.universal_robots.kinematics_solver] omni.isaac.franka has been deprecated in favor of isaacsim.robot.manipulators.examples.universal_robots. Please update your code accordingly.
2026-10-05 12:18:05 [20,337ms] [Warning] [omni.isaac.universal_robots.ur10] omni.isaac.franka has been deprecated in favor of isaacsim.robot.manipulators.examples.universal_robots. Please update your code accordingly.
[20.360s] [ext: omni.isaac.utils-2.0.2] startup
[20.368s] [ext: omni.kit.manipulator.prim.core-107.0.7] startup
[20.383s] [ext: omni.fabric.commands-1.1.5] startup
[20.396s] [ext: omni.kit.manipulator.selection-106.0.1] startup
[20.403s] [ext: omni.kit.viewport.actions-107.0.0] startup
[20.415s] [ext: omni.kit.manipulator.prim.usd-107.0.3] startup
[20.421s] [ext: omni.kit.manipulator.prim.fabric-107.0.4] startup
[20.424s] [ext: isaacsim.cortex.behaviors-2.0.3] startup
[20.428s] [ext: omni.kit.widget.layers-1.8.2] startup
[20.464s] [ext: omni.kit.viewport.menubar.display-107.0.3] startup
[20.471s] [ext: omni.kit.manipulator.prim-107.0.0] startup
[20.471s] [ext: omni.isaac.cortex.sample_behaviors-2.0.2] startup
2026-10-05 12:18:05 [20,451ms] [Warning] [omni.isaac.cortex.sample_behaviors] omni.isaac.cortex.sample_behaviors has been deprecated in favor of isaacsim.cortex.behaviors. Please update your code accordingly.
[20.476s] [ext: omni.graph.ui_nodes-1.40.1] startup
[20.492s] [ext: omni.usdphysics.ui-106.5.7] startup
[20.571s] [ext: omni.physx.commands-106.5.7] startup
[20.599s] [ext: omni.kit.property.camera-1.0.9] startup
[20.602s] [ext: omni.hydra.scene_api-0.1.2] startup
[20.616s] [ext: omni.kit.property.geometry-1.3.3] startup
[20.626s] [ext: omni.kit.property.light-1.0.11] startup
[20.631s] [ext: omni.physx.ui-106.5.7] startup
[20.686s] [ext: omni.kit.property.material-1.10.17] startup
[20.698s] [ext: omni.kit.property.render-1.1.3] startup
[20.700s] [ext: omni.kit.property.transform-1.5.10] startup
[20.712s] [ext: omni.kit.property.audio-1.0.16] startup
[20.715s] [ext: isaacsim.gui.property-1.0.4] startup
[20.719s] [ext: omni.physx.demos-106.5.7] startup
[20.763s] [ext: omni.kit.property.physx-106.5.7] startup
[20.864s] [ext: omni.isaac.lula-4.0.2] startup
2026-10-05 12:18:06 [20,845ms] [Warning] [omni.isaac.lula] omni.isaac.lula has been deprecated in favor of isaacsim.robot_motion.lula. Please update your code accordingly.
[20.867s] [ext: omni.kit.property.bundle-1.3.2] startup
[20.870s] [ext: omni.kit.property.isaac-1.0.2] startup
2026-10-05 12:18:06 [20,849ms] [Warning] [omni.kit.property.isaac] omni.kit.property.isaac has been deprecated in favor of isaacsim.gui.property. Please update your code accordingly.
2026-10-05 12:18:06 [20,850ms] [Warning] [omni.kit.property.isaac.widgets] omni.kit.property.isaac.widgets has been deprecated in favor of isaacsim.gui.property.widgets. Please update your code accordingly.
[20.872s] [ext: omni.physx.vehicle-106.5.7] startup
[20.919s] [ext: omni.kit.viewport.menubar.camera-107.0.2] startup
[20.932s] [ext: omni.kit.viewport.menubar.lighting-106.0.2] startup
[20.944s] [ext: omni.kit.viewport.menubar.render-107.0.8] startup
[20.952s] [ext: omni.kit.viewport.menubar.settings-107.0.3] startup
[20.960s] [ext: omni.kit.window.console-0.2.14] startup
[20.984s] [ext: omni.physx.camera-106.5.7] startup
[21.012s] [ext: omni.kit.window.toolbar-1.6.2] startup
[21.024s] [ext: omni.isaac.version-2.0.2] startup
2026-10-05 12:18:06 [21,004ms] [Warning] [omni.isaac.version] omni.isaac.version has been deprecated in favor of isaacsim.core.version. Please update your code accordingly.
[21.028s] [ext: isaacsim.robot.wheeled_robots-4.0.3] startup
[21.043s] [ext: omni.physx.cct-106.5.7] startup
[21.076s] [ext: omni.physx.graph-106.5.7] startup
[21.121s] [ext: isaacsim.replicator.writers-1.0.1] startup
[21.168s] [ext: omni.physx.supportui-106.5.7] startup
[21.231s] [ext: omni.physx.telemetry-106.5.7] startup
[21.265s] [ext: omni.isaac.wheeled_robots-3.0.3] startup
2026-10-05 12:18:06 [21,245ms] [Warning] [omni.isaac.wheeled_robots] omni.isaac.wheeled_robots has been deprecated in favor of isaacsim.robot.wheeled_robots. Please update your code accordingly.
2026-10-05 12:18:06 [21,246ms] [Warning] [omni.isaac.wheeled_robots.controllers] omni.isaac.wheeled_robots has been deprecated in favor of isaacsim.robot.wheeled_robots. Please update your code accordingly.
2026-10-05 12:18:06 [21,246ms] [Warning] [omni.isaac.wheeled_robots.controllers.ackermann_controller] omni.isaac.wheeled_robots has been deprecated in favor of isaacsim.robot.wheeled_robots. Please update your code accordingly.
2026-10-05 12:18:06 [21,246ms] [Warning] [omni.isaac.wheeled_robots.controllers.differential_controller] omni.isaac.wheeled_robots has been deprecated in favor of isaacsim.robot.wheeled_robots. Please update your code accordingly.
2026-10-05 12:18:06 [21,247ms] [Warning] [omni.isaac.wheeled_robots.controllers.holonomic_controller] omni.isaac.wheeled_robots has been deprecated in favor of isaacsim.robot.wheeled_robots. Please update your code accordingly.
2026-10-05 12:18:06 [21,247ms] [Warning] [omni.isaac.wheeled_robots.controllers.quintic_path_planner] omni.isaac.wheeled_robots has been deprecated in favor of isaacsim.robot.wheeled_robots. Please update your code accordingly.
2026-10-05 12:18:06 [21,248ms] [Warning] [omni.isaac.wheeled_robots.controllers.stanley_control] omni.isaac.wheeled_robots has been deprecated in favor of isaacsim.robot.wheeled_robots. Please update your code accordingly.
2026-10-05 12:18:06 [21,262ms] [Warning] [omni.isaac.wheeled_robots.controllers.wheel_base_pose_controller] omni.isaac.wheeled_robots has been deprecated in favor of isaacsim.robot.wheeled_robots. Please update your code accordingly.
2026-10-05 12:18:06 [21,272ms] [Warning] [omni.isaac.wheeled_robots.impl] omni.isaac.wheeled_robots has been deprecated in favor of isaacsim.robot.wheeled_robots. Please update your code accordingly.
2026-10-05 12:18:06 [21,273ms] [Warning] [omni.isaac.wheeled_robots.robots] omni.isaac.wheeled_robots has been deprecated in favor of isaacsim.robot.wheeled_robots. Please update your code accordingly.
2026-10-05 12:18:06 [21,274ms] [Warning] [omni.isaac.wheeled_robots.robots.holonomic_robot_usd_setup] omni.isaac.wheeled_robots has been deprecated in favor of isaacsim.robot.wheeled_robots. Please update your code accordingly.
2026-10-05 12:18:06 [21,274ms] [Warning] [omni.isaac.wheeled_robots.robots.wheeled_robot] omni.isaac.wheeled_robots has been deprecated in favor of isaacsim.robot.wheeled_robots. Please update your code accordingly.
[21.304s] [ext: omni.isaac.franka-1.0.2] startup
2026-10-05 12:18:06 [21,291ms] [Warning] [omni.isaac.franka] omni.isaac.franka has been deprecated in favor of isaacsim.robot.manipulators.examples.franka. Please update your code accordingly.
2026-10-05 12:18:06 [21,293ms] [Warning] [omni.isaac.franka.franka] omni.isaac.franka has been deprecated in favor of isaacsim.robot.manipulators.examples.franka. Please update your code accordingly.
2026-10-05 12:18:06 [21,294ms] [Warning] [omni.isaac.franka.kinematics_solver] omni.isaac.franka has been deprecated in favor of isaacsim.robot.manipulators.examples.franka. Please update your code accordingly.
[21.322s] [ext: isaacsim.replicator.domain_randomization-1.0.2] startup
[21.335s] [ext: isaacsim.replicator.examples-1.1.2] startup
[21.356s] [ext: omni.kit.window.status_bar-0.1.7] startup
[21.382s] [ext: omni.rtx.window.settings-0.6.17] startup
[21.408s] [ext: omni.usd.metrics.assembler-106.5.0] startup
[21.447s] [ext: omni.physx.bundle-106.5.7] startup
[21.450s] [ext: isaacsim.app.about-2.0.7] startup
[21.454s] [ext: omni.replicator.isaac-2.0.3] startup
2026-10-05 12:18:06 [21,433ms] [Warning] [omni.replicator.isaac] omni.replicator.isaac has been deprecated in favor of isaacsim.replicator.domain_randomization, isaacsim.replicator.examples, isaacsim.replicator.writers. Please update your code accordingly.
[21.455s] [ext: omni.replicator.replicator_yaml-2.0.10] startup
[21.504s] [ext: omni.rtx.settings.core-0.6.3] startup
[21.527s] [ext: omni.usd.metrics.assembler.ui-106.5.0] startup
[21.539s] [ext: isaacsim.simulation_app-2.4.2] startup
[21.540s] [ext: omni.isaac.window.about-2.0.2] startup
2026-10-05 12:18:06 [21,521ms] [Warning] [omni.isaac.window.about] omni.isaac.window.about has been deprecated in favor of isaacsim.app.about. Please update your code accordingly.
2026-10-05 12:18:06 [21,522ms] [Warning] [omni.isaac.window.about.about] omni.isaac.window.about.about has been deprecated in favor of isaacsim.app.about.about. Please update your code accordingly.
[21.544s] [ext: semantics.schema.editor-0.3.10] startup
[21.559s] [ext: omni.kit.ui.actions-1.0.2] startup
[21.566s] [ext: semantics.schema.property-1.0.5] startup
[21.573s] [ext: omni.kit.manipulator.camera-106.0.3] startup
[21.582s] [ext: omni.isaac.kit-2.0.3] startup
2026-10-05 12:18:06 [21,562ms] [Warning] [omni.isaac.kit] omni.isaac.kit has been deprecated in favor of isaacsim.simulation_app. Please update your code accordingly.
[21.584s] [ext: omni.isaac.asset_browser-1.0.2] startup
2026-10-05 12:18:06 [21,565ms] [Warning] [omni.isaac.asset_browser] omni.isaac.asset_browser has been deprecated in favor of isaacsim.asset.browser. Please update your code accordingly.
[21.600s] [ext: isaacsim.core.throttling-2.0.2] startup
[21.606s] [ext: omni.kit.menu.common-1.1.9] startup
[21.618s] [ext: isaacsim.exp.base-4.5.0] startup
[21.619s] [ext: isaacsim.exp.base.python-4.5.0] startup
[21.626s] Simulation App Starting
2026-10-05 12:18:07 [22,623ms] [Warning] [carb.audio.device] audio device is misconfigured or broken {deviceIndex = 0, name = 'default'} (The device is likely misconfigured, check your $HOME/.asoundrc)
2026-10-05 12:18:07 [22,623ms] [Warning] [carb.audio.output] failed to retrieve the capabilities for device 0 {result = eDeviceLost (2)}
2026-10-05 12:18:07 [22,623ms] [Warning] [carb.audio.context] failed to set the requested output during context creation.  Using a null streamer instead {result = eDeviceLost (2)}
[22.836s] app ready
2026-10-05 12:18:08 [23,240ms] [Warning] [rtx.scenedb.plugin] SceneDbContext : TLAS limit buffer size 2921508224
2026-10-05 12:18:08 [23,248ms] [Warning] [rtx.scenedb.plugin] SceneDbContext : TLAS limit : valid true, within: false
2026-10-05 12:18:09 [24,139ms] [Warning] [omni.usd-abi.plugin] No setting was found for '/rtx-defaults-transient/meshlights/forceDisable'
2026-10-05 12:18:09 [24,456ms] [Warning] [omni.usd-abi.plugin] No setting was found for '/rtx-defaults/post/dlss/execMode'
2026-10-05 12:18:13 [28,038ms] [Warning] [carb.tasking.plugin] carb.tasking is likely stuck. All threads are busy with same tasks for more than 1 seconds with waiting tasks. Starting an emergency helper thread.
2026-10-05 12:18:29 [43,789ms] [Warning] [rtx.postprocessing.plugin] DLSS increasing input dimensions: Render resolution of (320, 240) is below minimal input resolution of 300.
[44.258s] Simulation App Startup Complete
[isaac_app] renderer activeGpu=0 (want 0), multiGpu=False
app started in 44.4s
[47.546s] [ext: omni.physx.fabric-106.5.7] startup
2026-10-05 12:18:34 [49,152ms] [Warning] [omni.physicsschema.plugin] ScaleOrientation is not supported for rigid bodies, prim path: /World/envs/env_0/Robot/hande_left_finger. You may ignore this if the scale is close to uniform.
2026-10-05 12:18:34 [49,153ms] [Warning] [omni.physicsschema.plugin] ScaleOrientation is not supported for rigid bodies, prim path: /World/envs/env_0/Robot/hande_right_finger. You may ignore this if the scale is close to uniform.
2026-10-05 12:18:34 [49,180ms] [Warning] [omni.physx.plugin] Detected an articulation at /World/envs/env_0/Robot with more than 4 velocity iterations being added to a TGS scene.The related behavior changed recently, please consult the changelog. This warning will only print once.
2026-10-05 12:18:34 [49,245ms] [Warning] [omni.physx.tensors.plugin] Duplicate joint name 'FixedJoint' in articulation metatype
2026-10-05 12:18:34 [49,245ms] [Warning] [omni.physx.tensors.plugin] Duplicate joint name 'FixedJoint' in articulation metatype
2026-10-05 12:18:34 [49,246ms] [Warning] [omni.physx.tensors.plugin] Duplicate joint name 'FixedJoint' in articulation metatype
2026-10-05 12:18:34 [49,246ms] [Warning] [omni.physx.tensors.plugin] Duplicate joint name 'FixedJoint' in articulation metatype
2026-10-05 12:18:34 [49,246ms] [Warning] [omni.physx.tensors.plugin] Duplicate joint name 'FixedJoint' in articulation metatype
2026-10-05 12:18:34 [49,246ms] [Warning] [omni.physx.tensors.plugin] Duplicate joint name 'FixedJoint' in articulation metatype
2026-10-05 12:18:34 [49,247ms] [Warning] [omni.physx.tensors.plugin] Duplicate joint name 'FixedJoint' in articulation metatype
2026-10-05 12:18:34 [49,247ms] [Warning] [omni.physx.tensors.plugin] Duplicate joint name 'FixedJoint' in articulation metatype
2026-10-05 12:18:35 [49,904ms] [Warning] [carb] Client omni.hydratexture.plugin has acquired [carb::settings::ISettings v1.0] 100 times. Consider accessing this interface with carb::getCachedInterface() (Performance warning)
2026-10-05 12:18:35 [50,151ms] [Warning] [carb] Client omni.hydratexture.plugin has acquired [carb::dictionary::IDictionary v1.1] 100 times. Consider accessing this interface with carb::getCachedInterface() (Performance warning)
[planner] база повёрнута на 0: якобиан расходится на 1.9997
[planner] база повёрнута на 180: якобиан расходится на 0.0000
[planner] T_post = [[-0.99996, 0.0, 0.00939, 0.00068], [0.00939, 0.0, 0.99996, 0.00046], [0.0, 1.0, -0.0, 0.21432], [-0.0, 0.0, 0.0, 1.0]]
[fly] затравка IK [1.21, -1.89, 2.21, -1.89, -1.57, 2.79], manip 0.131
env ready in 29.6s, столов 8
gif /home/Invader17/grasp_task/runs/fly8_20261005_151745/oracle_env0_chips.gif, 30 кадров
round 0: 7/8 взял, недостижимо 0, снёс 0, 21.8 с на раунд = 2.72 с на попытку
     0 chips    rise  -0.0 cm  z 0.016  reach True
     1 can      rise  13.7 cm  z 0.015  reach True
     2 can      rise  13.8 cm  z 0.015  reach True
     3 tetrapak rise  15.0 cm  z 0.157  reach True
     4 tetrapak rise  15.0 cm  z 0.030  reach True
     5 tetrapak rise  15.0 cm  z 0.030  reach True
     6 tetrapak rise  15.0 cm  z 0.146  reach True
     7 tetrapak rise  15.0 cm  z 0.142  reach True
round 1: 4/8 взял, недостижимо 0, снёс 1, 8.6 с на раунд = 1.07 с на попытку
     0 chips    rise  -0.0 cm  z 0.016  reach True
     1 can      rise  13.7 cm  z 0.015  reach True
     2 chips    rise  -0.0 cm  z 0.016  reach True
     3 tetrapak rise  15.0 cm  z 0.143  reach True
     4 can      rise  13.7 cm  z 0.015  reach True
     5 chips    rise  -0.0 cm  z 0.016  reach True
     6 chips    rise   0.0 cm  z 0.017  reach True
     7 can      rise  13.7 cm  z 0.015  reach True
SR оракула: chips 0/5, can 5/5, tetrapak 6/6
в среднем 1.07 с на попытку при 8 столах = 3368 попыток в час
память torch: пик 32 MiB (без Isaac, весь процесс смотри в run.sh)
2026-10-05 12:19:30 [105,345ms] [Warning] [carb.windowing-glfw.plugin] GLFW initialization failed.
2026-10-05 12:19:30 [105,345ms] [Warning] [carb] Failed to startup plugin carb.windowing-glfw.plugin (interfaces: [carb::windowing::IGLContext v1.0],[carb::windowing::IWindowing v1.5]) (impl: carb.windowing-glfw.plugin)
2026-10-05 12:19:35 [109,791ms] [Warning] [carb] Plugin interface for a client: omni.hydratexture.plugin was already released.
2026-10-05 12:19:35 [109,791ms] [Warning] [carb] Plugin interface for a client: omni.hydratexture.plugin was already released.
2026-10-05 12:19:35 [109,791ms] [Warning] [carb] Plugin interface for a client: omni.hydratexture.plugin was already released.
2026-10-05 12:19:35 [109,793ms] [Warning] [carb] Plugin interface for a client: omni.hydratexture.plugin was already released.
2026-10-05 12:19:35 [109,793ms] [Warning] [carb] Plugin interface for a client: omni.hydratexture.plugin was already released.
2026-10-05 12:19:35 [109,794ms] [Warning] [carb] Plugin interface for a client: omni.hydratexture.plugin was already released.
2026-10-05 12:19:35 [109,794ms] [Warning] [carb] Plugin interface for a client: omni.hydratexture.plugin was already released.
2026-10-05 12:19:35 [109,794ms] [Warning] [carb] Plugin interface for a client: omni.hydratexture.plugin was already released.
[INFO]: Simulation is stopped. Shutting down the app.
[15:19:42] код выхода 0, время 115 с, пик памяти на GPU 7 4297 MiB, клиент драйвера на GPU 0 6 MiB
[15:19:47] наших процессов на GPU нет
[15:19:47] результаты: /home/Invader17/grasp_task/runs/fly8_20261005_151745
