[00:03:09] user=Invader17 gpu=7 vk_uuid=d9fc0582a134ded0909de88d902ecc0b cpus=46-47 timeout=40m stall=20m
[00:03:09] cmd: /home/Invader17/grasp_task/code/grasp/grasp_check.py --obj tetrapak --side --video
[Warning] [simulation_app.simulation_app] Modules: ['omni.kit_app'] were loaded before SimulationApp was started and might not be loaded correctly.
[Warning] [simulation_app.simulation_app] Please check to make sure no extra omniverse or pxr modules are imported before the call to SimulationApp(...)
Starting kit application with the following args:  ['/home/Invader17/grasp_task/envs/isaac/lib/python3.10/site-packages/isaacsim/exts/isaacsim.simulation_app/isaacsim/simulation_app/simulation_app.py', '/home/Invader17/grasp_task/envs/isaac/lib/python3.10/site-packages/isaacsim/apps/isaacsim.exp.base.python.kit', '--/app/tokens/exe-path=/home/Invader17/grasp_task/envs/isaac/lib/python3.10/site-packages/omni', '--/persistent/app/viewport/displayOptions=3094', '--/rtx/materialDb/syncLoads=True', '--/rtx/hydra/materialSyncLoads=True', '--/omni.kit.plugin/syncUsdLoads=True', '--/app/renderer/resolution/width=640', '--/app/renderer/resolution/height=480', '--/app/window/width=1440', '--/app/window/height=900', '--/renderer/multiGpu/enabled=False', '--/app/fastShutdown=True', '--/app/installSignalHandlers=0', '--ext-folder', '/home/Invader17/grasp_task/envs/isaac/lib/python3.10/site-packages/isaacsim/exts', '--ext-folder', '/home/Invader17/grasp_task/envs/isaac/lib/python3.10/site-packages/isaacsim/apps', '--/renderer/multiGpu/enabled=false', '--/renderer/multiGpu/autoEnable=false', '--/renderer/multiGpu/maxGpuCount=1', '--/renderer/activeGpu=0', '--/plugins/carb.tasking.plugin/threadCount=4', '--/persistent/isaac/asset_root/default=http://omniverse-content-production.s3-us-west-2.amazonaws.com/Assets/Isaac/4.5', '--/persistent/isaac/asset_root/cloud=http://omniverse-content-production.s3-us-west-2.amazonaws.com/Assets/Isaac/4.5', '--/persistent/isaac/asset_root/nvidia=http://omniverse-content-production.s3-us-west-2.amazonaws.com/Assets/Isaac/4.5', '--/renderer/activeGpu=0', '--/physics/cudaDevice=0', '--portable', '--no-window', '--/app/window/hideUi=1']
Passing the following args to the base kit application:  ['--obj', 'tetrapak', '--side', '--video']
[Info] [carb] Logging to file: /home/Invader17/grasp_task/envs/isaac/lib/python3.10/site-packages/omni/logs/Kit/Isaac-Sim Python/4.5/kit_20261003_210310.log
2026-10-03 21:03:10 [0ms] [Warning] [omni.kit.app.plugin] No crash reporter present, dumps uploading isn't available.
[1.755s] [ext: omni.kit.async_engine-0.0.1] startup
[3.159s] [ext: omni.metrics.core-0.0.1] startup
[3.160s] [ext: omni.client.lib-1.0.0] startup
[3.281s] [ext: omni.blobkey-1.1.2] startup
[3.282s] [ext: omni.stats-1.0.1] startup
[3.284s] [ext: omni.datastore-0.0.0] startup
[3.298s] [ext: omni.client-1.2.2] startup
[3.308s] [ext: omni.ujitso.default-1.0.0] startup
[3.314s] [ext: omni.hsscclient-1.1.1] startup
2026-10-03 21:03:13 [2,494ms] [Warning] [omni.datastore] OmniHub is inaccessible
[3.336s] [ext: omni.gpu_foundation.shadercache.vulkan-1.0.0] startup
[3.344s] [ext: omni.assets.plugins-0.0.0] startup
[3.348s] [ext: omni.gpu_foundation-0.0.0] startup
[3.427s] [ext: carb.windowing.plugins-1.0.0] startup
2026-10-03 21:03:13 [2,722ms] [Warning] [carb.windowing-glfw.plugin] GLFW initialization failed.
2026-10-03 21:03:13 [2,722ms] [Warning] [carb] Failed to startup plugin carb.windowing-glfw.plugin (interfaces: [carb::windowing::IGLContext v1.0],[carb::windowing::IWindowing v1.5]) (impl: carb.windowing-glfw.plugin)
[3.557s] [ext: omni.kit.renderer.init-0.0.0] startup
2026-10-03 21:03:13 [3,176ms] [Warning] [omni.platforminfo.plugin] failed to open the default display.  Can't verify X Server version.
[00:03:13] на GPU 7 чужие процессы: 4027574; запас памяти 1536 MiB, наш потолок 6144 MiB
2026-10-03 21:03:18 [8,298ms] [Warning] [carb.cudainterop.plugin] CUDA_VISIBLE_DEVICES environment variable is set.
2026-10-03 21:03:18 [8,298ms] [Warning] [carb.cudainterop.plugin] Note CUDA device enumeration and Omniverse device enumeration are different.
2026-10-03 21:03:18 [8,298ms] [Warning] [carb.cudainterop.plugin] Setting CUDA_VISIBLE_DEVICES can lead to undesired behavior or crashes.

|---------------------------------------------------------------------------------------------|
| Driver Version: 575.57.08     | Graphics API: Vulkan
|=============================================================================================|
| GPU | Name                             | Active | LDA | GPU Memory | Vendor-ID | LUID       |
|     |                                  |        |     |            | Device-ID | UUID       |
|     |                                  |        |     |            | Bus-ID    |            |
|---------------------------------------------------------------------------------------------|
| 0   | NVIDIA GeForce RTX 2080 Ti       | Yes: 0 |     | 11510   MB | 10de      | 0          |
|     |                                  |        |     |            | 1e04      | d9fc0582.. |
|     |                                  |        |     |            | 8         |            |
|=============================================================================================|
| OS: 20.04.6 LTS (Focal Fossa) ubuntu, Version: 20.04.6, Kernel: 5.15.0-139-generic
| Processor: AMD EPYC 7552 48-Core Processor
| Cores: 48 | Logical Cores: 48
|---------------------------------------------------------------------------------------------|
| Total Memory (MB): 515967 | Free Memory: 358669
| Total Page/Swap (MB): 67583 | Free Page/Swap: 17592186044409
|---------------------------------------------------------------------------------------------|
[18.730s] [ext: omni.kit.pipapi-0.0.0] startup
[18.733s] [ext: omni.materialx.libs-1.0.6] startup
[18.753s] [ext: omni.kit.pip_archive-0.0.0] startup
[18.754s] [ext: omni.usd.config-1.0.5] startup
[18.770s] [ext: omni.gpucompute.plugins-0.0.0] startup
[18.771s] [ext: omni.usd.libs-1.0.1] startup
[19.154s] [ext: omni.mdl-55.0.1] startup
[19.208s] [ext: omni.iray.libs-0.0.0] startup
[19.232s] [ext: omni.mdl.neuraylib-0.2.10] startup
[19.240s] [ext: omni.kit.usd.mdl-1.0.7] startup
[19.514s] [ext: omni.kit.telemetry-0.5.1] startup
[19.602s] [ext: omni.kit.loop-isaac-1.2.1] startup
[19.611s] [ext: omni.kit.test-1.1.2] startup
[19.777s] [ext: omni.appwindow-1.1.9] startup
2026-10-03 21:03:29 [18,946ms] [Warning] [carb.windowing-glfw.plugin] GLFW initialization failed.
2026-10-03 21:03:29 [18,948ms] [Warning] [carb] Failed to startup plugin carb.windowing-glfw.plugin (interfaces: [carb::windowing::IGLContext v1.0],[carb::windowing::IWindowing v1.5]) (impl: carb.windowing-glfw.plugin)
[19.785s] [ext: omni.kit.renderer.core-1.0.2] startup
2026-10-03 21:03:29 [19,169ms] [Warning] [carb.windowing-glfw.plugin] GLFW initialization failed.
2026-10-03 21:03:29 [19,169ms] [Warning] [carb] Failed to startup plugin carb.windowing-glfw.plugin (interfaces: [carb::windowing::IGLContext v1.0],[carb::windowing::IWindowing v1.5]) (impl: carb.windowing-glfw.plugin)
2026-10-03 21:03:29 [19,234ms] [Warning] [carb.windowing-glfw.plugin] GLFW initialization failed.
2026-10-03 21:03:29 [19,235ms] [Warning] [carb] Failed to startup plugin carb.windowing-glfw.plugin (interfaces: [carb::windowing::IGLContext v1.0],[carb::windowing::IWindowing v1.5]) (impl: carb.windowing-glfw.plugin)
[20.078s] [ext: omni.kit.renderer.capture-0.0.0] startup
[20.094s] [ext: omni.kit.renderer.imgui-1.0.2] startup
2026-10-03 21:03:29 [19,361ms] [Warning] [carb.windowing-glfw.plugin] GLFW initialization failed.
2026-10-03 21:03:29 [19,361ms] [Warning] [carb] Failed to startup plugin carb.windowing-glfw.plugin (interfaces: [carb::windowing::IGLContext v1.0],[carb::windowing::IWindowing v1.5]) (impl: carb.windowing-glfw.plugin)
2026-10-03 21:03:29 [19,367ms] [Warning] [carb.windowing-glfw.plugin] GLFW initialization failed.
2026-10-03 21:03:29 [19,367ms] [Warning] [carb] Failed to startup plugin carb.windowing-glfw.plugin (interfaces: [carb::windowing::IGLContext v1.0],[carb::windowing::IWindowing v1.5]) (impl: carb.windowing-glfw.plugin)
2026-10-03 21:03:29 [19,369ms] [Warning] [carb.windowing-glfw.plugin] GLFW initialization failed.
2026-10-03 21:03:29 [19,369ms] [Warning] [carb] Failed to startup plugin carb.windowing-glfw.plugin (interfaces: [carb::windowing::IGLContext v1.0],[carb::windowing::IWindowing v1.5]) (impl: carb.windowing-glfw.plugin)
[21.671s] [ext: omni.ui-2.26.5] startup
[21.713s] [ext: omni.kit.mainwindow-1.0.3] startup
[21.720s] [ext: carb.audio-0.1.0] startup
[21.732s] [ext: omni.uiaudio-1.0.0] startup
[21.744s] [ext: omni.kit.uiapp-0.0.0] startup
[21.745s] [ext: omni.usd.schema.metrics.assembler-106.5.0] startup
[21.764s] [ext: omni.usd.schema.anim-0.0.0] startup
[21.798s] [ext: omni.usd.schema.audio-0.0.0] startup
[21.804s] [ext: omni.usd.schema.isaac-3.0.2] startup
[21.805s] [ext: omni.usd.schema.omnigraph-1.0.0] startup
[21.816s] [ext: omni.usd.schema.forcefield-106.5.7] startup
[21.833s] [ext: omni.usd.schema.semantics-0.0.0] startup
[21.853s] [ext: omni.usd.schema.physx-106.5.7] startup
[21.908s] [ext: omni.usd.schema.geospatial-0.0.0] startup
[21.914s] [ext: omni.usd_resolver-1.0.0] startup
[21.923s] [ext: omni.kit.window.popup_dialog-2.0.24] startup
[21.931s] [ext: usdrt.scenegraph-7.5.1] startup
[22.059s] [ext: omni.timeline-1.0.11] startup
[22.064s] [ext: omni.usd.core-1.4.2] startup
[22.070s] [ext: omni.resourcemonitor-107.0.0] startup
[22.075s] [ext: omni.activity.core-1.0.1] startup
[22.079s] [ext: omni.kit.widget.nucleus_connector-1.1.10] startup
[22.087s] [ext: omni.hydra.usdrt_delegate-7.5.1] startup
[22.108s] [ext: omni.kit.actions.core-1.0.0] startup
[22.117s] [ext: omni.graph.exec-0.9.4] startup
[22.119s] [ext: omni.kit.commands-1.4.9] startup
[22.127s] [ext: omni.kit.usd_undo-0.1.8] startup
[22.128s] [ext: omni.kit.exec.core-0.13.4] startup
[22.137s] [ext: omni.kit.audiodeviceenum-1.0.1] startup
[22.140s] [ext: omni.hydra.scene_delegate-0.3.3] startup
[22.151s] [ext: omni.usd-1.12.4] startup
[22.232s] [ext: omni.inspect-1.0.1] startup
[22.236s] [ext: omni.kit.notification_manager-1.0.9] startup
[22.240s] [ext: omni.graph.core-2.181.8] startup
[22.252s] [ext: isaacsim.core.deprecation_manager-0.2.2] startup
[22.255s] [ext: omni.usd.schema.omniscripting-1.0.0] startup
[22.268s] [ext: isaacsim.robot.schema-3.1.2] startup
[22.283s] [ext: omni.kit.asset_converter-2.8.3] startup
[22.305s] [ext: omni.kit.menu.core-1.1.2] startup
[22.312s] [ext: omni.kvdb-106.5.7] startup
[22.320s] [ext: omni.kit.widget.context_menu-1.2.4] startup
[22.323s] [ext: omni.kit.usd.layers-2.2.0] startup
[22.344s] [ext: omni.kit.property.adapter.core-1.0.2] startup
[22.355s] [ext: omni.localcache-106.5.7] startup
[22.363s] [ext: omni.convexdecomposition-106.5.7] startup
[22.374s] [ext: omni.warp.core-1.5.0] startup
[23.126s] [ext: omni.kit.context_menu-1.8.3] startup
[23.142s] [ext: omni.kit.hotkeys.core-1.3.10] startup
[23.170s] [ext: omni.kit.property.adapter.fabric-1.0.3] startup
[23.172s] [ext: omni.usdphysics-106.5.7] startup
[23.206s] [ext: omni.kit.widget.path_field-2.0.11] startup
[23.212s] [ext: omni.kit.widget.options_menu-1.1.6] startup
[23.220s] [ext: omni.kit.helper.file_utils-0.1.9] startup
[23.244s] [ext: omni.kit.widget.browser_bar-2.0.10] startup
[23.250s] [ext: omni.kit.widget.options_button-1.0.3] startup
[23.253s] [ext: omni.kit.widget.filebrowser-2.10.52] startup
[23.266s] [ext: omni.kit.clipboard-1.0.5] startup
[23.268s] [ext: omni.graph.tools-1.79.1] startup
[23.330s] [ext: omni.ui.scene-1.11.2] startup
[23.349s] [ext: omni.graph.image.core-0.6.0] startup
[23.372s] [ext: omni.kit.window.filepicker-2.11.7] startup
[23.399s] [ext: omni.kit.widget.searchfield-1.1.8] startup
[23.438s] [ext: omni.graph.image.nodes-1.3.0] startup
[23.474s] [ext: omni.graph-1.140.2] startup
[23.578s] [ext: omni.kit.window.file_exporter-1.0.31] startup
[23.585s] [ext: omni.kit.widget.filter-1.1.4] startup
[23.592s] [ext: omni.physx.foundation-106.5.7] startup
[23.598s] [ext: omni.graph.nodes-1.162.1] startup
[23.616s] [ext: omni.kit.widget.stage-2.11.6] startup
[23.676s] [ext: omni.hydra.rtx.shadercache.vulkan-1.0.0] startup
[23.681s] [ext: omni.hydra.engine.stats-1.0.3] startup
[23.799s] [ext: omni.graph.action_core-1.1.7] startup
[23.842s] [ext: omni.kit.widget.highlight_label-1.0.3] startup
[23.844s] [ext: omni.ujitso.processor.texture-1.0.0] startup
[23.851s] [ext: omni.index.libs-380600.1777.0] startup
[23.852s] [ext: omni.kit.window.file_importer-1.1.14] startup
[23.860s] [ext: omni.kit.stage_template.core-1.1.22] startup
[23.864s] [ext: omni.volume-0.5.0] startup
[23.880s] [ext: omni.ujitso.client-0.0.0] startup
[23.885s] [ext: omni.index-1.0.1] startup
[23.887s] [ext: omni.kit.window.file-1.3.57] startup
[23.894s] [ext: omni.hydra.rtx-1.0.0] startup
2026-10-03 21:03:33 [23,076ms] [Warning] [omni.log] Source: omni.hydra was already registered.
[23.940s] [ext: omni.kit.viewport.registry-104.0.6] startup
[23.943s] [ext: omni.kit.viewport.legacy_gizmos-1.0.16] startup
[23.956s] [ext: omni.kit.raycast.query-1.0.5] startup
[23.966s] [ext: omni.kit.viewport.scene_camera_model-1.0.5] startup
[23.979s] [ext: omni.kit.hydra_texture-1.4.0] startup
[23.987s] [ext: omni.kit.menu.utils-1.7.7] startup
[23.999s] [ext: omni.kit.window.drop_support-1.0.4] startup
[24.000s] [ext: omni.kit.widget.viewport-107.0.7] startup
[24.051s] [ext: omni.kit.material.library-1.5.15] startup
[24.060s] [ext: omni.kit.window.content_browser_registry-0.0.6] startup
[24.067s] [ext: omni.kit.viewport.window-107.0.8] startup
[24.105s] [ext: omni.graph.action_nodes-1.40.1] startup
[24.122s] [ext: omni.kit.window.property-1.11.5] startup
[24.138s] [ext: omni.kit.window.content_browser-2.10.3] startup
[24.250s] [ext: omni.kit.property.adapter.usd-1.0.2] startup
[24.252s] [ext: omni.kit.viewport.utility-1.0.18] startup
[24.272s] [ext: omni.graph.action-1.120.0] startup
[24.273s] [ext: omni.kit.property.usd-4.2.16] startup
[24.298s] [ext: omni.physx.cooking-106.5.7] startup
[24.316s] [ext: omni.kit.widget.stage_icons-1.0.6] startup
[24.319s] [ext: omni.kit.widget.zoombar-1.0.5] startup
[24.320s] [ext: omni.physics.tensors-106.5.7] startup
[24.339s] [ext: omni.kit.widget.prompt-1.0.7] startup
[24.341s] [ext: omni.kit.usd.collect-2.2.22] startup
[24.352s] [ext: omni.physx-106.5.7] startup
[24.376s] [ext: omni.kit.window.stage-2.5.11] startup
[24.386s] [ext: omni.kit.browser.core-2.3.11] startup
[24.400s] [ext: omni.kit.widget.text_editor-1.0.2] startup
[24.404s] [ext: omni.physx.tensors-106.5.7] startup
[25.019s] [ext: omni.kit.tool.collect-2.2.16] startup
[25.026s] [ext: omni.kit.menu.stage-1.2.5] startup
[25.032s] [ext: omni.kit.browser.folder.core-1.10.1] startup
[25.050s] [ext: omni.warp-1.5.0] startup
[25.076s] [ext: isaacsim.examples.browser-0.1.8] startup
[25.171s] [ext: omni.physx.stageupdate-106.5.7] startup
[25.223s] [ext: omni.kit.numpy.common-0.1.2] startup
[25.228s] [ext: isaacsim.core.version-2.0.2] startup
[25.230s] [ext: omni.isaac.dynamic_control-1.3.15] startup
2026-10-03 21:03:34 [24,425ms] [Warning] [omni.isaac.dynamic_control] omni.isaac.dynamic_control is deprecated as of Isaac Sim 4.5. No action is needed from end-users.
[25.266s] [ext: isaacsim.storage.native-1.0.6] startup
[25.272s] [ext: omni.kit.menu.create-1.0.17] startup
[25.334s] [ext: isaacsim.core.utils-2.2.8] startup
[25.340s] [ext: omni.kit.widget.searchable_combobox-1.0.6] startup
[25.434s] [ext: omni.kit.primitive.mesh-1.0.17] startup
[25.500s] [ext: isaacsim.core.simulation_manager-0.3.3] startup
[30.399s] [ext: omni.kit.scripting-106.5.2] startup
[30.428s] [ext: omni.kit.stage_templates-1.2.6] startup
[30.439s] [ext: isaacsim.core.prims-0.3.7] startup
[30.494s] [ext: isaacsim.replicator.behavior-1.0.8] startup
[30.496s] [ext: isaacsim.core.api-4.2.16] startup
[30.524s] [ext: omni.ui_query-1.1.7] startup
[30.531s] [ext: omni.kit.manipulator.viewport-107.0.1] startup
[30.558s] [ext: omni.kit.ui_test-1.3.3] startup
[30.563s] [ext: omni.kit.window.extensions-1.4.25] startup
[30.580s] [ext: omni.graph.visualization.nodes-2.1.1] startup
[30.616s] [ext: omni.kit.tool.asset_importer-2.12.2] startup
[30.639s] [ext: isaacsim.gui.components-1.0.9] startup
[31.152s] [ext: omni.kit.widget.settings-1.2.2] startup
[31.157s] [ext: omni.kit.widget.graph-1.12.17] startup
[31.178s] [ext: omni.kit.window.preferences-1.7.0] startup
[31.196s] [ext: omni.kit.graph.delegate.default-1.2.2] startup
[31.207s] [ext: omni.kit.viewport.menubar.core-107.1.2] startup
[31.237s] [ext: omni.kit.widget.material_preview-1.0.16] startup
[31.241s] [ext: omni.kit.graph.usd.commands-1.3.1] startup
[31.252s] [ext: omni.kit.graph.editor.core-1.5.3] startup
[31.257s] [ext: omni.syntheticdata-0.6.10] startup
[31.311s] [ext: omni.kit.window.material_graph-1.8.19] startup
[31.502s] [ext: omni.graph.scriptnode-1.40.1] startup
[31.504s] [ext: isaacsim.core.cloner-1.3.4] startup
[31.579s] [ext: omni.replicator.core-1.11.35] startup
Warp 1.5.0 initialized:
   CUDA Toolkit 11.8, Driver 12.9
   Devices:
     "cpu"      : "x86_64"
     "cuda:0"   : "NVIDIA GeForce RTX 2080 Ti" (11 GiB, sm_75, mempool enabled)
   Kernel cache:
     /home/Invader17/grasp_task/.cache/warp
2026-10-03 21:03:41 [31,033ms] [Warning] [omni.replicator.core.scripts.extension] No material configuration file, adding configuration to material settings directly.
[31.885s] [ext: omni.isaac.cloner-1.0.2] startup
2026-10-03 21:03:41 [31,056ms] [Warning] [omni.isaac.cloner] omni.isaac.cloner has been deprecated in favor of isaacsim.core.cloner. Please update your code accordingly.
[31.891s] [ext: isaacsim.core.nodes-2.1.4] startup
[31.918s] [ext: isaacsim.asset.importer.urdf-2.3.10] startup
[32.280s] [ext: omni.isaac.core-4.0.3] startup
2026-10-03 21:03:42 [31,448ms] [Warning] [omni.isaac.core.physics_context.physics_context] omni.isaac.core.physics_context.physics_context has been deprecated in favor of isaacsim.core.api.physics_context.physics_context. Please update your code accordingly.
2026-10-03 21:03:42 [31,449ms] [Warning] [omni.isaac.core.simulation_context.simulation_context] omni.isaac.core.simulation_context.simulation_context has been deprecated in favor of isaacsim.core.api.simulation_context.simulation_context. Please update your code accordingly.
2026-10-03 21:03:42 [31,449ms] [Warning] [omni.isaac.core.world.world] omni.isaac.core.world.world has been deprecated in favor of isaacsim.core.api.world.world. Please update your code accordingly.
2026-10-03 21:03:42 [31,450ms] [Warning] [omni.isaac.core] omni.isaac.core has been deprecated in favor of isaacsim.core.api. Please update your code accordingly.
[32.284s] [ext: omni.isaac.core_nodes-2.0.2] startup
2026-10-03 21:03:42 [31,456ms] [Warning] [omni.isaac.core_nodes] omni.isaac.core_nodes has been deprecated in favor of isaacsim.core.nodes. Please update your code accordingly.
[32.416s] [ext: omni.anim.curve.core-1.2.0] startup
[32.467s] [ext: isaacsim.robot_motion.lula-4.0.4] startup
[32.978s] [ext: isaacsim.asset.importer.mjcf-2.3.3] startup
[33.032s] [ext: isaacsim.robot_motion.motion_generation-8.0.6] startup
[33.104s] [ext: isaacsim.asset.browser-1.3.4] startup
[33.225s] [ext: isaacsim.robot.surface_gripper-2.0.6] startup
[33.236s] [ext: omni.kit.selection-0.1.5] startup
[33.253s] [ext: isaacsim.robot_motion.lula_test_widget-1.0.5] startup
[33.365s] [ext: omni.isaac.assets_check-0.3.9] startup
2026-10-03 21:03:43 [32,532ms] [Warning] [omni.isaac.assets_check] omni.isaac.assets_check has been deprecated in favor of isaacsim.asset.browser. Please update your code accordingly.
[33.367s] [ext: isaacsim.robot.manipulators-3.0.4] startup
[33.403s] [ext: isaacsim.sensors.physics-0.3.5] startup
[33.427s] [ext: isaacsim.gui.menu-2.0.9] startup
[34.100s] [ext: omni.isaac.lula_test_widget-1.0.2] startup
2026-10-03 21:03:43 [33,266ms] [Warning] [omni.isaac.lula_test_widget] omni.isaac.lula_test_widget has been deprecated in favor of isaacsim.robot_motion.lula_test_widget. Please update your code accordingly.
[34.143s] [ext: omni.sensors.nv.common-2.5.0-coreapi] startup
[34.648s] [ext: omni.isaac.manipulators-3.0.3] startup
2026-10-03 21:03:44 [33,814ms] [Warning] [omni.isaac.manipulators] omni.isaac.manipulators has been deprecated in favor of isaacsim.robot.manipulators. Please update your code accordingly.
2026-10-03 21:03:44 [33,815ms] [Warning] [omni.isaac.manipulators.controllers] omni.isaac.manipulators has been deprecated in favor of isaacsim.robot.manipulators. Please update your code accordingly.
2026-10-03 21:03:44 [33,816ms] [Warning] [omni.isaac.manipulators.controllers.pick_place_controller] omni.isaac.manipulators has been deprecated in favor of isaacsim.robot.manipulators. Please update your code accordingly.
2026-10-03 21:03:44 [33,817ms] [Warning] [omni.isaac.manipulators.controllers.stacking_controller] omni.isaac.manipulators has been deprecated in favor of isaacsim.robot.manipulators. Please update your code accordingly.
2026-10-03 21:03:44 [33,818ms] [Warning] [omni.isaac.manipulators.grippers] omni.isaac.manipulators has been deprecated in favor of isaacsim.robot.manipulators. Please update your code accordingly.
2026-10-03 21:03:44 [33,818ms] [Warning] [omni.isaac.manipulators.grippers.gripper] omni.isaac.manipulators has been deprecated in favor of isaacsim.robot.manipulators. Please update your code accordingly.
2026-10-03 21:03:44 [33,818ms] [Warning] [omni.isaac.manipulators.grippers.parallel_gripper] omni.isaac.manipulators has been deprecated in favor of isaacsim.robot.manipulators. Please update your code accordingly.
2026-10-03 21:03:44 [33,819ms] [Warning] [omni.isaac.manipulators.grippers.surface_gripper] omni.isaac.manipulators has been deprecated in favor of isaacsim.robot.manipulators. Please update your code accordingly.
2026-10-03 21:03:44 [33,821ms] [Warning] [omni.isaac.manipulators.manipulators] omni.isaac.manipulators has been deprecated in favor of isaacsim.robot.manipulators. Please update your code accordingly.
2026-10-03 21:03:44 [33,822ms] [Warning] [omni.isaac.manipulators.manipulators.single_manipulator] omni.isaac.manipulators has been deprecated in favor of isaacsim.robot.manipulators. Please update your code accordingly.
[34.661s] [ext: isaacsim.robot.policy.examples-4.0.3] startup
[34.663s] [ext: omni.isaac.menu-1.0.2] startup
2026-10-03 21:03:44 [33,830ms] [Warning] [omni.isaac.menu] omni.isaac.menu has been deprecated in favor of isaacsim.gui.menu. Please update your code accordingly.
[34.664s] [ext: omni.isaac.motion_generation-8.0.2] startup
2026-10-03 21:03:44 [33,831ms] [Warning] [omni.isaac.motion_generation] omni.isaac.motion_generation has been deprecated in favor of isaacsim.robot_motion.motion_generation. Please update your code accordingly.
2026-10-03 21:03:44 [33,836ms] [Warning] [omni.isaac.motion_generation.articulation_kinematics_solver] omni.isaac.motion_generation has been deprecated in favor of isaacsim.robot_motion.motion_generation. Please update your code accordingly.
2026-10-03 21:03:44 [33,836ms] [Warning] [omni.isaac.motion_generation.articulation_motion_policy] omni.isaac.motion_generation has been deprecated in favor of isaacsim.robot_motion.motion_generation. Please update your code accordingly.
2026-10-03 21:03:44 [33,836ms] [Warning] [omni.isaac.motion_generation.articulation_trajectory] omni.isaac.motion_generation has been deprecated in favor of isaacsim.robot_motion.motion_generation. Please update your code accordingly.
2026-10-03 21:03:44 [33,837ms] [Warning] [omni.isaac.motion_generation.kinematics_interface] omni.isaac.motion_generation has been deprecated in favor of isaacsim.robot_motion.motion_generation. Please update your code accordingly.
2026-10-03 21:03:44 [33,837ms] [Warning] [omni.isaac.motion_generation.lula] omni.isaac.motion_generation has been deprecated in favor of isaacsim.robot_motion.motion_generation. Please update your code accordingly.
2026-10-03 21:03:44 [33,837ms] [Warning] [omni.isaac.motion_generation.lula.kinematics] omni.isaac.motion_generation has been deprecated in favor of isaacsim.robot_motion.motion_generation. Please update your code accordingly.
2026-10-03 21:03:44 [33,837ms] [Warning] [omni.isaac.motion_generation.lula.motion_policies] omni.isaac.motion_generation has been deprecated in favor of isaacsim.robot_motion.motion_generation. Please update your code accordingly.
2026-10-03 21:03:44 [33,838ms] [Warning] [omni.isaac.motion_generation.lula.path_planners] omni.isaac.motion_generation has been deprecated in favor of isaacsim.robot_motion.motion_generation. Please update your code accordingly.
2026-10-03 21:03:44 [33,838ms] [Warning] [omni.isaac.motion_generation.lula.trajectory_generator] omni.isaac.motion_generation has been deprecated in favor of isaacsim.robot_motion.motion_generation. Please update your code accordingly.
2026-10-03 21:03:44 [33,838ms] [Warning] [omni.isaac.motion_generation.motion_policy_controller] omni.isaac.motion_generation has been deprecated in favor of isaacsim.robot_motion.motion_generation. Please update your code accordingly.
2026-10-03 21:03:44 [33,839ms] [Warning] [omni.isaac.motion_generation.motion_policy_interface] omni.isaac.motion_generation has been deprecated in favor of isaacsim.robot_motion.motion_generation. Please update your code accordingly.
2026-10-03 21:03:44 [33,842ms] [Warning] [omni.isaac.motion_generation.path_planner_visualizer] omni.isaac.motion_generation has been deprecated in favor of isaacsim.robot_motion.motion_generation. Please update your code accordingly.
2026-10-03 21:03:44 [33,842ms] [Warning] [omni.isaac.motion_generation.path_planning_interface] omni.isaac.motion_generation has been deprecated in favor of isaacsim.robot_motion.motion_generation. Please update your code accordingly.
2026-10-03 21:03:44 [33,843ms] [Warning] [omni.isaac.motion_generation.trajectory] omni.isaac.motion_generation has been deprecated in favor of isaacsim.robot_motion.motion_generation. Please update your code accordingly.
2026-10-03 21:03:44 [33,843ms] [Warning] [omni.isaac.motion_generation.world_interface] omni.isaac.motion_generation has been deprecated in favor of isaacsim.robot_motion.motion_generation. Please update your code accordingly.
[34.704s] [ext: omni.sensors.nv.materials-1.4.0-coreapi] startup
[34.934s] [ext: omni.isaac.nucleus-1.0.3] startup
2026-10-03 21:03:44 [34,101ms] [Warning] [omni.isaac.nucleus] omni.isaac.nucleus has been deprecated in favor of isaacsim.storage.native. Please update your code accordingly.
2026-10-03 21:03:44 [34,101ms] [Warning] [omni.isaac.nucleus.nucleus] omni.isaac.nucleus.nucleus has been deprecated in favor of isaacsim.storage.native. Please update your code accordingly.
[34.936s] [ext: omni.isaac.quadruped-3.0.2] startup
2026-10-03 21:03:44 [34,102ms] [Warning] [omni.isaac.quadruped] omni.isaac.quadruped has been deprecated in favor of isaacsim.robot.policy.examples. Please update your code accordingly.
[34.942s] [ext: omni.kit.manipulator.selector-1.1.1] startup
[34.952s] [ext: omni.sensors.nv.wpm-2.4.0-coreapi] startup
[34.957s] [ext: omni.sensors.nv.lidar-2.6.3-coreapi] startup
[34.999s] [ext: omni.sensors.nv.ids-1.4.0-coreapi] startup
[35.572s] [ext: isaacsim.robot.manipulators.examples-1.0.3] startup
[35.574s] [ext: isaacsim.util.debug_draw-2.0.2] startup
[36.183s] [ext: omni.sensors.tiled-0.0.6] startup
[36.220s] [ext: omni.sensors.nv.radar-2.6.1-coreapi] startup
[36.241s] [ext: omni.kit.widget.toolbar-1.7.3] startup
[36.323s] [ext: omni.kit.manipulator.transform-106.0.1] startup
[36.335s] [ext: isaacsim.sensors.physx-2.2.4] startup
[36.356s] [ext: isaacsim.sensors.rtx-13.6.3] startup
[36.440s] [ext: isaacsim.sensors.camera-0.2.9] startup
[36.456s] [ext: isaacsim.cortex.framework-1.0.2] startup
[36.502s] [ext: omni.kit.manipulator.tool.snap-1.5.12] startup
[36.640s] [ext: omni.isaac.range_sensor-4.0.2] startup
[36.655s] [ext: omni.isaac.surface_gripper-2.0.2] startup
2026-10-03 21:03:46 [35,821ms] [Warning] [omni.isaac.surface_gripper] omni.isaac.surface_gripper has been deprecated in favor of isaacsim.robot.surface_gripper. Please update your code accordingly.
[37.042s] [ext: omni.isaac.sensor-13.0.3] startup
2026-10-03 21:03:46 [36,208ms] [Warning] [omni.isaac.sensor] omni.isaac.sensor has been deprecated in favor of isaacsim.sensors.camera, isaacsim.sensors.physics, isaacsim.sensors.physx, and isaacsim.sensors.rtx. Please update your code accordingly.
2026-10-03 21:03:46 [36,209ms] [Warning] [omni.isaac.sensor.camera] omni.isaac.sensor.camera has been deprecated in favor of isaacsim.sensors.camera.camera. Please update your code accordingly.
2026-10-03 21:03:46 [36,209ms] [Warning] [omni.isaac.sensor.camera_view] omni.isaac.sensor.camera_view has been deprecated in favor of isaacsim.sensors.camera.camera_view. Please update your code accordingly.
2026-10-03 21:03:46 [36,209ms] [Warning] [omni.isaac.sensor.commands] omni.isaac.sensor.commands has been deprecated in favor of isaacsim.sensors.physics.commands, isaacsim.sensors.physx.commands, and isaacsim.sensors.rtx.commands. Please update your code accordingly.
2026-10-03 21:03:46 [36,210ms] [Warning] [omni.isaac.sensor.contact_sensor] omni.isaac.sensor.contact_sensor has been deprecated in favor of isaacsim.sensors.physics.contact_sensor. Please update your code accordingly.
2026-10-03 21:03:46 [36,210ms] [Warning] [omni.isaac.sensor.imu_sensor] omni.isaac.sensor.imu_sensor has been deprecated in favor of isaacsim.sensors.physics.imu_sensor. Please update your code accordingly.
2026-10-03 21:03:46 [36,210ms] [Warning] [omni.isaac.sensor.lidar_rtx] omni.isaac.sensor.lidar_rtx has been deprecated in favor of isaacsim.sensors.rtx.lidar_rtx. Please update your code accordingly.
2026-10-03 21:03:46 [36,211ms] [Warning] [omni.isaac.sensor.rotating_lidar_physX] omni.isaac.sensor.imu_sensor has been deprecated in favor of isaacsim.sensors.physix.rotating_lidar_physX. Please update your code accordingly.
2026-10-03 21:03:46 [36,228ms] [Warning] [omni.isaac.sensor.scripts.samples.contact_sensor] omni.isaac.sensor.scripts.samples.contact_sensor has been deprecated in favor of isaacsim.sensors.physics.scripts.samples.contact_sensor. Please update your code accordingly.
2026-10-03 21:03:46 [36,229ms] [Warning] [omni.isaac.sensor.scripts.samples.imu_sensor] omni.isaac.sensor.scripts.samples.imu_sensor has been deprecated in favor of isaacsim.sensors.physics.scripts.samples.imu_sensor. Please update your code accordingly.
2026-10-03 21:03:46 [36,229ms] [Warning] [omni.isaac.sensor.scripts.samples.lightbeam_sensor] omni.isaac.sensor.scripts.samples.lightbeam_sensor has been deprecated in favor of isaacsim.sensors.physx.scripts.samples.lightbeam_sensor. Please update your code accordingly.
[37.087s] [ext: omni.isaac.cortex-1.0.2] startup
2026-10-03 21:03:46 [36,253ms] [Warning] [omni.isaac.cortex] omni.isaac.cortex has been deprecated in favor of isaacsim.cortex.framework. Please update your code accordingly.
[37.089s] [ext: omni.kit.viewport.manipulator.transform-107.0.4] startup
[37.101s] [ext: omni.debugdraw-0.1.3] startup
[37.119s] [ext: omni.isaac.universal_robots-1.0.2] startup
2026-10-03 21:03:46 [36,285ms] [Warning] [omni.isaac.universal_robots] omni.isaac.universal_robots has been deprecated in favor of isaacsim.robot.manipulators.examples.universal_robots. Please update your code accordingly.
2026-10-03 21:03:46 [36,286ms] [Warning] [omni.isaac.universal_robots.kinematics_solver] omni.isaac.franka has been deprecated in favor of isaacsim.robot.manipulators.examples.universal_robots. Please update your code accordingly.
2026-10-03 21:03:46 [36,287ms] [Warning] [omni.isaac.universal_robots.ur10] omni.isaac.franka has been deprecated in favor of isaacsim.robot.manipulators.examples.universal_robots. Please update your code accordingly.
[37.124s] [ext: omni.isaac.utils-2.0.2] startup
[37.126s] [ext: omni.kit.manipulator.prim.core-107.0.7] startup
[37.141s] [ext: omni.fabric.commands-1.1.5] startup
[37.159s] [ext: omni.kit.manipulator.selection-106.0.1] startup
[37.164s] [ext: omni.kit.viewport.actions-107.0.0] startup
[37.174s] [ext: omni.kit.manipulator.prim.usd-107.0.3] startup
[37.177s] [ext: omni.kit.manipulator.prim.fabric-107.0.4] startup
[37.187s] [ext: isaacsim.cortex.behaviors-2.0.3] startup
[37.189s] [ext: omni.kit.widget.layers-1.8.2] startup
[37.213s] [ext: omni.kit.viewport.menubar.display-107.0.3] startup
[37.226s] [ext: omni.kit.manipulator.prim-107.0.0] startup
[37.227s] [ext: omni.isaac.cortex.sample_behaviors-2.0.2] startup
2026-10-03 21:03:46 [36,393ms] [Warning] [omni.isaac.cortex.sample_behaviors] omni.isaac.cortex.sample_behaviors has been deprecated in favor of isaacsim.cortex.behaviors. Please update your code accordingly.
[37.228s] [ext: omni.graph.ui_nodes-1.40.1] startup
[37.247s] [ext: omni.usdphysics.ui-106.5.7] startup
[37.323s] [ext: omni.physx.commands-106.5.7] startup
[37.332s] [ext: omni.kit.property.camera-1.0.9] startup
[37.338s] [ext: omni.hydra.scene_api-0.1.2] startup
[37.404s] [ext: omni.kit.property.geometry-1.3.3] startup
[37.410s] [ext: omni.kit.property.light-1.0.11] startup
[37.412s] [ext: omni.physx.ui-106.5.7] startup
[37.518s] [ext: omni.kit.property.material-1.10.17] startup
[37.545s] [ext: omni.kit.property.render-1.1.3] startup
[37.562s] [ext: omni.kit.property.transform-1.5.10] startup
[37.577s] [ext: omni.kit.property.audio-1.0.16] startup
[37.590s] [ext: isaacsim.gui.property-1.0.4] startup
[37.603s] [ext: omni.physx.demos-106.5.7] startup
[37.659s] [ext: omni.kit.property.physx-106.5.7] startup
[37.986s] [ext: omni.isaac.lula-4.0.2] startup
2026-10-03 21:03:47 [37,153ms] [Warning] [omni.isaac.lula] omni.isaac.lula has been deprecated in favor of isaacsim.robot_motion.lula. Please update your code accordingly.
[37.987s] [ext: omni.kit.property.bundle-1.3.2] startup
[38.006s] [ext: omni.kit.property.isaac-1.0.2] startup
2026-10-03 21:03:47 [37,172ms] [Warning] [omni.kit.property.isaac] omni.kit.property.isaac has been deprecated in favor of isaacsim.gui.property. Please update your code accordingly.
2026-10-03 21:03:47 [37,172ms] [Warning] [omni.kit.property.isaac.widgets] omni.kit.property.isaac.widgets has been deprecated in favor of isaacsim.gui.property.widgets. Please update your code accordingly.
[38.009s] [ext: omni.physx.vehicle-106.5.7] startup
[38.173s] [ext: omni.kit.viewport.menubar.camera-107.0.2] startup
[38.192s] [ext: omni.kit.viewport.menubar.lighting-106.0.2] startup
[38.206s] [ext: omni.kit.viewport.menubar.render-107.0.8] startup
[38.215s] [ext: omni.kit.viewport.menubar.settings-107.0.3] startup
[38.226s] [ext: omni.kit.window.console-0.2.14] startup
[38.265s] [ext: omni.physx.camera-106.5.7] startup
[38.317s] [ext: omni.kit.window.toolbar-1.6.2] startup
[38.339s] [ext: omni.isaac.version-2.0.2] startup
2026-10-03 21:03:48 [37,505ms] [Warning] [omni.isaac.version] omni.isaac.version has been deprecated in favor of isaacsim.core.version. Please update your code accordingly.
[38.347s] [ext: isaacsim.robot.wheeled_robots-4.0.3] startup
[38.368s] [ext: omni.physx.cct-106.5.7] startup
[38.422s] [ext: omni.physx.graph-106.5.7] startup
[38.475s] [ext: isaacsim.replicator.writers-1.0.1] startup
[38.606s] [ext: omni.physx.supportui-106.5.7] startup
[38.884s] [ext: omni.physx.telemetry-106.5.7] startup
[38.966s] [ext: omni.isaac.wheeled_robots-3.0.3] startup
2026-10-03 21:03:48 [38,132ms] [Warning] [omni.isaac.wheeled_robots] omni.isaac.wheeled_robots has been deprecated in favor of isaacsim.robot.wheeled_robots. Please update your code accordingly.
2026-10-03 21:03:48 [38,133ms] [Warning] [omni.isaac.wheeled_robots.controllers] omni.isaac.wheeled_robots has been deprecated in favor of isaacsim.robot.wheeled_robots. Please update your code accordingly.
2026-10-03 21:03:48 [38,133ms] [Warning] [omni.isaac.wheeled_robots.controllers.ackermann_controller] omni.isaac.wheeled_robots has been deprecated in favor of isaacsim.robot.wheeled_robots. Please update your code accordingly.
2026-10-03 21:03:48 [38,133ms] [Warning] [omni.isaac.wheeled_robots.controllers.differential_controller] omni.isaac.wheeled_robots has been deprecated in favor of isaacsim.robot.wheeled_robots. Please update your code accordingly.
2026-10-03 21:03:48 [38,134ms] [Warning] [omni.isaac.wheeled_robots.controllers.holonomic_controller] omni.isaac.wheeled_robots has been deprecated in favor of isaacsim.robot.wheeled_robots. Please update your code accordingly.
2026-10-03 21:03:48 [38,134ms] [Warning] [omni.isaac.wheeled_robots.controllers.quintic_path_planner] omni.isaac.wheeled_robots has been deprecated in favor of isaacsim.robot.wheeled_robots. Please update your code accordingly.
2026-10-03 21:03:48 [38,134ms] [Warning] [omni.isaac.wheeled_robots.controllers.stanley_control] omni.isaac.wheeled_robots has been deprecated in favor of isaacsim.robot.wheeled_robots. Please update your code accordingly.
2026-10-03 21:03:48 [38,135ms] [Warning] [omni.isaac.wheeled_robots.controllers.wheel_base_pose_controller] omni.isaac.wheeled_robots has been deprecated in favor of isaacsim.robot.wheeled_robots. Please update your code accordingly.
2026-10-03 21:03:48 [38,151ms] [Warning] [omni.isaac.wheeled_robots.impl] omni.isaac.wheeled_robots has been deprecated in favor of isaacsim.robot.wheeled_robots. Please update your code accordingly.
2026-10-03 21:03:48 [38,152ms] [Warning] [omni.isaac.wheeled_robots.robots] omni.isaac.wheeled_robots has been deprecated in favor of isaacsim.robot.wheeled_robots. Please update your code accordingly.
2026-10-03 21:03:48 [38,152ms] [Warning] [omni.isaac.wheeled_robots.robots.holonomic_robot_usd_setup] omni.isaac.wheeled_robots has been deprecated in favor of isaacsim.robot.wheeled_robots. Please update your code accordingly.
2026-10-03 21:03:48 [38,152ms] [Warning] [omni.isaac.wheeled_robots.robots.wheeled_robot] omni.isaac.wheeled_robots has been deprecated in favor of isaacsim.robot.wheeled_robots. Please update your code accordingly.
[39.102s] [ext: omni.isaac.franka-1.0.2] startup
2026-10-03 21:03:48 [38,269ms] [Warning] [omni.isaac.franka] omni.isaac.franka has been deprecated in favor of isaacsim.robot.manipulators.examples.franka. Please update your code accordingly.
2026-10-03 21:03:48 [38,269ms] [Warning] [omni.isaac.franka.franka] omni.isaac.franka has been deprecated in favor of isaacsim.robot.manipulators.examples.franka. Please update your code accordingly.
2026-10-03 21:03:48 [38,270ms] [Warning] [omni.isaac.franka.kinematics_solver] omni.isaac.franka has been deprecated in favor of isaacsim.robot.manipulators.examples.franka. Please update your code accordingly.
[39.105s] [ext: isaacsim.replicator.domain_randomization-1.0.2] startup
[39.223s] [ext: isaacsim.replicator.examples-1.1.2] startup
[39.424s] [ext: omni.kit.window.status_bar-0.1.7] startup
[39.493s] [ext: omni.rtx.window.settings-0.6.17] startup
[39.555s] [ext: omni.usd.metrics.assembler-106.5.0] startup
[39.834s] [ext: omni.physx.bundle-106.5.7] startup
[39.835s] [ext: isaacsim.app.about-2.0.7] startup
[39.890s] [ext: omni.replicator.isaac-2.0.3] startup
2026-10-03 21:03:49 [39,058ms] [Warning] [omni.replicator.isaac] omni.replicator.isaac has been deprecated in favor of isaacsim.replicator.domain_randomization, isaacsim.replicator.examples, isaacsim.replicator.writers. Please update your code accordingly.
[39.894s] [ext: omni.replicator.replicator_yaml-2.0.10] startup
[39.928s] [ext: omni.rtx.settings.core-0.6.3] startup
[39.966s] [ext: omni.usd.metrics.assembler.ui-106.5.0] startup
[39.973s] [ext: isaacsim.simulation_app-2.4.2] startup
[39.974s] [ext: omni.isaac.window.about-2.0.2] startup
2026-10-03 21:03:49 [39,141ms] [Warning] [omni.isaac.window.about] omni.isaac.window.about has been deprecated in favor of isaacsim.app.about. Please update your code accordingly.
2026-10-03 21:03:49 [39,141ms] [Warning] [omni.isaac.window.about.about] omni.isaac.window.about.about has been deprecated in favor of isaacsim.app.about.about. Please update your code accordingly.
[39.976s] [ext: semantics.schema.editor-0.3.10] startup
[40.017s] [ext: omni.kit.ui.actions-1.0.2] startup
[40.064s] [ext: semantics.schema.property-1.0.5] startup
[40.071s] [ext: omni.kit.manipulator.camera-106.0.3] startup
[40.083s] [ext: omni.isaac.kit-2.0.3] startup
2026-10-03 21:03:49 [39,249ms] [Warning] [omni.isaac.kit] omni.isaac.kit has been deprecated in favor of isaacsim.simulation_app. Please update your code accordingly.
[40.084s] [ext: omni.isaac.asset_browser-1.0.2] startup
2026-10-03 21:03:49 [39,251ms] [Warning] [omni.isaac.asset_browser] omni.isaac.asset_browser has been deprecated in favor of isaacsim.asset.browser. Please update your code accordingly.
[40.091s] [ext: isaacsim.core.throttling-2.0.2] startup
[40.096s] [ext: omni.kit.menu.common-1.1.9] startup
[40.120s] [ext: isaacsim.exp.base-4.5.0] startup
[40.122s] [ext: isaacsim.exp.base.python-4.5.0] startup
[40.169s] Simulation App Starting
2026-10-03 21:03:51 [40,637ms] [Warning] [carb.audio.device] audio device is misconfigured or broken {deviceIndex = 0, name = 'default'} (The device is likely misconfigured, check your $HOME/.asoundrc)
2026-10-03 21:03:51 [40,637ms] [Warning] [carb.audio.output] failed to retrieve the capabilities for device 0 {result = eDeviceLost (2)}
2026-10-03 21:03:51 [40,638ms] [Warning] [carb.audio.context] failed to set the requested output during context creation.  Using a null streamer instead {result = eDeviceLost (2)}
[41.801s] app ready
2026-10-03 21:03:52 [41,960ms] [Warning] [rtx.scenedb.plugin] SceneDbContext : TLAS limit buffer size 2921508224
2026-10-03 21:03:52 [41,960ms] [Warning] [rtx.scenedb.plugin] SceneDbContext : TLAS limit : valid true, within: false
2026-10-03 21:03:55 [45,190ms] [Warning] [omni.usd-abi.plugin] No setting was found for '/rtx-defaults-transient/meshlights/forceDisable'
2026-10-03 21:03:56 [45,921ms] [Warning] [omni.usd-abi.plugin] No setting was found for '/rtx-defaults/post/dlss/execMode'
2026-10-03 21:04:06 [56,208ms] [Warning] [carb.tasking.plugin] carb.tasking is likely stuck. All threads are busy with same tasks for more than 1 seconds with waiting tasks. Starting an emergency helper thread.
2026-10-03 21:04:07 [57,211ms] [Warning] [carb.tasking.plugin] carb.tasking is likely stuck. All threads are busy with same tasks for more than 1 seconds with waiting tasks. Starting an emergency helper thread.
2026-10-03 21:04:08 [58,213ms] [Warning] [carb.tasking.plugin] carb.tasking is likely stuck. All threads are busy with same tasks for more than 1 seconds with waiting tasks. Starting an emergency helper thread.
2026-10-03 21:04:09 [59,215ms] [Warning] [carb.tasking.plugin] carb.tasking is likely stuck. All threads are busy with same tasks for more than 1 seconds with waiting tasks. Starting an emergency helper thread.
2026-10-03 21:04:10 [60,219ms] [Warning] [carb.tasking.plugin] carb.tasking is likely stuck. All threads are busy with same tasks for more than 1 seconds with waiting tasks. Starting an emergency helper thread.
2026-10-03 21:04:42 [91,942ms] [Warning] [rtx.postprocessing.plugin] DLSS increasing input dimensions: Render resolution of (320, 240) is below minimal input resolution of 300.
[98.370s] Simulation App Startup Complete
[isaac_app] renderer activeGpu=0 (want 0), multiGpu=False
app started in 98.5s
[100.075s] [ext: omni.physx.fabric-106.5.7] startup
2026-10-03 21:04:52 [101,553ms] [Warning] [omni.physicsschema.plugin] ScaleOrientation is not supported for rigid bodies, prim path: /World/envs/env_0/Robot/hande_left_finger. You may ignore this if the scale is close to uniform.
2026-10-03 21:04:52 [101,558ms] [Warning] [omni.physicsschema.plugin] ScaleOrientation is not supported for rigid bodies, prim path: /World/envs/env_0/Robot/hande_right_finger. You may ignore this if the scale is close to uniform.
2026-10-03 21:04:56 [106,216ms] [Warning] [omni.physx.plugin] Detected an articulation at /World/envs/env_0/Robot with more than 4 velocity iterations being added to a TGS scene.The related behavior changed recently, please consult the changelog. This warning will only print once.
2026-10-03 21:04:57 [107,368ms] [Warning] [omni.physx.tensors.plugin] Duplicate joint name 'FixedJoint' in articulation metatype
setup done
finger limits [[0.0, 0.042500000447034836], [0.0, 0.042500000447034836]]
[settle    ] step   50  ee err    nan mm  fingers 0.0425 0.0425  obj z +0.000
frame saved to /home/Invader17/grasp_task/runs/side_v3_20261004_000309, depth 0.943..1.200 m
[test_close] step  130  ee err    nan mm  fingers 0.0000 0.0000  obj z +0.000
[test_open ] step  210  ee err    nan mm  fingers 0.0425 0.0425  obj z +0.000
[high      ] step  610  ee err 1110.0 mm  fingers 0.0425 0.0425  obj z +0.000  manip min 0.0000  dq max 2.795  clip 396/400
[pregrasp  ] step  910  ee err 1022.9 mm  fingers 0.0425 0.0425  obj z +0.000  manip min 0.0094  dq max 3.526  clip 300/300
[approach  ] step 1110  ee err  951.2 mm  fingers 0.0425 0.0425  obj z +0.000  manip min 0.0141  dq max 3.518  clip 200/200
[close     ] step 1210  ee err    nan mm  fingers 0.0000 0.0000  obj z +0.000
[lift      ] step 1410  ee err  879.5 mm  fingers 0.0000 0.0000  obj z +0.000  manip min 0.0142  dq max 2.863  clip 200/200
[hold      ] step 1610  ee err    nan mm  fingers 0.0000 0.0000  obj z +0.000
object rise 0.0 cm, fingers at [8.35551593192374e-12, 1.4599744746490728e-09]
video saved to /home/Invader17/grasp_task/runs/side_v3_20261004_000309/grasp_tetrapak_side.gif, 322 frames
FAIL
2026-10-03 21:11:59 [529,353ms] [Warning] [carb.windowing-glfw.plugin] GLFW initialization failed.
2026-10-03 21:11:59 [529,354ms] [Warning] [carb] Failed to startup plugin carb.windowing-glfw.plugin (interfaces: [carb::windowing::IGLContext v1.0],[carb::windowing::IWindowing v1.5]) (impl: carb.windowing-glfw.plugin)
2026-10-03 21:12:07 [537,223ms] [Warning] [carb] Plugin interface for a client: omni.hydratexture.plugin was already released.
[INFO]: Simulation is stopped. Shutting down the app.
[00:12:15] код выхода 0, время 542 с, пик памяти на GPU 7 4119 MiB, клиент драйвера на GPU 0 6 MiB
[00:12:23] наших процессов на GPU нет
[00:12:24] результаты: /home/Invader17/grasp_task/runs/side_v3_20261004_000309
