[23:47:42] user=Invader17 gpu=7 vk_uuid=d9fc0582a134ded0909de88d902ecc0b cpus=46-47 timeout=40m stall=20m
[23:47:42] cmd: /home/Invader17/grasp_task/code/grasp/grasp_check.py --obj tetrapak --side --video
[Warning] [simulation_app.simulation_app] Modules: ['omni.kit_app'] were loaded before SimulationApp was started and might not be loaded correctly.
[Warning] [simulation_app.simulation_app] Please check to make sure no extra omniverse or pxr modules are imported before the call to SimulationApp(...)
Starting kit application with the following args:  ['/home/Invader17/grasp_task/envs/isaac/lib/python3.10/site-packages/isaacsim/exts/isaacsim.simulation_app/isaacsim/simulation_app/simulation_app.py', '/home/Invader17/grasp_task/envs/isaac/lib/python3.10/site-packages/isaacsim/apps/isaacsim.exp.base.python.kit', '--/app/tokens/exe-path=/home/Invader17/grasp_task/envs/isaac/lib/python3.10/site-packages/omni', '--/persistent/app/viewport/displayOptions=3094', '--/rtx/materialDb/syncLoads=True', '--/rtx/hydra/materialSyncLoads=True', '--/omni.kit.plugin/syncUsdLoads=True', '--/app/renderer/resolution/width=640', '--/app/renderer/resolution/height=480', '--/app/window/width=1440', '--/app/window/height=900', '--/renderer/multiGpu/enabled=False', '--/app/fastShutdown=True', '--/app/installSignalHandlers=0', '--ext-folder', '/home/Invader17/grasp_task/envs/isaac/lib/python3.10/site-packages/isaacsim/exts', '--ext-folder', '/home/Invader17/grasp_task/envs/isaac/lib/python3.10/site-packages/isaacsim/apps', '--/renderer/multiGpu/enabled=false', '--/renderer/multiGpu/autoEnable=false', '--/renderer/multiGpu/maxGpuCount=1', '--/renderer/activeGpu=0', '--/plugins/carb.tasking.plugin/threadCount=4', '--/persistent/isaac/asset_root/default=http://omniverse-content-production.s3-us-west-2.amazonaws.com/Assets/Isaac/4.5', '--/persistent/isaac/asset_root/cloud=http://omniverse-content-production.s3-us-west-2.amazonaws.com/Assets/Isaac/4.5', '--/persistent/isaac/asset_root/nvidia=http://omniverse-content-production.s3-us-west-2.amazonaws.com/Assets/Isaac/4.5', '--/renderer/activeGpu=0', '--/physics/cudaDevice=0', '--portable', '--no-window', '--/app/window/hideUi=1']
Passing the following args to the base kit application:  ['--obj', 'tetrapak', '--side', '--video']
[Info] [carb] Logging to file: /home/Invader17/grasp_task/envs/isaac/lib/python3.10/site-packages/omni/logs/Kit/Isaac-Sim Python/4.5/kit_20261003_204742.log
2026-10-03 20:47:42 [0ms] [Warning] [omni.kit.app.plugin] No crash reporter present, dumps uploading isn't available.
[0.755s] [ext: omni.kit.async_engine-0.0.1] startup
[1.575s] [ext: omni.metrics.core-0.0.1] startup
[1.576s] [ext: omni.client.lib-1.0.0] startup
[1.620s] [ext: omni.blobkey-1.1.2] startup
[1.621s] [ext: omni.stats-1.0.1] startup
[1.625s] [ext: omni.datastore-0.0.0] startup
[1.635s] [ext: omni.client-1.2.2] startup
[1.645s] [ext: omni.ujitso.default-1.0.0] startup
[1.649s] [ext: omni.hsscclient-1.1.1] startup
2026-10-03 20:47:44 [1,614ms] [Warning] [omni.datastore] OmniHub is inaccessible
[1.662s] [ext: omni.gpu_foundation.shadercache.vulkan-1.0.0] startup
[1.671s] [ext: omni.assets.plugins-0.0.0] startup
[1.674s] [ext: omni.gpu_foundation-0.0.0] startup
[1.692s] [ext: carb.windowing.plugins-1.0.0] startup
2026-10-03 20:47:44 [1,654ms] [Warning] [carb.windowing-glfw.plugin] GLFW initialization failed.
2026-10-03 20:47:44 [1,654ms] [Warning] [carb] Failed to startup plugin carb.windowing-glfw.plugin (interfaces: [carb::windowing::IGLContext v1.0],[carb::windowing::IWindowing v1.5]) (impl: carb.windowing-glfw.plugin)
[1.695s] [ext: omni.kit.renderer.init-0.0.0] startup
2026-10-03 20:47:44 [1,672ms] [Warning] [omni.platforminfo.plugin] failed to open the default display.  Can't verify X Server version.
[23:47:46] на GPU 7 чужие процессы: 4027574; запас памяти 1536 MiB, наш потолок 6144 MiB
2026-10-03 20:47:58 [15,582ms] [Warning] [carb.cudainterop.plugin] CUDA_VISIBLE_DEVICES environment variable is set.
2026-10-03 20:47:58 [15,583ms] [Warning] [carb.cudainterop.plugin] Note CUDA device enumeration and Omniverse device enumeration are different.
2026-10-03 20:47:58 [15,583ms] [Warning] [carb.cudainterop.plugin] Setting CUDA_VISIBLE_DEVICES can lead to undesired behavior or crashes.

|---------------------------------------------------------------------------------------------|
| Driver Version: 575.57.08     | Graphics API: Vulkan
|=============================================================================================|
| GPU | Name                             | Active | LDA | GPU Memory | Vendor-ID | LUID       |
|     |                                  |        |     |            | Device-ID | UUID       |
|     |                                  |        |     |            | Bus-ID    |            |
|---------------------------------------------------------------------------------------------|
| 0   | NVIDIA GeForce RTX 2080 Ti       | Yes: 0 |     | 11510   MB | 10de      | 0          |
|     |                                  |        |     |            | 1e04      | d9fc0582.. |
|     |                                  |        |     |            | 8         |            |
|=============================================================================================|
| OS: 20.04.6 LTS (Focal Fossa) ubuntu, Version: 20.04.6, Kernel: 5.15.0-139-generic
| Processor: AMD EPYC 7552 48-Core Processor
| Cores: 48 | Logical Cores: 48
|---------------------------------------------------------------------------------------------|
| Total Memory (MB): 515967 | Free Memory: 348802
| Total Page/Swap (MB): 67583 | Free Page/Swap: 17592186044409
|---------------------------------------------------------------------------------------------|
[30.728s] [ext: omni.kit.pipapi-0.0.0] startup
[30.732s] [ext: omni.materialx.libs-1.0.6] startup
[30.755s] [ext: omni.kit.pip_archive-0.0.0] startup
[30.757s] [ext: omni.usd.config-1.0.5] startup
[30.765s] [ext: omni.gpucompute.plugins-0.0.0] startup
[30.771s] [ext: omni.usd.libs-1.0.1] startup
[30.930s] [ext: omni.mdl-55.0.1] startup
[30.964s] [ext: omni.iray.libs-0.0.0] startup
[30.975s] [ext: omni.mdl.neuraylib-0.2.10] startup
[30.980s] [ext: omni.kit.usd.mdl-1.0.7] startup
[31.149s] [ext: omni.kit.telemetry-0.5.1] startup
[31.160s] [ext: omni.kit.loop-isaac-1.2.1] startup
[31.163s] [ext: omni.kit.test-1.1.2] startup
[31.963s] [ext: omni.appwindow-1.1.9] startup
2026-10-03 20:48:14 [31,930ms] [Warning] [carb.windowing-glfw.plugin] GLFW initialization failed.
2026-10-03 20:48:14 [31,930ms] [Warning] [carb] Failed to startup plugin carb.windowing-glfw.plugin (interfaces: [carb::windowing::IGLContext v1.0],[carb::windowing::IWindowing v1.5]) (impl: carb.windowing-glfw.plugin)
[31.975s] [ext: omni.kit.renderer.core-1.0.2] startup
2026-10-03 20:48:15 [32,454ms] [Warning] [carb.windowing-glfw.plugin] GLFW initialization failed.
2026-10-03 20:48:15 [32,454ms] [Warning] [carb] Failed to startup plugin carb.windowing-glfw.plugin (interfaces: [carb::windowing::IGLContext v1.0],[carb::windowing::IWindowing v1.5]) (impl: carb.windowing-glfw.plugin)
2026-10-03 20:48:17 [34,726ms] [Warning] [carb.windowing-glfw.plugin] GLFW initialization failed.
2026-10-03 20:48:17 [34,726ms] [Warning] [carb] Failed to startup plugin carb.windowing-glfw.plugin (interfaces: [carb::windowing::IGLContext v1.0],[carb::windowing::IWindowing v1.5]) (impl: carb.windowing-glfw.plugin)
[34.771s] [ext: omni.kit.renderer.capture-0.0.0] startup
[34.776s] [ext: omni.kit.renderer.imgui-1.0.2] startup
2026-10-03 20:48:17 [34,779ms] [Warning] [carb.windowing-glfw.plugin] GLFW initialization failed.
2026-10-03 20:48:17 [34,779ms] [Warning] [carb] Failed to startup plugin carb.windowing-glfw.plugin (interfaces: [carb::windowing::IGLContext v1.0],[carb::windowing::IWindowing v1.5]) (impl: carb.windowing-glfw.plugin)
2026-10-03 20:48:17 [34,799ms] [Warning] [carb.windowing-glfw.plugin] GLFW initialization failed.
2026-10-03 20:48:17 [34,799ms] [Warning] [carb] Failed to startup plugin carb.windowing-glfw.plugin (interfaces: [carb::windowing::IGLContext v1.0],[carb::windowing::IWindowing v1.5]) (impl: carb.windowing-glfw.plugin)
2026-10-03 20:48:17 [34,800ms] [Warning] [carb.windowing-glfw.plugin] GLFW initialization failed.
2026-10-03 20:48:17 [34,801ms] [Warning] [carb] Failed to startup plugin carb.windowing-glfw.plugin (interfaces: [carb::windowing::IGLContext v1.0],[carb::windowing::IWindowing v1.5]) (impl: carb.windowing-glfw.plugin)
[38.140s] [ext: omni.ui-2.26.5] startup
[38.257s] [ext: omni.kit.mainwindow-1.0.3] startup
[38.260s] [ext: carb.audio-0.1.0] startup
[38.273s] [ext: omni.uiaudio-1.0.0] startup
[38.299s] [ext: omni.kit.uiapp-0.0.0] startup
[38.300s] [ext: omni.usd.schema.metrics.assembler-106.5.0] startup
[38.319s] [ext: omni.usd.schema.anim-0.0.0] startup
[38.379s] [ext: omni.usd.schema.audio-0.0.0] startup
[38.388s] [ext: omni.usd.schema.isaac-3.0.2] startup
[38.388s] [ext: omni.usd.schema.omnigraph-1.0.0] startup
[38.405s] [ext: omni.usd.schema.forcefield-106.5.7] startup
[38.434s] [ext: omni.usd.schema.semantics-0.0.0] startup
[38.441s] [ext: omni.usd.schema.physx-106.5.7] startup
[38.533s] [ext: omni.usd.schema.geospatial-0.0.0] startup
[38.563s] [ext: omni.usd_resolver-1.0.0] startup
[38.581s] [ext: omni.kit.window.popup_dialog-2.0.24] startup
[38.625s] [ext: usdrt.scenegraph-7.5.1] startup
[38.736s] [ext: omni.timeline-1.0.11] startup
[38.744s] [ext: omni.usd.core-1.4.2] startup
[38.755s] [ext: omni.resourcemonitor-107.0.0] startup
[38.764s] [ext: omni.activity.core-1.0.1] startup
[38.780s] [ext: omni.kit.widget.nucleus_connector-1.1.10] startup
[38.788s] [ext: omni.hydra.usdrt_delegate-7.5.1] startup
[38.826s] [ext: omni.kit.actions.core-1.0.0] startup
[38.839s] [ext: omni.graph.exec-0.9.4] startup
[38.841s] [ext: omni.kit.commands-1.4.9] startup
[38.859s] [ext: omni.kit.usd_undo-0.1.8] startup
[38.860s] [ext: omni.kit.exec.core-0.13.4] startup
[38.891s] [ext: omni.kit.audiodeviceenum-1.0.1] startup
[38.897s] [ext: omni.hydra.scene_delegate-0.3.3] startup
[38.918s] [ext: omni.usd-1.12.4] startup
[39.044s] [ext: omni.inspect-1.0.1] startup
[39.050s] [ext: omni.kit.notification_manager-1.0.9] startup
[39.064s] [ext: omni.graph.core-2.181.8] startup
[39.077s] [ext: isaacsim.core.deprecation_manager-0.2.2] startup
[39.079s] [ext: omni.usd.schema.omniscripting-1.0.0] startup
[39.097s] [ext: isaacsim.robot.schema-3.1.2] startup
[39.118s] [ext: omni.kit.asset_converter-2.8.3] startup
[39.149s] [ext: omni.kit.menu.core-1.1.2] startup
[39.156s] [ext: omni.kvdb-106.5.7] startup
[39.169s] [ext: omni.kit.widget.context_menu-1.2.4] startup
[39.187s] [ext: omni.kit.usd.layers-2.2.0] startup
[39.213s] [ext: omni.kit.property.adapter.core-1.0.2] startup
[39.227s] [ext: omni.localcache-106.5.7] startup
[39.237s] [ext: omni.convexdecomposition-106.5.7] startup
[39.255s] [ext: omni.warp.core-1.5.0] startup
[41.021s] [ext: omni.kit.context_menu-1.8.3] startup
[41.039s] [ext: omni.kit.hotkeys.core-1.3.10] startup
[41.056s] [ext: omni.kit.property.adapter.fabric-1.0.3] startup
[41.059s] [ext: omni.usdphysics-106.5.7] startup
[41.074s] [ext: omni.kit.widget.path_field-2.0.11] startup
[41.082s] [ext: omni.kit.widget.options_menu-1.1.6] startup
[41.093s] [ext: omni.kit.helper.file_utils-0.1.9] startup
[41.096s] [ext: omni.kit.widget.browser_bar-2.0.10] startup
[41.108s] [ext: omni.kit.widget.options_button-1.0.3] startup
[41.116s] [ext: omni.kit.widget.filebrowser-2.10.52] startup
[41.132s] [ext: omni.kit.clipboard-1.0.5] startup
[41.140s] [ext: omni.graph.tools-1.79.1] startup
[41.191s] [ext: omni.ui.scene-1.11.2] startup
[41.207s] [ext: omni.graph.image.core-0.6.0] startup
[41.211s] [ext: omni.kit.window.filepicker-2.11.7] startup
[41.240s] [ext: omni.kit.widget.searchfield-1.1.8] startup
[41.244s] [ext: omni.graph.image.nodes-1.3.0] startup
[41.253s] [ext: omni.graph-1.140.2] startup
[41.401s] [ext: omni.kit.window.file_exporter-1.0.31] startup
[41.411s] [ext: omni.kit.widget.filter-1.1.4] startup
[41.427s] [ext: omni.physx.foundation-106.5.7] startup
[41.432s] [ext: omni.graph.nodes-1.162.1] startup
[41.492s] [ext: omni.kit.widget.stage-2.11.6] startup
[41.576s] [ext: omni.hydra.rtx.shadercache.vulkan-1.0.0] startup
[41.612s] [ext: omni.hydra.engine.stats-1.0.3] startup
[41.621s] [ext: omni.graph.action_core-1.1.7] startup
[41.653s] [ext: omni.kit.widget.highlight_label-1.0.3] startup
[41.663s] [ext: omni.ujitso.processor.texture-1.0.0] startup
[41.675s] [ext: omni.index.libs-380600.1777.0] startup
[41.676s] [ext: omni.kit.window.file_importer-1.1.14] startup
[41.696s] [ext: omni.kit.stage_template.core-1.1.22] startup
[41.724s] [ext: omni.volume-0.5.0] startup
[41.805s] [ext: omni.ujitso.client-0.0.0] startup
[41.807s] [ext: omni.index-1.0.1] startup
[41.817s] [ext: omni.kit.window.file-1.3.57] startup
[41.826s] [ext: omni.hydra.rtx-1.0.0] startup
2026-10-03 20:48:24 [41,808ms] [Warning] [omni.log] Source: omni.hydra was already registered.
[41.919s] [ext: omni.kit.viewport.registry-104.0.6] startup
[41.921s] [ext: omni.kit.viewport.legacy_gizmos-1.0.16] startup
[41.940s] [ext: omni.kit.raycast.query-1.0.5] startup
[41.957s] [ext: omni.kit.viewport.scene_camera_model-1.0.5] startup
[41.979s] [ext: omni.kit.hydra_texture-1.4.0] startup
[41.987s] [ext: omni.kit.menu.utils-1.7.7] startup
[42.369s] [ext: omni.kit.window.drop_support-1.0.4] startup
[42.488s] [ext: omni.kit.widget.viewport-107.0.7] startup
[42.544s] [ext: omni.kit.material.library-1.5.15] startup
[42.664s] [ext: omni.kit.window.content_browser_registry-0.0.6] startup
[42.665s] [ext: omni.kit.viewport.window-107.0.8] startup
[43.393s] [ext: omni.graph.action_nodes-1.40.1] startup
[43.460s] [ext: omni.kit.window.property-1.11.5] startup
[43.540s] [ext: omni.kit.window.content_browser-2.10.3] startup
[44.610s] [ext: omni.kit.property.adapter.usd-1.0.2] startup
[44.652s] [ext: omni.kit.viewport.utility-1.0.18] startup
[44.732s] [ext: omni.graph.action-1.120.0] startup
[44.733s] [ext: omni.kit.property.usd-4.2.16] startup
[44.798s] [ext: omni.physx.cooking-106.5.7] startup
[45.148s] [ext: omni.kit.widget.stage_icons-1.0.6] startup
[45.151s] [ext: omni.kit.widget.zoombar-1.0.5] startup
[45.167s] [ext: omni.physics.tensors-106.5.7] startup
[45.187s] [ext: omni.kit.widget.prompt-1.0.7] startup
[45.189s] [ext: omni.kit.usd.collect-2.2.22] startup
[45.201s] [ext: omni.physx-106.5.7] startup
[45.225s] [ext: omni.kit.window.stage-2.5.11] startup
[45.237s] [ext: omni.kit.browser.core-2.3.11] startup
[45.247s] [ext: omni.kit.widget.text_editor-1.0.2] startup
[45.255s] [ext: omni.physx.tensors-106.5.7] startup
[45.273s] [ext: omni.kit.tool.collect-2.2.16] startup
[45.278s] [ext: omni.kit.menu.stage-1.2.5] startup
[45.287s] [ext: omni.kit.browser.folder.core-1.10.1] startup
[45.597s] [ext: omni.warp-1.5.0] startup
[45.802s] [ext: isaacsim.examples.browser-0.1.8] startup
[45.810s] [ext: omni.physx.stageupdate-106.5.7] startup
[45.833s] [ext: omni.kit.numpy.common-0.1.2] startup
[45.836s] [ext: isaacsim.core.version-2.0.2] startup
[45.878s] [ext: omni.isaac.dynamic_control-1.3.15] startup
2026-10-03 20:48:28 [45,912ms] [Warning] [omni.isaac.dynamic_control] omni.isaac.dynamic_control is deprecated as of Isaac Sim 4.5. No action is needed from end-users.
[46.019s] [ext: isaacsim.storage.native-1.0.6] startup
[46.022s] [ext: omni.kit.menu.create-1.0.17] startup
[46.079s] [ext: isaacsim.core.utils-2.2.8] startup
[46.085s] [ext: omni.kit.widget.searchable_combobox-1.0.6] startup
[46.203s] [ext: omni.kit.primitive.mesh-1.0.17] startup
[46.212s] [ext: isaacsim.core.simulation_manager-0.3.3] startup
[52.000s] [ext: omni.kit.scripting-106.5.2] startup
[52.017s] [ext: omni.kit.stage_templates-1.2.6] startup
[52.030s] [ext: isaacsim.core.prims-0.3.7] startup
[52.065s] [ext: isaacsim.replicator.behavior-1.0.8] startup
[52.069s] [ext: isaacsim.core.api-4.2.16] startup
[52.096s] [ext: omni.ui_query-1.1.7] startup
[52.097s] [ext: omni.kit.manipulator.viewport-107.0.1] startup
[52.105s] [ext: omni.kit.ui_test-1.3.3] startup
[52.115s] [ext: omni.kit.window.extensions-1.4.25] startup
[52.126s] [ext: omni.graph.visualization.nodes-2.1.1] startup
[52.145s] [ext: omni.kit.tool.asset_importer-2.12.2] startup
[52.179s] [ext: isaacsim.gui.components-1.0.9] startup
[52.184s] [ext: omni.kit.widget.settings-1.2.2] startup
[52.199s] [ext: omni.kit.widget.graph-1.12.17] startup
[52.214s] [ext: omni.kit.window.preferences-1.7.0] startup
[52.231s] [ext: omni.kit.graph.delegate.default-1.2.2] startup
[52.244s] [ext: omni.kit.viewport.menubar.core-107.1.2] startup
[52.273s] [ext: omni.kit.widget.material_preview-1.0.16] startup
[52.280s] [ext: omni.kit.graph.usd.commands-1.3.1] startup
[52.281s] [ext: omni.kit.graph.editor.core-1.5.3] startup
[52.293s] [ext: omni.syntheticdata-0.6.10] startup
[52.352s] [ext: omni.kit.window.material_graph-1.8.19] startup
[52.400s] [ext: omni.graph.scriptnode-1.40.1] startup
[52.409s] [ext: isaacsim.core.cloner-1.3.4] startup
[52.412s] [ext: omni.replicator.core-1.11.35] startup
Warp 1.5.0 initialized:
   CUDA Toolkit 11.8, Driver 12.9
   Devices:
     "cpu"      : "x86_64"
     "cuda:0"   : "NVIDIA GeForce RTX 2080 Ti" (11 GiB, sm_75, mempool enabled)
   Kernel cache:
     /home/Invader17/grasp_task/.cache/warp
2026-10-03 20:48:35 [52,583ms] [Warning] [omni.replicator.core.scripts.extension] No material configuration file, adding configuration to material settings directly.
[52.838s] [ext: omni.isaac.cloner-1.0.2] startup
2026-10-03 20:48:35 [52,798ms] [Warning] [omni.isaac.cloner] omni.isaac.cloner has been deprecated in favor of isaacsim.core.cloner. Please update your code accordingly.
[52.840s] [ext: isaacsim.core.nodes-2.1.4] startup
[53.142s] [ext: isaacsim.asset.importer.urdf-2.3.10] startup
[56.951s] [ext: omni.isaac.core-4.0.3] startup
2026-10-03 20:48:39 [56,912ms] [Warning] [omni.isaac.core.physics_context.physics_context] omni.isaac.core.physics_context.physics_context has been deprecated in favor of isaacsim.core.api.physics_context.physics_context. Please update your code accordingly.
2026-10-03 20:48:39 [56,912ms] [Warning] [omni.isaac.core.simulation_context.simulation_context] omni.isaac.core.simulation_context.simulation_context has been deprecated in favor of isaacsim.core.api.simulation_context.simulation_context. Please update your code accordingly.
2026-10-03 20:48:39 [56,913ms] [Warning] [omni.isaac.core.world.world] omni.isaac.core.world.world has been deprecated in favor of isaacsim.core.api.world.world. Please update your code accordingly.
2026-10-03 20:48:39 [56,913ms] [Warning] [omni.isaac.core] omni.isaac.core has been deprecated in favor of isaacsim.core.api. Please update your code accordingly.
[56.956s] [ext: omni.isaac.core_nodes-2.0.2] startup
2026-10-03 20:48:39 [56,917ms] [Warning] [omni.isaac.core_nodes] omni.isaac.core_nodes has been deprecated in favor of isaacsim.core.nodes. Please update your code accordingly.
[56.958s] [ext: omni.anim.curve.core-1.2.0] startup
[57.037s] [ext: isaacsim.robot_motion.lula-4.0.4] startup
[57.083s] [ext: isaacsim.asset.importer.mjcf-2.3.3] startup
[57.568s] [ext: isaacsim.robot_motion.motion_generation-8.0.6] startup
[57.585s] [ext: isaacsim.asset.browser-1.3.4] startup
[57.745s] [ext: isaacsim.robot.surface_gripper-2.0.6] startup
[57.776s] [ext: omni.kit.selection-0.1.5] startup
[57.801s] [ext: isaacsim.robot_motion.lula_test_widget-1.0.5] startup
[57.812s] [ext: omni.isaac.assets_check-0.3.9] startup
2026-10-03 20:48:40 [57,772ms] [Warning] [omni.isaac.assets_check] omni.isaac.assets_check has been deprecated in favor of isaacsim.asset.browser. Please update your code accordingly.
[57.813s] [ext: isaacsim.robot.manipulators-3.0.4] startup
[57.817s] [ext: isaacsim.sensors.physics-0.3.5] startup
[57.900s] [ext: isaacsim.gui.menu-2.0.9] startup
[58.076s] [ext: omni.isaac.lula_test_widget-1.0.2] startup
2026-10-03 20:48:40 [58,036ms] [Warning] [omni.isaac.lula_test_widget] omni.isaac.lula_test_widget has been deprecated in favor of isaacsim.robot_motion.lula_test_widget. Please update your code accordingly.
[58.078s] [ext: omni.sensors.nv.common-2.5.0-coreapi] startup
[58.453s] [ext: omni.isaac.manipulators-3.0.3] startup
2026-10-03 20:48:41 [58,412ms] [Warning] [omni.isaac.manipulators] omni.isaac.manipulators has been deprecated in favor of isaacsim.robot.manipulators. Please update your code accordingly.
2026-10-03 20:48:41 [58,413ms] [Warning] [omni.isaac.manipulators.controllers] omni.isaac.manipulators has been deprecated in favor of isaacsim.robot.manipulators. Please update your code accordingly.
2026-10-03 20:48:41 [58,732ms] [Warning] [omni.isaac.manipulators.controllers.pick_place_controller] omni.isaac.manipulators has been deprecated in favor of isaacsim.robot.manipulators. Please update your code accordingly.
2026-10-03 20:48:41 [58,734ms] [Warning] [omni.isaac.manipulators.controllers.stacking_controller] omni.isaac.manipulators has been deprecated in favor of isaacsim.robot.manipulators. Please update your code accordingly.
2026-10-03 20:48:41 [58,735ms] [Warning] [omni.isaac.manipulators.grippers] omni.isaac.manipulators has been deprecated in favor of isaacsim.robot.manipulators. Please update your code accordingly.
2026-10-03 20:48:41 [58,736ms] [Warning] [omni.isaac.manipulators.grippers.gripper] omni.isaac.manipulators has been deprecated in favor of isaacsim.robot.manipulators. Please update your code accordingly.
2026-10-03 20:48:41 [58,736ms] [Warning] [omni.isaac.manipulators.grippers.parallel_gripper] omni.isaac.manipulators has been deprecated in favor of isaacsim.robot.manipulators. Please update your code accordingly.
2026-10-03 20:48:41 [58,737ms] [Warning] [omni.isaac.manipulators.grippers.surface_gripper] omni.isaac.manipulators has been deprecated in favor of isaacsim.robot.manipulators. Please update your code accordingly.
2026-10-03 20:48:41 [58,737ms] [Warning] [omni.isaac.manipulators.manipulators] omni.isaac.manipulators has been deprecated in favor of isaacsim.robot.manipulators. Please update your code accordingly.
2026-10-03 20:48:41 [58,738ms] [Warning] [omni.isaac.manipulators.manipulators.single_manipulator] omni.isaac.manipulators has been deprecated in favor of isaacsim.robot.manipulators. Please update your code accordingly.
[58.779s] [ext: isaacsim.robot.policy.examples-4.0.3] startup
[58.823s] [ext: omni.isaac.menu-1.0.2] startup
2026-10-03 20:48:41 [58,822ms] [Warning] [omni.isaac.menu] omni.isaac.menu has been deprecated in favor of isaacsim.gui.menu. Please update your code accordingly.
[58.863s] [ext: omni.isaac.motion_generation-8.0.2] startup
2026-10-03 20:48:41 [58,823ms] [Warning] [omni.isaac.motion_generation] omni.isaac.motion_generation has been deprecated in favor of isaacsim.robot_motion.motion_generation. Please update your code accordingly.
2026-10-03 20:48:41 [58,824ms] [Warning] [omni.isaac.motion_generation.articulation_kinematics_solver] omni.isaac.motion_generation has been deprecated in favor of isaacsim.robot_motion.motion_generation. Please update your code accordingly.
2026-10-03 20:48:41 [58,824ms] [Warning] [omni.isaac.motion_generation.articulation_motion_policy] omni.isaac.motion_generation has been deprecated in favor of isaacsim.robot_motion.motion_generation. Please update your code accordingly.
2026-10-03 20:48:41 [58,824ms] [Warning] [omni.isaac.motion_generation.articulation_trajectory] omni.isaac.motion_generation has been deprecated in favor of isaacsim.robot_motion.motion_generation. Please update your code accordingly.
2026-10-03 20:48:41 [58,825ms] [Warning] [omni.isaac.motion_generation.kinematics_interface] omni.isaac.motion_generation has been deprecated in favor of isaacsim.robot_motion.motion_generation. Please update your code accordingly.
2026-10-03 20:48:41 [58,825ms] [Warning] [omni.isaac.motion_generation.lula] omni.isaac.motion_generation has been deprecated in favor of isaacsim.robot_motion.motion_generation. Please update your code accordingly.
2026-10-03 20:48:41 [58,834ms] [Warning] [omni.isaac.motion_generation.lula.kinematics] omni.isaac.motion_generation has been deprecated in favor of isaacsim.robot_motion.motion_generation. Please update your code accordingly.
2026-10-03 20:48:41 [58,834ms] [Warning] [omni.isaac.motion_generation.lula.motion_policies] omni.isaac.motion_generation has been deprecated in favor of isaacsim.robot_motion.motion_generation. Please update your code accordingly.
2026-10-03 20:48:41 [58,834ms] [Warning] [omni.isaac.motion_generation.lula.path_planners] omni.isaac.motion_generation has been deprecated in favor of isaacsim.robot_motion.motion_generation. Please update your code accordingly.
2026-10-03 20:48:41 [58,835ms] [Warning] [omni.isaac.motion_generation.lula.trajectory_generator] omni.isaac.motion_generation has been deprecated in favor of isaacsim.robot_motion.motion_generation. Please update your code accordingly.
2026-10-03 20:48:41 [58,835ms] [Warning] [omni.isaac.motion_generation.motion_policy_controller] omni.isaac.motion_generation has been deprecated in favor of isaacsim.robot_motion.motion_generation. Please update your code accordingly.
2026-10-03 20:48:41 [58,880ms] [Warning] [omni.isaac.motion_generation.motion_policy_interface] omni.isaac.motion_generation has been deprecated in favor of isaacsim.robot_motion.motion_generation. Please update your code accordingly.
2026-10-03 20:48:41 [58,880ms] [Warning] [omni.isaac.motion_generation.path_planner_visualizer] omni.isaac.motion_generation has been deprecated in favor of isaacsim.robot_motion.motion_generation. Please update your code accordingly.
2026-10-03 20:48:41 [58,880ms] [Warning] [omni.isaac.motion_generation.path_planning_interface] omni.isaac.motion_generation has been deprecated in favor of isaacsim.robot_motion.motion_generation. Please update your code accordingly.
2026-10-03 20:48:41 [58,881ms] [Warning] [omni.isaac.motion_generation.trajectory] omni.isaac.motion_generation has been deprecated in favor of isaacsim.robot_motion.motion_generation. Please update your code accordingly.
2026-10-03 20:48:41 [58,881ms] [Warning] [omni.isaac.motion_generation.world_interface] omni.isaac.motion_generation has been deprecated in favor of isaacsim.robot_motion.motion_generation. Please update your code accordingly.
[58.923s] [ext: omni.sensors.nv.materials-1.4.0-coreapi] startup
[58.941s] [ext: omni.isaac.nucleus-1.0.3] startup
2026-10-03 20:48:41 [58,901ms] [Warning] [omni.isaac.nucleus] omni.isaac.nucleus has been deprecated in favor of isaacsim.storage.native. Please update your code accordingly.
2026-10-03 20:48:41 [58,901ms] [Warning] [omni.isaac.nucleus.nucleus] omni.isaac.nucleus.nucleus has been deprecated in favor of isaacsim.storage.native. Please update your code accordingly.
[58.949s] [ext: omni.isaac.quadruped-3.0.2] startup
2026-10-03 20:48:41 [58,909ms] [Warning] [omni.isaac.quadruped] omni.isaac.quadruped has been deprecated in favor of isaacsim.robot.policy.examples. Please update your code accordingly.
[58.950s] [ext: omni.kit.manipulator.selector-1.1.1] startup
[58.953s] [ext: omni.sensors.nv.wpm-2.4.0-coreapi] startup
[58.977s] [ext: omni.sensors.nv.lidar-2.6.3-coreapi] startup
[59.004s] [ext: omni.sensors.nv.ids-1.4.0-coreapi] startup
[59.294s] [ext: isaacsim.robot.manipulators.examples-1.0.3] startup
[59.296s] [ext: isaacsim.util.debug_draw-2.0.2] startup
[59.337s] [ext: omni.sensors.tiled-0.0.6] startup
[59.345s] [ext: omni.sensors.nv.radar-2.6.1-coreapi] startup
[59.364s] [ext: omni.kit.widget.toolbar-1.7.3] startup
[59.395s] [ext: omni.kit.manipulator.transform-106.0.1] startup
[59.421s] [ext: isaacsim.sensors.physx-2.2.4] startup
[59.453s] [ext: isaacsim.sensors.rtx-13.6.3] startup
[59.492s] [ext: isaacsim.sensors.camera-0.2.9] startup
[59.556s] [ext: isaacsim.cortex.framework-1.0.2] startup
[59.557s] [ext: omni.kit.manipulator.tool.snap-1.5.12] startup
[59.701s] [ext: omni.isaac.range_sensor-4.0.2] startup
[59.715s] [ext: omni.isaac.surface_gripper-2.0.2] startup
2026-10-03 20:48:42 [59,676ms] [Warning] [omni.isaac.surface_gripper] omni.isaac.surface_gripper has been deprecated in favor of isaacsim.robot.surface_gripper. Please update your code accordingly.
[59.717s] [ext: omni.isaac.sensor-13.0.3] startup
2026-10-03 20:48:42 [59,677ms] [Warning] [omni.isaac.sensor] omni.isaac.sensor has been deprecated in favor of isaacsim.sensors.camera, isaacsim.sensors.physics, isaacsim.sensors.physx, and isaacsim.sensors.rtx. Please update your code accordingly.
2026-10-03 20:48:42 [59,677ms] [Warning] [omni.isaac.sensor.camera] omni.isaac.sensor.camera has been deprecated in favor of isaacsim.sensors.camera.camera. Please update your code accordingly.
2026-10-03 20:48:42 [59,690ms] [Warning] [omni.isaac.sensor.camera_view] omni.isaac.sensor.camera_view has been deprecated in favor of isaacsim.sensors.camera.camera_view. Please update your code accordingly.
2026-10-03 20:48:42 [59,690ms] [Warning] [omni.isaac.sensor.commands] omni.isaac.sensor.commands has been deprecated in favor of isaacsim.sensors.physics.commands, isaacsim.sensors.physx.commands, and isaacsim.sensors.rtx.commands. Please update your code accordingly.
2026-10-03 20:48:42 [59,691ms] [Warning] [omni.isaac.sensor.contact_sensor] omni.isaac.sensor.contact_sensor has been deprecated in favor of isaacsim.sensors.physics.contact_sensor. Please update your code accordingly.
2026-10-03 20:48:42 [59,691ms] [Warning] [omni.isaac.sensor.imu_sensor] omni.isaac.sensor.imu_sensor has been deprecated in favor of isaacsim.sensors.physics.imu_sensor. Please update your code accordingly.
2026-10-03 20:48:42 [59,691ms] [Warning] [omni.isaac.sensor.lidar_rtx] omni.isaac.sensor.lidar_rtx has been deprecated in favor of isaacsim.sensors.rtx.lidar_rtx. Please update your code accordingly.
2026-10-03 20:48:42 [59,692ms] [Warning] [omni.isaac.sensor.rotating_lidar_physX] omni.isaac.sensor.imu_sensor has been deprecated in favor of isaacsim.sensors.physix.rotating_lidar_physX. Please update your code accordingly.
2026-10-03 20:48:42 [59,693ms] [Warning] [omni.isaac.sensor.scripts.samples.contact_sensor] omni.isaac.sensor.scripts.samples.contact_sensor has been deprecated in favor of isaacsim.sensors.physics.scripts.samples.contact_sensor. Please update your code accordingly.
2026-10-03 20:48:42 [59,693ms] [Warning] [omni.isaac.sensor.scripts.samples.imu_sensor] omni.isaac.sensor.scripts.samples.imu_sensor has been deprecated in favor of isaacsim.sensors.physics.scripts.samples.imu_sensor. Please update your code accordingly.
2026-10-03 20:48:42 [59,694ms] [Warning] [omni.isaac.sensor.scripts.samples.lightbeam_sensor] omni.isaac.sensor.scripts.samples.lightbeam_sensor has been deprecated in favor of isaacsim.sensors.physx.scripts.samples.lightbeam_sensor. Please update your code accordingly.
[59.748s] [ext: omni.isaac.cortex-1.0.2] startup
2026-10-03 20:48:42 [59,708ms] [Warning] [omni.isaac.cortex] omni.isaac.cortex has been deprecated in favor of isaacsim.cortex.framework. Please update your code accordingly.
[59.750s] [ext: omni.kit.viewport.manipulator.transform-107.0.4] startup
[59.801s] [ext: omni.debugdraw-0.1.3] startup
[59.843s] [ext: omni.isaac.universal_robots-1.0.2] startup
2026-10-03 20:48:42 [59,803ms] [Warning] [omni.isaac.universal_robots] omni.isaac.universal_robots has been deprecated in favor of isaacsim.robot.manipulators.examples.universal_robots. Please update your code accordingly.
2026-10-03 20:48:42 [59,803ms] [Warning] [omni.isaac.universal_robots.kinematics_solver] omni.isaac.franka has been deprecated in favor of isaacsim.robot.manipulators.examples.universal_robots. Please update your code accordingly.
2026-10-03 20:48:42 [59,804ms] [Warning] [omni.isaac.universal_robots.ur10] omni.isaac.franka has been deprecated in favor of isaacsim.robot.manipulators.examples.universal_robots. Please update your code accordingly.
[59.846s] [ext: omni.isaac.utils-2.0.2] startup
[59.859s] [ext: omni.kit.manipulator.prim.core-107.0.7] startup
[60.053s] [ext: omni.fabric.commands-1.1.5] startup
[60.391s] [ext: omni.kit.manipulator.selection-106.0.1] startup
[60.393s] [ext: omni.kit.viewport.actions-107.0.0] startup
[60.404s] [ext: omni.kit.manipulator.prim.usd-107.0.3] startup
[60.417s] [ext: omni.kit.manipulator.prim.fabric-107.0.4] startup
[60.420s] [ext: isaacsim.cortex.behaviors-2.0.3] startup
[60.423s] [ext: omni.kit.widget.layers-1.8.2] startup
[60.457s] [ext: omni.kit.viewport.menubar.display-107.0.3] startup
[60.461s] [ext: omni.kit.manipulator.prim-107.0.0] startup
[60.463s] [ext: omni.isaac.cortex.sample_behaviors-2.0.2] startup
2026-10-03 20:48:43 [60,422ms] [Warning] [omni.isaac.cortex.sample_behaviors] omni.isaac.cortex.sample_behaviors has been deprecated in favor of isaacsim.cortex.behaviors. Please update your code accordingly.
[60.464s] [ext: omni.graph.ui_nodes-1.40.1] startup
[60.497s] [ext: omni.usdphysics.ui-106.5.7] startup
[60.592s] [ext: omni.physx.commands-106.5.7] startup
[60.600s] [ext: omni.kit.property.camera-1.0.9] startup
[60.603s] [ext: omni.hydra.scene_api-0.1.2] startup
[60.625s] [ext: omni.kit.property.geometry-1.3.3] startup
[60.663s] [ext: omni.kit.property.light-1.0.11] startup
[60.665s] [ext: omni.physx.ui-106.5.7] startup
[60.749s] [ext: omni.kit.property.material-1.10.17] startup
[60.766s] [ext: omni.kit.property.render-1.1.3] startup
[60.768s] [ext: omni.kit.property.transform-1.5.10] startup
[60.777s] [ext: omni.kit.property.audio-1.0.16] startup
[60.795s] [ext: isaacsim.gui.property-1.0.4] startup
[60.799s] [ext: omni.physx.demos-106.5.7] startup
[60.837s] [ext: omni.kit.property.physx-106.5.7] startup
[60.940s] [ext: omni.isaac.lula-4.0.2] startup
2026-10-03 20:48:43 [60,900ms] [Warning] [omni.isaac.lula] omni.isaac.lula has been deprecated in favor of isaacsim.robot_motion.lula. Please update your code accordingly.
[60.942s] [ext: omni.kit.property.bundle-1.3.2] startup
[60.951s] [ext: omni.kit.property.isaac-1.0.2] startup
2026-10-03 20:48:43 [60,915ms] [Warning] [omni.kit.property.isaac] omni.kit.property.isaac has been deprecated in favor of isaacsim.gui.property. Please update your code accordingly.
2026-10-03 20:48:43 [60,916ms] [Warning] [omni.kit.property.isaac.widgets] omni.kit.property.isaac.widgets has been deprecated in favor of isaacsim.gui.property.widgets. Please update your code accordingly.
[60.960s] [ext: omni.physx.vehicle-106.5.7] startup
[61.000s] [ext: omni.kit.viewport.menubar.camera-107.0.2] startup
[61.016s] [ext: omni.kit.viewport.menubar.lighting-106.0.2] startup
[61.023s] [ext: omni.kit.viewport.menubar.render-107.0.8] startup
[61.033s] [ext: omni.kit.viewport.menubar.settings-107.0.3] startup
[61.041s] [ext: omni.kit.window.console-0.2.14] startup
[61.091s] [ext: omni.physx.camera-106.5.7] startup
[61.119s] [ext: omni.kit.window.toolbar-1.6.2] startup
[61.129s] [ext: omni.isaac.version-2.0.2] startup
2026-10-03 20:48:43 [61,089ms] [Warning] [omni.isaac.version] omni.isaac.version has been deprecated in favor of isaacsim.core.version. Please update your code accordingly.
[61.131s] [ext: isaacsim.robot.wheeled_robots-4.0.3] startup
[61.147s] [ext: omni.physx.cct-106.5.7] startup
[61.236s] [ext: omni.physx.graph-106.5.7] startup
[61.293s] [ext: isaacsim.replicator.writers-1.0.1] startup
[61.407s] [ext: omni.physx.supportui-106.5.7] startup
[61.700s] [ext: omni.physx.telemetry-106.5.7] startup
[61.773s] [ext: omni.isaac.wheeled_robots-3.0.3] startup
2026-10-03 20:48:44 [61,733ms] [Warning] [omni.isaac.wheeled_robots] omni.isaac.wheeled_robots has been deprecated in favor of isaacsim.robot.wheeled_robots. Please update your code accordingly.
2026-10-03 20:48:44 [61,734ms] [Warning] [omni.isaac.wheeled_robots.controllers] omni.isaac.wheeled_robots has been deprecated in favor of isaacsim.robot.wheeled_robots. Please update your code accordingly.
2026-10-03 20:48:44 [61,734ms] [Warning] [omni.isaac.wheeled_robots.controllers.ackermann_controller] omni.isaac.wheeled_robots has been deprecated in favor of isaacsim.robot.wheeled_robots. Please update your code accordingly.
2026-10-03 20:48:44 [61,734ms] [Warning] [omni.isaac.wheeled_robots.controllers.differential_controller] omni.isaac.wheeled_robots has been deprecated in favor of isaacsim.robot.wheeled_robots. Please update your code accordingly.
2026-10-03 20:48:44 [61,735ms] [Warning] [omni.isaac.wheeled_robots.controllers.holonomic_controller] omni.isaac.wheeled_robots has been deprecated in favor of isaacsim.robot.wheeled_robots. Please update your code accordingly.
2026-10-03 20:48:44 [61,735ms] [Warning] [omni.isaac.wheeled_robots.controllers.quintic_path_planner] omni.isaac.wheeled_robots has been deprecated in favor of isaacsim.robot.wheeled_robots. Please update your code accordingly.
2026-10-03 20:48:44 [61,736ms] [Warning] [omni.isaac.wheeled_robots.controllers.stanley_control] omni.isaac.wheeled_robots has been deprecated in favor of isaacsim.robot.wheeled_robots. Please update your code accordingly.
2026-10-03 20:48:44 [61,736ms] [Warning] [omni.isaac.wheeled_robots.controllers.wheel_base_pose_controller] omni.isaac.wheeled_robots has been deprecated in favor of isaacsim.robot.wheeled_robots. Please update your code accordingly.
2026-10-03 20:48:44 [61,736ms] [Warning] [omni.isaac.wheeled_robots.impl] omni.isaac.wheeled_robots has been deprecated in favor of isaacsim.robot.wheeled_robots. Please update your code accordingly.
2026-10-03 20:48:44 [61,737ms] [Warning] [omni.isaac.wheeled_robots.robots] omni.isaac.wheeled_robots has been deprecated in favor of isaacsim.robot.wheeled_robots. Please update your code accordingly.
2026-10-03 20:48:44 [61,737ms] [Warning] [omni.isaac.wheeled_robots.robots.holonomic_robot_usd_setup] omni.isaac.wheeled_robots has been deprecated in favor of isaacsim.robot.wheeled_robots. Please update your code accordingly.
2026-10-03 20:48:44 [61,738ms] [Warning] [omni.isaac.wheeled_robots.robots.wheeled_robot] omni.isaac.wheeled_robots has been deprecated in favor of isaacsim.robot.wheeled_robots. Please update your code accordingly.
[61.784s] [ext: omni.isaac.franka-1.0.2] startup
2026-10-03 20:48:44 [61,743ms] [Warning] [omni.isaac.franka] omni.isaac.franka has been deprecated in favor of isaacsim.robot.manipulators.examples.franka. Please update your code accordingly.
2026-10-03 20:48:44 [61,744ms] [Warning] [omni.isaac.franka.franka] omni.isaac.franka has been deprecated in favor of isaacsim.robot.manipulators.examples.franka. Please update your code accordingly.
2026-10-03 20:48:44 [61,745ms] [Warning] [omni.isaac.franka.kinematics_solver] omni.isaac.franka has been deprecated in favor of isaacsim.robot.manipulators.examples.franka. Please update your code accordingly.
[61.787s] [ext: isaacsim.replicator.domain_randomization-1.0.2] startup
[61.808s] [ext: isaacsim.replicator.examples-1.1.2] startup
[61.810s] [ext: omni.kit.window.status_bar-0.1.7] startup
[61.845s] [ext: omni.rtx.window.settings-0.6.17] startup
[61.872s] [ext: omni.usd.metrics.assembler-106.5.0] startup
[61.920s] [ext: omni.physx.bundle-106.5.7] startup
[61.921s] [ext: isaacsim.app.about-2.0.7] startup
[61.924s] [ext: omni.replicator.isaac-2.0.3] startup
2026-10-03 20:48:44 [61,883ms] [Warning] [omni.replicator.isaac] omni.replicator.isaac has been deprecated in favor of isaacsim.replicator.domain_randomization, isaacsim.replicator.examples, isaacsim.replicator.writers. Please update your code accordingly.
[61.946s] [ext: omni.replicator.replicator_yaml-2.0.10] startup
[62.014s] [ext: omni.rtx.settings.core-0.6.3] startup
[62.041s] [ext: omni.usd.metrics.assembler.ui-106.5.0] startup
[62.063s] [ext: isaacsim.simulation_app-2.4.2] startup
[62.067s] [ext: omni.isaac.window.about-2.0.2] startup
2026-10-03 20:48:44 [62,031ms] [Warning] [omni.isaac.window.about] omni.isaac.window.about has been deprecated in favor of isaacsim.app.about. Please update your code accordingly.
2026-10-03 20:48:44 [62,031ms] [Warning] [omni.isaac.window.about.about] omni.isaac.window.about.about has been deprecated in favor of isaacsim.app.about.about. Please update your code accordingly.
[62.078s] [ext: semantics.schema.editor-0.3.10] startup
[62.145s] [ext: omni.kit.ui.actions-1.0.2] startup
[62.148s] [ext: semantics.schema.property-1.0.5] startup
[62.174s] [ext: omni.kit.manipulator.camera-106.0.3] startup
[62.183s] [ext: omni.isaac.kit-2.0.3] startup
2026-10-03 20:48:44 [62,143ms] [Warning] [omni.isaac.kit] omni.isaac.kit has been deprecated in favor of isaacsim.simulation_app. Please update your code accordingly.
[62.184s] [ext: omni.isaac.asset_browser-1.0.2] startup
2026-10-03 20:48:44 [62,144ms] [Warning] [omni.isaac.asset_browser] omni.isaac.asset_browser has been deprecated in favor of isaacsim.asset.browser. Please update your code accordingly.
[62.185s] [ext: isaacsim.core.throttling-2.0.2] startup
[62.234s] [ext: omni.kit.menu.common-1.1.9] startup
[62.238s] [ext: isaacsim.exp.base-4.5.0] startup
[62.240s] [ext: isaacsim.exp.base.python-4.5.0] startup
[62.246s] Simulation App Starting
2026-10-03 20:48:49 [66,824ms] [Warning] [carb.audio.device] audio device is misconfigured or broken {deviceIndex = 0, name = 'default'} (The device is likely misconfigured, check your $HOME/.asoundrc)
2026-10-03 20:48:49 [66,830ms] [Warning] [carb.audio.output] failed to retrieve the capabilities for device 0 {result = eDeviceLost (2)}
2026-10-03 20:48:49 [66,830ms] [Warning] [carb.audio.context] failed to set the requested output during context creation.  Using a null streamer instead {result = eDeviceLost (2)}
[68.408s] app ready
2026-10-03 20:48:55 [72,594ms] [Warning] [rtx.scenedb.plugin] SceneDbContext : TLAS limit buffer size 2921508224
2026-10-03 20:48:55 [72,594ms] [Warning] [rtx.scenedb.plugin] SceneDbContext : TLAS limit : valid true, within: false
2026-10-03 20:49:00 [77,990ms] [Warning] [omni.usd-abi.plugin] No setting was found for '/rtx-defaults-transient/meshlights/forceDisable'
2026-10-03 20:49:01 [78,988ms] [Warning] [omni.usd-abi.plugin] No setting was found for '/rtx-defaults/post/dlss/execMode'
2026-10-03 20:49:06 [83,471ms] [Warning] [carb.tasking.plugin] carb.tasking is likely stuck. All threads are busy with same tasks for more than 1 seconds with waiting tasks. Starting an emergency helper thread.
2026-10-03 20:49:07 [84,474ms] [Warning] [carb.tasking.plugin] carb.tasking is likely stuck. All threads are busy with same tasks for more than 1 seconds with waiting tasks. Starting an emergency helper thread.
2026-10-03 20:49:15 [92,515ms] [Warning] [carb.tasking.plugin] carb.tasking is likely stuck. All threads are busy with same tasks for more than 1 seconds with waiting tasks. Starting an emergency helper thread.
2026-10-03 20:49:16 [93,518ms] [Warning] [carb.tasking.plugin] carb.tasking is likely stuck. All threads are busy with same tasks for more than 1 seconds with waiting tasks. Starting an emergency helper thread.
2026-10-03 20:49:17 [94,522ms] [Warning] [carb.tasking.plugin] carb.tasking is likely stuck. All threads are busy with same tasks for more than 1 seconds with waiting tasks. Starting an emergency helper thread.
2026-10-03 20:49:34 [111,594ms] [Warning] [carb.tasking.plugin] carb.tasking is likely stuck. All threads are busy with same tasks for more than 1 seconds with waiting tasks. Starting an emergency helper thread.
2026-10-03 20:49:35 [112,594ms] [Warning] [carb.tasking.plugin] carb.tasking is likely stuck. All threads are busy with same tasks for more than 1 seconds with waiting tasks. Starting an emergency helper thread.
2026-10-03 20:49:36 [113,594ms] [Warning] [carb.tasking.plugin] carb.tasking is likely stuck. All threads are busy with same tasks for more than 1 seconds with waiting tasks. Starting an emergency helper thread.
2026-10-03 20:50:02 [139,416ms] [Warning] [rtx.postprocessing.plugin] DLSS increasing input dimensions: Render resolution of (320, 240) is below minimal input resolution of 300.
[144.357s] Simulation App Startup Complete
[isaac_app] renderer activeGpu=0 (want 0), multiGpu=False
app started in 144.5s
[148.401s] [ext: omni.physx.fabric-106.5.7] startup
2026-10-03 20:50:15 [152,827ms] [Warning] [omni.physicsschema.plugin] ScaleOrientation is not supported for rigid bodies, prim path: /World/envs/env_0/Robot/hande_left_finger. You may ignore this if the scale is close to uniform.
2026-10-03 20:50:15 [152,847ms] [Warning] [omni.physicsschema.plugin] ScaleOrientation is not supported for rigid bodies, prim path: /World/envs/env_0/Robot/hande_right_finger. You may ignore this if the scale is close to uniform.
2026-10-03 20:50:18 [155,695ms] [Warning] [omni.physx.plugin] Detected an articulation at /World/envs/env_0/Robot with more than 4 velocity iterations being added to a TGS scene.The related behavior changed recently, please consult the changelog. This warning will only print once.
2026-10-03 20:50:19 [156,510ms] [Warning] [omni.physx.tensors.plugin] Duplicate joint name 'FixedJoint' in articulation metatype
setup done
finger limits [[0.0, 0.042500000447034836], [0.0, 0.042500000447034836]]
[settle    ] step   50  ee err    nan mm  fingers 0.0425 0.0425  obj z +0.000
frame saved to /home/Invader17/grasp_task/runs/side_v2_20261003_234742, depth 0.943..1.200 m
[test_close] step  130  ee err    nan mm  fingers 0.0000 0.0000  obj z +0.000
[test_open ] step  210  ee err    nan mm  fingers 0.0425 0.0425  obj z +0.000
[high      ] step  610  ee err  125.0 mm  fingers 0.0425 0.0425  obj z +0.000
[pregrasp  ] step  910  ee err  125.1 mm  fingers 0.0425 0.0425  obj z +0.000
[approach  ] step 1110  ee err   25.5 mm  fingers 0.0425 0.0425  obj z +0.003
[close     ] step 1210  ee err    nan mm  fingers 0.0295 0.0304  obj z +0.001
[lift      ] step 1410  ee err    5.0 mm  fingers 0.0292 0.0303  obj z +0.141
[hold      ] step 1610  ee err    nan mm  fingers 0.0292 0.0303  obj z +0.141
object rise 14.1 cm, fingers at [0.029227236285805702, 0.030267613008618355]
video saved to /home/Invader17/grasp_task/runs/side_v2_20261003_234742/grasp_tetrapak_side.gif, 322 frames
PASS
2026-10-03 20:57:48 [606,110ms] [Warning] [carb.windowing-glfw.plugin] GLFW initialization failed.
2026-10-03 20:57:48 [606,110ms] [Warning] [carb] Failed to startup plugin carb.windowing-glfw.plugin (interfaces: [carb::windowing::IGLContext v1.0],[carb::windowing::IWindowing v1.5]) (impl: carb.windowing-glfw.plugin)
2026-10-03 20:58:00 [617,738ms] [Warning] [carb] Plugin interface for a client: omni.hydratexture.plugin was already released.
[INFO]: Simulation is stopped. Shutting down the app.
[23:58:15] код выхода 0, время 629 с, пик памяти на GPU 7 4119 MiB, клиент драйвера на GPU 0 6 MiB
[23:58:23] наших процессов на GPU нет
[23:58:23] результаты: /home/Invader17/grasp_task/runs/side_v2_20261003_234742
