[00:16:24] user=Invader17 gpu=7 vk_uuid=d9fc0582a134ded0909de88d902ecc0b cpus=46-47 timeout=40m stall=20m
[00:16:24] cmd: /home/Invader17/grasp_task/code/grasp/grasp_check.py --obj tetrapak --side --video
[Warning] [simulation_app.simulation_app] Modules: ['omni.kit_app'] were loaded before SimulationApp was started and might not be loaded correctly.
[Warning] [simulation_app.simulation_app] Please check to make sure no extra omniverse or pxr modules are imported before the call to SimulationApp(...)
Starting kit application with the following args:  ['/home/Invader17/grasp_task/envs/isaac/lib/python3.10/site-packages/isaacsim/exts/isaacsim.simulation_app/isaacsim/simulation_app/simulation_app.py', '/home/Invader17/grasp_task/envs/isaac/lib/python3.10/site-packages/isaacsim/apps/isaacsim.exp.base.python.kit', '--/app/tokens/exe-path=/home/Invader17/grasp_task/envs/isaac/lib/python3.10/site-packages/omni', '--/persistent/app/viewport/displayOptions=3094', '--/rtx/materialDb/syncLoads=True', '--/rtx/hydra/materialSyncLoads=True', '--/omni.kit.plugin/syncUsdLoads=True', '--/app/renderer/resolution/width=640', '--/app/renderer/resolution/height=480', '--/app/window/width=1440', '--/app/window/height=900', '--/renderer/multiGpu/enabled=False', '--/app/fastShutdown=True', '--/app/installSignalHandlers=0', '--ext-folder', '/home/Invader17/grasp_task/envs/isaac/lib/python3.10/site-packages/isaacsim/exts', '--ext-folder', '/home/Invader17/grasp_task/envs/isaac/lib/python3.10/site-packages/isaacsim/apps', '--/renderer/multiGpu/enabled=false', '--/renderer/multiGpu/autoEnable=false', '--/renderer/multiGpu/maxGpuCount=1', '--/renderer/activeGpu=0', '--/plugins/carb.tasking.plugin/threadCount=4', '--/persistent/isaac/asset_root/default=http://omniverse-content-production.s3-us-west-2.amazonaws.com/Assets/Isaac/4.5', '--/persistent/isaac/asset_root/cloud=http://omniverse-content-production.s3-us-west-2.amazonaws.com/Assets/Isaac/4.5', '--/persistent/isaac/asset_root/nvidia=http://omniverse-content-production.s3-us-west-2.amazonaws.com/Assets/Isaac/4.5', '--/renderer/activeGpu=0', '--/physics/cudaDevice=0', '--portable', '--no-window', '--/app/window/hideUi=1']
Passing the following args to the base kit application:  ['--obj', 'tetrapak', '--side', '--video']
[Info] [carb] Logging to file: /home/Invader17/grasp_task/envs/isaac/lib/python3.10/site-packages/omni/logs/Kit/Isaac-Sim Python/4.5/kit_20261003_211626.log
2026-10-03 21:16:26 [0ms] [Warning] [omni.kit.app.plugin] No crash reporter present, dumps uploading isn't available.
[2.119s] [ext: omni.kit.async_engine-0.0.1] startup
[00:16:28] на GPU 7 чужие процессы: 4027574; запас памяти 1536 MiB, наш потолок 6144 MiB
[9.268s] [ext: omni.metrics.core-0.0.1] startup
[9.272s] [ext: omni.client.lib-1.0.0] startup
[10.616s] [ext: omni.blobkey-1.1.2] startup
[11.218s] [ext: omni.stats-1.0.1] startup
[11.220s] [ext: omni.datastore-0.0.0] startup
[11.261s] [ext: omni.client-1.2.2] startup
[11.284s] [ext: omni.ujitso.default-1.0.0] startup
[11.288s] [ext: omni.hsscclient-1.1.1] startup
2026-10-03 21:16:37 [11,148ms] [Warning] [omni.datastore] OmniHub is inaccessible
[11.300s] [ext: omni.gpu_foundation.shadercache.vulkan-1.0.0] startup
[11.308s] [ext: omni.assets.plugins-0.0.0] startup
[11.312s] [ext: omni.gpu_foundation-0.0.0] startup
[11.328s] [ext: carb.windowing.plugins-1.0.0] startup
2026-10-03 21:16:37 [11,186ms] [Warning] [carb.windowing-glfw.plugin] GLFW initialization failed.
2026-10-03 21:16:37 [11,186ms] [Warning] [carb] Failed to startup plugin carb.windowing-glfw.plugin (interfaces: [carb::windowing::IGLContext v1.0],[carb::windowing::IWindowing v1.5]) (impl: carb.windowing-glfw.plugin)
[11.331s] [ext: omni.kit.renderer.init-0.0.0] startup
2026-10-03 21:16:37 [11,219ms] [Warning] [omni.platforminfo.plugin] failed to open the default display.  Can't verify X Server version.
2026-10-03 21:16:43 [16,607ms] [Warning] [carb.cudainterop.plugin] CUDA_VISIBLE_DEVICES environment variable is set.
2026-10-03 21:16:43 [16,608ms] [Warning] [carb.cudainterop.plugin] Note CUDA device enumeration and Omniverse device enumeration are different.
2026-10-03 21:16:43 [16,608ms] [Warning] [carb.cudainterop.plugin] Setting CUDA_VISIBLE_DEVICES can lead to undesired behavior or crashes.

|---------------------------------------------------------------------------------------------|
| Driver Version: 575.57.08     | Graphics API: Vulkan
|=============================================================================================|
| GPU | Name                             | Active | LDA | GPU Memory | Vendor-ID | LUID       |
|     |                                  |        |     |            | Device-ID | UUID       |
|     |                                  |        |     |            | Bus-ID    |            |
|---------------------------------------------------------------------------------------------|
| 0   | NVIDIA GeForce RTX 2080 Ti       | Yes: 0 |     | 11510   MB | 10de      | 0          |
|     |                                  |        |     |            | 1e04      | d9fc0582.. |
|     |                                  |        |     |            | 8         |            |
|=============================================================================================|
| OS: 20.04.6 LTS (Focal Fossa) ubuntu, Version: 20.04.6, Kernel: 5.15.0-139-generic
| Processor: AMD EPYC 7552 48-Core Processor
| Cores: 48 | Logical Cores: 48
|---------------------------------------------------------------------------------------------|
| Total Memory (MB): 515967 | Free Memory: 340848
| Total Page/Swap (MB): 67583 | Free Page/Swap: 17592186044409
|---------------------------------------------------------------------------------------------|
[34.896s] [ext: omni.kit.pipapi-0.0.0] startup
[34.899s] [ext: omni.materialx.libs-1.0.6] startup
[34.912s] [ext: omni.kit.pip_archive-0.0.0] startup
[34.914s] [ext: omni.usd.config-1.0.5] startup
[34.925s] [ext: omni.gpucompute.plugins-0.0.0] startup
[34.928s] [ext: omni.usd.libs-1.0.1] startup
[35.095s] [ext: omni.mdl-55.0.1] startup
[35.134s] [ext: omni.iray.libs-0.0.0] startup
[35.157s] [ext: omni.mdl.neuraylib-0.2.10] startup
[35.161s] [ext: omni.kit.usd.mdl-1.0.7] startup
[35.507s] [ext: omni.kit.telemetry-0.5.1] startup
[35.759s] [ext: omni.kit.loop-isaac-1.2.1] startup
[35.948s] [ext: omni.kit.test-1.1.2] startup
[36.884s] [ext: omni.appwindow-1.1.9] startup
2026-10-03 21:17:03 [36,743ms] [Warning] [carb.windowing-glfw.plugin] GLFW initialization failed.
2026-10-03 21:17:03 [36,743ms] [Warning] [carb] Failed to startup plugin carb.windowing-glfw.plugin (interfaces: [carb::windowing::IGLContext v1.0],[carb::windowing::IWindowing v1.5]) (impl: carb.windowing-glfw.plugin)
[36.891s] [ext: omni.kit.renderer.core-1.0.2] startup
2026-10-03 21:17:03 [37,424ms] [Warning] [carb.windowing-glfw.plugin] GLFW initialization failed.
2026-10-03 21:17:03 [37,424ms] [Warning] [carb] Failed to startup plugin carb.windowing-glfw.plugin (interfaces: [carb::windowing::IGLContext v1.0],[carb::windowing::IWindowing v1.5]) (impl: carb.windowing-glfw.plugin)
2026-10-03 21:17:04 [38,278ms] [Warning] [carb.windowing-glfw.plugin] GLFW initialization failed.
2026-10-03 21:17:04 [38,278ms] [Warning] [carb] Failed to startup plugin carb.windowing-glfw.plugin (interfaces: [carb::windowing::IGLContext v1.0],[carb::windowing::IWindowing v1.5]) (impl: carb.windowing-glfw.plugin)
[38.431s] [ext: omni.kit.renderer.capture-0.0.0] startup
[38.444s] [ext: omni.kit.renderer.imgui-1.0.2] startup
2026-10-03 21:17:04 [38,317ms] [Warning] [carb.windowing-glfw.plugin] GLFW initialization failed.
2026-10-03 21:17:04 [38,318ms] [Warning] [carb] Failed to startup plugin carb.windowing-glfw.plugin (interfaces: [carb::windowing::IGLContext v1.0],[carb::windowing::IWindowing v1.5]) (impl: carb.windowing-glfw.plugin)
2026-10-03 21:17:04 [38,320ms] [Warning] [carb.windowing-glfw.plugin] GLFW initialization failed.
2026-10-03 21:17:04 [38,321ms] [Warning] [carb] Failed to startup plugin carb.windowing-glfw.plugin (interfaces: [carb::windowing::IGLContext v1.0],[carb::windowing::IWindowing v1.5]) (impl: carb.windowing-glfw.plugin)
2026-10-03 21:17:04 [38,323ms] [Warning] [carb.windowing-glfw.plugin] GLFW initialization failed.
2026-10-03 21:17:04 [38,323ms] [Warning] [carb] Failed to startup plugin carb.windowing-glfw.plugin (interfaces: [carb::windowing::IGLContext v1.0],[carb::windowing::IWindowing v1.5]) (impl: carb.windowing-glfw.plugin)
[42.878s] [ext: omni.ui-2.26.5] startup
[43.523s] [ext: omni.kit.mainwindow-1.0.3] startup
[43.531s] [ext: carb.audio-0.1.0] startup
[43.554s] [ext: omni.uiaudio-1.0.0] startup
[43.556s] [ext: omni.kit.uiapp-0.0.0] startup
[43.556s] [ext: omni.usd.schema.metrics.assembler-106.5.0] startup
[43.585s] [ext: omni.usd.schema.anim-0.0.0] startup
[43.638s] [ext: omni.usd.schema.audio-0.0.0] startup
[43.682s] [ext: omni.usd.schema.isaac-3.0.2] startup
[43.682s] [ext: omni.usd.schema.omnigraph-1.0.0] startup
[43.699s] [ext: omni.usd.schema.forcefield-106.5.7] startup
[43.766s] [ext: omni.usd.schema.semantics-0.0.0] startup
[43.775s] [ext: omni.usd.schema.physx-106.5.7] startup
[43.833s] [ext: omni.usd.schema.geospatial-0.0.0] startup
[43.838s] [ext: omni.usd_resolver-1.0.0] startup
[43.844s] [ext: omni.kit.window.popup_dialog-2.0.24] startup
[43.851s] [ext: usdrt.scenegraph-7.5.1] startup
[43.911s] [ext: omni.timeline-1.0.11] startup
[43.915s] [ext: omni.usd.core-1.4.2] startup
[43.919s] [ext: omni.resourcemonitor-107.0.0] startup
[43.923s] [ext: omni.activity.core-1.0.1] startup
[43.926s] [ext: omni.kit.widget.nucleus_connector-1.1.10] startup
[43.929s] [ext: omni.hydra.usdrt_delegate-7.5.1] startup
[44.028s] [ext: omni.kit.actions.core-1.0.0] startup
[44.040s] [ext: omni.graph.exec-0.9.4] startup
[44.041s] [ext: omni.kit.commands-1.4.9] startup
[44.048s] [ext: omni.kit.usd_undo-0.1.8] startup
[44.050s] [ext: omni.kit.exec.core-0.13.4] startup
[44.054s] [ext: omni.kit.audiodeviceenum-1.0.1] startup
[44.057s] [ext: omni.hydra.scene_delegate-0.3.3] startup
[44.064s] [ext: omni.usd-1.12.4] startup
[44.153s] [ext: omni.inspect-1.0.1] startup
[44.156s] [ext: omni.kit.notification_manager-1.0.9] startup
[44.159s] [ext: omni.graph.core-2.181.8] startup
[44.165s] [ext: isaacsim.core.deprecation_manager-0.2.2] startup
[44.168s] [ext: omni.usd.schema.omniscripting-1.0.0] startup
[44.176s] [ext: isaacsim.robot.schema-3.1.2] startup
[44.189s] [ext: omni.kit.asset_converter-2.8.3] startup
[44.207s] [ext: omni.kit.menu.core-1.1.2] startup
[44.209s] [ext: omni.kvdb-106.5.7] startup
[44.212s] [ext: omni.kit.widget.context_menu-1.2.4] startup
[44.215s] [ext: omni.kit.usd.layers-2.2.0] startup
[44.229s] [ext: omni.kit.property.adapter.core-1.0.2] startup
[44.236s] [ext: omni.localcache-106.5.7] startup
[44.240s] [ext: omni.convexdecomposition-106.5.7] startup
[44.250s] [ext: omni.warp.core-1.5.0] startup
[44.847s] [ext: omni.kit.context_menu-1.8.3] startup
[44.858s] [ext: omni.kit.hotkeys.core-1.3.10] startup
[44.867s] [ext: omni.kit.property.adapter.fabric-1.0.3] startup
[44.872s] [ext: omni.usdphysics-106.5.7] startup
[44.880s] [ext: omni.kit.widget.path_field-2.0.11] startup
[44.884s] [ext: omni.kit.widget.options_menu-1.1.6] startup
[44.891s] [ext: omni.kit.helper.file_utils-0.1.9] startup
[44.895s] [ext: omni.kit.widget.browser_bar-2.0.10] startup
[44.896s] [ext: omni.kit.widget.options_button-1.0.3] startup
[44.901s] [ext: omni.kit.widget.filebrowser-2.10.52] startup
[44.912s] [ext: omni.kit.clipboard-1.0.5] startup
[44.916s] [ext: omni.graph.tools-1.79.1] startup
[44.964s] [ext: omni.ui.scene-1.11.2] startup
[44.979s] [ext: omni.graph.image.core-0.6.0] startup
[44.982s] [ext: omni.kit.window.filepicker-2.11.7] startup
[45.032s] [ext: omni.kit.widget.searchfield-1.1.8] startup
[45.035s] [ext: omni.graph.image.nodes-1.3.0] startup
[45.044s] [ext: omni.graph-1.140.2] startup
[45.166s] [ext: omni.kit.window.file_exporter-1.0.31] startup
[45.178s] [ext: omni.kit.widget.filter-1.1.4] startup
[45.216s] [ext: omni.physx.foundation-106.5.7] startup
[45.223s] [ext: omni.graph.nodes-1.162.1] startup
[45.284s] [ext: omni.kit.widget.stage-2.11.6] startup
[45.473s] [ext: omni.hydra.rtx.shadercache.vulkan-1.0.0] startup
[45.476s] [ext: omni.hydra.engine.stats-1.0.3] startup
[45.512s] [ext: omni.graph.action_core-1.1.7] startup
[45.521s] [ext: omni.kit.widget.highlight_label-1.0.3] startup
[45.524s] [ext: omni.ujitso.processor.texture-1.0.0] startup
[45.528s] [ext: omni.index.libs-380600.1777.0] startup
[45.528s] [ext: omni.kit.window.file_importer-1.1.14] startup
[45.645s] [ext: omni.kit.stage_template.core-1.1.22] startup
[45.647s] [ext: omni.volume-0.5.0] startup
[45.662s] [ext: omni.ujitso.client-0.0.0] startup
[45.667s] [ext: omni.index-1.0.1] startup
[45.668s] [ext: omni.kit.window.file-1.3.57] startup
[45.675s] [ext: omni.hydra.rtx-1.0.0] startup
2026-10-03 21:17:12 [45,575ms] [Warning] [omni.log] Source: omni.hydra was already registered.
[45.776s] [ext: omni.kit.viewport.registry-104.0.6] startup
[45.779s] [ext: omni.kit.viewport.legacy_gizmos-1.0.16] startup
[45.806s] [ext: omni.kit.raycast.query-1.0.5] startup
[45.819s] [ext: omni.kit.viewport.scene_camera_model-1.0.5] startup
[45.831s] [ext: omni.kit.hydra_texture-1.4.0] startup
[45.859s] [ext: omni.kit.menu.utils-1.7.7] startup
[45.871s] [ext: omni.kit.window.drop_support-1.0.4] startup
[45.877s] [ext: omni.kit.widget.viewport-107.0.7] startup
[45.888s] [ext: omni.kit.material.library-1.5.15] startup
[45.906s] [ext: omni.kit.window.content_browser_registry-0.0.6] startup
[45.908s] [ext: omni.kit.viewport.window-107.0.8] startup
[46.540s] [ext: omni.graph.action_nodes-1.40.1] startup
[46.555s] [ext: omni.kit.window.property-1.11.5] startup
[46.560s] [ext: omni.kit.window.content_browser-2.10.3] startup
[47.338s] [ext: omni.kit.property.adapter.usd-1.0.2] startup
[47.340s] [ext: omni.kit.viewport.utility-1.0.18] startup
[47.758s] [ext: omni.graph.action-1.120.0] startup
[47.759s] [ext: omni.kit.property.usd-4.2.16] startup
[48.340s] [ext: omni.physx.cooking-106.5.7] startup
[48.395s] [ext: omni.kit.widget.stage_icons-1.0.6] startup
[48.402s] [ext: omni.kit.widget.zoombar-1.0.5] startup
[48.404s] [ext: omni.physics.tensors-106.5.7] startup
[48.450s] [ext: omni.kit.widget.prompt-1.0.7] startup
[48.472s] [ext: omni.kit.usd.collect-2.2.22] startup
[48.483s] [ext: omni.physx-106.5.7] startup
[48.507s] [ext: omni.kit.window.stage-2.5.11] startup
[48.519s] [ext: omni.kit.browser.core-2.3.11] startup
[48.530s] [ext: omni.kit.widget.text_editor-1.0.2] startup
[48.539s] [ext: omni.physx.tensors-106.5.7] startup
[48.568s] [ext: omni.kit.tool.collect-2.2.16] startup
[48.576s] [ext: omni.kit.menu.stage-1.2.5] startup
[48.594s] [ext: omni.kit.browser.folder.core-1.10.1] startup
[48.614s] [ext: omni.warp-1.5.0] startup
[48.746s] [ext: isaacsim.examples.browser-0.1.8] startup
[48.995s] [ext: omni.physx.stageupdate-106.5.7] startup
[49.004s] [ext: omni.kit.numpy.common-0.1.2] startup
[49.062s] [ext: isaacsim.core.version-2.0.2] startup
[49.064s] [ext: omni.isaac.dynamic_control-1.3.15] startup
2026-10-03 21:17:15 [49,124ms] [Warning] [omni.isaac.dynamic_control] omni.isaac.dynamic_control is deprecated as of Isaac Sim 4.5. No action is needed from end-users.
[49.272s] [ext: isaacsim.storage.native-1.0.6] startup
[49.381s] [ext: omni.kit.menu.create-1.0.17] startup
[49.384s] [ext: isaacsim.core.utils-2.2.8] startup
[49.416s] [ext: omni.kit.widget.searchable_combobox-1.0.6] startup
[49.422s] [ext: omni.kit.primitive.mesh-1.0.17] startup
[49.433s] [ext: isaacsim.core.simulation_manager-0.3.3] startup
[54.527s] [ext: omni.kit.scripting-106.5.2] startup
[54.563s] [ext: omni.kit.stage_templates-1.2.6] startup
[54.576s] [ext: isaacsim.core.prims-0.3.7] startup
[54.734s] [ext: isaacsim.replicator.behavior-1.0.8] startup
[54.748s] [ext: isaacsim.core.api-4.2.16] startup
[54.853s] [ext: omni.ui_query-1.1.7] startup
[54.855s] [ext: omni.kit.manipulator.viewport-107.0.1] startup
[54.871s] [ext: omni.kit.ui_test-1.3.3] startup
[54.878s] [ext: omni.kit.window.extensions-1.4.25] startup
[54.901s] [ext: omni.graph.visualization.nodes-2.1.1] startup
[54.937s] [ext: omni.kit.tool.asset_importer-2.12.2] startup
[54.999s] [ext: isaacsim.gui.components-1.0.9] startup
[55.040s] [ext: omni.kit.widget.settings-1.2.2] startup
[55.043s] [ext: omni.kit.widget.graph-1.12.17] startup
[55.074s] [ext: omni.kit.window.preferences-1.7.0] startup
[55.103s] [ext: omni.kit.graph.delegate.default-1.2.2] startup
[55.106s] [ext: omni.kit.viewport.menubar.core-107.1.2] startup
[55.185s] [ext: omni.kit.widget.material_preview-1.0.16] startup
[55.196s] [ext: omni.kit.graph.usd.commands-1.3.1] startup
[55.198s] [ext: omni.kit.graph.editor.core-1.5.3] startup
[55.230s] [ext: omni.syntheticdata-0.6.10] startup
[55.360s] [ext: omni.kit.window.material_graph-1.8.19] startup
[55.484s] [ext: omni.graph.scriptnode-1.40.1] startup
[55.488s] [ext: isaacsim.core.cloner-1.3.4] startup
[55.524s] [ext: omni.replicator.core-1.11.35] startup
Warp 1.5.0 initialized:
   CUDA Toolkit 11.8, Driver 12.9
   Devices:
     "cpu"      : "x86_64"
     "cuda:0"   : "NVIDIA GeForce RTX 2080 Ti" (11 GiB, sm_75, mempool enabled)
   Kernel cache:
     /home/Invader17/grasp_task/.cache/warp
2026-10-03 21:17:24 [57,624ms] [Warning] [omni.replicator.core.scripts.extension] No material configuration file, adding configuration to material settings directly.
[57.774s] [ext: omni.isaac.cloner-1.0.2] startup
2026-10-03 21:17:24 [57,630ms] [Warning] [omni.isaac.cloner] omni.isaac.cloner has been deprecated in favor of isaacsim.core.cloner. Please update your code accordingly.
[57.775s] [ext: isaacsim.core.nodes-2.1.4] startup
[57.875s] [ext: isaacsim.asset.importer.urdf-2.3.10] startup
[59.768s] [ext: omni.isaac.core-4.0.3] startup
2026-10-03 21:17:26 [59,624ms] [Warning] [omni.isaac.core.physics_context.physics_context] omni.isaac.core.physics_context.physics_context has been deprecated in favor of isaacsim.core.api.physics_context.physics_context. Please update your code accordingly.
2026-10-03 21:17:26 [59,625ms] [Warning] [omni.isaac.core.simulation_context.simulation_context] omni.isaac.core.simulation_context.simulation_context has been deprecated in favor of isaacsim.core.api.simulation_context.simulation_context. Please update your code accordingly.
2026-10-03 21:17:26 [59,626ms] [Warning] [omni.isaac.core.world.world] omni.isaac.core.world.world has been deprecated in favor of isaacsim.core.api.world.world. Please update your code accordingly.
2026-10-03 21:17:26 [59,626ms] [Warning] [omni.isaac.core] omni.isaac.core has been deprecated in favor of isaacsim.core.api. Please update your code accordingly.
[59.771s] [ext: omni.isaac.core_nodes-2.0.2] startup
2026-10-03 21:17:26 [59,628ms] [Warning] [omni.isaac.core_nodes] omni.isaac.core_nodes has been deprecated in favor of isaacsim.core.nodes. Please update your code accordingly.
[59.998s] [ext: omni.anim.curve.core-1.2.0] startup
[60.107s] [ext: isaacsim.robot_motion.lula-4.0.4] startup
[60.153s] [ext: isaacsim.asset.importer.mjcf-2.3.3] startup
[60.172s] [ext: isaacsim.robot_motion.motion_generation-8.0.6] startup
[60.191s] [ext: isaacsim.asset.browser-1.3.4] startup
[60.328s] [ext: isaacsim.robot.surface_gripper-2.0.6] startup
[60.346s] [ext: omni.kit.selection-0.1.5] startup
[60.369s] [ext: isaacsim.robot_motion.lula_test_widget-1.0.5] startup
[60.376s] [ext: omni.isaac.assets_check-0.3.9] startup
2026-10-03 21:17:26 [60,232ms] [Warning] [omni.isaac.assets_check] omni.isaac.assets_check has been deprecated in favor of isaacsim.asset.browser. Please update your code accordingly.
[60.390s] [ext: isaacsim.robot.manipulators-3.0.4] startup
[60.418s] [ext: isaacsim.sensors.physics-0.3.5] startup
[60.454s] [ext: isaacsim.gui.menu-2.0.9] startup
[60.475s] [ext: omni.isaac.lula_test_widget-1.0.2] startup
2026-10-03 21:17:26 [60,331ms] [Warning] [omni.isaac.lula_test_widget] omni.isaac.lula_test_widget has been deprecated in favor of isaacsim.robot_motion.lula_test_widget. Please update your code accordingly.
[60.476s] [ext: omni.sensors.nv.common-2.5.0-coreapi] startup
[60.749s] [ext: omni.isaac.manipulators-3.0.3] startup
2026-10-03 21:17:27 [60,609ms] [Warning] [omni.isaac.manipulators] omni.isaac.manipulators has been deprecated in favor of isaacsim.robot.manipulators. Please update your code accordingly.
2026-10-03 21:17:27 [60,609ms] [Warning] [omni.isaac.manipulators.controllers] omni.isaac.manipulators has been deprecated in favor of isaacsim.robot.manipulators. Please update your code accordingly.
2026-10-03 21:17:27 [60,610ms] [Warning] [omni.isaac.manipulators.controllers.pick_place_controller] omni.isaac.manipulators has been deprecated in favor of isaacsim.robot.manipulators. Please update your code accordingly.
2026-10-03 21:17:27 [60,611ms] [Warning] [omni.isaac.manipulators.controllers.stacking_controller] omni.isaac.manipulators has been deprecated in favor of isaacsim.robot.manipulators. Please update your code accordingly.
2026-10-03 21:17:27 [60,611ms] [Warning] [omni.isaac.manipulators.grippers] omni.isaac.manipulators has been deprecated in favor of isaacsim.robot.manipulators. Please update your code accordingly.
2026-10-03 21:17:27 [60,612ms] [Warning] [omni.isaac.manipulators.grippers.gripper] omni.isaac.manipulators has been deprecated in favor of isaacsim.robot.manipulators. Please update your code accordingly.
2026-10-03 21:17:27 [60,612ms] [Warning] [omni.isaac.manipulators.grippers.parallel_gripper] omni.isaac.manipulators has been deprecated in favor of isaacsim.robot.manipulators. Please update your code accordingly.
2026-10-03 21:17:27 [60,617ms] [Warning] [omni.isaac.manipulators.grippers.surface_gripper] omni.isaac.manipulators has been deprecated in favor of isaacsim.robot.manipulators. Please update your code accordingly.
2026-10-03 21:17:27 [60,617ms] [Warning] [omni.isaac.manipulators.manipulators] omni.isaac.manipulators has been deprecated in favor of isaacsim.robot.manipulators. Please update your code accordingly.
2026-10-03 21:17:27 [60,618ms] [Warning] [omni.isaac.manipulators.manipulators.single_manipulator] omni.isaac.manipulators has been deprecated in favor of isaacsim.robot.manipulators. Please update your code accordingly.
[60.772s] [ext: isaacsim.robot.policy.examples-4.0.3] startup
[60.775s] [ext: omni.isaac.menu-1.0.2] startup
2026-10-03 21:17:27 [60,631ms] [Warning] [omni.isaac.menu] omni.isaac.menu has been deprecated in favor of isaacsim.gui.menu. Please update your code accordingly.
[60.804s] [ext: omni.isaac.motion_generation-8.0.2] startup
2026-10-03 21:17:27 [60,660ms] [Warning] [omni.isaac.motion_generation] omni.isaac.motion_generation has been deprecated in favor of isaacsim.robot_motion.motion_generation. Please update your code accordingly.
2026-10-03 21:17:27 [60,661ms] [Warning] [omni.isaac.motion_generation.articulation_kinematics_solver] omni.isaac.motion_generation has been deprecated in favor of isaacsim.robot_motion.motion_generation. Please update your code accordingly.
2026-10-03 21:17:27 [60,662ms] [Warning] [omni.isaac.motion_generation.articulation_motion_policy] omni.isaac.motion_generation has been deprecated in favor of isaacsim.robot_motion.motion_generation. Please update your code accordingly.
2026-10-03 21:17:27 [60,662ms] [Warning] [omni.isaac.motion_generation.articulation_trajectory] omni.isaac.motion_generation has been deprecated in favor of isaacsim.robot_motion.motion_generation. Please update your code accordingly.
2026-10-03 21:17:27 [60,662ms] [Warning] [omni.isaac.motion_generation.kinematics_interface] omni.isaac.motion_generation has been deprecated in favor of isaacsim.robot_motion.motion_generation. Please update your code accordingly.
2026-10-03 21:17:27 [60,663ms] [Warning] [omni.isaac.motion_generation.lula] omni.isaac.motion_generation has been deprecated in favor of isaacsim.robot_motion.motion_generation. Please update your code accordingly.
2026-10-03 21:17:27 [60,663ms] [Warning] [omni.isaac.motion_generation.lula.kinematics] omni.isaac.motion_generation has been deprecated in favor of isaacsim.robot_motion.motion_generation. Please update your code accordingly.
2026-10-03 21:17:27 [60,663ms] [Warning] [omni.isaac.motion_generation.lula.motion_policies] omni.isaac.motion_generation has been deprecated in favor of isaacsim.robot_motion.motion_generation. Please update your code accordingly.
2026-10-03 21:17:27 [60,667ms] [Warning] [omni.isaac.motion_generation.lula.path_planners] omni.isaac.motion_generation has been deprecated in favor of isaacsim.robot_motion.motion_generation. Please update your code accordingly.
2026-10-03 21:17:27 [60,667ms] [Warning] [omni.isaac.motion_generation.lula.trajectory_generator] omni.isaac.motion_generation has been deprecated in favor of isaacsim.robot_motion.motion_generation. Please update your code accordingly.
2026-10-03 21:17:27 [60,667ms] [Warning] [omni.isaac.motion_generation.motion_policy_controller] omni.isaac.motion_generation has been deprecated in favor of isaacsim.robot_motion.motion_generation. Please update your code accordingly.
2026-10-03 21:17:27 [60,668ms] [Warning] [omni.isaac.motion_generation.motion_policy_interface] omni.isaac.motion_generation has been deprecated in favor of isaacsim.robot_motion.motion_generation. Please update your code accordingly.
2026-10-03 21:17:27 [60,668ms] [Warning] [omni.isaac.motion_generation.path_planner_visualizer] omni.isaac.motion_generation has been deprecated in favor of isaacsim.robot_motion.motion_generation. Please update your code accordingly.
2026-10-03 21:17:27 [60,668ms] [Warning] [omni.isaac.motion_generation.path_planning_interface] omni.isaac.motion_generation has been deprecated in favor of isaacsim.robot_motion.motion_generation. Please update your code accordingly.
2026-10-03 21:17:27 [60,676ms] [Warning] [omni.isaac.motion_generation.trajectory] omni.isaac.motion_generation has been deprecated in favor of isaacsim.robot_motion.motion_generation. Please update your code accordingly.
2026-10-03 21:17:27 [60,676ms] [Warning] [omni.isaac.motion_generation.world_interface] omni.isaac.motion_generation has been deprecated in favor of isaacsim.robot_motion.motion_generation. Please update your code accordingly.
[60.843s] [ext: omni.sensors.nv.materials-1.4.0-coreapi] startup
[60.901s] [ext: omni.isaac.nucleus-1.0.3] startup
2026-10-03 21:17:27 [60,757ms] [Warning] [omni.isaac.nucleus] omni.isaac.nucleus has been deprecated in favor of isaacsim.storage.native. Please update your code accordingly.
2026-10-03 21:17:27 [60,757ms] [Warning] [omni.isaac.nucleus.nucleus] omni.isaac.nucleus.nucleus has been deprecated in favor of isaacsim.storage.native. Please update your code accordingly.
[60.902s] [ext: omni.isaac.quadruped-3.0.2] startup
2026-10-03 21:17:27 [60,759ms] [Warning] [omni.isaac.quadruped] omni.isaac.quadruped has been deprecated in favor of isaacsim.robot.policy.examples. Please update your code accordingly.
[60.904s] [ext: omni.kit.manipulator.selector-1.1.1] startup
[60.960s] [ext: omni.sensors.nv.wpm-2.4.0-coreapi] startup
[60.971s] [ext: omni.sensors.nv.lidar-2.6.3-coreapi] startup
[60.995s] [ext: omni.sensors.nv.ids-1.4.0-coreapi] startup
[61.039s] [ext: isaacsim.robot.manipulators.examples-1.0.3] startup
[61.047s] [ext: isaacsim.util.debug_draw-2.0.2] startup
[61.099s] [ext: omni.sensors.tiled-0.0.6] startup
[62.759s] [ext: omni.sensors.nv.radar-2.6.1-coreapi] startup
[62.774s] [ext: omni.kit.widget.toolbar-1.7.3] startup
[62.824s] [ext: omni.kit.manipulator.transform-106.0.1] startup
[63.683s] [ext: isaacsim.sensors.physx-2.2.4] startup
[63.715s] [ext: isaacsim.sensors.rtx-13.6.3] startup
[63.759s] [ext: isaacsim.sensors.camera-0.2.9] startup
[63.826s] [ext: isaacsim.cortex.framework-1.0.2] startup
[63.827s] [ext: omni.kit.manipulator.tool.snap-1.5.12] startup
[64.384s] [ext: omni.isaac.range_sensor-4.0.2] startup
[64.408s] [ext: omni.isaac.surface_gripper-2.0.2] startup
2026-10-03 21:17:30 [64,264ms] [Warning] [omni.isaac.surface_gripper] omni.isaac.surface_gripper has been deprecated in favor of isaacsim.robot.surface_gripper. Please update your code accordingly.
[64.410s] [ext: omni.isaac.sensor-13.0.3] startup
2026-10-03 21:17:30 [64,266ms] [Warning] [omni.isaac.sensor] omni.isaac.sensor has been deprecated in favor of isaacsim.sensors.camera, isaacsim.sensors.physics, isaacsim.sensors.physx, and isaacsim.sensors.rtx. Please update your code accordingly.
2026-10-03 21:17:30 [64,266ms] [Warning] [omni.isaac.sensor.camera] omni.isaac.sensor.camera has been deprecated in favor of isaacsim.sensors.camera.camera. Please update your code accordingly.
2026-10-03 21:17:30 [64,266ms] [Warning] [omni.isaac.sensor.camera_view] omni.isaac.sensor.camera_view has been deprecated in favor of isaacsim.sensors.camera.camera_view. Please update your code accordingly.
2026-10-03 21:17:30 [64,267ms] [Warning] [omni.isaac.sensor.commands] omni.isaac.sensor.commands has been deprecated in favor of isaacsim.sensors.physics.commands, isaacsim.sensors.physx.commands, and isaacsim.sensors.rtx.commands. Please update your code accordingly.
2026-10-03 21:17:30 [64,267ms] [Warning] [omni.isaac.sensor.contact_sensor] omni.isaac.sensor.contact_sensor has been deprecated in favor of isaacsim.sensors.physics.contact_sensor. Please update your code accordingly.
2026-10-03 21:17:30 [64,267ms] [Warning] [omni.isaac.sensor.imu_sensor] omni.isaac.sensor.imu_sensor has been deprecated in favor of isaacsim.sensors.physics.imu_sensor. Please update your code accordingly.
2026-10-03 21:17:30 [64,268ms] [Warning] [omni.isaac.sensor.lidar_rtx] omni.isaac.sensor.lidar_rtx has been deprecated in favor of isaacsim.sensors.rtx.lidar_rtx. Please update your code accordingly.
2026-10-03 21:17:30 [64,268ms] [Warning] [omni.isaac.sensor.rotating_lidar_physX] omni.isaac.sensor.imu_sensor has been deprecated in favor of isaacsim.sensors.physix.rotating_lidar_physX. Please update your code accordingly.
2026-10-03 21:17:30 [64,292ms] [Warning] [omni.isaac.sensor.scripts.samples.contact_sensor] omni.isaac.sensor.scripts.samples.contact_sensor has been deprecated in favor of isaacsim.sensors.physics.scripts.samples.contact_sensor. Please update your code accordingly.
2026-10-03 21:17:30 [64,294ms] [Warning] [omni.isaac.sensor.scripts.samples.imu_sensor] omni.isaac.sensor.scripts.samples.imu_sensor has been deprecated in favor of isaacsim.sensors.physics.scripts.samples.imu_sensor. Please update your code accordingly.
2026-10-03 21:17:30 [64,294ms] [Warning] [omni.isaac.sensor.scripts.samples.lightbeam_sensor] omni.isaac.sensor.scripts.samples.lightbeam_sensor has been deprecated in favor of isaacsim.sensors.physx.scripts.samples.lightbeam_sensor. Please update your code accordingly.
[64.440s] [ext: omni.isaac.cortex-1.0.2] startup
2026-10-03 21:17:30 [64,296ms] [Warning] [omni.isaac.cortex] omni.isaac.cortex has been deprecated in favor of isaacsim.cortex.framework. Please update your code accordingly.
[64.441s] [ext: omni.kit.viewport.manipulator.transform-107.0.4] startup
[64.518s] [ext: omni.debugdraw-0.1.3] startup
[64.547s] [ext: omni.isaac.universal_robots-1.0.2] startup
2026-10-03 21:17:30 [64,403ms] [Warning] [omni.isaac.universal_robots] omni.isaac.universal_robots has been deprecated in favor of isaacsim.robot.manipulators.examples.universal_robots. Please update your code accordingly.
2026-10-03 21:17:30 [64,403ms] [Warning] [omni.isaac.universal_robots.kinematics_solver] omni.isaac.franka has been deprecated in favor of isaacsim.robot.manipulators.examples.universal_robots. Please update your code accordingly.
2026-10-03 21:17:30 [64,404ms] [Warning] [omni.isaac.universal_robots.ur10] omni.isaac.franka has been deprecated in favor of isaacsim.robot.manipulators.examples.universal_robots. Please update your code accordingly.
[64.565s] [ext: omni.isaac.utils-2.0.2] startup
[65.507s] [ext: omni.kit.manipulator.prim.core-107.0.7] startup
[65.523s] [ext: omni.fabric.commands-1.1.5] startup
[65.561s] [ext: omni.kit.manipulator.selection-106.0.1] startup
[65.564s] [ext: omni.kit.viewport.actions-107.0.0] startup
[65.990s] [ext: omni.kit.manipulator.prim.usd-107.0.3] startup
[66.002s] [ext: omni.kit.manipulator.prim.fabric-107.0.4] startup
[66.006s] [ext: isaacsim.cortex.behaviors-2.0.3] startup
[66.007s] [ext: omni.kit.widget.layers-1.8.2] startup
[68.475s] [ext: omni.kit.viewport.menubar.display-107.0.3] startup
[69.708s] [ext: omni.kit.manipulator.prim-107.0.0] startup
[69.709s] [ext: omni.isaac.cortex.sample_behaviors-2.0.2] startup
2026-10-03 21:17:36 [69,575ms] [Warning] [omni.isaac.cortex.sample_behaviors] omni.isaac.cortex.sample_behaviors has been deprecated in favor of isaacsim.cortex.behaviors. Please update your code accordingly.
[70.493s] [ext: omni.graph.ui_nodes-1.40.1] startup
[70.513s] [ext: omni.usdphysics.ui-106.5.7] startup
[71.186s] [ext: omni.physx.commands-106.5.7] startup
[71.204s] [ext: omni.kit.property.camera-1.0.9] startup
[71.207s] [ext: omni.hydra.scene_api-0.1.2] startup
[71.239s] [ext: omni.kit.property.geometry-1.3.3] startup
[71.264s] [ext: omni.kit.property.light-1.0.11] startup
[71.480s] [ext: omni.physx.ui-106.5.7] startup
[71.804s] [ext: omni.kit.property.material-1.10.17] startup
[71.827s] [ext: omni.kit.property.render-1.1.3] startup
[71.829s] [ext: omni.kit.property.transform-1.5.10] startup
[71.855s] [ext: omni.kit.property.audio-1.0.16] startup
[71.858s] [ext: isaacsim.gui.property-1.0.4] startup
[71.876s] [ext: omni.physx.demos-106.5.7] startup
[71.959s] [ext: omni.kit.property.physx-106.5.7] startup
[72.116s] [ext: omni.isaac.lula-4.0.2] startup
2026-10-03 21:17:38 [71,979ms] [Warning] [omni.isaac.lula] omni.isaac.lula has been deprecated in favor of isaacsim.robot_motion.lula. Please update your code accordingly.
[72.124s] [ext: omni.kit.property.bundle-1.3.2] startup
[72.126s] [ext: omni.kit.property.isaac-1.0.2] startup
2026-10-03 21:17:38 [71,982ms] [Warning] [omni.kit.property.isaac] omni.kit.property.isaac has been deprecated in favor of isaacsim.gui.property. Please update your code accordingly.
2026-10-03 21:17:38 [71,982ms] [Warning] [omni.kit.property.isaac.widgets] omni.kit.property.isaac.widgets has been deprecated in favor of isaacsim.gui.property.widgets. Please update your code accordingly.
[72.147s] [ext: omni.physx.vehicle-106.5.7] startup
[72.202s] [ext: omni.kit.viewport.menubar.camera-107.0.2] startup
[72.233s] [ext: omni.kit.viewport.menubar.lighting-106.0.2] startup
[72.241s] [ext: omni.kit.viewport.menubar.render-107.0.8] startup
[72.264s] [ext: omni.kit.viewport.menubar.settings-107.0.3] startup
[72.274s] [ext: omni.kit.window.console-0.2.14] startup
[72.309s] [ext: omni.physx.camera-106.5.7] startup
[72.350s] [ext: omni.kit.window.toolbar-1.6.2] startup
[72.358s] [ext: omni.isaac.version-2.0.2] startup
2026-10-03 21:17:38 [72,214ms] [Warning] [omni.isaac.version] omni.isaac.version has been deprecated in favor of isaacsim.core.version. Please update your code accordingly.
[72.360s] [ext: isaacsim.robot.wheeled_robots-4.0.3] startup
[72.386s] [ext: omni.physx.cct-106.5.7] startup
[72.447s] [ext: omni.physx.graph-106.5.7] startup
[72.514s] [ext: isaacsim.replicator.writers-1.0.1] startup
[72.581s] [ext: omni.physx.supportui-106.5.7] startup
[73.635s] [ext: omni.physx.telemetry-106.5.7] startup
[73.844s] [ext: omni.isaac.wheeled_robots-3.0.3] startup
2026-10-03 21:17:40 [73,700ms] [Warning] [omni.isaac.wheeled_robots] omni.isaac.wheeled_robots has been deprecated in favor of isaacsim.robot.wheeled_robots. Please update your code accordingly.
2026-10-03 21:17:40 [73,701ms] [Warning] [omni.isaac.wheeled_robots.controllers] omni.isaac.wheeled_robots has been deprecated in favor of isaacsim.robot.wheeled_robots. Please update your code accordingly.
2026-10-03 21:17:40 [73,701ms] [Warning] [omni.isaac.wheeled_robots.controllers.ackermann_controller] omni.isaac.wheeled_robots has been deprecated in favor of isaacsim.robot.wheeled_robots. Please update your code accordingly.
2026-10-03 21:17:40 [73,702ms] [Warning] [omni.isaac.wheeled_robots.controllers.differential_controller] omni.isaac.wheeled_robots has been deprecated in favor of isaacsim.robot.wheeled_robots. Please update your code accordingly.
2026-10-03 21:17:40 [73,702ms] [Warning] [omni.isaac.wheeled_robots.controllers.holonomic_controller] omni.isaac.wheeled_robots has been deprecated in favor of isaacsim.robot.wheeled_robots. Please update your code accordingly.
2026-10-03 21:17:40 [73,702ms] [Warning] [omni.isaac.wheeled_robots.controllers.quintic_path_planner] omni.isaac.wheeled_robots has been deprecated in favor of isaacsim.robot.wheeled_robots. Please update your code accordingly.
2026-10-03 21:17:40 [73,703ms] [Warning] [omni.isaac.wheeled_robots.controllers.stanley_control] omni.isaac.wheeled_robots has been deprecated in favor of isaacsim.robot.wheeled_robots. Please update your code accordingly.
2026-10-03 21:17:40 [73,703ms] [Warning] [omni.isaac.wheeled_robots.controllers.wheel_base_pose_controller] omni.isaac.wheeled_robots has been deprecated in favor of isaacsim.robot.wheeled_robots. Please update your code accordingly.
2026-10-03 21:17:40 [73,703ms] [Warning] [omni.isaac.wheeled_robots.impl] omni.isaac.wheeled_robots has been deprecated in favor of isaacsim.robot.wheeled_robots. Please update your code accordingly.
2026-10-03 21:17:40 [73,704ms] [Warning] [omni.isaac.wheeled_robots.robots] omni.isaac.wheeled_robots has been deprecated in favor of isaacsim.robot.wheeled_robots. Please update your code accordingly.
2026-10-03 21:17:40 [73,704ms] [Warning] [omni.isaac.wheeled_robots.robots.holonomic_robot_usd_setup] omni.isaac.wheeled_robots has been deprecated in favor of isaacsim.robot.wheeled_robots. Please update your code accordingly.
2026-10-03 21:17:40 [73,704ms] [Warning] [omni.isaac.wheeled_robots.robots.wheeled_robot] omni.isaac.wheeled_robots has been deprecated in favor of isaacsim.robot.wheeled_robots. Please update your code accordingly.
[74.638s] [ext: omni.isaac.franka-1.0.2] startup
2026-10-03 21:17:41 [74,494ms] [Warning] [omni.isaac.franka] omni.isaac.franka has been deprecated in favor of isaacsim.robot.manipulators.examples.franka. Please update your code accordingly.
2026-10-03 21:17:41 [74,495ms] [Warning] [omni.isaac.franka.franka] omni.isaac.franka has been deprecated in favor of isaacsim.robot.manipulators.examples.franka. Please update your code accordingly.
2026-10-03 21:17:41 [74,496ms] [Warning] [omni.isaac.franka.kinematics_solver] omni.isaac.franka has been deprecated in favor of isaacsim.robot.manipulators.examples.franka. Please update your code accordingly.
[74.764s] [ext: isaacsim.replicator.domain_randomization-1.0.2] startup
[74.932s] [ext: isaacsim.replicator.examples-1.1.2] startup
[76.720s] [ext: omni.kit.window.status_bar-0.1.7] startup
[76.770s] [ext: omni.rtx.window.settings-0.6.17] startup
[76.816s] [ext: omni.usd.metrics.assembler-106.5.0] startup
[76.894s] [ext: omni.physx.bundle-106.5.7] startup
[76.895s] [ext: isaacsim.app.about-2.0.7] startup
[76.902s] [ext: omni.replicator.isaac-2.0.3] startup
2026-10-03 21:17:43 [76,758ms] [Warning] [omni.replicator.isaac] omni.replicator.isaac has been deprecated in favor of isaacsim.replicator.domain_randomization, isaacsim.replicator.examples, isaacsim.replicator.writers. Please update your code accordingly.
[76.903s] [ext: omni.replicator.replicator_yaml-2.0.10] startup
[77.058s] [ext: omni.rtx.settings.core-0.6.3] startup
[77.107s] [ext: omni.usd.metrics.assembler.ui-106.5.0] startup
[77.134s] [ext: isaacsim.simulation_app-2.4.2] startup
[77.135s] [ext: omni.isaac.window.about-2.0.2] startup
2026-10-03 21:17:43 [76,991ms] [Warning] [omni.isaac.window.about] omni.isaac.window.about has been deprecated in favor of isaacsim.app.about. Please update your code accordingly.
2026-10-03 21:17:43 [76,992ms] [Warning] [omni.isaac.window.about.about] omni.isaac.window.about.about has been deprecated in favor of isaacsim.app.about.about. Please update your code accordingly.
[77.137s] [ext: semantics.schema.editor-0.3.10] startup
[77.150s] [ext: omni.kit.ui.actions-1.0.2] startup
[77.170s] [ext: semantics.schema.property-1.0.5] startup
[77.172s] [ext: omni.kit.manipulator.camera-106.0.3] startup
[77.201s] [ext: omni.isaac.kit-2.0.3] startup
2026-10-03 21:17:43 [77,057ms] [Warning] [omni.isaac.kit] omni.isaac.kit has been deprecated in favor of isaacsim.simulation_app. Please update your code accordingly.
[77.202s] [ext: omni.isaac.asset_browser-1.0.2] startup
2026-10-03 21:17:43 [77,058ms] [Warning] [omni.isaac.asset_browser] omni.isaac.asset_browser has been deprecated in favor of isaacsim.asset.browser. Please update your code accordingly.
[77.203s] [ext: isaacsim.core.throttling-2.0.2] startup
[77.205s] [ext: omni.kit.menu.common-1.1.9] startup
[77.228s] [ext: isaacsim.exp.base-4.5.0] startup
[77.228s] [ext: isaacsim.exp.base.python-4.5.0] startup
[77.231s] Simulation App Starting
2026-10-03 21:17:44 [77,728ms] [Warning] [carb.audio.device] audio device is misconfigured or broken {deviceIndex = 0, name = 'default'} (The device is likely misconfigured, check your $HOME/.asoundrc)
2026-10-03 21:17:44 [77,729ms] [Warning] [carb.audio.output] failed to retrieve the capabilities for device 0 {result = eDeviceLost (2)}
2026-10-03 21:17:44 [77,729ms] [Warning] [carb.audio.context] failed to set the requested output during context creation.  Using a null streamer instead {result = eDeviceLost (2)}
[79.117s] app ready
2026-10-03 21:17:47 [81,333ms] [Warning] [rtx.scenedb.plugin] SceneDbContext : TLAS limit buffer size 2921508224
2026-10-03 21:17:47 [81,333ms] [Warning] [rtx.scenedb.plugin] SceneDbContext : TLAS limit : valid true, within: false
2026-10-03 21:17:49 [83,337ms] [Warning] [carb.tasking.plugin] carb.tasking is likely stuck. All threads are busy with same tasks for more than 1 seconds with waiting tasks. Starting an emergency helper thread.
2026-10-03 21:17:52 [86,346ms] [Warning] [carb.tasking.plugin] carb.tasking is likely stuck. All threads are busy with same tasks for more than 1 seconds with waiting tasks. Starting an emergency helper thread.
2026-10-03 21:17:55 [88,567ms] [Warning] [omni.usd-abi.plugin] No setting was found for '/rtx-defaults-transient/meshlights/forceDisable'
2026-10-03 21:17:55 [88,892ms] [Warning] [omni.usd-abi.plugin] No setting was found for '/rtx-defaults/post/dlss/execMode'
2026-10-03 21:18:08 [101,439ms] [Warning] [carb.tasking.plugin] carb.tasking is likely stuck. All threads are busy with same tasks for more than 1 seconds with waiting tasks. Starting an emergency helper thread.
2026-10-03 21:18:09 [102,443ms] [Warning] [carb.tasking.plugin] carb.tasking is likely stuck. All threads are busy with same tasks for more than 1 seconds with waiting tasks. Starting an emergency helper thread.
2026-10-03 21:18:10 [103,449ms] [Warning] [carb.tasking.plugin] carb.tasking is likely stuck. All threads are busy with same tasks for more than 1 seconds with waiting tasks. Starting an emergency helper thread.
2026-10-03 21:18:11 [104,449ms] [Warning] [carb.tasking.plugin] carb.tasking is likely stuck. All threads are busy with same tasks for more than 1 seconds with waiting tasks. Starting an emergency helper thread.
2026-10-03 21:18:12 [105,461ms] [Warning] [carb.tasking.plugin] carb.tasking is likely stuck. All threads are busy with same tasks for more than 1 seconds with waiting tasks. Starting an emergency helper thread.
2026-10-03 21:18:24 [117,505ms] [Warning] [carb.tasking.plugin] carb.tasking is likely stuck. All threads are busy with same tasks for more than 1 seconds with waiting tasks. Starting an emergency helper thread.
2026-10-03 21:18:25 [118,509ms] [Warning] [carb.tasking.plugin] carb.tasking is likely stuck. All threads are busy with same tasks for more than 1 seconds with waiting tasks. Starting an emergency helper thread.
2026-10-03 21:18:26 [119,513ms] [Warning] [carb.tasking.plugin] carb.tasking is likely stuck. All threads are busy with same tasks for more than 1 seconds with waiting tasks. Starting an emergency helper thread.
2026-10-03 21:18:27 [120,513ms] [Warning] [carb.tasking.plugin] carb.tasking is likely stuck. All threads are busy with same tasks for more than 1 seconds with waiting tasks. Starting an emergency helper thread.
2026-10-03 21:18:45 [139,143ms] [Warning] [rtx.postprocessing.plugin] DLSS increasing input dimensions: Render resolution of (320, 240) is below minimal input resolution of 300.
[141.076s] Simulation App Startup Complete
[isaac_app] renderer activeGpu=0 (want 0), multiGpu=False
app started in 142.2s
[142.043s] [ext: omni.physx.fabric-106.5.7] startup
2026-10-03 21:18:49 [143,163ms] [Warning] [omni.physicsschema.plugin] ScaleOrientation is not supported for rigid bodies, prim path: /World/envs/env_0/Robot/hande_left_finger. You may ignore this if the scale is close to uniform.
2026-10-03 21:18:49 [143,165ms] [Warning] [omni.physicsschema.plugin] ScaleOrientation is not supported for rigid bodies, prim path: /World/envs/env_0/Robot/hande_right_finger. You may ignore this if the scale is close to uniform.
2026-10-03 21:18:53 [147,272ms] [Warning] [omni.physx.plugin] Detected an articulation at /World/envs/env_0/Robot with more than 4 velocity iterations being added to a TGS scene.The related behavior changed recently, please consult the changelog. This warning will only print once.
2026-10-03 21:18:53 [147,368ms] [Warning] [omni.physx.tensors.plugin] Duplicate joint name 'FixedJoint' in articulation metatype
setup done
finger limits [[0.0, 0.042500000447034836], [0.0, 0.042500000447034836]]
[settle    ] step   50  ee err    nan mm  fingers 0.0425 0.0425  obj z +0.000
frame saved to /home/Invader17/grasp_task/runs/side_v4_20261004_001624, depth 0.943..1.200 m
[test_close] step  130  ee err    nan mm  fingers 0.0000 0.0000  obj z +0.000
[test_open ] step  210  ee err    nan mm  fingers 0.0425 0.0425  obj z +0.000
[high      ] step  610  ee err 1142.5 mm  fingers 0.0425 0.0425  obj z +0.000  manip min 0.0000  dq max 12.101  clip 396/400
[pregrasp  ] step  910  ee err 1064.3 mm  fingers 0.0425 0.0425  obj z +0.000  manip min 0.0057  dq max 6.588  clip 300/300
[approach  ] step 1110  ee err 1003.6 mm  fingers 0.0425 0.0425  obj z +0.000  manip min 0.0101  dq max 5.607  clip 200/200
[close     ] step 1210  ee err    nan mm  fingers 0.0000 0.0000  obj z +0.000
[lift      ] step 1410  ee err  942.8 mm  fingers 0.0000 0.0000  obj z +0.000  manip min 0.0119  dq max 3.696  clip 200/200
[hold      ] step 1610  ee err    nan mm  fingers 0.0000 0.0000  obj z +0.000
object rise 0.0 cm, fingers at [7.800093904108962e-12, 1.6292528437489295e-09]
video saved to /home/Invader17/grasp_task/runs/side_v4_20261004_001624/grasp_tetrapak_side.gif, 322 frames
FAIL
2026-10-03 21:25:07 [520,966ms] [Warning] [carb.windowing-glfw.plugin] GLFW initialization failed.
2026-10-03 21:25:07 [520,970ms] [Warning] [carb] Failed to startup plugin carb.windowing-glfw.plugin (interfaces: [carb::windowing::IGLContext v1.0],[carb::windowing::IWindowing v1.5]) (impl: carb.windowing-glfw.plugin)
2026-10-03 21:25:19 [533,266ms] [Warning] [carb] Plugin interface for a client: omni.hydratexture.plugin was already released.
[INFO]: Simulation is stopped. Shutting down the app.
[00:25:32] код выхода 0, время 544 с, пик памяти на GPU 7 4119 MiB, клиент драйвера на GPU 0 6 MiB
[00:25:38] наших процессов на GPU нет
[00:25:38] результаты: /home/Invader17/grasp_task/runs/side_v4_20261004_001624
