[23:37:02] user=Invader17 gpu=7 vk_uuid=d9fc0582a134ded0909de88d902ecc0b cpus=46-47 timeout=40m stall=20m
[23:37:02] cmd: /home/Invader17/grasp_task/code/grasp/grasp_check.py --obj tetrapak --side --video
[Warning] [simulation_app.simulation_app] Modules: ['omni.kit_app'] were loaded before SimulationApp was started and might not be loaded correctly.
[Warning] [simulation_app.simulation_app] Please check to make sure no extra omniverse or pxr modules are imported before the call to SimulationApp(...)
Starting kit application with the following args:  ['/home/Invader17/grasp_task/envs/isaac/lib/python3.10/site-packages/isaacsim/exts/isaacsim.simulation_app/isaacsim/simulation_app/simulation_app.py', '/home/Invader17/grasp_task/envs/isaac/lib/python3.10/site-packages/isaacsim/apps/isaacsim.exp.base.python.kit', '--/app/tokens/exe-path=/home/Invader17/grasp_task/envs/isaac/lib/python3.10/site-packages/omni', '--/persistent/app/viewport/displayOptions=3094', '--/rtx/materialDb/syncLoads=True', '--/rtx/hydra/materialSyncLoads=True', '--/omni.kit.plugin/syncUsdLoads=True', '--/app/renderer/resolution/width=640', '--/app/renderer/resolution/height=480', '--/app/window/width=1440', '--/app/window/height=900', '--/renderer/multiGpu/enabled=False', '--/app/fastShutdown=True', '--/app/installSignalHandlers=0', '--ext-folder', '/home/Invader17/grasp_task/envs/isaac/lib/python3.10/site-packages/isaacsim/exts', '--ext-folder', '/home/Invader17/grasp_task/envs/isaac/lib/python3.10/site-packages/isaacsim/apps', '--/renderer/multiGpu/enabled=false', '--/renderer/multiGpu/autoEnable=false', '--/renderer/multiGpu/maxGpuCount=1', '--/renderer/activeGpu=0', '--/plugins/carb.tasking.plugin/threadCount=4', '--/persistent/isaac/asset_root/default=http://omniverse-content-production.s3-us-west-2.amazonaws.com/Assets/Isaac/4.5', '--/persistent/isaac/asset_root/cloud=http://omniverse-content-production.s3-us-west-2.amazonaws.com/Assets/Isaac/4.5', '--/persistent/isaac/asset_root/nvidia=http://omniverse-content-production.s3-us-west-2.amazonaws.com/Assets/Isaac/4.5', '--/renderer/activeGpu=0', '--/physics/cudaDevice=0', '--portable', '--no-window', '--/app/window/hideUi=1']
Passing the following args to the base kit application:  ['--obj', 'tetrapak', '--side', '--video']
[Info] [carb] Logging to file: /home/Invader17/grasp_task/envs/isaac/lib/python3.10/site-packages/omni/logs/Kit/Isaac-Sim Python/4.5/kit_20261003_203703.log
2026-10-03 20:37:03 [0ms] [Warning] [omni.kit.app.plugin] No crash reporter present, dumps uploading isn't available.
[0.635s] [ext: omni.kit.async_engine-0.0.1] startup
[1.299s] [ext: omni.metrics.core-0.0.1] startup
[1.300s] [ext: omni.client.lib-1.0.0] startup
[1.635s] [ext: omni.blobkey-1.1.2] startup
[1.635s] [ext: omni.stats-1.0.1] startup
[1.637s] [ext: omni.datastore-0.0.0] startup
[1.648s] [ext: omni.client-1.2.2] startup
[1.658s] [ext: omni.ujitso.default-1.0.0] startup
[1.676s] [ext: omni.hsscclient-1.1.1] startup
2026-10-03 20:37:05 [1,755ms] [Warning] [omni.datastore] OmniHub is inaccessible
[2.065s] [ext: omni.gpu_foundation.shadercache.vulkan-1.0.0] startup
[2.075s] [ext: omni.assets.plugins-0.0.0] startup
[2.078s] [ext: omni.gpu_foundation-0.0.0] startup
[2.096s] [ext: carb.windowing.plugins-1.0.0] startup
2026-10-03 20:37:05 [2,059ms] [Warning] [carb.windowing-glfw.plugin] GLFW initialization failed.
2026-10-03 20:37:05 [2,060ms] [Warning] [carb] Failed to startup plugin carb.windowing-glfw.plugin (interfaces: [carb::windowing::IGLContext v1.0],[carb::windowing::IWindowing v1.5]) (impl: carb.windowing-glfw.plugin)
[2.102s] [ext: omni.kit.renderer.init-0.0.0] startup
2026-10-03 20:37:05 [2,082ms] [Warning] [omni.platforminfo.plugin] failed to open the default display.  Can't verify X Server version.
[23:37:14] на GPU 7 чужие процессы: 4027574; запас памяти 1536 MiB, наш потолок 6144 MiB
2026-10-03 20:37:15 [11,804ms] [Warning] [carb.cudainterop.plugin] CUDA_VISIBLE_DEVICES environment variable is set.
2026-10-03 20:37:15 [11,804ms] [Warning] [carb.cudainterop.plugin] Note CUDA device enumeration and Omniverse device enumeration are different.
2026-10-03 20:37:15 [11,804ms] [Warning] [carb.cudainterop.plugin] Setting CUDA_VISIBLE_DEVICES can lead to undesired behavior or crashes.

|---------------------------------------------------------------------------------------------|
| Driver Version: 575.57.08     | Graphics API: Vulkan
|=============================================================================================|
| GPU | Name                             | Active | LDA | GPU Memory | Vendor-ID | LUID       |
|     |                                  |        |     |            | Device-ID | UUID       |
|     |                                  |        |     |            | Bus-ID    |            |
|---------------------------------------------------------------------------------------------|
| 0   | NVIDIA GeForce RTX 2080 Ti       | Yes: 0 |     | 11510   MB | 10de      | 0          |
|     |                                  |        |     |            | 1e04      | d9fc0582.. |
|     |                                  |        |     |            | 8         |            |
|=============================================================================================|
| OS: 20.04.6 LTS (Focal Fossa) ubuntu, Version: 20.04.6, Kernel: 5.15.0-139-generic
| Processor: AMD EPYC 7552 48-Core Processor
| Cores: 48 | Logical Cores: 48
|---------------------------------------------------------------------------------------------|
| Total Memory (MB): 515967 | Free Memory: 346885
| Total Page/Swap (MB): 67583 | Free Page/Swap: 17592186044409
|---------------------------------------------------------------------------------------------|
[26.829s] [ext: omni.kit.pipapi-0.0.0] startup
[26.835s] [ext: omni.materialx.libs-1.0.6] startup
[26.856s] [ext: omni.kit.pip_archive-0.0.0] startup
[26.857s] [ext: omni.usd.config-1.0.5] startup
[26.938s] [ext: omni.gpucompute.plugins-0.0.0] startup
[26.971s] [ext: omni.usd.libs-1.0.1] startup
[27.213s] [ext: omni.mdl-55.0.1] startup
[27.275s] [ext: omni.iray.libs-0.0.0] startup
[27.295s] [ext: omni.mdl.neuraylib-0.2.10] startup
[27.303s] [ext: omni.kit.usd.mdl-1.0.7] startup
[27.773s] [ext: omni.kit.telemetry-0.5.1] startup
[27.799s] [ext: omni.kit.loop-isaac-1.2.1] startup
[27.835s] [ext: omni.kit.test-1.1.2] startup
[28.009s] [ext: omni.appwindow-1.1.9] startup
2026-10-03 20:37:31 [27,972ms] [Warning] [carb.windowing-glfw.plugin] GLFW initialization failed.
2026-10-03 20:37:31 [27,972ms] [Warning] [carb] Failed to startup plugin carb.windowing-glfw.plugin (interfaces: [carb::windowing::IGLContext v1.0],[carb::windowing::IWindowing v1.5]) (impl: carb.windowing-glfw.plugin)
[28.019s] [ext: omni.kit.renderer.core-1.0.2] startup
2026-10-03 20:37:31 [28,031ms] [Warning] [carb.windowing-glfw.plugin] GLFW initialization failed.
2026-10-03 20:37:31 [28,034ms] [Warning] [carb] Failed to startup plugin carb.windowing-glfw.plugin (interfaces: [carb::windowing::IGLContext v1.0],[carb::windowing::IWindowing v1.5]) (impl: carb.windowing-glfw.plugin)
2026-10-03 20:37:31 [28,056ms] [Warning] [carb.windowing-glfw.plugin] GLFW initialization failed.
2026-10-03 20:37:31 [28,056ms] [Warning] [carb] Failed to startup plugin carb.windowing-glfw.plugin (interfaces: [carb::windowing::IGLContext v1.0],[carb::windowing::IWindowing v1.5]) (impl: carb.windowing-glfw.plugin)
[28.104s] [ext: omni.kit.renderer.capture-0.0.0] startup
[28.117s] [ext: omni.kit.renderer.imgui-1.0.2] startup
2026-10-03 20:37:31 [28,092ms] [Warning] [carb.windowing-glfw.plugin] GLFW initialization failed.
2026-10-03 20:37:31 [28,095ms] [Warning] [carb] Failed to startup plugin carb.windowing-glfw.plugin (interfaces: [carb::windowing::IGLContext v1.0],[carb::windowing::IWindowing v1.5]) (impl: carb.windowing-glfw.plugin)
2026-10-03 20:37:31 [28,097ms] [Warning] [carb.windowing-glfw.plugin] GLFW initialization failed.
2026-10-03 20:37:31 [28,098ms] [Warning] [carb] Failed to startup plugin carb.windowing-glfw.plugin (interfaces: [carb::windowing::IGLContext v1.0],[carb::windowing::IWindowing v1.5]) (impl: carb.windowing-glfw.plugin)
2026-10-03 20:37:31 [28,099ms] [Warning] [carb.windowing-glfw.plugin] GLFW initialization failed.
2026-10-03 20:37:31 [28,099ms] [Warning] [carb] Failed to startup plugin carb.windowing-glfw.plugin (interfaces: [carb::windowing::IGLContext v1.0],[carb::windowing::IWindowing v1.5]) (impl: carb.windowing-glfw.plugin)
[29.104s] [ext: omni.ui-2.26.5] startup
[29.143s] [ext: omni.kit.mainwindow-1.0.3] startup
[29.145s] [ext: carb.audio-0.1.0] startup
[29.227s] [ext: omni.uiaudio-1.0.0] startup
[29.884s] [ext: omni.kit.uiapp-0.0.0] startup
[29.884s] [ext: omni.usd.schema.metrics.assembler-106.5.0] startup
[29.937s] [ext: omni.usd.schema.anim-0.0.0] startup
[30.028s] [ext: omni.usd.schema.audio-0.0.0] startup
[30.033s] [ext: omni.usd.schema.isaac-3.0.2] startup
[30.040s] [ext: omni.usd.schema.omnigraph-1.0.0] startup
[30.123s] [ext: omni.usd.schema.forcefield-106.5.7] startup
[30.301s] [ext: omni.usd.schema.semantics-0.0.0] startup
[30.310s] [ext: omni.usd.schema.physx-106.5.7] startup
[30.564s] [ext: omni.usd.schema.geospatial-0.0.0] startup
[30.572s] [ext: omni.usd_resolver-1.0.0] startup
[30.583s] [ext: omni.kit.window.popup_dialog-2.0.24] startup
[30.596s] [ext: usdrt.scenegraph-7.5.1] startup
[30.698s] [ext: omni.timeline-1.0.11] startup
[30.706s] [ext: omni.usd.core-1.4.2] startup
[30.713s] [ext: omni.resourcemonitor-107.0.0] startup
[30.727s] [ext: omni.activity.core-1.0.1] startup
[30.738s] [ext: omni.kit.widget.nucleus_connector-1.1.10] startup
[30.743s] [ext: omni.hydra.usdrt_delegate-7.5.1] startup
[30.778s] [ext: omni.kit.actions.core-1.0.0] startup
[30.788s] [ext: omni.graph.exec-0.9.4] startup
[30.789s] [ext: omni.kit.commands-1.4.9] startup
[30.809s] [ext: omni.kit.usd_undo-0.1.8] startup
[30.816s] [ext: omni.kit.exec.core-0.13.4] startup
[30.826s] [ext: omni.kit.audiodeviceenum-1.0.1] startup
[30.829s] [ext: omni.hydra.scene_delegate-0.3.3] startup
[30.850s] [ext: omni.usd-1.12.4] startup
[30.992s] [ext: omni.inspect-1.0.1] startup
[30.995s] [ext: omni.kit.notification_manager-1.0.9] startup
[31.005s] [ext: omni.graph.core-2.181.8] startup
[31.015s] [ext: isaacsim.core.deprecation_manager-0.2.2] startup
[31.018s] [ext: omni.usd.schema.omniscripting-1.0.0] startup
[31.027s] [ext: isaacsim.robot.schema-3.1.2] startup
[31.040s] [ext: omni.kit.asset_converter-2.8.3] startup
[31.061s] [ext: omni.kit.menu.core-1.1.2] startup
[31.063s] [ext: omni.kvdb-106.5.7] startup
[31.067s] [ext: omni.kit.widget.context_menu-1.2.4] startup
[31.069s] [ext: omni.kit.usd.layers-2.2.0] startup
[31.083s] [ext: omni.kit.property.adapter.core-1.0.2] startup
[31.090s] [ext: omni.localcache-106.5.7] startup
[31.093s] [ext: omni.convexdecomposition-106.5.7] startup
[31.103s] [ext: omni.warp.core-1.5.0] startup
[31.569s] [ext: omni.kit.context_menu-1.8.3] startup
[31.608s] [ext: omni.kit.hotkeys.core-1.3.10] startup
[31.647s] [ext: omni.kit.property.adapter.fabric-1.0.3] startup
[31.649s] [ext: omni.usdphysics-106.5.7] startup
[31.661s] [ext: omni.kit.widget.path_field-2.0.11] startup
[31.664s] [ext: omni.kit.widget.options_menu-1.1.6] startup
[31.731s] [ext: omni.kit.helper.file_utils-0.1.9] startup
[31.733s] [ext: omni.kit.widget.browser_bar-2.0.10] startup
[31.768s] [ext: omni.kit.widget.options_button-1.0.3] startup
[31.771s] [ext: omni.kit.widget.filebrowser-2.10.52] startup
[31.783s] [ext: omni.kit.clipboard-1.0.5] startup
[31.785s] [ext: omni.graph.tools-1.79.1] startup
[31.895s] [ext: omni.ui.scene-1.11.2] startup
[31.909s] [ext: omni.graph.image.core-0.6.0] startup
[31.916s] [ext: omni.kit.window.filepicker-2.11.7] startup
[31.948s] [ext: omni.kit.widget.searchfield-1.1.8] startup
[31.952s] [ext: omni.graph.image.nodes-1.3.0] startup
[31.959s] [ext: omni.graph-1.140.2] startup
[32.774s] [ext: omni.kit.window.file_exporter-1.0.31] startup
[32.782s] [ext: omni.kit.widget.filter-1.1.4] startup
[32.797s] [ext: omni.physx.foundation-106.5.7] startup
[32.802s] [ext: omni.graph.nodes-1.162.1] startup
[32.836s] [ext: omni.kit.widget.stage-2.11.6] startup
[32.895s] [ext: omni.hydra.rtx.shadercache.vulkan-1.0.0] startup
[32.904s] [ext: omni.hydra.engine.stats-1.0.3] startup
[32.919s] [ext: omni.graph.action_core-1.1.7] startup
[32.926s] [ext: omni.kit.widget.highlight_label-1.0.3] startup
[32.927s] [ext: omni.ujitso.processor.texture-1.0.0] startup
[32.944s] [ext: omni.index.libs-380600.1777.0] startup
[32.944s] [ext: omni.kit.window.file_importer-1.1.14] startup
[32.948s] [ext: omni.kit.stage_template.core-1.1.22] startup
[32.961s] [ext: omni.volume-0.5.0] startup
[32.976s] [ext: omni.ujitso.client-0.0.0] startup
[32.978s] [ext: omni.index-1.0.1] startup
[32.986s] [ext: omni.kit.window.file-1.3.57] startup
[32.994s] [ext: omni.hydra.rtx-1.0.0] startup
2026-10-03 20:37:36 [32,976ms] [Warning] [omni.log] Source: omni.hydra was already registered.
[33.103s] [ext: omni.kit.viewport.registry-104.0.6] startup
[33.104s] [ext: omni.kit.viewport.legacy_gizmos-1.0.16] startup
[33.366s] [ext: omni.kit.raycast.query-1.0.5] startup
[33.395s] [ext: omni.kit.viewport.scene_camera_model-1.0.5] startup
[33.409s] [ext: omni.kit.hydra_texture-1.4.0] startup
[33.421s] [ext: omni.kit.menu.utils-1.7.7] startup
[33.436s] [ext: omni.kit.window.drop_support-1.0.4] startup
[33.479s] [ext: omni.kit.widget.viewport-107.0.7] startup
[33.488s] [ext: omni.kit.material.library-1.5.15] startup
[33.546s] [ext: omni.kit.window.content_browser_registry-0.0.6] startup
[33.548s] [ext: omni.kit.viewport.window-107.0.8] startup
[33.685s] [ext: omni.graph.action_nodes-1.40.1] startup
[33.712s] [ext: omni.kit.window.property-1.11.5] startup
[33.720s] [ext: omni.kit.window.content_browser-2.10.3] startup
[34.025s] [ext: omni.kit.property.adapter.usd-1.0.2] startup
[34.028s] [ext: omni.kit.viewport.utility-1.0.18] startup
[34.038s] [ext: omni.graph.action-1.120.0] startup
[34.049s] [ext: omni.kit.property.usd-4.2.16] startup
[34.079s] [ext: omni.physx.cooking-106.5.7] startup
[34.145s] [ext: omni.kit.widget.stage_icons-1.0.6] startup
[34.148s] [ext: omni.kit.widget.zoombar-1.0.5] startup
[34.168s] [ext: omni.physics.tensors-106.5.7] startup
[34.187s] [ext: omni.kit.widget.prompt-1.0.7] startup
[34.189s] [ext: omni.kit.usd.collect-2.2.22] startup
[34.209s] [ext: omni.physx-106.5.7] startup
[34.239s] [ext: omni.kit.window.stage-2.5.11] startup
[34.319s] [ext: omni.kit.browser.core-2.3.11] startup
[34.358s] [ext: omni.kit.widget.text_editor-1.0.2] startup
[34.361s] [ext: omni.physx.tensors-106.5.7] startup
[34.375s] [ext: omni.kit.tool.collect-2.2.16] startup
[34.379s] [ext: omni.kit.menu.stage-1.2.5] startup
[34.381s] [ext: omni.kit.browser.folder.core-1.10.1] startup
[34.421s] [ext: omni.warp-1.5.0] startup
[34.435s] [ext: isaacsim.examples.browser-0.1.8] startup
[34.452s] [ext: omni.physx.stageupdate-106.5.7] startup
[34.538s] [ext: omni.kit.numpy.common-0.1.2] startup
[34.541s] [ext: isaacsim.core.version-2.0.2] startup
[34.600s] [ext: omni.isaac.dynamic_control-1.3.15] startup
2026-10-03 20:37:37 [34,615ms] [Warning] [omni.isaac.dynamic_control] omni.isaac.dynamic_control is deprecated as of Isaac Sim 4.5. No action is needed from end-users.
[34.657s] [ext: isaacsim.storage.native-1.0.6] startup
[34.721s] [ext: omni.kit.menu.create-1.0.17] startup
[34.765s] [ext: isaacsim.core.utils-2.2.8] startup
[34.773s] [ext: omni.kit.widget.searchable_combobox-1.0.6] startup
[34.777s] [ext: omni.kit.primitive.mesh-1.0.17] startup
[34.853s] [ext: isaacsim.core.simulation_manager-0.3.3] startup
[38.942s] [ext: omni.kit.scripting-106.5.2] startup
[38.956s] [ext: omni.kit.stage_templates-1.2.6] startup
[39.011s] [ext: isaacsim.core.prims-0.3.7] startup
[39.044s] [ext: isaacsim.replicator.behavior-1.0.8] startup
[39.054s] [ext: isaacsim.core.api-4.2.16] startup
[39.075s] [ext: omni.ui_query-1.1.7] startup
[39.076s] [ext: omni.kit.manipulator.viewport-107.0.1] startup
[39.085s] [ext: omni.kit.ui_test-1.3.3] startup
[39.089s] [ext: omni.kit.window.extensions-1.4.25] startup
[39.101s] [ext: omni.graph.visualization.nodes-2.1.1] startup
[39.117s] [ext: omni.kit.tool.asset_importer-2.12.2] startup
[39.188s] [ext: isaacsim.gui.components-1.0.9] startup
[39.202s] [ext: omni.kit.widget.settings-1.2.2] startup
[39.212s] [ext: omni.kit.widget.graph-1.12.17] startup
[39.231s] [ext: omni.kit.window.preferences-1.7.0] startup
[39.245s] [ext: omni.kit.graph.delegate.default-1.2.2] startup
[39.248s] [ext: omni.kit.viewport.menubar.core-107.1.2] startup
[39.332s] [ext: omni.kit.widget.material_preview-1.0.16] startup
[39.343s] [ext: omni.kit.graph.usd.commands-1.3.1] startup
[39.348s] [ext: omni.kit.graph.editor.core-1.5.3] startup
[39.381s] [ext: omni.syntheticdata-0.6.10] startup
[39.459s] [ext: omni.kit.window.material_graph-1.8.19] startup
[39.544s] [ext: omni.graph.scriptnode-1.40.1] startup
[39.547s] [ext: isaacsim.core.cloner-1.3.4] startup
[39.554s] [ext: omni.replicator.core-1.11.35] startup
Warp 1.5.0 initialized:
   CUDA Toolkit 11.8, Driver 12.9
   Devices:
     "cpu"      : "x86_64"
     "cuda:0"   : "NVIDIA GeForce RTX 2080 Ti" (11 GiB, sm_75, mempool enabled)
   Kernel cache:
     /home/Invader17/grasp_task/.cache/warp
2026-10-03 20:37:42 [39,720ms] [Warning] [omni.replicator.core.scripts.extension] No material configuration file, adding configuration to material settings directly.
[39.768s] [ext: omni.isaac.cloner-1.0.2] startup
2026-10-03 20:37:43 [39,728ms] [Warning] [omni.isaac.cloner] omni.isaac.cloner has been deprecated in favor of isaacsim.core.cloner. Please update your code accordingly.
[39.778s] [ext: isaacsim.core.nodes-2.1.4] startup
[39.813s] [ext: isaacsim.asset.importer.urdf-2.3.10] startup
[40.889s] [ext: omni.isaac.core-4.0.3] startup
2026-10-03 20:37:44 [40,849ms] [Warning] [omni.isaac.core.physics_context.physics_context] omni.isaac.core.physics_context.physics_context has been deprecated in favor of isaacsim.core.api.physics_context.physics_context. Please update your code accordingly.
2026-10-03 20:37:44 [40,895ms] [Warning] [omni.isaac.core.simulation_context.simulation_context] omni.isaac.core.simulation_context.simulation_context has been deprecated in favor of isaacsim.core.api.simulation_context.simulation_context. Please update your code accordingly.
2026-10-03 20:37:44 [40,896ms] [Warning] [omni.isaac.core.world.world] omni.isaac.core.world.world has been deprecated in favor of isaacsim.core.api.world.world. Please update your code accordingly.
2026-10-03 20:37:44 [40,896ms] [Warning] [omni.isaac.core] omni.isaac.core has been deprecated in favor of isaacsim.core.api. Please update your code accordingly.
[40.938s] [ext: omni.isaac.core_nodes-2.0.2] startup
2026-10-03 20:37:44 [40,898ms] [Warning] [omni.isaac.core_nodes] omni.isaac.core_nodes has been deprecated in favor of isaacsim.core.nodes. Please update your code accordingly.
[40.962s] [ext: omni.anim.curve.core-1.2.0] startup
[41.065s] [ext: isaacsim.robot_motion.lula-4.0.4] startup
[41.148s] [ext: isaacsim.asset.importer.mjcf-2.3.3] startup
[41.170s] [ext: isaacsim.robot_motion.motion_generation-8.0.6] startup
[41.203s] [ext: isaacsim.asset.browser-1.3.4] startup
[41.359s] [ext: isaacsim.robot.surface_gripper-2.0.6] startup
[41.367s] [ext: omni.kit.selection-0.1.5] startup
[41.377s] [ext: isaacsim.robot_motion.lula_test_widget-1.0.5] startup
[41.392s] [ext: omni.isaac.assets_check-0.3.9] startup
2026-10-03 20:37:44 [41,352ms] [Warning] [omni.isaac.assets_check] omni.isaac.assets_check has been deprecated in favor of isaacsim.asset.browser. Please update your code accordingly.
[41.393s] [ext: isaacsim.robot.manipulators-3.0.4] startup
[41.397s] [ext: isaacsim.sensors.physics-0.3.5] startup
[41.425s] [ext: isaacsim.gui.menu-2.0.9] startup
[41.463s] [ext: omni.isaac.lula_test_widget-1.0.2] startup
2026-10-03 20:37:44 [41,422ms] [Warning] [omni.isaac.lula_test_widget] omni.isaac.lula_test_widget has been deprecated in favor of isaacsim.robot_motion.lula_test_widget. Please update your code accordingly.
[41.464s] [ext: omni.sensors.nv.common-2.5.0-coreapi] startup
[41.513s] [ext: omni.isaac.manipulators-3.0.3] startup
2026-10-03 20:37:44 [41,519ms] [Warning] [omni.isaac.manipulators] omni.isaac.manipulators has been deprecated in favor of isaacsim.robot.manipulators. Please update your code accordingly.
2026-10-03 20:37:44 [41,519ms] [Warning] [omni.isaac.manipulators.controllers] omni.isaac.manipulators has been deprecated in favor of isaacsim.robot.manipulators. Please update your code accordingly.
2026-10-03 20:37:44 [41,520ms] [Warning] [omni.isaac.manipulators.controllers.pick_place_controller] omni.isaac.manipulators has been deprecated in favor of isaacsim.robot.manipulators. Please update your code accordingly.
2026-10-03 20:37:44 [41,521ms] [Warning] [omni.isaac.manipulators.controllers.stacking_controller] omni.isaac.manipulators has been deprecated in favor of isaacsim.robot.manipulators. Please update your code accordingly.
2026-10-03 20:37:44 [41,522ms] [Warning] [omni.isaac.manipulators.grippers] omni.isaac.manipulators has been deprecated in favor of isaacsim.robot.manipulators. Please update your code accordingly.
2026-10-03 20:37:44 [41,522ms] [Warning] [omni.isaac.manipulators.grippers.gripper] omni.isaac.manipulators has been deprecated in favor of isaacsim.robot.manipulators. Please update your code accordingly.
2026-10-03 20:37:44 [41,522ms] [Warning] [omni.isaac.manipulators.grippers.parallel_gripper] omni.isaac.manipulators has been deprecated in favor of isaacsim.robot.manipulators. Please update your code accordingly.
2026-10-03 20:37:44 [41,522ms] [Warning] [omni.isaac.manipulators.grippers.surface_gripper] omni.isaac.manipulators has been deprecated in favor of isaacsim.robot.manipulators. Please update your code accordingly.
2026-10-03 20:37:44 [41,523ms] [Warning] [omni.isaac.manipulators.manipulators] omni.isaac.manipulators has been deprecated in favor of isaacsim.robot.manipulators. Please update your code accordingly.
2026-10-03 20:37:44 [41,523ms] [Warning] [omni.isaac.manipulators.manipulators.single_manipulator] omni.isaac.manipulators has been deprecated in favor of isaacsim.robot.manipulators. Please update your code accordingly.
[41.571s] [ext: isaacsim.robot.policy.examples-4.0.3] startup
[41.599s] [ext: omni.isaac.menu-1.0.2] startup
2026-10-03 20:37:44 [41,558ms] [Warning] [omni.isaac.menu] omni.isaac.menu has been deprecated in favor of isaacsim.gui.menu. Please update your code accordingly.
[41.600s] [ext: omni.isaac.motion_generation-8.0.2] startup
2026-10-03 20:37:44 [41,559ms] [Warning] [omni.isaac.motion_generation] omni.isaac.motion_generation has been deprecated in favor of isaacsim.robot_motion.motion_generation. Please update your code accordingly.
2026-10-03 20:37:44 [41,560ms] [Warning] [omni.isaac.motion_generation.articulation_kinematics_solver] omni.isaac.motion_generation has been deprecated in favor of isaacsim.robot_motion.motion_generation. Please update your code accordingly.
2026-10-03 20:37:44 [41,560ms] [Warning] [omni.isaac.motion_generation.articulation_motion_policy] omni.isaac.motion_generation has been deprecated in favor of isaacsim.robot_motion.motion_generation. Please update your code accordingly.
2026-10-03 20:37:44 [41,560ms] [Warning] [omni.isaac.motion_generation.articulation_trajectory] omni.isaac.motion_generation has been deprecated in favor of isaacsim.robot_motion.motion_generation. Please update your code accordingly.
2026-10-03 20:37:44 [41,561ms] [Warning] [omni.isaac.motion_generation.kinematics_interface] omni.isaac.motion_generation has been deprecated in favor of isaacsim.robot_motion.motion_generation. Please update your code accordingly.
2026-10-03 20:37:44 [41,567ms] [Warning] [omni.isaac.motion_generation.lula] omni.isaac.motion_generation has been deprecated in favor of isaacsim.robot_motion.motion_generation. Please update your code accordingly.
2026-10-03 20:37:44 [41,567ms] [Warning] [omni.isaac.motion_generation.lula.kinematics] omni.isaac.motion_generation has been deprecated in favor of isaacsim.robot_motion.motion_generation. Please update your code accordingly.
2026-10-03 20:37:44 [41,567ms] [Warning] [omni.isaac.motion_generation.lula.motion_policies] omni.isaac.motion_generation has been deprecated in favor of isaacsim.robot_motion.motion_generation. Please update your code accordingly.
2026-10-03 20:37:44 [41,567ms] [Warning] [omni.isaac.motion_generation.lula.path_planners] omni.isaac.motion_generation has been deprecated in favor of isaacsim.robot_motion.motion_generation. Please update your code accordingly.
2026-10-03 20:37:44 [41,568ms] [Warning] [omni.isaac.motion_generation.lula.trajectory_generator] omni.isaac.motion_generation has been deprecated in favor of isaacsim.robot_motion.motion_generation. Please update your code accordingly.
2026-10-03 20:37:44 [41,568ms] [Warning] [omni.isaac.motion_generation.motion_policy_controller] omni.isaac.motion_generation has been deprecated in favor of isaacsim.robot_motion.motion_generation. Please update your code accordingly.
2026-10-03 20:37:44 [41,568ms] [Warning] [omni.isaac.motion_generation.motion_policy_interface] omni.isaac.motion_generation has been deprecated in favor of isaacsim.robot_motion.motion_generation. Please update your code accordingly.
2026-10-03 20:37:44 [41,569ms] [Warning] [omni.isaac.motion_generation.path_planner_visualizer] omni.isaac.motion_generation has been deprecated in favor of isaacsim.robot_motion.motion_generation. Please update your code accordingly.
2026-10-03 20:37:44 [41,569ms] [Warning] [omni.isaac.motion_generation.path_planning_interface] omni.isaac.motion_generation has been deprecated in favor of isaacsim.robot_motion.motion_generation. Please update your code accordingly.
2026-10-03 20:37:44 [41,572ms] [Warning] [omni.isaac.motion_generation.trajectory] omni.isaac.motion_generation has been deprecated in favor of isaacsim.robot_motion.motion_generation. Please update your code accordingly.
2026-10-03 20:37:44 [41,573ms] [Warning] [omni.isaac.motion_generation.world_interface] omni.isaac.motion_generation has been deprecated in favor of isaacsim.robot_motion.motion_generation. Please update your code accordingly.
[41.615s] [ext: omni.sensors.nv.materials-1.4.0-coreapi] startup
[41.876s] [ext: omni.isaac.nucleus-1.0.3] startup
2026-10-03 20:37:45 [41,836ms] [Warning] [omni.isaac.nucleus] omni.isaac.nucleus has been deprecated in favor of isaacsim.storage.native. Please update your code accordingly.
2026-10-03 20:37:45 [41,836ms] [Warning] [omni.isaac.nucleus.nucleus] omni.isaac.nucleus.nucleus has been deprecated in favor of isaacsim.storage.native. Please update your code accordingly.
[41.889s] [ext: omni.isaac.quadruped-3.0.2] startup
2026-10-03 20:37:45 [41,849ms] [Warning] [omni.isaac.quadruped] omni.isaac.quadruped has been deprecated in favor of isaacsim.robot.policy.examples. Please update your code accordingly.
[41.891s] [ext: omni.kit.manipulator.selector-1.1.1] startup
[41.893s] [ext: omni.sensors.nv.wpm-2.4.0-coreapi] startup
[41.924s] [ext: omni.sensors.nv.lidar-2.6.3-coreapi] startup
[41.973s] [ext: omni.sensors.nv.ids-1.4.0-coreapi] startup
[41.993s] [ext: isaacsim.robot.manipulators.examples-1.0.3] startup
[41.995s] [ext: isaacsim.util.debug_draw-2.0.2] startup
[42.675s] [ext: omni.sensors.tiled-0.0.6] startup
[42.687s] [ext: omni.sensors.nv.radar-2.6.1-coreapi] startup
[42.709s] [ext: omni.kit.widget.toolbar-1.7.3] startup
[42.732s] [ext: omni.kit.manipulator.transform-106.0.1] startup
[42.744s] [ext: isaacsim.sensors.physx-2.2.4] startup
[42.760s] [ext: isaacsim.sensors.rtx-13.6.3] startup
[42.783s] [ext: isaacsim.sensors.camera-0.2.9] startup
[42.797s] [ext: isaacsim.cortex.framework-1.0.2] startup
[42.799s] [ext: omni.kit.manipulator.tool.snap-1.5.12] startup
[42.857s] [ext: omni.isaac.range_sensor-4.0.2] startup
[42.883s] [ext: omni.isaac.surface_gripper-2.0.2] startup
2026-10-03 20:37:46 [42,875ms] [Warning] [omni.isaac.surface_gripper] omni.isaac.surface_gripper has been deprecated in favor of isaacsim.robot.surface_gripper. Please update your code accordingly.
[42.920s] [ext: omni.isaac.sensor-13.0.3] startup
2026-10-03 20:37:46 [42,880ms] [Warning] [omni.isaac.sensor] omni.isaac.sensor has been deprecated in favor of isaacsim.sensors.camera, isaacsim.sensors.physics, isaacsim.sensors.physx, and isaacsim.sensors.rtx. Please update your code accordingly.
2026-10-03 20:37:46 [42,880ms] [Warning] [omni.isaac.sensor.camera] omni.isaac.sensor.camera has been deprecated in favor of isaacsim.sensors.camera.camera. Please update your code accordingly.
2026-10-03 20:37:46 [42,880ms] [Warning] [omni.isaac.sensor.camera_view] omni.isaac.sensor.camera_view has been deprecated in favor of isaacsim.sensors.camera.camera_view. Please update your code accordingly.
2026-10-03 20:37:46 [42,881ms] [Warning] [omni.isaac.sensor.commands] omni.isaac.sensor.commands has been deprecated in favor of isaacsim.sensors.physics.commands, isaacsim.sensors.physx.commands, and isaacsim.sensors.rtx.commands. Please update your code accordingly.
2026-10-03 20:37:46 [42,881ms] [Warning] [omni.isaac.sensor.contact_sensor] omni.isaac.sensor.contact_sensor has been deprecated in favor of isaacsim.sensors.physics.contact_sensor. Please update your code accordingly.
2026-10-03 20:37:46 [42,882ms] [Warning] [omni.isaac.sensor.imu_sensor] omni.isaac.sensor.imu_sensor has been deprecated in favor of isaacsim.sensors.physics.imu_sensor. Please update your code accordingly.
2026-10-03 20:37:46 [42,882ms] [Warning] [omni.isaac.sensor.lidar_rtx] omni.isaac.sensor.lidar_rtx has been deprecated in favor of isaacsim.sensors.rtx.lidar_rtx. Please update your code accordingly.
2026-10-03 20:37:46 [42,882ms] [Warning] [omni.isaac.sensor.rotating_lidar_physX] omni.isaac.sensor.imu_sensor has been deprecated in favor of isaacsim.sensors.physix.rotating_lidar_physX. Please update your code accordingly.
2026-10-03 20:37:46 [42,917ms] [Warning] [omni.isaac.sensor.scripts.samples.contact_sensor] omni.isaac.sensor.scripts.samples.contact_sensor has been deprecated in favor of isaacsim.sensors.physics.scripts.samples.contact_sensor. Please update your code accordingly.
2026-10-03 20:37:46 [42,918ms] [Warning] [omni.isaac.sensor.scripts.samples.imu_sensor] omni.isaac.sensor.scripts.samples.imu_sensor has been deprecated in favor of isaacsim.sensors.physics.scripts.samples.imu_sensor. Please update your code accordingly.
2026-10-03 20:37:46 [42,919ms] [Warning] [omni.isaac.sensor.scripts.samples.lightbeam_sensor] omni.isaac.sensor.scripts.samples.lightbeam_sensor has been deprecated in favor of isaacsim.sensors.physx.scripts.samples.lightbeam_sensor. Please update your code accordingly.
[43.017s] [ext: omni.isaac.cortex-1.0.2] startup
2026-10-03 20:37:46 [42,977ms] [Warning] [omni.isaac.cortex] omni.isaac.cortex has been deprecated in favor of isaacsim.cortex.framework. Please update your code accordingly.
[43.019s] [ext: omni.kit.viewport.manipulator.transform-107.0.4] startup
[43.198s] [ext: omni.debugdraw-0.1.3] startup
[43.218s] [ext: omni.isaac.universal_robots-1.0.2] startup
2026-10-03 20:37:46 [43,178ms] [Warning] [omni.isaac.universal_robots] omni.isaac.universal_robots has been deprecated in favor of isaacsim.robot.manipulators.examples.universal_robots. Please update your code accordingly.
2026-10-03 20:37:46 [43,178ms] [Warning] [omni.isaac.universal_robots.kinematics_solver] omni.isaac.franka has been deprecated in favor of isaacsim.robot.manipulators.examples.universal_robots. Please update your code accordingly.
2026-10-03 20:37:46 [43,179ms] [Warning] [omni.isaac.universal_robots.ur10] omni.isaac.franka has been deprecated in favor of isaacsim.robot.manipulators.examples.universal_robots. Please update your code accordingly.
[43.236s] [ext: omni.isaac.utils-2.0.2] startup
[43.240s] [ext: omni.kit.manipulator.prim.core-107.0.7] startup
[43.257s] [ext: omni.fabric.commands-1.1.5] startup
[43.278s] [ext: omni.kit.manipulator.selection-106.0.1] startup
[43.294s] [ext: omni.kit.viewport.actions-107.0.0] startup
[43.309s] [ext: omni.kit.manipulator.prim.usd-107.0.3] startup
[43.320s] [ext: omni.kit.manipulator.prim.fabric-107.0.4] startup
[43.334s] [ext: isaacsim.cortex.behaviors-2.0.3] startup
[43.354s] [ext: omni.kit.widget.layers-1.8.2] startup
[43.419s] [ext: omni.kit.viewport.menubar.display-107.0.3] startup
[43.459s] [ext: omni.kit.manipulator.prim-107.0.0] startup
[43.460s] [ext: omni.isaac.cortex.sample_behaviors-2.0.2] startup
2026-10-03 20:37:46 [43,420ms] [Warning] [omni.isaac.cortex.sample_behaviors] omni.isaac.cortex.sample_behaviors has been deprecated in favor of isaacsim.cortex.behaviors. Please update your code accordingly.
[43.461s] [ext: omni.graph.ui_nodes-1.40.1] startup
[43.487s] [ext: omni.usdphysics.ui-106.5.7] startup
[45.224s] [ext: omni.physx.commands-106.5.7] startup
[45.242s] [ext: omni.kit.property.camera-1.0.9] startup
[45.245s] [ext: omni.hydra.scene_api-0.1.2] startup
[45.284s] [ext: omni.kit.property.geometry-1.3.3] startup
[45.331s] [ext: omni.kit.property.light-1.0.11] startup
[45.342s] [ext: omni.physx.ui-106.5.7] startup
[45.491s] [ext: omni.kit.property.material-1.10.17] startup
[45.525s] [ext: omni.kit.property.render-1.1.3] startup
[45.544s] [ext: omni.kit.property.transform-1.5.10] startup
[45.564s] [ext: omni.kit.property.audio-1.0.16] startup
[45.577s] [ext: isaacsim.gui.property-1.0.4] startup
[45.589s] [ext: omni.physx.demos-106.5.7] startup
[45.793s] [ext: omni.kit.property.physx-106.5.7] startup
[46.749s] [ext: omni.isaac.lula-4.0.2] startup
2026-10-03 20:37:49 [46,709ms] [Warning] [omni.isaac.lula] omni.isaac.lula has been deprecated in favor of isaacsim.robot_motion.lula. Please update your code accordingly.
[46.761s] [ext: omni.kit.property.bundle-1.3.2] startup
[46.771s] [ext: omni.kit.property.isaac-1.0.2] startup
2026-10-03 20:37:50 [46,730ms] [Warning] [omni.kit.property.isaac] omni.kit.property.isaac has been deprecated in favor of isaacsim.gui.property. Please update your code accordingly.
2026-10-03 20:37:50 [46,731ms] [Warning] [omni.kit.property.isaac.widgets] omni.kit.property.isaac.widgets has been deprecated in favor of isaacsim.gui.property.widgets. Please update your code accordingly.
[46.773s] [ext: omni.physx.vehicle-106.5.7] startup
[47.019s] [ext: omni.kit.viewport.menubar.camera-107.0.2] startup
[47.035s] [ext: omni.kit.viewport.menubar.lighting-106.0.2] startup
[47.048s] [ext: omni.kit.viewport.menubar.render-107.0.8] startup
[47.060s] [ext: omni.kit.viewport.menubar.settings-107.0.3] startup
[47.110s] [ext: omni.kit.window.console-0.2.14] startup
[47.180s] [ext: omni.physx.camera-106.5.7] startup
[47.249s] [ext: omni.kit.window.toolbar-1.6.2] startup
[47.295s] [ext: omni.isaac.version-2.0.2] startup
2026-10-03 20:37:50 [47,254ms] [Warning] [omni.isaac.version] omni.isaac.version has been deprecated in favor of isaacsim.core.version. Please update your code accordingly.
[47.296s] [ext: isaacsim.robot.wheeled_robots-4.0.3] startup
[47.388s] [ext: omni.physx.cct-106.5.7] startup
[47.448s] [ext: omni.physx.graph-106.5.7] startup
[47.603s] [ext: isaacsim.replicator.writers-1.0.1] startup
[47.725s] [ext: omni.physx.supportui-106.5.7] startup
[47.796s] [ext: omni.physx.telemetry-106.5.7] startup
[47.827s] [ext: omni.isaac.wheeled_robots-3.0.3] startup
2026-10-03 20:37:51 [47,786ms] [Warning] [omni.isaac.wheeled_robots] omni.isaac.wheeled_robots has been deprecated in favor of isaacsim.robot.wheeled_robots. Please update your code accordingly.
2026-10-03 20:37:51 [47,787ms] [Warning] [omni.isaac.wheeled_robots.controllers] omni.isaac.wheeled_robots has been deprecated in favor of isaacsim.robot.wheeled_robots. Please update your code accordingly.
2026-10-03 20:37:51 [47,787ms] [Warning] [omni.isaac.wheeled_robots.controllers.ackermann_controller] omni.isaac.wheeled_robots has been deprecated in favor of isaacsim.robot.wheeled_robots. Please update your code accordingly.
2026-10-03 20:37:51 [47,788ms] [Warning] [omni.isaac.wheeled_robots.controllers.differential_controller] omni.isaac.wheeled_robots has been deprecated in favor of isaacsim.robot.wheeled_robots. Please update your code accordingly.
2026-10-03 20:37:51 [47,788ms] [Warning] [omni.isaac.wheeled_robots.controllers.holonomic_controller] omni.isaac.wheeled_robots has been deprecated in favor of isaacsim.robot.wheeled_robots. Please update your code accordingly.
2026-10-03 20:37:51 [47,834ms] [Warning] [omni.isaac.wheeled_robots.controllers.quintic_path_planner] omni.isaac.wheeled_robots has been deprecated in favor of isaacsim.robot.wheeled_robots. Please update your code accordingly.
2026-10-03 20:37:51 [47,834ms] [Warning] [omni.isaac.wheeled_robots.controllers.stanley_control] omni.isaac.wheeled_robots has been deprecated in favor of isaacsim.robot.wheeled_robots. Please update your code accordingly.
2026-10-03 20:37:51 [47,835ms] [Warning] [omni.isaac.wheeled_robots.controllers.wheel_base_pose_controller] omni.isaac.wheeled_robots has been deprecated in favor of isaacsim.robot.wheeled_robots. Please update your code accordingly.
2026-10-03 20:37:51 [47,835ms] [Warning] [omni.isaac.wheeled_robots.impl] omni.isaac.wheeled_robots has been deprecated in favor of isaacsim.robot.wheeled_robots. Please update your code accordingly.
2026-10-03 20:37:51 [47,864ms] [Warning] [omni.isaac.wheeled_robots.robots] omni.isaac.wheeled_robots has been deprecated in favor of isaacsim.robot.wheeled_robots. Please update your code accordingly.
2026-10-03 20:37:51 [47,864ms] [Warning] [omni.isaac.wheeled_robots.robots.holonomic_robot_usd_setup] omni.isaac.wheeled_robots has been deprecated in favor of isaacsim.robot.wheeled_robots. Please update your code accordingly.
2026-10-03 20:37:51 [47,866ms] [Warning] [omni.isaac.wheeled_robots.robots.wheeled_robot] omni.isaac.wheeled_robots has been deprecated in favor of isaacsim.robot.wheeled_robots. Please update your code accordingly.
[47.961s] [ext: omni.isaac.franka-1.0.2] startup
2026-10-03 20:37:51 [47,921ms] [Warning] [omni.isaac.franka] omni.isaac.franka has been deprecated in favor of isaacsim.robot.manipulators.examples.franka. Please update your code accordingly.
2026-10-03 20:37:51 [47,921ms] [Warning] [omni.isaac.franka.franka] omni.isaac.franka has been deprecated in favor of isaacsim.robot.manipulators.examples.franka. Please update your code accordingly.
2026-10-03 20:37:51 [47,923ms] [Warning] [omni.isaac.franka.kinematics_solver] omni.isaac.franka has been deprecated in favor of isaacsim.robot.manipulators.examples.franka. Please update your code accordingly.
[47.964s] [ext: isaacsim.replicator.domain_randomization-1.0.2] startup
[48.111s] [ext: isaacsim.replicator.examples-1.1.2] startup
[48.113s] [ext: omni.kit.window.status_bar-0.1.7] startup
[48.252s] [ext: omni.rtx.window.settings-0.6.17] startup
[48.510s] [ext: omni.usd.metrics.assembler-106.5.0] startup
[48.573s] [ext: omni.physx.bundle-106.5.7] startup
[48.575s] [ext: isaacsim.app.about-2.0.7] startup
[48.577s] [ext: omni.replicator.isaac-2.0.3] startup
2026-10-03 20:37:51 [48,536ms] [Warning] [omni.replicator.isaac] omni.replicator.isaac has been deprecated in favor of isaacsim.replicator.domain_randomization, isaacsim.replicator.examples, isaacsim.replicator.writers. Please update your code accordingly.
[48.593s] [ext: omni.replicator.replicator_yaml-2.0.10] startup
[49.128s] [ext: omni.rtx.settings.core-0.6.3] startup
[49.135s] [ext: omni.usd.metrics.assembler.ui-106.5.0] startup
[49.171s] [ext: isaacsim.simulation_app-2.4.2] startup
[49.172s] [ext: omni.isaac.window.about-2.0.2] startup
2026-10-03 20:37:52 [49,136ms] [Warning] [omni.isaac.window.about] omni.isaac.window.about has been deprecated in favor of isaacsim.app.about. Please update your code accordingly.
2026-10-03 20:37:52 [49,137ms] [Warning] [omni.isaac.window.about.about] omni.isaac.window.about.about has been deprecated in favor of isaacsim.app.about.about. Please update your code accordingly.
[49.179s] [ext: semantics.schema.editor-0.3.10] startup
[49.187s] [ext: omni.kit.ui.actions-1.0.2] startup
[49.336s] [ext: semantics.schema.property-1.0.5] startup
[49.340s] [ext: omni.kit.manipulator.camera-106.0.3] startup
[49.813s] [ext: omni.isaac.kit-2.0.3] startup
2026-10-03 20:37:53 [49,773ms] [Warning] [omni.isaac.kit] omni.isaac.kit has been deprecated in favor of isaacsim.simulation_app. Please update your code accordingly.
[49.821s] [ext: omni.isaac.asset_browser-1.0.2] startup
2026-10-03 20:37:53 [49,780ms] [Warning] [omni.isaac.asset_browser] omni.isaac.asset_browser has been deprecated in favor of isaacsim.asset.browser. Please update your code accordingly.
[49.822s] [ext: isaacsim.core.throttling-2.0.2] startup
[49.825s] [ext: omni.kit.menu.common-1.1.9] startup
[49.861s] [ext: isaacsim.exp.base-4.5.0] startup
[49.863s] [ext: isaacsim.exp.base.python-4.5.0] startup
[49.887s] Simulation App Starting
2026-10-03 20:37:53 [50,251ms] [Warning] [carb.audio.device] audio device is misconfigured or broken {deviceIndex = 0, name = 'default'} (The device is likely misconfigured, check your $HOME/.asoundrc)
2026-10-03 20:37:53 [50,251ms] [Warning] [carb.audio.output] failed to retrieve the capabilities for device 0 {result = eDeviceLost (2)}
2026-10-03 20:37:53 [50,251ms] [Warning] [carb.audio.context] failed to set the requested output during context creation.  Using a null streamer instead {result = eDeviceLost (2)}
[50.620s] app ready
2026-10-03 20:37:55 [52,106ms] [Warning] [rtx.scenedb.plugin] SceneDbContext : TLAS limit buffer size 2921508224
2026-10-03 20:37:55 [52,489ms] [Warning] [rtx.scenedb.plugin] SceneDbContext : TLAS limit : valid true, within: false
2026-10-03 20:37:58 [55,423ms] [Warning] [carb.tasking.plugin] carb.tasking is likely stuck. All threads are busy with same tasks for more than 1 seconds with waiting tasks. Starting an emergency helper thread.
2026-10-03 20:38:02 [59,336ms] [Warning] [omni.usd-abi.plugin] No setting was found for '/rtx-defaults-transient/meshlights/forceDisable'
2026-10-03 20:38:03 [59,847ms] [Warning] [omni.usd-abi.plugin] No setting was found for '/rtx-defaults/post/dlss/execMode'
2026-10-03 20:38:09 [66,465ms] [Warning] [carb.tasking.plugin] carb.tasking is likely stuck. All threads are busy with same tasks for more than 1 seconds with waiting tasks. Starting an emergency helper thread.
2026-10-03 20:38:10 [67,469ms] [Warning] [carb.tasking.plugin] carb.tasking is likely stuck. All threads are busy with same tasks for more than 1 seconds with waiting tasks. Starting an emergency helper thread.
2026-10-03 20:38:34 [90,752ms] [Warning] [rtx.postprocessing.plugin] DLSS increasing input dimensions: Render resolution of (320, 240) is below minimal input resolution of 300.
[93.654s] Simulation App Startup Complete
[isaac_app] renderer activeGpu=0 (want 0), multiGpu=False
app started in 93.8s
[94.770s] [ext: omni.physx.fabric-106.5.7] startup
2026-10-03 20:38:40 [96,810ms] [Warning] [omni.physicsschema.plugin] ScaleOrientation is not supported for rigid bodies, prim path: /World/envs/env_0/Robot/hande_left_finger. You may ignore this if the scale is close to uniform.
2026-10-03 20:38:40 [96,811ms] [Warning] [omni.physicsschema.plugin] ScaleOrientation is not supported for rigid bodies, prim path: /World/envs/env_0/Robot/hande_right_finger. You may ignore this if the scale is close to uniform.
2026-10-03 20:38:45 [102,204ms] [Warning] [omni.physx.plugin] Detected an articulation at /World/envs/env_0/Robot with more than 4 velocity iterations being added to a TGS scene.The related behavior changed recently, please consult the changelog. This warning will only print once.
2026-10-03 20:38:45 [102,406ms] [Warning] [omni.physx.tensors.plugin] Duplicate joint name 'FixedJoint' in articulation metatype
setup done
finger limits [[0.0, 0.042500000447034836], [0.0, 0.042500000447034836]]
[settle    ] step   50  ee err    nan mm  fingers 0.0425 0.0425  obj z +0.000
frame saved to /home/Invader17/grasp_task/runs/side_v1_20261003_233702, depth 0.943..1.200 m
[test_close] step  130  ee err    nan mm  fingers 0.0000 0.0000  obj z +0.000
[test_open ] step  210  ee err    nan mm  fingers 0.0425 0.0425  obj z +0.000
[high      ] step  510  ee err  132.3 mm  fingers 0.0425 0.0425  obj z +0.000
[pregrasp  ] step  810  ee err  208.3 mm  fingers 0.0425 0.0418  obj z +0.030
[approach  ] step 1010  ee err  101.4 mm  fingers 0.0425 0.0425  obj z +0.030
[close     ] step 1110  ee err    nan mm  fingers 0.0000 0.0000  obj z +0.030
[lift      ] step 1310  ee err    5.0 mm  fingers 0.0000 0.0000  obj z +0.030
[hold      ] step 1510  ee err    nan mm  fingers 0.0000 0.0000  obj z +0.030
object rise 0.0 cm, fingers at [1.3949893462594787e-09, 0.0]
video saved to /home/Invader17/grasp_task/runs/side_v1_20261003_233702/grasp_tetrapak_side.gif, 302 frames
FAIL
2026-10-03 20:45:00 [477,446ms] [Warning] [carb.windowing-glfw.plugin] GLFW initialization failed.
2026-10-03 20:45:00 [477,446ms] [Warning] [carb] Failed to startup plugin carb.windowing-glfw.plugin (interfaces: [carb::windowing::IGLContext v1.0],[carb::windowing::IWindowing v1.5]) (impl: carb.windowing-glfw.plugin)
2026-10-03 20:45:07 [484,062ms] [Warning] [carb] Plugin interface for a client: omni.hydratexture.plugin was already released.
[INFO]: Simulation is stopped. Shutting down the app.
[23:45:15] код выхода 0, время 481 с, пик памяти на GPU 7 5291 MiB, клиент драйвера на GPU 0 6 MiB
[23:45:31] наших процессов на GPU нет
[23:45:31] результаты: /home/Invader17/grasp_task/runs/side_v1_20261003_233702
