[16:23:15] user=Invader17 gpu=7 vk_uuid=d9fc0582a134ded0909de88d902ecc0b cpus=46-47 timeout=15m stall=20m
[16:23:15] cmd: /home/Invader17/grasp_task/code/grasp/grasp_check.py --obj tetrapak --video
[Warning] [simulation_app.simulation_app] Modules: ['omni.kit_app'] were loaded before SimulationApp was started and might not be loaded correctly.
[Warning] [simulation_app.simulation_app] Please check to make sure no extra omniverse or pxr modules are imported before the call to SimulationApp(...)
Starting kit application with the following args:  ['/home/Invader17/grasp_task/envs/isaac/lib/python3.10/site-packages/isaacsim/exts/isaacsim.simulation_app/isaacsim/simulation_app/simulation_app.py', '/home/Invader17/grasp_task/envs/isaac/lib/python3.10/site-packages/isaacsim/apps/isaacsim.exp.base.python.kit', '--/app/tokens/exe-path=/home/Invader17/grasp_task/envs/isaac/lib/python3.10/site-packages/omni', '--/persistent/app/viewport/displayOptions=3094', '--/rtx/materialDb/syncLoads=True', '--/rtx/hydra/materialSyncLoads=True', '--/omni.kit.plugin/syncUsdLoads=True', '--/app/renderer/resolution/width=640', '--/app/renderer/resolution/height=480', '--/app/window/width=1440', '--/app/window/height=900', '--/renderer/multiGpu/enabled=False', '--/app/fastShutdown=True', '--/app/installSignalHandlers=0', '--ext-folder', '/home/Invader17/grasp_task/envs/isaac/lib/python3.10/site-packages/isaacsim/exts', '--ext-folder', '/home/Invader17/grasp_task/envs/isaac/lib/python3.10/site-packages/isaacsim/apps', '--/renderer/multiGpu/enabled=false', '--/renderer/multiGpu/autoEnable=false', '--/renderer/multiGpu/maxGpuCount=1', '--/renderer/activeGpu=0', '--/plugins/carb.tasking.plugin/threadCount=4', '--/persistent/isaac/asset_root/default=http://omniverse-content-production.s3-us-west-2.amazonaws.com/Assets/Isaac/4.5', '--/persistent/isaac/asset_root/cloud=http://omniverse-content-production.s3-us-west-2.amazonaws.com/Assets/Isaac/4.5', '--/persistent/isaac/asset_root/nvidia=http://omniverse-content-production.s3-us-west-2.amazonaws.com/Assets/Isaac/4.5', '--/renderer/activeGpu=0', '--/physics/cudaDevice=0', '--portable', '--no-window', '--/app/window/hideUi=1']
Passing the following args to the base kit application:  ['--obj', 'tetrapak', '--video']
[Info] [carb] Logging to file: /home/Invader17/grasp_task/envs/isaac/lib/python3.10/site-packages/omni/logs/Kit/Isaac-Sim Python/4.5/kit_20261003_132316.log
2026-10-03 13:23:16 [0ms] [Warning] [omni.kit.app.plugin] No crash reporter present, dumps uploading isn't available.
[0.720s] [ext: omni.kit.async_engine-0.0.1] startup
[1.350s] [ext: omni.metrics.core-0.0.1] startup
[1.352s] [ext: omni.client.lib-1.0.0] startup
[1.433s] [ext: omni.blobkey-1.1.2] startup
[1.434s] [ext: omni.stats-1.0.1] startup
[1.437s] [ext: omni.datastore-0.0.0] startup
[1.473s] [ext: omni.client-1.2.2] startup
[1.500s] [ext: omni.ujitso.default-1.0.0] startup
[1.505s] [ext: omni.hsscclient-1.1.1] startup
2026-10-03 13:23:18 [1,384ms] [Warning] [omni.datastore] OmniHub is inaccessible
[1.545s] [ext: omni.gpu_foundation.shadercache.vulkan-1.0.0] startup
[1.553s] [ext: omni.assets.plugins-0.0.0] startup
[1.558s] [ext: omni.gpu_foundation-0.0.0] startup
[1.594s] [ext: carb.windowing.plugins-1.0.0] startup
2026-10-03 13:23:18 [1,471ms] [Warning] [carb.windowing-glfw.plugin] GLFW initialization failed.
2026-10-03 13:23:18 [1,472ms] [Warning] [carb] Failed to startup plugin carb.windowing-glfw.plugin (interfaces: [carb::windowing::IGLContext v1.0],[carb::windowing::IWindowing v1.5]) (impl: carb.windowing-glfw.plugin)
[1.598s] [ext: omni.kit.renderer.init-0.0.0] startup
2026-10-03 13:23:18 [1,517ms] [Warning] [omni.platforminfo.plugin] failed to open the default display.  Can't verify X Server version.
2026-10-03 13:23:36 [19,442ms] [Warning] [carb.cudainterop.plugin] CUDA_VISIBLE_DEVICES environment variable is set.
2026-10-03 13:23:36 [19,443ms] [Warning] [carb.cudainterop.plugin] Note CUDA device enumeration and Omniverse device enumeration are different.
2026-10-03 13:23:36 [19,444ms] [Warning] [carb.cudainterop.plugin] Setting CUDA_VISIBLE_DEVICES can lead to undesired behavior or crashes.

|---------------------------------------------------------------------------------------------|
| Driver Version: 575.57.08     | Graphics API: Vulkan
|=============================================================================================|
| GPU | Name                             | Active | LDA | GPU Memory | Vendor-ID | LUID       |
|     |                                  |        |     |            | Device-ID | UUID       |
|     |                                  |        |     |            | Bus-ID    |            |
|---------------------------------------------------------------------------------------------|
| 0   | NVIDIA GeForce RTX 2080 Ti       | Yes: 0 |     | 11510   MB | 10de      | 0          |
|     |                                  |        |     |            | 1e04      | d9fc0582.. |
|     |                                  |        |     |            | 8         |            |
|=============================================================================================|
| OS: 20.04.6 LTS (Focal Fossa) ubuntu, Version: 20.04.6, Kernel: 5.15.0-139-generic
| Processor: AMD EPYC 7552 48-Core Processor
| Cores: 48 | Logical Cores: 48
|---------------------------------------------------------------------------------------------|
| Total Memory (MB): 515967 | Free Memory: 339764
| Total Page/Swap (MB): 67583 | Free Page/Swap: 17592186044409
|---------------------------------------------------------------------------------------------|
[30.890s] [ext: omni.kit.pipapi-0.0.0] startup
[30.901s] [ext: omni.materialx.libs-1.0.6] startup
[30.944s] [ext: omni.kit.pip_archive-0.0.0] startup
[30.969s] [ext: omni.usd.config-1.0.5] startup
[31.028s] [ext: omni.gpucompute.plugins-0.0.0] startup
[31.030s] [ext: omni.usd.libs-1.0.1] startup
[31.374s] [ext: omni.mdl-55.0.1] startup
[31.421s] [ext: omni.iray.libs-0.0.0] startup
[31.434s] [ext: omni.mdl.neuraylib-0.2.10] startup
[31.439s] [ext: omni.kit.usd.mdl-1.0.7] startup
[31.642s] [ext: omni.kit.telemetry-0.5.1] startup
[31.742s] [ext: omni.kit.loop-isaac-1.2.1] startup
[31.745s] [ext: omni.kit.test-1.1.2] startup
[33.326s] [ext: omni.appwindow-1.1.9] startup
2026-10-03 13:23:49 [33,204ms] [Warning] [carb.windowing-glfw.plugin] GLFW initialization failed.
2026-10-03 13:23:49 [33,204ms] [Warning] [carb] Failed to startup plugin carb.windowing-glfw.plugin (interfaces: [carb::windowing::IGLContext v1.0],[carb::windowing::IWindowing v1.5]) (impl: carb.windowing-glfw.plugin)
[33.333s] [ext: omni.kit.renderer.core-1.0.2] startup
2026-10-03 13:23:51 [34,764ms] [Warning] [carb.windowing-glfw.plugin] GLFW initialization failed.
2026-10-03 13:23:51 [34,768ms] [Warning] [carb] Failed to startup plugin carb.windowing-glfw.plugin (interfaces: [carb::windowing::IGLContext v1.0],[carb::windowing::IWindowing v1.5]) (impl: carb.windowing-glfw.plugin)
2026-10-03 13:23:51 [35,080ms] [Warning] [carb.windowing-glfw.plugin] GLFW initialization failed.
2026-10-03 13:23:51 [35,080ms] [Warning] [carb] Failed to startup plugin carb.windowing-glfw.plugin (interfaces: [carb::windowing::IGLContext v1.0],[carb::windowing::IWindowing v1.5]) (impl: carb.windowing-glfw.plugin)
[35.290s] [ext: omni.kit.renderer.capture-0.0.0] startup
[35.297s] [ext: omni.kit.renderer.imgui-1.0.2] startup
2026-10-03 13:23:51 [35,183ms] [Warning] [carb.windowing-glfw.plugin] GLFW initialization failed.
2026-10-03 13:23:51 [35,183ms] [Warning] [carb] Failed to startup plugin carb.windowing-glfw.plugin (interfaces: [carb::windowing::IGLContext v1.0],[carb::windowing::IWindowing v1.5]) (impl: carb.windowing-glfw.plugin)
2026-10-03 13:23:51 [35,186ms] [Warning] [carb.windowing-glfw.plugin] GLFW initialization failed.
2026-10-03 13:23:51 [35,186ms] [Warning] [carb] Failed to startup plugin carb.windowing-glfw.plugin (interfaces: [carb::windowing::IGLContext v1.0],[carb::windowing::IWindowing v1.5]) (impl: carb.windowing-glfw.plugin)
2026-10-03 13:23:51 [35,188ms] [Warning] [carb.windowing-glfw.plugin] GLFW initialization failed.
2026-10-03 13:23:51 [35,188ms] [Warning] [carb] Failed to startup plugin carb.windowing-glfw.plugin (interfaces: [carb::windowing::IGLContext v1.0],[carb::windowing::IWindowing v1.5]) (impl: carb.windowing-glfw.plugin)
[35.847s] [ext: omni.ui-2.26.5] startup
[35.870s] [ext: omni.kit.mainwindow-1.0.3] startup
[35.873s] [ext: carb.audio-0.1.0] startup
[35.881s] [ext: omni.uiaudio-1.0.0] startup
[35.884s] [ext: omni.kit.uiapp-0.0.0] startup
[35.887s] [ext: omni.usd.schema.metrics.assembler-106.5.0] startup
[36.049s] [ext: omni.usd.schema.anim-0.0.0] startup
[36.133s] [ext: omni.usd.schema.audio-0.0.0] startup
[36.138s] [ext: omni.usd.schema.isaac-3.0.2] startup
[36.139s] [ext: omni.usd.schema.omnigraph-1.0.0] startup
[36.149s] [ext: omni.usd.schema.forcefield-106.5.7] startup
[36.165s] [ext: omni.usd.schema.semantics-0.0.0] startup
[36.170s] [ext: omni.usd.schema.physx-106.5.7] startup
[36.209s] [ext: omni.usd.schema.geospatial-0.0.0] startup
[36.213s] [ext: omni.usd_resolver-1.0.0] startup
[36.221s] [ext: omni.kit.window.popup_dialog-2.0.24] startup
[36.228s] [ext: usdrt.scenegraph-7.5.1] startup
[36.293s] [ext: omni.timeline-1.0.11] startup
[36.297s] [ext: omni.usd.core-1.4.2] startup
[36.303s] [ext: omni.resourcemonitor-107.0.0] startup
[36.308s] [ext: omni.activity.core-1.0.1] startup
[36.312s] [ext: omni.kit.widget.nucleus_connector-1.1.10] startup
[36.320s] [ext: omni.hydra.usdrt_delegate-7.5.1] startup
[36.342s] [ext: omni.kit.actions.core-1.0.0] startup
[36.350s] [ext: omni.graph.exec-0.9.4] startup
[36.352s] [ext: omni.kit.commands-1.4.9] startup
[36.360s] [ext: omni.kit.usd_undo-0.1.8] startup
[36.362s] [ext: omni.kit.exec.core-0.13.4] startup
[36.368s] [ext: omni.kit.audiodeviceenum-1.0.1] startup
[36.373s] [ext: omni.hydra.scene_delegate-0.3.3] startup
[36.382s] [ext: omni.usd-1.12.4] startup
[36.470s] [ext: omni.inspect-1.0.1] startup
[36.474s] [ext: omni.kit.notification_manager-1.0.9] startup
[36.486s] [ext: omni.graph.core-2.181.8] startup
[36.500s] [ext: isaacsim.core.deprecation_manager-0.2.2] startup
[36.503s] [ext: omni.usd.schema.omniscripting-1.0.0] startup
[36.524s] [ext: isaacsim.robot.schema-3.1.2] startup
[36.544s] [ext: omni.kit.asset_converter-2.8.3] startup
[36.577s] [ext: omni.kit.menu.core-1.1.2] startup
[36.592s] [ext: omni.kvdb-106.5.7] startup
[36.597s] [ext: omni.kit.widget.context_menu-1.2.4] startup
[36.614s] [ext: omni.kit.usd.layers-2.2.0] startup
[36.636s] [ext: omni.kit.property.adapter.core-1.0.2] startup
[36.645s] [ext: omni.localcache-106.5.7] startup
[36.659s] [ext: omni.convexdecomposition-106.5.7] startup
[36.679s] [ext: omni.warp.core-1.5.0] startup
[37.465s] [ext: omni.kit.context_menu-1.8.3] startup
[37.474s] [ext: omni.kit.hotkeys.core-1.3.10] startup
[37.484s] [ext: omni.kit.property.adapter.fabric-1.0.3] startup
[37.488s] [ext: omni.usdphysics-106.5.7] startup
[37.502s] [ext: omni.kit.widget.path_field-2.0.11] startup
[37.504s] [ext: omni.kit.widget.options_menu-1.1.6] startup
[37.519s] [ext: omni.kit.helper.file_utils-0.1.9] startup
[37.528s] [ext: omni.kit.widget.browser_bar-2.0.10] startup
[37.533s] [ext: omni.kit.widget.options_button-1.0.3] startup
[37.535s] [ext: omni.kit.widget.filebrowser-2.10.52] startup
[37.554s] [ext: omni.kit.clipboard-1.0.5] startup
[37.558s] [ext: omni.graph.tools-1.79.1] startup
[37.651s] [ext: omni.ui.scene-1.11.2] startup
[37.685s] [ext: omni.graph.image.core-0.6.0] startup
[37.706s] [ext: omni.kit.window.filepicker-2.11.7] startup
[38.578s] [ext: omni.kit.widget.searchfield-1.1.8] startup
[38.583s] [ext: omni.graph.image.nodes-1.3.0] startup
[38.625s] [ext: omni.graph-1.140.2] startup
[38.936s] [ext: omni.kit.window.file_exporter-1.0.31] startup
[39.023s] [ext: omni.kit.widget.filter-1.1.4] startup
[39.061s] [ext: omni.physx.foundation-106.5.7] startup
[39.217s] [ext: omni.graph.nodes-1.162.1] startup
[39.238s] [ext: omni.kit.widget.stage-2.11.6] startup
[39.295s] [ext: omni.hydra.rtx.shadercache.vulkan-1.0.0] startup
[39.317s] [ext: omni.hydra.engine.stats-1.0.3] startup
[39.326s] [ext: omni.graph.action_core-1.1.7] startup
[39.338s] [ext: omni.kit.widget.highlight_label-1.0.3] startup
[39.346s] [ext: omni.ujitso.processor.texture-1.0.0] startup
[39.370s] [ext: omni.index.libs-380600.1777.0] startup
[39.372s] [ext: omni.kit.window.file_importer-1.1.14] startup
[39.376s] [ext: omni.kit.stage_template.core-1.1.22] startup
[39.385s] [ext: omni.volume-0.5.0] startup
[39.420s] [ext: omni.ujitso.client-0.0.0] startup
[39.426s] [ext: omni.index-1.0.1] startup
[39.429s] [ext: omni.kit.window.file-1.3.57] startup
[39.437s] [ext: omni.hydra.rtx-1.0.0] startup
2026-10-03 13:23:55 [39,339ms] [Warning] [omni.log] Source: omni.hydra was already registered.
[39.495s] [ext: omni.kit.viewport.registry-104.0.6] startup
[39.497s] [ext: omni.kit.viewport.legacy_gizmos-1.0.16] startup
[39.508s] [ext: omni.kit.raycast.query-1.0.5] startup
[39.519s] [ext: omni.kit.viewport.scene_camera_model-1.0.5] startup
[39.545s] [ext: omni.kit.hydra_texture-1.4.0] startup
[39.580s] [ext: omni.kit.menu.utils-1.7.7] startup
[39.765s] [ext: omni.kit.window.drop_support-1.0.4] startup
[39.773s] [ext: omni.kit.widget.viewport-107.0.7] startup
[39.926s] [ext: omni.kit.material.library-1.5.15] startup
[39.955s] [ext: omni.kit.window.content_browser_registry-0.0.6] startup
[39.984s] [ext: omni.kit.viewport.window-107.0.8] startup
[40.125s] [ext: omni.graph.action_nodes-1.40.1] startup
[40.182s] [ext: omni.kit.window.property-1.11.5] startup
[40.405s] [ext: omni.kit.window.content_browser-2.10.3] startup
[41.095s] [ext: omni.kit.property.adapter.usd-1.0.2] startup
[41.113s] [ext: omni.kit.viewport.utility-1.0.18] startup
[41.152s] [ext: omni.graph.action-1.120.0] startup
[41.181s] [ext: omni.kit.property.usd-4.2.16] startup
[41.354s] [ext: omni.physx.cooking-106.5.7] startup
[41.401s] [ext: omni.kit.widget.stage_icons-1.0.6] startup
[41.409s] [ext: omni.kit.widget.zoombar-1.0.5] startup
[41.411s] [ext: omni.physics.tensors-106.5.7] startup
[41.453s] [ext: omni.kit.widget.prompt-1.0.7] startup
[41.464s] [ext: omni.kit.usd.collect-2.2.22] startup
[41.474s] [ext: omni.physx-106.5.7] startup
[41.518s] [ext: omni.kit.window.stage-2.5.11] startup
[41.544s] [ext: omni.kit.browser.core-2.3.11] startup
[41.556s] [ext: omni.kit.widget.text_editor-1.0.2] startup
[41.574s] [ext: omni.physx.tensors-106.5.7] startup
[41.716s] [ext: omni.kit.tool.collect-2.2.16] startup
[41.721s] [ext: omni.kit.menu.stage-1.2.5] startup
[41.732s] [ext: omni.kit.browser.folder.core-1.10.1] startup
[41.770s] [ext: omni.warp-1.5.0] startup
[41.786s] [ext: isaacsim.examples.browser-0.1.8] startup
[41.801s] [ext: omni.physx.stageupdate-106.5.7] startup
[41.814s] [ext: omni.kit.numpy.common-0.1.2] startup
[41.817s] [ext: isaacsim.core.version-2.0.2] startup
[41.840s] [ext: omni.isaac.dynamic_control-1.3.15] startup
2026-10-03 13:23:58 [41,728ms] [Warning] [omni.isaac.dynamic_control] omni.isaac.dynamic_control is deprecated as of Isaac Sim 4.5. No action is needed from end-users.
[41.874s] [ext: isaacsim.storage.native-1.0.6] startup
[41.877s] [ext: omni.kit.menu.create-1.0.17] startup
[41.928s] [ext: isaacsim.core.utils-2.2.8] startup
[41.934s] [ext: omni.kit.widget.searchable_combobox-1.0.6] startup
[41.943s] [ext: omni.kit.primitive.mesh-1.0.17] startup
[41.954s] [ext: isaacsim.core.simulation_manager-0.3.3] startup
[44.908s] [ext: omni.kit.scripting-106.5.2] startup
[44.923s] [ext: omni.kit.stage_templates-1.2.6] startup
[44.934s] [ext: isaacsim.core.prims-0.3.7] startup
[44.969s] [ext: isaacsim.replicator.behavior-1.0.8] startup
[44.975s] [ext: isaacsim.core.api-4.2.16] startup
[44.999s] [ext: omni.ui_query-1.1.7] startup
[45.006s] [ext: omni.kit.manipulator.viewport-107.0.1] startup
[45.013s] [ext: omni.kit.ui_test-1.3.3] startup
[45.016s] [ext: omni.kit.window.extensions-1.4.25] startup
[45.031s] [ext: omni.graph.visualization.nodes-2.1.1] startup
[45.047s] [ext: omni.kit.tool.asset_importer-2.12.2] startup
[45.077s] [ext: isaacsim.gui.components-1.0.9] startup
[45.091s] [ext: omni.kit.widget.settings-1.2.2] startup
[45.102s] [ext: omni.kit.widget.graph-1.12.17] startup
[45.126s] [ext: omni.kit.window.preferences-1.7.0] startup
[45.144s] [ext: omni.kit.graph.delegate.default-1.2.2] startup
[45.146s] [ext: omni.kit.viewport.menubar.core-107.1.2] startup
[45.181s] [ext: omni.kit.widget.material_preview-1.0.16] startup
[45.193s] [ext: omni.kit.graph.usd.commands-1.3.1] startup
[45.201s] [ext: omni.kit.graph.editor.core-1.5.3] startup
[45.216s] [ext: omni.syntheticdata-0.6.10] startup
[45.265s] [ext: omni.kit.window.material_graph-1.8.19] startup
[45.321s] [ext: omni.graph.scriptnode-1.40.1] startup
[45.329s] [ext: isaacsim.core.cloner-1.3.4] startup
[45.331s] [ext: omni.replicator.core-1.11.35] startup
Warp 1.5.0 initialized:
   CUDA Toolkit 11.8, Driver 12.9
   Devices:
     "cpu"      : "x86_64"
     "cuda:0"   : "NVIDIA GeForce RTX 2080 Ti" (11 GiB, sm_75, mempool enabled)
   Kernel cache:
     /home/Invader17/grasp_task/.cache/warp
2026-10-03 13:24:03 [46,677ms] [Warning] [omni.replicator.core.scripts.extension] No material configuration file, adding configuration to material settings directly.
[46.826s] [ext: omni.isaac.cloner-1.0.2] startup
2026-10-03 13:24:03 [46,701ms] [Warning] [omni.isaac.cloner] omni.isaac.cloner has been deprecated in favor of isaacsim.core.cloner. Please update your code accordingly.
[46.841s] [ext: isaacsim.core.nodes-2.1.4] startup
[46.868s] [ext: isaacsim.asset.importer.urdf-2.3.10] startup
[49.553s] [ext: omni.isaac.core-4.0.3] startup
2026-10-03 13:24:06 [49,428ms] [Warning] [omni.isaac.core.physics_context.physics_context] omni.isaac.core.physics_context.physics_context has been deprecated in favor of isaacsim.core.api.physics_context.physics_context. Please update your code accordingly.
2026-10-03 13:24:06 [49,429ms] [Warning] [omni.isaac.core.simulation_context.simulation_context] omni.isaac.core.simulation_context.simulation_context has been deprecated in favor of isaacsim.core.api.simulation_context.simulation_context. Please update your code accordingly.
2026-10-03 13:24:06 [49,452ms] [Warning] [omni.isaac.core.world.world] omni.isaac.core.world.world has been deprecated in favor of isaacsim.core.api.world.world. Please update your code accordingly.
2026-10-03 13:24:06 [49,453ms] [Warning] [omni.isaac.core] omni.isaac.core has been deprecated in favor of isaacsim.core.api. Please update your code accordingly.
[49.656s] [ext: omni.isaac.core_nodes-2.0.2] startup
2026-10-03 13:24:06 [49,532ms] [Warning] [omni.isaac.core_nodes] omni.isaac.core_nodes has been deprecated in favor of isaacsim.core.nodes. Please update your code accordingly.
[49.658s] [ext: omni.anim.curve.core-1.2.0] startup
[49.810s] [ext: isaacsim.robot_motion.lula-4.0.4] startup
[49.864s] [ext: isaacsim.asset.importer.mjcf-2.3.3] startup
[49.938s] [ext: isaacsim.robot_motion.motion_generation-8.0.6] startup
[49.966s] [ext: isaacsim.asset.browser-1.3.4] startup
[50.085s] [ext: isaacsim.robot.surface_gripper-2.0.6] startup
[50.131s] [ext: omni.kit.selection-0.1.5] startup
[50.399s] [ext: isaacsim.robot_motion.lula_test_widget-1.0.5] startup
[50.403s] [ext: omni.isaac.assets_check-0.3.9] startup
2026-10-03 13:24:06 [50,281ms] [Warning] [omni.isaac.assets_check] omni.isaac.assets_check has been deprecated in favor of isaacsim.asset.browser. Please update your code accordingly.
[50.407s] [ext: isaacsim.robot.manipulators-3.0.4] startup
[50.455s] [ext: isaacsim.sensors.physics-0.3.5] startup
[50.482s] [ext: isaacsim.gui.menu-2.0.9] startup
[50.500s] [ext: omni.isaac.lula_test_widget-1.0.2] startup
2026-10-03 13:24:07 [50,376ms] [Warning] [omni.isaac.lula_test_widget] omni.isaac.lula_test_widget has been deprecated in favor of isaacsim.robot_motion.lula_test_widget. Please update your code accordingly.
[50.515s] [ext: omni.sensors.nv.common-2.5.0-coreapi] startup
[50.578s] [ext: omni.isaac.manipulators-3.0.3] startup
2026-10-03 13:24:07 [50,455ms] [Warning] [omni.isaac.manipulators] omni.isaac.manipulators has been deprecated in favor of isaacsim.robot.manipulators. Please update your code accordingly.
2026-10-03 13:24:07 [50,455ms] [Warning] [omni.isaac.manipulators.controllers] omni.isaac.manipulators has been deprecated in favor of isaacsim.robot.manipulators. Please update your code accordingly.
2026-10-03 13:24:07 [50,459ms] [Warning] [omni.isaac.manipulators.controllers.pick_place_controller] omni.isaac.manipulators has been deprecated in favor of isaacsim.robot.manipulators. Please update your code accordingly.
2026-10-03 13:24:07 [50,460ms] [Warning] [omni.isaac.manipulators.controllers.stacking_controller] omni.isaac.manipulators has been deprecated in favor of isaacsim.robot.manipulators. Please update your code accordingly.
2026-10-03 13:24:07 [50,461ms] [Warning] [omni.isaac.manipulators.grippers] omni.isaac.manipulators has been deprecated in favor of isaacsim.robot.manipulators. Please update your code accordingly.
2026-10-03 13:24:07 [50,461ms] [Warning] [omni.isaac.manipulators.grippers.gripper] omni.isaac.manipulators has been deprecated in favor of isaacsim.robot.manipulators. Please update your code accordingly.
2026-10-03 13:24:07 [50,462ms] [Warning] [omni.isaac.manipulators.grippers.parallel_gripper] omni.isaac.manipulators has been deprecated in favor of isaacsim.robot.manipulators. Please update your code accordingly.
2026-10-03 13:24:07 [50,462ms] [Warning] [omni.isaac.manipulators.grippers.surface_gripper] omni.isaac.manipulators has been deprecated in favor of isaacsim.robot.manipulators. Please update your code accordingly.
2026-10-03 13:24:07 [50,463ms] [Warning] [omni.isaac.manipulators.manipulators] omni.isaac.manipulators has been deprecated in favor of isaacsim.robot.manipulators. Please update your code accordingly.
2026-10-03 13:24:07 [50,463ms] [Warning] [omni.isaac.manipulators.manipulators.single_manipulator] omni.isaac.manipulators has been deprecated in favor of isaacsim.robot.manipulators. Please update your code accordingly.
[50.590s] [ext: isaacsim.robot.policy.examples-4.0.3] startup
[50.600s] [ext: omni.isaac.menu-1.0.2] startup
2026-10-03 13:24:07 [50,475ms] [Warning] [omni.isaac.menu] omni.isaac.menu has been deprecated in favor of isaacsim.gui.menu. Please update your code accordingly.
[50.601s] [ext: omni.isaac.motion_generation-8.0.2] startup
2026-10-03 13:24:07 [50,476ms] [Warning] [omni.isaac.motion_generation] omni.isaac.motion_generation has been deprecated in favor of isaacsim.robot_motion.motion_generation. Please update your code accordingly.
2026-10-03 13:24:07 [50,477ms] [Warning] [omni.isaac.motion_generation.articulation_kinematics_solver] omni.isaac.motion_generation has been deprecated in favor of isaacsim.robot_motion.motion_generation. Please update your code accordingly.
2026-10-03 13:24:07 [50,477ms] [Warning] [omni.isaac.motion_generation.articulation_motion_policy] omni.isaac.motion_generation has been deprecated in favor of isaacsim.robot_motion.motion_generation. Please update your code accordingly.
2026-10-03 13:24:07 [50,478ms] [Warning] [omni.isaac.motion_generation.articulation_trajectory] omni.isaac.motion_generation has been deprecated in favor of isaacsim.robot_motion.motion_generation. Please update your code accordingly.
2026-10-03 13:24:07 [50,478ms] [Warning] [omni.isaac.motion_generation.kinematics_interface] omni.isaac.motion_generation has been deprecated in favor of isaacsim.robot_motion.motion_generation. Please update your code accordingly.
2026-10-03 13:24:07 [50,482ms] [Warning] [omni.isaac.motion_generation.lula] omni.isaac.motion_generation has been deprecated in favor of isaacsim.robot_motion.motion_generation. Please update your code accordingly.
2026-10-03 13:24:07 [50,482ms] [Warning] [omni.isaac.motion_generation.lula.kinematics] omni.isaac.motion_generation has been deprecated in favor of isaacsim.robot_motion.motion_generation. Please update your code accordingly.
2026-10-03 13:24:07 [50,483ms] [Warning] [omni.isaac.motion_generation.lula.motion_policies] omni.isaac.motion_generation has been deprecated in favor of isaacsim.robot_motion.motion_generation. Please update your code accordingly.
2026-10-03 13:24:07 [50,483ms] [Warning] [omni.isaac.motion_generation.lula.path_planners] omni.isaac.motion_generation has been deprecated in favor of isaacsim.robot_motion.motion_generation. Please update your code accordingly.
2026-10-03 13:24:07 [50,484ms] [Warning] [omni.isaac.motion_generation.lula.trajectory_generator] omni.isaac.motion_generation has been deprecated in favor of isaacsim.robot_motion.motion_generation. Please update your code accordingly.
2026-10-03 13:24:07 [50,485ms] [Warning] [omni.isaac.motion_generation.motion_policy_controller] omni.isaac.motion_generation has been deprecated in favor of isaacsim.robot_motion.motion_generation. Please update your code accordingly.
2026-10-03 13:24:07 [50,486ms] [Warning] [omni.isaac.motion_generation.motion_policy_interface] omni.isaac.motion_generation has been deprecated in favor of isaacsim.robot_motion.motion_generation. Please update your code accordingly.
2026-10-03 13:24:07 [50,487ms] [Warning] [omni.isaac.motion_generation.path_planner_visualizer] omni.isaac.motion_generation has been deprecated in favor of isaacsim.robot_motion.motion_generation. Please update your code accordingly.
2026-10-03 13:24:07 [50,491ms] [Warning] [omni.isaac.motion_generation.path_planning_interface] omni.isaac.motion_generation has been deprecated in favor of isaacsim.robot_motion.motion_generation. Please update your code accordingly.
2026-10-03 13:24:07 [50,492ms] [Warning] [omni.isaac.motion_generation.trajectory] omni.isaac.motion_generation has been deprecated in favor of isaacsim.robot_motion.motion_generation. Please update your code accordingly.
2026-10-03 13:24:07 [50,492ms] [Warning] [omni.isaac.motion_generation.world_interface] omni.isaac.motion_generation has been deprecated in favor of isaacsim.robot_motion.motion_generation. Please update your code accordingly.
[50.620s] [ext: omni.sensors.nv.materials-1.4.0-coreapi] startup
[50.646s] [ext: omni.isaac.nucleus-1.0.3] startup
2026-10-03 13:24:07 [50,521ms] [Warning] [omni.isaac.nucleus] omni.isaac.nucleus has been deprecated in favor of isaacsim.storage.native. Please update your code accordingly.
2026-10-03 13:24:07 [50,521ms] [Warning] [omni.isaac.nucleus.nucleus] omni.isaac.nucleus.nucleus has been deprecated in favor of isaacsim.storage.native. Please update your code accordingly.
[50.648s] [ext: omni.isaac.quadruped-3.0.2] startup
2026-10-03 13:24:07 [50,523ms] [Warning] [omni.isaac.quadruped] omni.isaac.quadruped has been deprecated in favor of isaacsim.robot.policy.examples. Please update your code accordingly.
[50.649s] [ext: omni.kit.manipulator.selector-1.1.1] startup
[50.651s] [ext: omni.sensors.nv.wpm-2.4.0-coreapi] startup
[50.684s] [ext: omni.sensors.nv.lidar-2.6.3-coreapi] startup
[50.698s] [ext: omni.sensors.nv.ids-1.4.0-coreapi] startup
[50.713s] [ext: isaacsim.robot.manipulators.examples-1.0.3] startup
[50.720s] [ext: isaacsim.util.debug_draw-2.0.2] startup
[50.735s] [ext: omni.sensors.tiled-0.0.6] startup
[50.746s] [ext: omni.sensors.nv.radar-2.6.1-coreapi] startup
[50.798s] [ext: omni.kit.widget.toolbar-1.7.3] startup
[50.833s] [ext: omni.kit.manipulator.transform-106.0.1] startup
[50.850s] [ext: isaacsim.sensors.physx-2.2.4] startup
[50.879s] [ext: isaacsim.sensors.rtx-13.6.3] startup
[50.908s] [ext: isaacsim.sensors.camera-0.2.9] startup
[50.959s] [ext: isaacsim.cortex.framework-1.0.2] startup
[50.981s] [ext: omni.kit.manipulator.tool.snap-1.5.12] startup
[51.085s] [ext: omni.isaac.range_sensor-4.0.2] startup
[51.095s] [ext: omni.isaac.surface_gripper-2.0.2] startup
2026-10-03 13:24:07 [50,977ms] [Warning] [omni.isaac.surface_gripper] omni.isaac.surface_gripper has been deprecated in favor of isaacsim.robot.surface_gripper. Please update your code accordingly.
[51.104s] [ext: omni.isaac.sensor-13.0.3] startup
2026-10-03 13:24:07 [50,985ms] [Warning] [omni.isaac.sensor] omni.isaac.sensor has been deprecated in favor of isaacsim.sensors.camera, isaacsim.sensors.physics, isaacsim.sensors.physx, and isaacsim.sensors.rtx. Please update your code accordingly.
2026-10-03 13:24:07 [50,986ms] [Warning] [omni.isaac.sensor.camera] omni.isaac.sensor.camera has been deprecated in favor of isaacsim.sensors.camera.camera. Please update your code accordingly.
2026-10-03 13:24:07 [50,987ms] [Warning] [omni.isaac.sensor.camera_view] omni.isaac.sensor.camera_view has been deprecated in favor of isaacsim.sensors.camera.camera_view. Please update your code accordingly.
2026-10-03 13:24:07 [50,987ms] [Warning] [omni.isaac.sensor.commands] omni.isaac.sensor.commands has been deprecated in favor of isaacsim.sensors.physics.commands, isaacsim.sensors.physx.commands, and isaacsim.sensors.rtx.commands. Please update your code accordingly.
2026-10-03 13:24:07 [50,988ms] [Warning] [omni.isaac.sensor.contact_sensor] omni.isaac.sensor.contact_sensor has been deprecated in favor of isaacsim.sensors.physics.contact_sensor. Please update your code accordingly.
2026-10-03 13:24:07 [50,988ms] [Warning] [omni.isaac.sensor.imu_sensor] omni.isaac.sensor.imu_sensor has been deprecated in favor of isaacsim.sensors.physics.imu_sensor. Please update your code accordingly.
2026-10-03 13:24:07 [50,989ms] [Warning] [omni.isaac.sensor.lidar_rtx] omni.isaac.sensor.lidar_rtx has been deprecated in favor of isaacsim.sensors.rtx.lidar_rtx. Please update your code accordingly.
2026-10-03 13:24:07 [50,989ms] [Warning] [omni.isaac.sensor.rotating_lidar_physX] omni.isaac.sensor.imu_sensor has been deprecated in favor of isaacsim.sensors.physix.rotating_lidar_physX. Please update your code accordingly.
2026-10-03 13:24:07 [50,991ms] [Warning] [omni.isaac.sensor.scripts.samples.contact_sensor] omni.isaac.sensor.scripts.samples.contact_sensor has been deprecated in favor of isaacsim.sensors.physics.scripts.samples.contact_sensor. Please update your code accordingly.
2026-10-03 13:24:07 [50,994ms] [Warning] [omni.isaac.sensor.scripts.samples.imu_sensor] omni.isaac.sensor.scripts.samples.imu_sensor has been deprecated in favor of isaacsim.sensors.physics.scripts.samples.imu_sensor. Please update your code accordingly.
2026-10-03 13:24:07 [50,995ms] [Warning] [omni.isaac.sensor.scripts.samples.lightbeam_sensor] omni.isaac.sensor.scripts.samples.lightbeam_sensor has been deprecated in favor of isaacsim.sensors.physx.scripts.samples.lightbeam_sensor. Please update your code accordingly.
[51.121s] [ext: omni.isaac.cortex-1.0.2] startup
2026-10-03 13:24:07 [51,008ms] [Warning] [omni.isaac.cortex] omni.isaac.cortex has been deprecated in favor of isaacsim.cortex.framework. Please update your code accordingly.
[51.135s] [ext: omni.kit.viewport.manipulator.transform-107.0.4] startup
[51.152s] [ext: omni.debugdraw-0.1.3] startup
[51.166s] [ext: omni.isaac.universal_robots-1.0.2] startup
2026-10-03 13:24:07 [51,041ms] [Warning] [omni.isaac.universal_robots] omni.isaac.universal_robots has been deprecated in favor of isaacsim.robot.manipulators.examples.universal_robots. Please update your code accordingly.
2026-10-03 13:24:07 [51,041ms] [Warning] [omni.isaac.universal_robots.kinematics_solver] omni.isaac.franka has been deprecated in favor of isaacsim.robot.manipulators.examples.universal_robots. Please update your code accordingly.
2026-10-03 13:24:07 [51,042ms] [Warning] [omni.isaac.universal_robots.ur10] omni.isaac.franka has been deprecated in favor of isaacsim.robot.manipulators.examples.universal_robots. Please update your code accordingly.
[51.169s] [ext: omni.isaac.utils-2.0.2] startup
[51.170s] [ext: omni.kit.manipulator.prim.core-107.0.7] startup
[51.201s] [ext: omni.fabric.commands-1.1.5] startup
[51.217s] [ext: omni.kit.manipulator.selection-106.0.1] startup
[51.576s] [ext: omni.kit.viewport.actions-107.0.0] startup
[51.587s] [ext: omni.kit.manipulator.prim.usd-107.0.3] startup
[51.592s] [ext: omni.kit.manipulator.prim.fabric-107.0.4] startup
[51.684s] [ext: isaacsim.cortex.behaviors-2.0.3] startup
[51.688s] [ext: omni.kit.widget.layers-1.8.2] startup
[51.717s] [ext: omni.kit.viewport.menubar.display-107.0.3] startup
[51.724s] [ext: omni.kit.manipulator.prim-107.0.0] startup
[51.729s] [ext: omni.isaac.cortex.sample_behaviors-2.0.2] startup
2026-10-03 13:24:08 [51,604ms] [Warning] [omni.isaac.cortex.sample_behaviors] omni.isaac.cortex.sample_behaviors has been deprecated in favor of isaacsim.cortex.behaviors. Please update your code accordingly.
[51.732s] [ext: omni.graph.ui_nodes-1.40.1] startup
[51.752s] [ext: omni.usdphysics.ui-106.5.7] startup
[51.844s] [ext: omni.physx.commands-106.5.7] startup
[51.868s] [ext: omni.kit.property.camera-1.0.9] startup
[51.877s] [ext: omni.hydra.scene_api-0.1.2] startup
[51.892s] [ext: omni.kit.property.geometry-1.3.3] startup
[51.903s] [ext: omni.kit.property.light-1.0.11] startup
[51.906s] [ext: omni.physx.ui-106.5.7] startup
[51.965s] [ext: omni.kit.property.material-1.10.17] startup
[51.980s] [ext: omni.kit.property.render-1.1.3] startup
[51.985s] [ext: omni.kit.property.transform-1.5.10] startup
[51.994s] [ext: omni.kit.property.audio-1.0.16] startup
[51.998s] [ext: isaacsim.gui.property-1.0.4] startup
[52.001s] [ext: omni.physx.demos-106.5.7] startup
[52.046s] [ext: omni.kit.property.physx-106.5.7] startup
[52.142s] [ext: omni.isaac.lula-4.0.2] startup
2026-10-03 13:24:08 [52,020ms] [Warning] [omni.isaac.lula] omni.isaac.lula has been deprecated in favor of isaacsim.robot_motion.lula. Please update your code accordingly.
[52.146s] [ext: omni.kit.property.bundle-1.3.2] startup
[52.152s] [ext: omni.kit.property.isaac-1.0.2] startup
2026-10-03 13:24:08 [52,031ms] [Warning] [omni.kit.property.isaac] omni.kit.property.isaac has been deprecated in favor of isaacsim.gui.property. Please update your code accordingly.
2026-10-03 13:24:08 [52,032ms] [Warning] [omni.kit.property.isaac.widgets] omni.kit.property.isaac.widgets has been deprecated in favor of isaacsim.gui.property.widgets. Please update your code accordingly.
[52.159s] [ext: omni.physx.vehicle-106.5.7] startup
[52.198s] [ext: omni.kit.viewport.menubar.camera-107.0.2] startup
[52.214s] [ext: omni.kit.viewport.menubar.lighting-106.0.2] startup
[52.262s] [ext: omni.kit.viewport.menubar.render-107.0.8] startup
[52.273s] [ext: omni.kit.viewport.menubar.settings-107.0.3] startup
[52.366s] [ext: omni.kit.window.console-0.2.14] startup
[52.445s] [ext: omni.physx.camera-106.5.7] startup
[52.501s] [ext: omni.kit.window.toolbar-1.6.2] startup
[52.512s] [ext: omni.isaac.version-2.0.2] startup
2026-10-03 13:24:09 [52,391ms] [Warning] [omni.isaac.version] omni.isaac.version has been deprecated in favor of isaacsim.core.version. Please update your code accordingly.
[52.518s] [ext: isaacsim.robot.wheeled_robots-4.0.3] startup
[52.569s] [ext: omni.physx.cct-106.5.7] startup
[52.607s] [ext: omni.physx.graph-106.5.7] startup
[52.684s] [ext: isaacsim.replicator.writers-1.0.1] startup
[52.760s] [ext: omni.physx.supportui-106.5.7] startup
[52.850s] [ext: omni.physx.telemetry-106.5.7] startup
[52.875s] [ext: omni.isaac.wheeled_robots-3.0.3] startup
2026-10-03 13:24:09 [52,757ms] [Warning] [omni.isaac.wheeled_robots] omni.isaac.wheeled_robots has been deprecated in favor of isaacsim.robot.wheeled_robots. Please update your code accordingly.
2026-10-03 13:24:09 [52,758ms] [Warning] [omni.isaac.wheeled_robots.controllers] omni.isaac.wheeled_robots has been deprecated in favor of isaacsim.robot.wheeled_robots. Please update your code accordingly.
2026-10-03 13:24:09 [52,759ms] [Warning] [omni.isaac.wheeled_robots.controllers.ackermann_controller] omni.isaac.wheeled_robots has been deprecated in favor of isaacsim.robot.wheeled_robots. Please update your code accordingly.
2026-10-03 13:24:09 [52,759ms] [Warning] [omni.isaac.wheeled_robots.controllers.differential_controller] omni.isaac.wheeled_robots has been deprecated in favor of isaacsim.robot.wheeled_robots. Please update your code accordingly.
2026-10-03 13:24:09 [52,760ms] [Warning] [omni.isaac.wheeled_robots.controllers.holonomic_controller] omni.isaac.wheeled_robots has been deprecated in favor of isaacsim.robot.wheeled_robots. Please update your code accordingly.
2026-10-03 13:24:09 [52,760ms] [Warning] [omni.isaac.wheeled_robots.controllers.quintic_path_planner] omni.isaac.wheeled_robots has been deprecated in favor of isaacsim.robot.wheeled_robots. Please update your code accordingly.
2026-10-03 13:24:09 [52,764ms] [Warning] [omni.isaac.wheeled_robots.controllers.stanley_control] omni.isaac.wheeled_robots has been deprecated in favor of isaacsim.robot.wheeled_robots. Please update your code accordingly.
2026-10-03 13:24:09 [52,765ms] [Warning] [omni.isaac.wheeled_robots.controllers.wheel_base_pose_controller] omni.isaac.wheeled_robots has been deprecated in favor of isaacsim.robot.wheeled_robots. Please update your code accordingly.
2026-10-03 13:24:09 [52,766ms] [Warning] [omni.isaac.wheeled_robots.impl] omni.isaac.wheeled_robots has been deprecated in favor of isaacsim.robot.wheeled_robots. Please update your code accordingly.
2026-10-03 13:24:09 [52,767ms] [Warning] [omni.isaac.wheeled_robots.robots] omni.isaac.wheeled_robots has been deprecated in favor of isaacsim.robot.wheeled_robots. Please update your code accordingly.
2026-10-03 13:24:09 [52,770ms] [Warning] [omni.isaac.wheeled_robots.robots.holonomic_robot_usd_setup] omni.isaac.wheeled_robots has been deprecated in favor of isaacsim.robot.wheeled_robots. Please update your code accordingly.
2026-10-03 13:24:09 [52,771ms] [Warning] [omni.isaac.wheeled_robots.robots.wheeled_robot] omni.isaac.wheeled_robots has been deprecated in favor of isaacsim.robot.wheeled_robots. Please update your code accordingly.
[52.917s] [ext: omni.isaac.franka-1.0.2] startup
2026-10-03 13:24:09 [52,799ms] [Warning] [omni.isaac.franka] omni.isaac.franka has been deprecated in favor of isaacsim.robot.manipulators.examples.franka. Please update your code accordingly.
2026-10-03 13:24:09 [52,799ms] [Warning] [omni.isaac.franka.franka] omni.isaac.franka has been deprecated in favor of isaacsim.robot.manipulators.examples.franka. Please update your code accordingly.
2026-10-03 13:24:09 [52,800ms] [Warning] [omni.isaac.franka.kinematics_solver] omni.isaac.franka has been deprecated in favor of isaacsim.robot.manipulators.examples.franka. Please update your code accordingly.
[52.927s] [ext: isaacsim.replicator.domain_randomization-1.0.2] startup
[52.935s] [ext: isaacsim.replicator.examples-1.1.2] startup
[52.969s] [ext: omni.kit.window.status_bar-0.1.7] startup
[53.052s] [ext: omni.rtx.window.settings-0.6.17] startup
[53.327s] [ext: omni.usd.metrics.assembler-106.5.0] startup
[53.419s] [ext: omni.physx.bundle-106.5.7] startup
[53.420s] [ext: isaacsim.app.about-2.0.7] startup
[53.422s] [ext: omni.replicator.isaac-2.0.3] startup
2026-10-03 13:24:09 [53,296ms] [Warning] [omni.replicator.isaac] omni.replicator.isaac has been deprecated in favor of isaacsim.replicator.domain_randomization, isaacsim.replicator.examples, isaacsim.replicator.writers. Please update your code accordingly.
[53.423s] [ext: omni.replicator.replicator_yaml-2.0.10] startup
[53.534s] [ext: omni.rtx.settings.core-0.6.3] startup
[53.605s] [ext: omni.usd.metrics.assembler.ui-106.5.0] startup
[53.614s] [ext: isaacsim.simulation_app-2.4.2] startup
[53.620s] [ext: omni.isaac.window.about-2.0.2] startup
2026-10-03 13:24:10 [53,497ms] [Warning] [omni.isaac.window.about] omni.isaac.window.about has been deprecated in favor of isaacsim.app.about. Please update your code accordingly.
2026-10-03 13:24:10 [53,498ms] [Warning] [omni.isaac.window.about.about] omni.isaac.window.about.about has been deprecated in favor of isaacsim.app.about.about. Please update your code accordingly.
[53.627s] [ext: semantics.schema.editor-0.3.10] startup
[54.068s] [ext: omni.kit.ui.actions-1.0.2] startup
[54.072s] [ext: semantics.schema.property-1.0.5] startup
[54.086s] [ext: omni.kit.manipulator.camera-106.0.3] startup
[54.110s] [ext: omni.isaac.kit-2.0.3] startup
2026-10-03 13:24:10 [53,985ms] [Warning] [omni.isaac.kit] omni.isaac.kit has been deprecated in favor of isaacsim.simulation_app. Please update your code accordingly.
[54.112s] [ext: omni.isaac.asset_browser-1.0.2] startup
2026-10-03 13:24:10 [53,988ms] [Warning] [omni.isaac.asset_browser] omni.isaac.asset_browser has been deprecated in favor of isaacsim.asset.browser. Please update your code accordingly.
[54.114s] [ext: isaacsim.core.throttling-2.0.2] startup
[54.122s] [ext: omni.kit.menu.common-1.1.9] startup
[54.125s] [ext: isaacsim.exp.base-4.5.0] startup
[54.133s] [ext: isaacsim.exp.base.python-4.5.0] startup
[54.137s] Simulation App Starting
2026-10-03 13:24:11 [54,779ms] [Warning] [carb.audio.device] audio device is misconfigured or broken {deviceIndex = 0, name = 'default'} (The device is likely misconfigured, check your $HOME/.asoundrc)
2026-10-03 13:24:11 [54,779ms] [Warning] [carb.audio.output] failed to retrieve the capabilities for device 0 {result = eDeviceLost (2)}
2026-10-03 13:24:11 [54,779ms] [Warning] [carb.audio.context] failed to set the requested output during context creation.  Using a null streamer instead {result = eDeviceLost (2)}
[55.278s] app ready
2026-10-03 13:24:13 [56,766ms] [Warning] [rtx.scenedb.plugin] SceneDbContext : TLAS limit buffer size 2921508224
2026-10-03 13:24:13 [56,767ms] [Warning] [rtx.scenedb.plugin] SceneDbContext : TLAS limit : valid true, within: false
2026-10-03 13:24:16 [59,497ms] [Warning] [omni.usd-abi.plugin] No setting was found for '/rtx-defaults-transient/meshlights/forceDisable'
2026-10-03 13:24:20 [63,836ms] [Warning] [omni.usd-abi.plugin] No setting was found for '/rtx-defaults/post/dlss/execMode'
2026-10-03 13:24:27 [70,666ms] [Warning] [carb.tasking.plugin] carb.tasking is likely stuck. All threads are busy with same tasks for more than 1 seconds with waiting tasks. Starting an emergency helper thread.
2026-10-03 13:24:31 [74,698ms] [Warning] [carb.tasking.plugin] carb.tasking is likely stuck. All threads are busy with same tasks for more than 1 seconds with waiting tasks. Starting an emergency helper thread.
2026-10-03 13:24:32 [75,702ms] [Warning] [carb.tasking.plugin] carb.tasking is likely stuck. All threads are busy with same tasks for more than 1 seconds with waiting tasks. Starting an emergency helper thread.
2026-10-03 13:24:33 [76,710ms] [Warning] [carb.tasking.plugin] carb.tasking is likely stuck. All threads are busy with same tasks for more than 1 seconds with waiting tasks. Starting an emergency helper thread.
2026-10-03 13:24:34 [77,714ms] [Warning] [carb.tasking.plugin] carb.tasking is likely stuck. All threads are busy with same tasks for more than 1 seconds with waiting tasks. Starting an emergency helper thread.
2026-10-03 13:24:57 [100,683ms] [Warning] [rtx.postprocessing.plugin] DLSS increasing input dimensions: Render resolution of (320, 240) is below minimal input resolution of 300.
[102.953s] Simulation App Startup Complete
[isaac_app] renderer activeGpu=0 (want 0), multiGpu=False
app started in 103.2s
[106.060s] [ext: omni.physx.fabric-106.5.7] startup
2026-10-03 13:25:04 [107,977ms] [Warning] [omni.physicsschema.plugin] ScaleOrientation is not supported for rigid bodies, prim path: /World/envs/env_0/Robot/hande_left_finger. You may ignore this if the scale is close to uniform.
2026-10-03 13:25:04 [107,987ms] [Warning] [omni.physicsschema.plugin] ScaleOrientation is not supported for rigid bodies, prim path: /World/envs/env_0/Robot/hande_right_finger. You may ignore this if the scale is close to uniform.
2026-10-03 13:25:06 [109,953ms] [Warning] [omni.physx.plugin] Detected an articulation at /World/envs/env_0/Robot with more than 4 velocity iterations being added to a TGS scene.The related behavior changed recently, please consult the changelog. This warning will only print once.
2026-10-03 13:25:06 [110,045ms] [Warning] [omni.physx.tensors.plugin] Duplicate joint name 'FixedJoint' in articulation metatype
setup done
finger limits [[0.0, 0.042500000447034836], [0.0, 0.042500000447034836]]
[settle    ] step   50  ee err    nan mm  fingers 0.0425 0.0425  gap   34.9 mm  obj z +0.000
frame saved to /home/Invader17/grasp_task/runs/grasp_check_20261003_162315, depth 0.943..1.200 m
[test_close] step  130  ee err    nan mm  fingers 0.0000 0.0000  gap   50.0 mm  obj z +0.000
[test_open ] step  210  ee err    nan mm  fingers 0.0425 0.0425  gap   35.0 mm  obj z +0.000
[pregrasp  ] step  510  ee err  111.4 mm  fingers 0.0425 0.0425  gap   35.0 mm  obj z +0.006
[approach  ] step  710  ee err  224.5 mm  fingers 0.0425 0.0425  gap   35.0 mm  obj z +0.006
[close     ] step  810  ee err    nan mm  fingers 0.0000 0.0000  gap   50.0 mm  obj z +0.006
[lift      ] step 1010  ee err   79.1 mm  fingers 0.0000 0.0000  gap   50.0 mm  obj z +0.009
[hold      ] step 1210  ee err    nan mm  fingers 0.0000 0.0000  gap   50.0 mm  obj z +0.009
gripper stroke: gap open 35.0 mm, closed 50.0 mm -> ход 15.0 mm
object rise 0.3 cm, fingers at [9.475597835262306e-06, 0.0]
video saved to /home/Invader17/grasp_task/runs/grasp_check_20261003_162315/grasp_tetrapak.gif, 242 frames
FAIL
2026-10-03 13:30:09 [412,506ms] [Warning] [carb.windowing-glfw.plugin] GLFW initialization failed.
2026-10-03 13:30:09 [412,506ms] [Warning] [carb] Failed to startup plugin carb.windowing-glfw.plugin (interfaces: [carb::windowing::IGLContext v1.0],[carb::windowing::IWindowing v1.5]) (impl: carb.windowing-glfw.plugin)
2026-10-03 13:30:13 [417,101ms] [Warning] [carb] Plugin interface for a client: omni.hydratexture.plugin was already released.
[INFO]: Simulation is stopped. Shutting down the app.
[16:30:24] код выхода 0, время 421 с, пик памяти на GPU 7 5360 MiB, клиент драйвера на GPU 0 6 MiB
[16:30:32] наших процессов на GPU нет
[16:30:32] результаты: /home/Invader17/grasp_task/runs/grasp_check_20261003_162315
