[13:34:37] user=Invader17 gpu=7 vk_uuid=d9fc0582a134ded0909de88d902ecc0b cpus=46-47 timeout=40m stall=20m
[13:34:37] cmd: /home/Invader17/grasp_task/code/grasp/grasp_check.py --obj tetrapak --side --video
[Warning] [simulation_app.simulation_app] Modules: ['omni.kit_app'] were loaded before SimulationApp was started and might not be loaded correctly.
[Warning] [simulation_app.simulation_app] Please check to make sure no extra omniverse or pxr modules are imported before the call to SimulationApp(...)
Starting kit application with the following args:  ['/home/Invader17/grasp_task/envs/isaac/lib/python3.10/site-packages/isaacsim/exts/isaacsim.simulation_app/isaacsim/simulation_app/simulation_app.py', '/home/Invader17/grasp_task/envs/isaac/lib/python3.10/site-packages/isaacsim/apps/isaacsim.exp.base.python.kit', '--/app/tokens/exe-path=/home/Invader17/grasp_task/envs/isaac/lib/python3.10/site-packages/omni', '--/persistent/app/viewport/displayOptions=3094', '--/rtx/materialDb/syncLoads=True', '--/rtx/hydra/materialSyncLoads=True', '--/omni.kit.plugin/syncUsdLoads=True', '--/app/renderer/resolution/width=640', '--/app/renderer/resolution/height=480', '--/app/window/width=1440', '--/app/window/height=900', '--/renderer/multiGpu/enabled=False', '--/app/fastShutdown=True', '--/app/installSignalHandlers=0', '--ext-folder', '/home/Invader17/grasp_task/envs/isaac/lib/python3.10/site-packages/isaacsim/exts', '--ext-folder', '/home/Invader17/grasp_task/envs/isaac/lib/python3.10/site-packages/isaacsim/apps', '--/renderer/multiGpu/enabled=false', '--/renderer/multiGpu/autoEnable=false', '--/renderer/multiGpu/maxGpuCount=1', '--/renderer/activeGpu=0', '--/plugins/carb.tasking.plugin/threadCount=4', '--/persistent/isaac/asset_root/default=http://omniverse-content-production.s3-us-west-2.amazonaws.com/Assets/Isaac/4.5', '--/persistent/isaac/asset_root/cloud=http://omniverse-content-production.s3-us-west-2.amazonaws.com/Assets/Isaac/4.5', '--/persistent/isaac/asset_root/nvidia=http://omniverse-content-production.s3-us-west-2.amazonaws.com/Assets/Isaac/4.5', '--/renderer/activeGpu=0', '--/physics/cudaDevice=0', '--portable', '--no-window', '--/app/window/hideUi=1']
Passing the following args to the base kit application:  ['--obj', 'tetrapak', '--side', '--video']
[Info] [carb] Logging to file: /home/Invader17/grasp_task/envs/isaac/lib/python3.10/site-packages/omni/logs/Kit/Isaac-Sim Python/4.5/kit_20261004_103438.log
2026-10-04 10:34:38 [0ms] [Warning] [omni.kit.app.plugin] No crash reporter present, dumps uploading isn't available.
[1.704s] [ext: omni.kit.async_engine-0.0.1] startup
[13:34:42] на GPU 7 чужие процессы: 775078; запас памяти 1536 MiB, наш потолок 6144 MiB
[7.599s] [ext: omni.metrics.core-0.0.1] startup
[7.600s] [ext: omni.client.lib-1.0.0] startup
[7.724s] [ext: omni.blobkey-1.1.2] startup
[7.728s] [ext: omni.stats-1.0.1] startup
[7.731s] [ext: omni.datastore-0.0.0] startup
[7.752s] [ext: omni.client-1.2.2] startup
[7.802s] [ext: omni.ujitso.default-1.0.0] startup
[7.806s] [ext: omni.hsscclient-1.1.1] startup
2026-10-04 10:34:46 [7,793ms] [Warning] [omni.datastore] OmniHub is inaccessible
[7.871s] [ext: omni.gpu_foundation.shadercache.vulkan-1.0.0] startup
[7.900s] [ext: omni.assets.plugins-0.0.0] startup
[7.903s] [ext: omni.gpu_foundation-0.0.0] startup
[8.072s] [ext: carb.windowing.plugins-1.0.0] startup
2026-10-04 10:34:46 [8,059ms] [Warning] [carb.windowing-glfw.plugin] GLFW initialization failed.
2026-10-04 10:34:46 [8,059ms] [Warning] [carb] Failed to startup plugin carb.windowing-glfw.plugin (interfaces: [carb::windowing::IGLContext v1.0],[carb::windowing::IWindowing v1.5]) (impl: carb.windowing-glfw.plugin)
[8.077s] [ext: omni.kit.renderer.init-0.0.0] startup
2026-10-04 10:34:46 [8,329ms] [Warning] [omni.platforminfo.plugin] failed to open the default display.  Can't verify X Server version.
2026-10-04 10:35:06 [28,243ms] [Warning] [carb.cudainterop.plugin] CUDA_VISIBLE_DEVICES environment variable is set.
2026-10-04 10:35:06 [28,244ms] [Warning] [carb.cudainterop.plugin] Note CUDA device enumeration and Omniverse device enumeration are different.
2026-10-04 10:35:06 [28,244ms] [Warning] [carb.cudainterop.plugin] Setting CUDA_VISIBLE_DEVICES can lead to undesired behavior or crashes.

|---------------------------------------------------------------------------------------------|
| Driver Version: 575.57.08     | Graphics API: Vulkan
|=============================================================================================|
| GPU | Name                             | Active | LDA | GPU Memory | Vendor-ID | LUID       |
|     |                                  |        |     |            | Device-ID | UUID       |
|     |                                  |        |     |            | Bus-ID    |            |
|---------------------------------------------------------------------------------------------|
| 0   | NVIDIA GeForce RTX 2080 Ti       | Yes: 0 |     | 11510   MB | 10de      | 0          |
|     |                                  |        |     |            | 1e04      | d9fc0582.. |
|     |                                  |        |     |            | 8         |            |
|=============================================================================================|
| OS: 20.04.6 LTS (Focal Fossa) ubuntu, Version: 20.04.6, Kernel: 5.15.0-139-generic
| Processor: AMD EPYC 7552 48-Core Processor
| Cores: 48 | Logical Cores: 48
|---------------------------------------------------------------------------------------------|
| Total Memory (MB): 515967 | Free Memory: 342428
| Total Page/Swap (MB): 67583 | Free Page/Swap: 17592186044409
|---------------------------------------------------------------------------------------------|
[41.420s] [ext: omni.kit.pipapi-0.0.0] startup
[41.423s] [ext: omni.materialx.libs-1.0.6] startup
[41.666s] [ext: omni.kit.pip_archive-0.0.0] startup
[41.667s] [ext: omni.usd.config-1.0.5] startup
[41.691s] [ext: omni.gpucompute.plugins-0.0.0] startup
[41.711s] [ext: omni.usd.libs-1.0.1] startup
[42.132s] [ext: omni.mdl-55.0.1] startup
[42.179s] [ext: omni.iray.libs-0.0.0] startup
[42.196s] [ext: omni.mdl.neuraylib-0.2.10] startup
[42.203s] [ext: omni.kit.usd.mdl-1.0.7] startup
[42.444s] [ext: omni.kit.telemetry-0.5.1] startup
[42.460s] [ext: omni.kit.loop-isaac-1.2.1] startup
[42.490s] [ext: omni.kit.test-1.1.2] startup
[42.671s] [ext: omni.appwindow-1.1.9] startup
2026-10-04 10:35:20 [42,658ms] [Warning] [carb.windowing-glfw.plugin] GLFW initialization failed.
2026-10-04 10:35:20 [42,658ms] [Warning] [carb] Failed to startup plugin carb.windowing-glfw.plugin (interfaces: [carb::windowing::IGLContext v1.0],[carb::windowing::IWindowing v1.5]) (impl: carb.windowing-glfw.plugin)
[42.680s] [ext: omni.kit.renderer.core-1.0.2] startup
2026-10-04 10:35:22 [44,281ms] [Warning] [carb.windowing-glfw.plugin] GLFW initialization failed.
2026-10-04 10:35:22 [44,281ms] [Warning] [carb] Failed to startup plugin carb.windowing-glfw.plugin (interfaces: [carb::windowing::IGLContext v1.0],[carb::windowing::IWindowing v1.5]) (impl: carb.windowing-glfw.plugin)
2026-10-04 10:35:23 [44,753ms] [Warning] [carb.windowing-glfw.plugin] GLFW initialization failed.
2026-10-04 10:35:23 [44,753ms] [Warning] [carb] Failed to startup plugin carb.windowing-glfw.plugin (interfaces: [carb::windowing::IGLContext v1.0],[carb::windowing::IWindowing v1.5]) (impl: carb.windowing-glfw.plugin)
[44.778s] [ext: omni.kit.renderer.capture-0.0.0] startup
[44.794s] [ext: omni.kit.renderer.imgui-1.0.2] startup
2026-10-04 10:35:23 [45,358ms] [Warning] [carb.windowing-glfw.plugin] GLFW initialization failed.
2026-10-04 10:35:23 [45,358ms] [Warning] [carb] Failed to startup plugin carb.windowing-glfw.plugin (interfaces: [carb::windowing::IGLContext v1.0],[carb::windowing::IWindowing v1.5]) (impl: carb.windowing-glfw.plugin)
2026-10-04 10:35:23 [45,362ms] [Warning] [carb.windowing-glfw.plugin] GLFW initialization failed.
2026-10-04 10:35:23 [45,362ms] [Warning] [carb] Failed to startup plugin carb.windowing-glfw.plugin (interfaces: [carb::windowing::IGLContext v1.0],[carb::windowing::IWindowing v1.5]) (impl: carb.windowing-glfw.plugin)
2026-10-04 10:35:23 [45,363ms] [Warning] [carb.windowing-glfw.plugin] GLFW initialization failed.
2026-10-04 10:35:23 [45,364ms] [Warning] [carb] Failed to startup plugin carb.windowing-glfw.plugin (interfaces: [carb::windowing::IGLContext v1.0],[carb::windowing::IWindowing v1.5]) (impl: carb.windowing-glfw.plugin)
[46.182s] [ext: omni.ui-2.26.5] startup
[46.208s] [ext: omni.kit.mainwindow-1.0.3] startup
[46.215s] [ext: carb.audio-0.1.0] startup
[46.226s] [ext: omni.uiaudio-1.0.0] startup
[46.227s] [ext: omni.kit.uiapp-0.0.0] startup
[46.228s] [ext: omni.usd.schema.metrics.assembler-106.5.0] startup
[46.275s] [ext: omni.usd.schema.anim-0.0.0] startup
[46.317s] [ext: omni.usd.schema.audio-0.0.0] startup
[46.325s] [ext: omni.usd.schema.isaac-3.0.2] startup
[46.325s] [ext: omni.usd.schema.omnigraph-1.0.0] startup
[46.339s] [ext: omni.usd.schema.forcefield-106.5.7] startup
[46.361s] [ext: omni.usd.schema.semantics-0.0.0] startup
[46.370s] [ext: omni.usd.schema.physx-106.5.7] startup
[46.423s] [ext: omni.usd.schema.geospatial-0.0.0] startup
[46.430s] [ext: omni.usd_resolver-1.0.0] startup
[46.442s] [ext: omni.kit.window.popup_dialog-2.0.24] startup
[46.456s] [ext: usdrt.scenegraph-7.5.1] startup
[46.584s] [ext: omni.timeline-1.0.11] startup
[46.616s] [ext: omni.usd.core-1.4.2] startup
[46.624s] [ext: omni.resourcemonitor-107.0.0] startup
[46.633s] [ext: omni.activity.core-1.0.1] startup
[46.636s] [ext: omni.kit.widget.nucleus_connector-1.1.10] startup
[46.657s] [ext: omni.hydra.usdrt_delegate-7.5.1] startup
[46.687s] [ext: omni.kit.actions.core-1.0.0] startup
[46.701s] [ext: omni.graph.exec-0.9.4] startup
[46.709s] [ext: omni.kit.commands-1.4.9] startup
[46.724s] [ext: omni.kit.usd_undo-0.1.8] startup
[46.726s] [ext: omni.kit.exec.core-0.13.4] startup
[46.739s] [ext: omni.kit.audiodeviceenum-1.0.1] startup
[46.745s] [ext: omni.hydra.scene_delegate-0.3.3] startup
[46.763s] [ext: omni.usd-1.12.4] startup
[48.190s] [ext: omni.inspect-1.0.1] startup
[48.202s] [ext: omni.kit.notification_manager-1.0.9] startup
[48.208s] [ext: omni.graph.core-2.181.8] startup
[48.223s] [ext: isaacsim.core.deprecation_manager-0.2.2] startup
[48.226s] [ext: omni.usd.schema.omniscripting-1.0.0] startup
[48.243s] [ext: isaacsim.robot.schema-3.1.2] startup
[48.262s] [ext: omni.kit.asset_converter-2.8.3] startup
[48.307s] [ext: omni.kit.menu.core-1.1.2] startup
[48.308s] [ext: omni.kvdb-106.5.7] startup
[48.338s] [ext: omni.kit.widget.context_menu-1.2.4] startup
[48.352s] [ext: omni.kit.usd.layers-2.2.0] startup
[48.385s] [ext: omni.kit.property.adapter.core-1.0.2] startup
[48.419s] [ext: omni.localcache-106.5.7] startup
[48.444s] [ext: omni.convexdecomposition-106.5.7] startup
[48.463s] [ext: omni.warp.core-1.5.0] startup
[49.856s] [ext: omni.kit.context_menu-1.8.3] startup
[49.867s] [ext: omni.kit.hotkeys.core-1.3.10] startup
[49.892s] [ext: omni.kit.property.adapter.fabric-1.0.3] startup
[49.895s] [ext: omni.usdphysics-106.5.7] startup
[49.912s] [ext: omni.kit.widget.path_field-2.0.11] startup
[49.915s] [ext: omni.kit.widget.options_menu-1.1.6] startup
[49.929s] [ext: omni.kit.helper.file_utils-0.1.9] startup
[49.938s] [ext: omni.kit.widget.browser_bar-2.0.10] startup
[49.946s] [ext: omni.kit.widget.options_button-1.0.3] startup
[49.956s] [ext: omni.kit.widget.filebrowser-2.10.52] startup
[49.973s] [ext: omni.kit.clipboard-1.0.5] startup
[49.983s] [ext: omni.graph.tools-1.79.1] startup
[50.044s] [ext: omni.ui.scene-1.11.2] startup
[50.065s] [ext: omni.graph.image.core-0.6.0] startup
[50.068s] [ext: omni.kit.window.filepicker-2.11.7] startup
[50.110s] [ext: omni.kit.widget.searchfield-1.1.8] startup
[50.113s] [ext: omni.graph.image.nodes-1.3.0] startup
[50.133s] [ext: omni.graph-1.140.2] startup
[50.474s] [ext: omni.kit.window.file_exporter-1.0.31] startup
[50.612s] [ext: omni.kit.widget.filter-1.1.4] startup
[51.051s] [ext: omni.physx.foundation-106.5.7] startup
[51.315s] [ext: omni.graph.nodes-1.162.1] startup
[51.334s] [ext: omni.kit.widget.stage-2.11.6] startup
[51.371s] [ext: omni.hydra.rtx.shadercache.vulkan-1.0.0] startup
[51.375s] [ext: omni.hydra.engine.stats-1.0.3] startup
[51.380s] [ext: omni.graph.action_core-1.1.7] startup
[51.389s] [ext: omni.kit.widget.highlight_label-1.0.3] startup
[51.392s] [ext: omni.ujitso.processor.texture-1.0.0] startup
[51.395s] [ext: omni.index.libs-380600.1777.0] startup
[51.396s] [ext: omni.kit.window.file_importer-1.1.14] startup
[51.402s] [ext: omni.kit.stage_template.core-1.1.22] startup
[51.471s] [ext: omni.volume-0.5.0] startup
[51.617s] [ext: omni.ujitso.client-0.0.0] startup
[51.620s] [ext: omni.index-1.0.1] startup
[51.622s] [ext: omni.kit.window.file-1.3.57] startup
[51.632s] [ext: omni.hydra.rtx-1.0.0] startup
2026-10-04 10:35:29 [51,642ms] [Warning] [omni.log] Source: omni.hydra was already registered.
[51.727s] [ext: omni.kit.viewport.registry-104.0.6] startup
[51.732s] [ext: omni.kit.viewport.legacy_gizmos-1.0.16] startup
[51.748s] [ext: omni.kit.raycast.query-1.0.5] startup
[51.762s] [ext: omni.kit.viewport.scene_camera_model-1.0.5] startup
[51.781s] [ext: omni.kit.hydra_texture-1.4.0] startup
[51.795s] [ext: omni.kit.menu.utils-1.7.7] startup
[51.814s] [ext: omni.kit.window.drop_support-1.0.4] startup
[51.816s] [ext: omni.kit.widget.viewport-107.0.7] startup
[51.837s] [ext: omni.kit.material.library-1.5.15] startup
[51.856s] [ext: omni.kit.window.content_browser_registry-0.0.6] startup
[51.858s] [ext: omni.kit.viewport.window-107.0.8] startup
[51.927s] [ext: omni.graph.action_nodes-1.40.1] startup
[51.939s] [ext: omni.kit.window.property-1.11.5] startup
[51.985s] [ext: omni.kit.window.content_browser-2.10.3] startup
[52.175s] [ext: omni.kit.property.adapter.usd-1.0.2] startup
[52.524s] [ext: omni.kit.viewport.utility-1.0.18] startup
[52.527s] [ext: omni.graph.action-1.120.0] startup
[52.536s] [ext: omni.kit.property.usd-4.2.16] startup
[52.554s] [ext: omni.physx.cooking-106.5.7] startup
[52.727s] [ext: omni.kit.widget.stage_icons-1.0.6] startup
[52.736s] [ext: omni.kit.widget.zoombar-1.0.5] startup
[52.743s] [ext: omni.physics.tensors-106.5.7] startup
[52.766s] [ext: omni.kit.widget.prompt-1.0.7] startup
[52.769s] [ext: omni.kit.usd.collect-2.2.22] startup
[52.775s] [ext: omni.physx-106.5.7] startup
[52.808s] [ext: omni.kit.window.stage-2.5.11] startup
[52.822s] [ext: omni.kit.browser.core-2.3.11] startup
[52.834s] [ext: omni.kit.widget.text_editor-1.0.2] startup
[52.842s] [ext: omni.physx.tensors-106.5.7] startup
[52.859s] [ext: omni.kit.tool.collect-2.2.16] startup
[52.864s] [ext: omni.kit.menu.stage-1.2.5] startup
[52.866s] [ext: omni.kit.browser.folder.core-1.10.1] startup
[52.879s] [ext: omni.warp-1.5.0] startup
[52.889s] [ext: isaacsim.examples.browser-0.1.8] startup
[52.894s] [ext: omni.physx.stageupdate-106.5.7] startup
[52.899s] [ext: omni.kit.numpy.common-0.1.2] startup
[53.036s] [ext: isaacsim.core.version-2.0.2] startup
[53.038s] [ext: omni.isaac.dynamic_control-1.3.15] startup
2026-10-04 10:35:31 [53,193ms] [Warning] [omni.isaac.dynamic_control] omni.isaac.dynamic_control is deprecated as of Isaac Sim 4.5. No action is needed from end-users.
[53.279s] [ext: isaacsim.storage.native-1.0.6] startup
[53.281s] [ext: omni.kit.menu.create-1.0.17] startup
[53.284s] [ext: isaacsim.core.utils-2.2.8] startup
[53.350s] [ext: omni.kit.widget.searchable_combobox-1.0.6] startup
[53.352s] [ext: omni.kit.primitive.mesh-1.0.17] startup
[53.469s] [ext: isaacsim.core.simulation_manager-0.3.3] startup
[56.331s] [ext: omni.kit.scripting-106.5.2] startup
[56.340s] [ext: omni.kit.stage_templates-1.2.6] startup
[56.353s] [ext: isaacsim.core.prims-0.3.7] startup
[56.388s] [ext: isaacsim.replicator.behavior-1.0.8] startup
[56.392s] [ext: isaacsim.core.api-4.2.16] startup
[56.415s] [ext: omni.ui_query-1.1.7] startup
[56.416s] [ext: omni.kit.manipulator.viewport-107.0.1] startup
[56.423s] [ext: omni.kit.ui_test-1.3.3] startup
[56.436s] [ext: omni.kit.window.extensions-1.4.25] startup
[56.450s] [ext: omni.graph.visualization.nodes-2.1.1] startup
[56.488s] [ext: omni.kit.tool.asset_importer-2.12.2] startup
[56.558s] [ext: isaacsim.gui.components-1.0.9] startup
[56.982s] [ext: omni.kit.widget.settings-1.2.2] startup
[56.987s] [ext: omni.kit.widget.graph-1.12.17] startup
[57.083s] [ext: omni.kit.window.preferences-1.7.0] startup
[57.107s] [ext: omni.kit.graph.delegate.default-1.2.2] startup
[57.109s] [ext: omni.kit.viewport.menubar.core-107.1.2] startup
[57.148s] [ext: omni.kit.widget.material_preview-1.0.16] startup
[57.151s] [ext: omni.kit.graph.usd.commands-1.3.1] startup
[57.162s] [ext: omni.kit.graph.editor.core-1.5.3] startup
[57.170s] [ext: omni.syntheticdata-0.6.10] startup
[57.223s] [ext: omni.kit.window.material_graph-1.8.19] startup
[57.352s] [ext: omni.graph.scriptnode-1.40.1] startup
[57.369s] [ext: isaacsim.core.cloner-1.3.4] startup
[57.396s] [ext: omni.replicator.core-1.11.35] startup
Warp 1.5.0 initialized:
   CUDA Toolkit 11.8, Driver 12.9
   Devices:
     "cpu"      : "x86_64"
     "cuda:0"   : "NVIDIA GeForce RTX 2080 Ti" (11 GiB, sm_75, mempool enabled)
   Kernel cache:
     /home/Invader17/grasp_task/.cache/warp
2026-10-04 10:35:36 [58,544ms] [Warning] [omni.replicator.core.scripts.extension] No material configuration file, adding configuration to material settings directly.
[58.608s] [ext: omni.isaac.cloner-1.0.2] startup
2026-10-04 10:35:36 [58,592ms] [Warning] [omni.isaac.cloner] omni.isaac.cloner has been deprecated in favor of isaacsim.core.cloner. Please update your code accordingly.
[58.610s] [ext: isaacsim.core.nodes-2.1.4] startup
[58.762s] [ext: isaacsim.asset.importer.urdf-2.3.10] startup
[59.085s] [ext: omni.isaac.core-4.0.3] startup
2026-10-04 10:35:37 [59,069ms] [Warning] [omni.isaac.core.physics_context.physics_context] omni.isaac.core.physics_context.physics_context has been deprecated in favor of isaacsim.core.api.physics_context.physics_context. Please update your code accordingly.
2026-10-04 10:35:37 [59,070ms] [Warning] [omni.isaac.core.simulation_context.simulation_context] omni.isaac.core.simulation_context.simulation_context has been deprecated in favor of isaacsim.core.api.simulation_context.simulation_context. Please update your code accordingly.
2026-10-04 10:35:37 [59,070ms] [Warning] [omni.isaac.core.world.world] omni.isaac.core.world.world has been deprecated in favor of isaacsim.core.api.world.world. Please update your code accordingly.
2026-10-04 10:35:37 [59,070ms] [Warning] [omni.isaac.core] omni.isaac.core has been deprecated in favor of isaacsim.core.api. Please update your code accordingly.
[59.088s] [ext: omni.isaac.core_nodes-2.0.2] startup
2026-10-04 10:35:37 [59,091ms] [Warning] [omni.isaac.core_nodes] omni.isaac.core_nodes has been deprecated in favor of isaacsim.core.nodes. Please update your code accordingly.
[59.133s] [ext: omni.anim.curve.core-1.2.0] startup
[59.235s] [ext: isaacsim.robot_motion.lula-4.0.4] startup
[59.522s] [ext: isaacsim.asset.importer.mjcf-2.3.3] startup
[59.578s] [ext: isaacsim.robot_motion.motion_generation-8.0.6] startup
[59.625s] [ext: isaacsim.asset.browser-1.3.4] startup
[59.791s] [ext: isaacsim.robot.surface_gripper-2.0.6] startup
[59.806s] [ext: omni.kit.selection-0.1.5] startup
[59.808s] [ext: isaacsim.robot_motion.lula_test_widget-1.0.5] startup
[60.136s] [ext: omni.isaac.assets_check-0.3.9] startup
2026-10-04 10:35:38 [60,121ms] [Warning] [omni.isaac.assets_check] omni.isaac.assets_check has been deprecated in favor of isaacsim.asset.browser. Please update your code accordingly.
[60.138s] [ext: isaacsim.robot.manipulators-3.0.4] startup
[60.144s] [ext: isaacsim.sensors.physics-0.3.5] startup
[60.173s] [ext: isaacsim.gui.menu-2.0.9] startup
[60.196s] [ext: omni.isaac.lula_test_widget-1.0.2] startup
2026-10-04 10:35:38 [60,180ms] [Warning] [omni.isaac.lula_test_widget] omni.isaac.lula_test_widget has been deprecated in favor of isaacsim.robot_motion.lula_test_widget. Please update your code accordingly.
[60.198s] [ext: omni.sensors.nv.common-2.5.0-coreapi] startup
[60.246s] [ext: omni.isaac.manipulators-3.0.3] startup
2026-10-04 10:35:38 [60,229ms] [Warning] [omni.isaac.manipulators] omni.isaac.manipulators has been deprecated in favor of isaacsim.robot.manipulators. Please update your code accordingly.
2026-10-04 10:35:38 [60,229ms] [Warning] [omni.isaac.manipulators.controllers] omni.isaac.manipulators has been deprecated in favor of isaacsim.robot.manipulators. Please update your code accordingly.
2026-10-04 10:35:38 [60,230ms] [Warning] [omni.isaac.manipulators.controllers.pick_place_controller] omni.isaac.manipulators has been deprecated in favor of isaacsim.robot.manipulators. Please update your code accordingly.
2026-10-04 10:35:38 [60,231ms] [Warning] [omni.isaac.manipulators.controllers.stacking_controller] omni.isaac.manipulators has been deprecated in favor of isaacsim.robot.manipulators. Please update your code accordingly.
2026-10-04 10:35:38 [60,231ms] [Warning] [omni.isaac.manipulators.grippers] omni.isaac.manipulators has been deprecated in favor of isaacsim.robot.manipulators. Please update your code accordingly.
2026-10-04 10:35:38 [60,232ms] [Warning] [omni.isaac.manipulators.grippers.gripper] omni.isaac.manipulators has been deprecated in favor of isaacsim.robot.manipulators. Please update your code accordingly.
2026-10-04 10:35:38 [60,232ms] [Warning] [omni.isaac.manipulators.grippers.parallel_gripper] omni.isaac.manipulators has been deprecated in favor of isaacsim.robot.manipulators. Please update your code accordingly.
2026-10-04 10:35:38 [60,233ms] [Warning] [omni.isaac.manipulators.grippers.surface_gripper] omni.isaac.manipulators has been deprecated in favor of isaacsim.robot.manipulators. Please update your code accordingly.
2026-10-04 10:35:38 [60,233ms] [Warning] [omni.isaac.manipulators.manipulators] omni.isaac.manipulators has been deprecated in favor of isaacsim.robot.manipulators. Please update your code accordingly.
2026-10-04 10:35:38 [60,233ms] [Warning] [omni.isaac.manipulators.manipulators.single_manipulator] omni.isaac.manipulators has been deprecated in favor of isaacsim.robot.manipulators. Please update your code accordingly.
[60.264s] [ext: isaacsim.robot.policy.examples-4.0.3] startup
[60.272s] [ext: omni.isaac.menu-1.0.2] startup
2026-10-04 10:35:38 [60,256ms] [Warning] [omni.isaac.menu] omni.isaac.menu has been deprecated in favor of isaacsim.gui.menu. Please update your code accordingly.
[60.274s] [ext: omni.isaac.motion_generation-8.0.2] startup
2026-10-04 10:35:38 [60,258ms] [Warning] [omni.isaac.motion_generation] omni.isaac.motion_generation has been deprecated in favor of isaacsim.robot_motion.motion_generation. Please update your code accordingly.
2026-10-04 10:35:38 [60,258ms] [Warning] [omni.isaac.motion_generation.articulation_kinematics_solver] omni.isaac.motion_generation has been deprecated in favor of isaacsim.robot_motion.motion_generation. Please update your code accordingly.
2026-10-04 10:35:38 [60,258ms] [Warning] [omni.isaac.motion_generation.articulation_motion_policy] omni.isaac.motion_generation has been deprecated in favor of isaacsim.robot_motion.motion_generation. Please update your code accordingly.
2026-10-04 10:35:38 [60,259ms] [Warning] [omni.isaac.motion_generation.articulation_trajectory] omni.isaac.motion_generation has been deprecated in favor of isaacsim.robot_motion.motion_generation. Please update your code accordingly.
2026-10-04 10:35:38 [60,259ms] [Warning] [omni.isaac.motion_generation.kinematics_interface] omni.isaac.motion_generation has been deprecated in favor of isaacsim.robot_motion.motion_generation. Please update your code accordingly.
2026-10-04 10:35:38 [60,259ms] [Warning] [omni.isaac.motion_generation.lula] omni.isaac.motion_generation has been deprecated in favor of isaacsim.robot_motion.motion_generation. Please update your code accordingly.
2026-10-04 10:35:38 [60,259ms] [Warning] [omni.isaac.motion_generation.lula.kinematics] omni.isaac.motion_generation has been deprecated in favor of isaacsim.robot_motion.motion_generation. Please update your code accordingly.
2026-10-04 10:35:38 [60,272ms] [Warning] [omni.isaac.motion_generation.lula.motion_policies] omni.isaac.motion_generation has been deprecated in favor of isaacsim.robot_motion.motion_generation. Please update your code accordingly.
2026-10-04 10:35:38 [60,273ms] [Warning] [omni.isaac.motion_generation.lula.path_planners] omni.isaac.motion_generation has been deprecated in favor of isaacsim.robot_motion.motion_generation. Please update your code accordingly.
2026-10-04 10:35:38 [60,273ms] [Warning] [omni.isaac.motion_generation.lula.trajectory_generator] omni.isaac.motion_generation has been deprecated in favor of isaacsim.robot_motion.motion_generation. Please update your code accordingly.
2026-10-04 10:35:38 [60,273ms] [Warning] [omni.isaac.motion_generation.motion_policy_controller] omni.isaac.motion_generation has been deprecated in favor of isaacsim.robot_motion.motion_generation. Please update your code accordingly.
2026-10-04 10:35:38 [60,274ms] [Warning] [omni.isaac.motion_generation.motion_policy_interface] omni.isaac.motion_generation has been deprecated in favor of isaacsim.robot_motion.motion_generation. Please update your code accordingly.
2026-10-04 10:35:38 [60,274ms] [Warning] [omni.isaac.motion_generation.path_planner_visualizer] omni.isaac.motion_generation has been deprecated in favor of isaacsim.robot_motion.motion_generation. Please update your code accordingly.
2026-10-04 10:35:38 [60,274ms] [Warning] [omni.isaac.motion_generation.path_planning_interface] omni.isaac.motion_generation has been deprecated in favor of isaacsim.robot_motion.motion_generation. Please update your code accordingly.
2026-10-04 10:35:38 [60,275ms] [Warning] [omni.isaac.motion_generation.trajectory] omni.isaac.motion_generation has been deprecated in favor of isaacsim.robot_motion.motion_generation. Please update your code accordingly.
2026-10-04 10:35:38 [60,275ms] [Warning] [omni.isaac.motion_generation.world_interface] omni.isaac.motion_generation has been deprecated in favor of isaacsim.robot_motion.motion_generation. Please update your code accordingly.
[60.301s] [ext: omni.sensors.nv.materials-1.4.0-coreapi] startup
[60.344s] [ext: omni.isaac.nucleus-1.0.3] startup
2026-10-04 10:35:38 [60,328ms] [Warning] [omni.isaac.nucleus] omni.isaac.nucleus has been deprecated in favor of isaacsim.storage.native. Please update your code accordingly.
2026-10-04 10:35:38 [60,328ms] [Warning] [omni.isaac.nucleus.nucleus] omni.isaac.nucleus.nucleus has been deprecated in favor of isaacsim.storage.native. Please update your code accordingly.
[60.346s] [ext: omni.isaac.quadruped-3.0.2] startup
2026-10-04 10:35:38 [60,329ms] [Warning] [omni.isaac.quadruped] omni.isaac.quadruped has been deprecated in favor of isaacsim.robot.policy.examples. Please update your code accordingly.
[60.347s] [ext: omni.kit.manipulator.selector-1.1.1] startup
[60.362s] [ext: omni.sensors.nv.wpm-2.4.0-coreapi] startup
[60.368s] [ext: omni.sensors.nv.lidar-2.6.3-coreapi] startup
[60.380s] [ext: omni.sensors.nv.ids-1.4.0-coreapi] startup
[60.392s] [ext: isaacsim.robot.manipulators.examples-1.0.3] startup
[60.396s] [ext: isaacsim.util.debug_draw-2.0.2] startup
[60.414s] [ext: omni.sensors.tiled-0.0.6] startup
[60.998s] [ext: omni.sensors.nv.radar-2.6.1-coreapi] startup
[61.024s] [ext: omni.kit.widget.toolbar-1.7.3] startup
[61.039s] [ext: omni.kit.manipulator.transform-106.0.1] startup
[61.048s] [ext: isaacsim.sensors.physx-2.2.4] startup
[61.064s] [ext: isaacsim.sensors.rtx-13.6.3] startup
[61.089s] [ext: isaacsim.sensors.camera-0.2.9] startup
[61.198s] [ext: isaacsim.cortex.framework-1.0.2] startup
[61.199s] [ext: omni.kit.manipulator.tool.snap-1.5.12] startup
[61.251s] [ext: omni.isaac.range_sensor-4.0.2] startup
[61.258s] [ext: omni.isaac.surface_gripper-2.0.2] startup
2026-10-04 10:35:39 [61,242ms] [Warning] [omni.isaac.surface_gripper] omni.isaac.surface_gripper has been deprecated in favor of isaacsim.robot.surface_gripper. Please update your code accordingly.
[61.260s] [ext: omni.isaac.sensor-13.0.3] startup
2026-10-04 10:35:39 [61,243ms] [Warning] [omni.isaac.sensor] omni.isaac.sensor has been deprecated in favor of isaacsim.sensors.camera, isaacsim.sensors.physics, isaacsim.sensors.physx, and isaacsim.sensors.rtx. Please update your code accordingly.
2026-10-04 10:35:39 [61,243ms] [Warning] [omni.isaac.sensor.camera] omni.isaac.sensor.camera has been deprecated in favor of isaacsim.sensors.camera.camera. Please update your code accordingly.
2026-10-04 10:35:39 [61,244ms] [Warning] [omni.isaac.sensor.camera_view] omni.isaac.sensor.camera_view has been deprecated in favor of isaacsim.sensors.camera.camera_view. Please update your code accordingly.
2026-10-04 10:35:39 [61,299ms] [Warning] [omni.isaac.sensor.commands] omni.isaac.sensor.commands has been deprecated in favor of isaacsim.sensors.physics.commands, isaacsim.sensors.physx.commands, and isaacsim.sensors.rtx.commands. Please update your code accordingly.
2026-10-04 10:35:39 [61,299ms] [Warning] [omni.isaac.sensor.contact_sensor] omni.isaac.sensor.contact_sensor has been deprecated in favor of isaacsim.sensors.physics.contact_sensor. Please update your code accordingly.
2026-10-04 10:35:39 [61,300ms] [Warning] [omni.isaac.sensor.imu_sensor] omni.isaac.sensor.imu_sensor has been deprecated in favor of isaacsim.sensors.physics.imu_sensor. Please update your code accordingly.
2026-10-04 10:35:39 [61,301ms] [Warning] [omni.isaac.sensor.lidar_rtx] omni.isaac.sensor.lidar_rtx has been deprecated in favor of isaacsim.sensors.rtx.lidar_rtx. Please update your code accordingly.
2026-10-04 10:35:39 [61,301ms] [Warning] [omni.isaac.sensor.rotating_lidar_physX] omni.isaac.sensor.imu_sensor has been deprecated in favor of isaacsim.sensors.physix.rotating_lidar_physX. Please update your code accordingly.
2026-10-04 10:35:39 [61,302ms] [Warning] [omni.isaac.sensor.scripts.samples.contact_sensor] omni.isaac.sensor.scripts.samples.contact_sensor has been deprecated in favor of isaacsim.sensors.physics.scripts.samples.contact_sensor. Please update your code accordingly.
2026-10-04 10:35:39 [61,303ms] [Warning] [omni.isaac.sensor.scripts.samples.imu_sensor] omni.isaac.sensor.scripts.samples.imu_sensor has been deprecated in favor of isaacsim.sensors.physics.scripts.samples.imu_sensor. Please update your code accordingly.
2026-10-04 10:35:39 [61,304ms] [Warning] [omni.isaac.sensor.scripts.samples.lightbeam_sensor] omni.isaac.sensor.scripts.samples.lightbeam_sensor has been deprecated in favor of isaacsim.sensors.physx.scripts.samples.lightbeam_sensor. Please update your code accordingly.
[61.322s] [ext: omni.isaac.cortex-1.0.2] startup
2026-10-04 10:35:39 [61,306ms] [Warning] [omni.isaac.cortex] omni.isaac.cortex has been deprecated in favor of isaacsim.cortex.framework. Please update your code accordingly.
[61.324s] [ext: omni.kit.viewport.manipulator.transform-107.0.4] startup
[61.627s] [ext: omni.debugdraw-0.1.3] startup
[61.643s] [ext: omni.isaac.universal_robots-1.0.2] startup
2026-10-04 10:35:39 [61,627ms] [Warning] [omni.isaac.universal_robots] omni.isaac.universal_robots has been deprecated in favor of isaacsim.robot.manipulators.examples.universal_robots. Please update your code accordingly.
2026-10-04 10:35:39 [61,627ms] [Warning] [omni.isaac.universal_robots.kinematics_solver] omni.isaac.franka has been deprecated in favor of isaacsim.robot.manipulators.examples.universal_robots. Please update your code accordingly.
2026-10-04 10:35:39 [61,634ms] [Warning] [omni.isaac.universal_robots.ur10] omni.isaac.franka has been deprecated in favor of isaacsim.robot.manipulators.examples.universal_robots. Please update your code accordingly.
[61.656s] [ext: omni.isaac.utils-2.0.2] startup
[61.668s] [ext: omni.kit.manipulator.prim.core-107.0.7] startup
[61.685s] [ext: omni.fabric.commands-1.1.5] startup
[61.693s] [ext: omni.kit.manipulator.selection-106.0.1] startup
[61.696s] [ext: omni.kit.viewport.actions-107.0.0] startup
[61.708s] [ext: omni.kit.manipulator.prim.usd-107.0.3] startup
[61.724s] [ext: omni.kit.manipulator.prim.fabric-107.0.4] startup
[61.727s] [ext: isaacsim.cortex.behaviors-2.0.3] startup
[61.728s] [ext: omni.kit.widget.layers-1.8.2] startup
[61.822s] [ext: omni.kit.viewport.menubar.display-107.0.3] startup
[61.830s] [ext: omni.kit.manipulator.prim-107.0.0] startup
[61.831s] [ext: omni.isaac.cortex.sample_behaviors-2.0.2] startup
2026-10-04 10:35:40 [61,814ms] [Warning] [omni.isaac.cortex.sample_behaviors] omni.isaac.cortex.sample_behaviors has been deprecated in favor of isaacsim.cortex.behaviors. Please update your code accordingly.
[61.832s] [ext: omni.graph.ui_nodes-1.40.1] startup
[61.858s] [ext: omni.usdphysics.ui-106.5.7] startup
[61.980s] [ext: omni.physx.commands-106.5.7] startup
[61.991s] [ext: omni.kit.property.camera-1.0.9] startup
[62.006s] [ext: omni.hydra.scene_api-0.1.2] startup
[62.026s] [ext: omni.kit.property.geometry-1.3.3] startup
[62.041s] [ext: omni.kit.property.light-1.0.11] startup
[62.043s] [ext: omni.physx.ui-106.5.7] startup
[62.121s] [ext: omni.kit.property.material-1.10.17] startup
[62.142s] [ext: omni.kit.property.render-1.1.3] startup
[62.143s] [ext: omni.kit.property.transform-1.5.10] startup
[62.172s] [ext: omni.kit.property.audio-1.0.16] startup
[62.183s] [ext: isaacsim.gui.property-1.0.4] startup
[62.192s] [ext: omni.physx.demos-106.5.7] startup
[62.250s] [ext: omni.kit.property.physx-106.5.7] startup
[62.500s] [ext: omni.isaac.lula-4.0.2] startup
2026-10-04 10:35:40 [62,484ms] [Warning] [omni.isaac.lula] omni.isaac.lula has been deprecated in favor of isaacsim.robot_motion.lula. Please update your code accordingly.
[62.502s] [ext: omni.kit.property.bundle-1.3.2] startup
[62.519s] [ext: omni.kit.property.isaac-1.0.2] startup
2026-10-04 10:35:40 [62,502ms] [Warning] [omni.kit.property.isaac] omni.kit.property.isaac has been deprecated in favor of isaacsim.gui.property. Please update your code accordingly.
2026-10-04 10:35:40 [62,503ms] [Warning] [omni.kit.property.isaac.widgets] omni.kit.property.isaac.widgets has been deprecated in favor of isaacsim.gui.property.widgets. Please update your code accordingly.
[62.524s] [ext: omni.physx.vehicle-106.5.7] startup
[62.579s] [ext: omni.kit.viewport.menubar.camera-107.0.2] startup
[62.606s] [ext: omni.kit.viewport.menubar.lighting-106.0.2] startup
[62.621s] [ext: omni.kit.viewport.menubar.render-107.0.8] startup
[62.632s] [ext: omni.kit.viewport.menubar.settings-107.0.3] startup
[62.648s] [ext: omni.kit.window.console-0.2.14] startup
[62.674s] [ext: omni.physx.camera-106.5.7] startup
[62.709s] [ext: omni.kit.window.toolbar-1.6.2] startup
[62.725s] [ext: omni.isaac.version-2.0.2] startup
2026-10-04 10:35:40 [62,709ms] [Warning] [omni.isaac.version] omni.isaac.version has been deprecated in favor of isaacsim.core.version. Please update your code accordingly.
[62.733s] [ext: isaacsim.robot.wheeled_robots-4.0.3] startup
[62.757s] [ext: omni.physx.cct-106.5.7] startup
[62.802s] [ext: omni.physx.graph-106.5.7] startup
[63.495s] [ext: isaacsim.replicator.writers-1.0.1] startup
[63.592s] [ext: omni.physx.supportui-106.5.7] startup
[63.684s] [ext: omni.physx.telemetry-106.5.7] startup
[63.710s] [ext: omni.isaac.wheeled_robots-3.0.3] startup
2026-10-04 10:35:41 [63,696ms] [Warning] [omni.isaac.wheeled_robots] omni.isaac.wheeled_robots has been deprecated in favor of isaacsim.robot.wheeled_robots. Please update your code accordingly.
2026-10-04 10:35:41 [63,697ms] [Warning] [omni.isaac.wheeled_robots.controllers] omni.isaac.wheeled_robots has been deprecated in favor of isaacsim.robot.wheeled_robots. Please update your code accordingly.
2026-10-04 10:35:41 [63,697ms] [Warning] [omni.isaac.wheeled_robots.controllers.ackermann_controller] omni.isaac.wheeled_robots has been deprecated in favor of isaacsim.robot.wheeled_robots. Please update your code accordingly.
2026-10-04 10:35:41 [63,697ms] [Warning] [omni.isaac.wheeled_robots.controllers.differential_controller] omni.isaac.wheeled_robots has been deprecated in favor of isaacsim.robot.wheeled_robots. Please update your code accordingly.
2026-10-04 10:35:41 [63,698ms] [Warning] [omni.isaac.wheeled_robots.controllers.holonomic_controller] omni.isaac.wheeled_robots has been deprecated in favor of isaacsim.robot.wheeled_robots. Please update your code accordingly.
2026-10-04 10:35:41 [63,698ms] [Warning] [omni.isaac.wheeled_robots.controllers.quintic_path_planner] omni.isaac.wheeled_robots has been deprecated in favor of isaacsim.robot.wheeled_robots. Please update your code accordingly.
2026-10-04 10:35:41 [63,698ms] [Warning] [omni.isaac.wheeled_robots.controllers.stanley_control] omni.isaac.wheeled_robots has been deprecated in favor of isaacsim.robot.wheeled_robots. Please update your code accordingly.
2026-10-04 10:35:41 [63,699ms] [Warning] [omni.isaac.wheeled_robots.controllers.wheel_base_pose_controller] omni.isaac.wheeled_robots has been deprecated in favor of isaacsim.robot.wheeled_robots. Please update your code accordingly.
2026-10-04 10:35:41 [63,700ms] [Warning] [omni.isaac.wheeled_robots.impl] omni.isaac.wheeled_robots has been deprecated in favor of isaacsim.robot.wheeled_robots. Please update your code accordingly.
2026-10-04 10:35:41 [63,701ms] [Warning] [omni.isaac.wheeled_robots.robots] omni.isaac.wheeled_robots has been deprecated in favor of isaacsim.robot.wheeled_robots. Please update your code accordingly.
2026-10-04 10:35:41 [63,701ms] [Warning] [omni.isaac.wheeled_robots.robots.holonomic_robot_usd_setup] omni.isaac.wheeled_robots has been deprecated in favor of isaacsim.robot.wheeled_robots. Please update your code accordingly.
2026-10-04 10:35:41 [63,701ms] [Warning] [omni.isaac.wheeled_robots.robots.wheeled_robot] omni.isaac.wheeled_robots has been deprecated in favor of isaacsim.robot.wheeled_robots. Please update your code accordingly.
[63.719s] [ext: omni.isaac.franka-1.0.2] startup
2026-10-04 10:35:41 [63,703ms] [Warning] [omni.isaac.franka] omni.isaac.franka has been deprecated in favor of isaacsim.robot.manipulators.examples.franka. Please update your code accordingly.
2026-10-04 10:35:41 [63,703ms] [Warning] [omni.isaac.franka.franka] omni.isaac.franka has been deprecated in favor of isaacsim.robot.manipulators.examples.franka. Please update your code accordingly.
2026-10-04 10:35:41 [63,707ms] [Warning] [omni.isaac.franka.kinematics_solver] omni.isaac.franka has been deprecated in favor of isaacsim.robot.manipulators.examples.franka. Please update your code accordingly.
[63.840s] [ext: isaacsim.replicator.domain_randomization-1.0.2] startup
[63.854s] [ext: isaacsim.replicator.examples-1.1.2] startup
[63.865s] [ext: omni.kit.window.status_bar-0.1.7] startup
[63.899s] [ext: omni.rtx.window.settings-0.6.17] startup
[63.923s] [ext: omni.usd.metrics.assembler-106.5.0] startup
[63.945s] [ext: omni.physx.bundle-106.5.7] startup
[63.946s] [ext: isaacsim.app.about-2.0.7] startup
[63.948s] [ext: omni.replicator.isaac-2.0.3] startup
2026-10-04 10:35:42 [63,931ms] [Warning] [omni.replicator.isaac] omni.replicator.isaac has been deprecated in favor of isaacsim.replicator.domain_randomization, isaacsim.replicator.examples, isaacsim.replicator.writers. Please update your code accordingly.
[63.949s] [ext: omni.replicator.replicator_yaml-2.0.10] startup
[64.011s] [ext: omni.rtx.settings.core-0.6.3] startup
[64.123s] [ext: omni.usd.metrics.assembler.ui-106.5.0] startup
[64.408s] [ext: isaacsim.simulation_app-2.4.2] startup
[64.409s] [ext: omni.isaac.window.about-2.0.2] startup
2026-10-04 10:35:42 [64,394ms] [Warning] [omni.isaac.window.about] omni.isaac.window.about has been deprecated in favor of isaacsim.app.about. Please update your code accordingly.
2026-10-04 10:35:42 [64,394ms] [Warning] [omni.isaac.window.about.about] omni.isaac.window.about.about has been deprecated in favor of isaacsim.app.about.about. Please update your code accordingly.
[64.411s] [ext: semantics.schema.editor-0.3.10] startup
[64.493s] [ext: omni.kit.ui.actions-1.0.2] startup
[64.498s] [ext: semantics.schema.property-1.0.5] startup
[64.500s] [ext: omni.kit.manipulator.camera-106.0.3] startup
[64.512s] [ext: omni.isaac.kit-2.0.3] startup
2026-10-04 10:35:42 [64,495ms] [Warning] [omni.isaac.kit] omni.isaac.kit has been deprecated in favor of isaacsim.simulation_app. Please update your code accordingly.
[64.517s] [ext: omni.isaac.asset_browser-1.0.2] startup
2026-10-04 10:35:42 [64,501ms] [Warning] [omni.isaac.asset_browser] omni.isaac.asset_browser has been deprecated in favor of isaacsim.asset.browser. Please update your code accordingly.
[64.518s] [ext: isaacsim.core.throttling-2.0.2] startup
[64.520s] [ext: omni.kit.menu.common-1.1.9] startup
[64.530s] [ext: isaacsim.exp.base-4.5.0] startup
[64.532s] [ext: isaacsim.exp.base.python-4.5.0] startup
[64.535s] Simulation App Starting
2026-10-04 10:35:43 [65,165ms] [Warning] [carb.audio.device] audio device is misconfigured or broken {deviceIndex = 0, name = 'default'} (The device is likely misconfigured, check your $HOME/.asoundrc)
2026-10-04 10:35:43 [65,165ms] [Warning] [carb.audio.output] failed to retrieve the capabilities for device 0 {result = eDeviceLost (2)}
2026-10-04 10:35:43 [65,165ms] [Warning] [carb.audio.context] failed to set the requested output during context creation.  Using a null streamer instead {result = eDeviceLost (2)}
[65.532s] app ready
2026-10-04 10:35:45 [66,811ms] [Warning] [rtx.scenedb.plugin] SceneDbContext : TLAS limit buffer size 2921508224
2026-10-04 10:35:45 [66,812ms] [Warning] [rtx.scenedb.plugin] SceneDbContext : TLAS limit : valid true, within: false
2026-10-04 10:35:49 [70,879ms] [Warning] [omni.usd-abi.plugin] No setting was found for '/rtx-defaults-transient/meshlights/forceDisable'
2026-10-04 10:35:49 [71,331ms] [Warning] [omni.usd-abi.plugin] No setting was found for '/rtx-defaults/post/dlss/execMode'
2026-10-04 10:35:58 [80,456ms] [Warning] [carb.tasking.plugin] carb.tasking is likely stuck. All threads are busy with same tasks for more than 1 seconds with waiting tasks. Starting an emergency helper thread.
2026-10-04 10:35:59 [81,472ms] [Warning] [carb.tasking.plugin] carb.tasking is likely stuck. All threads are busy with same tasks for more than 1 seconds with waiting tasks. Starting an emergency helper thread.
2026-10-04 10:36:00 [82,476ms] [Warning] [carb.tasking.plugin] carb.tasking is likely stuck. All threads are busy with same tasks for more than 1 seconds with waiting tasks. Starting an emergency helper thread.
2026-10-04 10:36:01 [83,476ms] [Warning] [carb.tasking.plugin] carb.tasking is likely stuck. All threads are busy with same tasks for more than 1 seconds with waiting tasks. Starting an emergency helper thread.
2026-10-04 10:36:18 [100,400ms] [Warning] [rtx.postprocessing.plugin] DLSS increasing input dimensions: Render resolution of (320, 240) is below minimal input resolution of 300.
[101.264s] Simulation App Startup Complete
[isaac_app] renderer activeGpu=0 (want 0), multiGpu=False
app started in 101.4s
[103.332s] [ext: omni.physx.fabric-106.5.7] startup
2026-10-04 10:36:26 [107,788ms] [Warning] [omni.physicsschema.plugin] ScaleOrientation is not supported for rigid bodies, prim path: /World/envs/env_0/Robot/hande_left_finger. You may ignore this if the scale is close to uniform.
2026-10-04 10:36:26 [107,791ms] [Warning] [omni.physicsschema.plugin] ScaleOrientation is not supported for rigid bodies, prim path: /World/envs/env_0/Robot/hande_right_finger. You may ignore this if the scale is close to uniform.
2026-10-04 10:36:29 [111,307ms] [Warning] [omni.physx.plugin] Detected an articulation at /World/envs/env_0/Robot with more than 4 velocity iterations being added to a TGS scene.The related behavior changed recently, please consult the changelog. This warning will only print once.
2026-10-04 10:36:31 [112,783ms] [Warning] [omni.physx.tensors.plugin] Duplicate joint name 'FixedJoint' in articulation metatype
setup done
finger limits [[0.0, 0.042500000447034836], [0.0, 0.042500000447034836]]
[planner] база повёрнута на 0: якобиан расходится на 1.9997
[planner] база повёрнута на 180: якобиан расходится на 0.0000
[planner] T_post = [[-0.99996, 0.0, 0.00939, 0.00068], [0.00939, 0.0, 0.99996, 0.00046], [0.0, 1.0, -0.0, 0.21432], [0.0, -0.0, 0.0, 1.0]]
домашняя поза: manip по симу 0.2198, по моей кинематике 0.2198
стартовая поза: решений 398, manip лучший 0.1036, у выбранной 0.0953, суставы [1.047, -2.232, 2.027, -1.365, -1.571, 2.628]
[planner] задача 1, напротив объекта (сторона 0, пальцы в [1.0, 0.0, 0.0]), ориентация 0: из 64 стартов промах >2мм у 6, поворот >1° у 6, ниже стола у 45; сошлись по позе и повороту 58, из них низко 44; лучший промах 0.0 мм, лучший поворот 0.00°, самая низкая точка у сошедшихся от -0.398 до 0.094 м
[planner] задача 1, напротив объекта (сторона 0, пальцы в [1.0, 0.0, 0.0]), ориентация 1: из 64 стартов промах >2мм у 6, поворот >1° у 6, ниже стола у 44; сошлись по позе и повороту 58, из них низко 41; лучший промах 0.0 мм, лучший поворот 0.00°, самая низкая точка у сошедшихся от -0.397 до 0.094 м
[planner] задача 1, напротив объекта (сторона 0, пальцы в [1.0, 0.0, 0.0]): решений 31 (разных ~18), беру ближайшее, до него 2.03 рад, manip 0.0869
[planner] задача 2, схват (сторона 0, пальцы в [1.0, 0.0, 0.0]), ориентация 0: из 64 стартов промах >2мм у 10, поворот >1° у 10, ниже стола у 43; сошлись по позе и повороту 54, из них низко 37; лучший промах 0.0 мм, лучший поворот 0.00°, самая низкая точка у сошедшихся от -0.413 до 0.094 м
[planner] задача 2, схват (сторона 0, пальцы в [1.0, 0.0, 0.0]), ориентация 1: из 64 стартов промах >2мм у 11, поворот >1° у 11, ниже стола у 50; сошлись по позе и повороту 53, из них низко 44; лучший промах 0.0 мм, лучший поворот 0.00°, самая низкая точка у сошедшихся от -0.412 до 0.094 м
[planner] задача 2, схват (сторона 0, пальцы в [1.0, 0.0, 0.0]): решений 26 (разных ~14), беру ближайшее, до него 0.27 рад, manip 0.0487
[planner] подъём (сторона 0, пальцы в [1.0, 0.0, 0.0]), ориентация 0: из 64 стартов промах >2мм у 12, поворот >1° у 12, ниже стола у 27; сошлись по позе и повороту 52, из них низко 20; лучший промах 0.0 мм, лучший поворот 0.00°, самая низкая точка у сошедшихся от -0.365 до 0.244 м
[planner] подъём (сторона 0, пальцы в [1.0, 0.0, 0.0]), ориентация 1: из 64 стартов промах >2мм у 6, поворот >1° у 6, ниже стола у 22; сошлись по позе и повороту 58, из них низко 20; лучший промах 0.0 мм, лучший поворот 0.00°, самая низкая точка у сошедшихся от -0.365 до 0.245 м
[planner] подъём (сторона 0, пальцы в [1.0, 0.0, 0.0]): решений 70 (разных ~39), беру ближайшее, до него 0.37 рад, manip 0.0503
[planner] задача 1, напротив объекта (сторона 1, пальцы в [-1.0, 0.0, 0.0]), ориентация 0: из 64 стартов промах >2мм у 6, поворот >1° у 6, ниже стола у 48; сошлись по позе и повороту 58, из них низко 45; лучший промах 0.0 мм, лучший поворот 0.00°, самая низкая точка у сошедшихся от -0.397 до 0.094 м
[planner] задача 1, напротив объекта (сторона 1, пальцы в [-1.0, 0.0, 0.0]), ориентация 1: из 64 стартов промах >2мм у 6, поворот >1° у 6, ниже стола у 51; сошлись по позе и повороту 58, из них низко 45; лучший промах 0.0 мм, лучший поворот 0.00°, самая низкая точка у сошедшихся от -0.397 до 0.094 м
[planner] задача 1, напротив объекта (сторона 1, пальцы в [-1.0, 0.0, 0.0]): решений 26 (разных ~19), беру ближайшее, до него 1.57 рад, manip 0.1675
[planner] задача 2, схват (сторона 1, пальцы в [-1.0, 0.0, 0.0]), ориентация 0: из 64 стартов промах >2мм у 2, поворот >1° у 2, ниже стола у 50; сошлись по позе и повороту 62, из них низко 48; лучший промах 0.0 мм, лучший поворот 0.00°, самая низкая точка у сошедшихся от -0.412 до 0.094 м
[planner] задача 2, схват (сторона 1, пальцы в [-1.0, 0.0, 0.0]), ориентация 1: из 64 стартов промах >2мм у 7, поворот >1° у 7, ниже стола у 47; сошлись по позе и повороту 57, из них низко 44; лучший промах 0.0 мм, лучший поворот 0.00°, самая низкая точка у сошедшихся от -0.413 до 0.094 м
[planner] задача 2, схват (сторона 1, пальцы в [-1.0, 0.0, 0.0]): решений 27 (разных ~21), беру ближайшее, до него 0.21 рад, manip 0.1310
[planner] подъём (сторона 1, пальцы в [-1.0, 0.0, 0.0]), ориентация 0: из 64 стартов промах >2мм у 10, поворот >1° у 10, ниже стола у 29; сошлись по позе и повороту 54, из них низко 25; лучший промах 0.0 мм, лучший поворот 0.00°, самая низкая точка у сошедшихся от -0.365 до 0.244 м
[planner] подъём (сторона 1, пальцы в [-1.0, 0.0, 0.0]), ориентация 1: из 64 стартов промах >2мм у 3, поворот >1° у 3, ниже стола у 33; сошлись по позе и повороту 61, из них низко 31; лучший промах 0.0 мм, лучший поворот 0.00°, самая низкая точка у сошедшихся от -0.365 до 0.245 м
[planner] подъём (сторона 1, пальцы в [-1.0, 0.0, 0.0]): решений 59 (разных ~35), беру ближайшее, до него 0.37 рад, manip 0.1353
еду со стороны 1
[planner] задача 1: суставы сдвинутся макс на 1.23 рад, кисть уйдёт от прямой до 19 мм, самая низкая точка руки 0.094 м, manip мин 0.0953
[planner] задача 2: суставы сдвинутся макс на 0.12 рад, кисть уйдёт от прямой до 2 мм, самая низкая точка руки 0.094 м, manip мин 0.1310
[planner] подъём: суставы сдвинутся макс на 0.28 рад, кисть уйдёт от прямой до 5 мм, самая низкая точка руки 0.094 м, manip мин 0.1310
[settle    ] step   50  ee err    nan mm  fingers 0.0425 0.0425  obj z -0.000  fk err 0.0 mm
frame saved to /home/Invader17/grasp_task/runs/side_v6_20261004_133437, depth 0.363..1.200 m
[test_close] step  130  ee err    nan mm  fingers 0.0000 0.0000  obj z +0.000  fk err 0.0 mm
[test_open ] step  210  ee err    nan mm  fingers 0.0425 0.0425  obj z +0.000  fk err 0.0 mm
[pregrasp  ] step  610  ee err   56.2 mm  fingers 0.0425 0.0425  obj z +0.000  fk err 0.0 mm
[approach  ] step  810  ee err   80.4 mm  fingers 0.0425 0.0425  obj z +0.000  fk err 0.0 mm
[close     ] step  910  ee err    nan mm  fingers 0.0000 0.0000  obj z +0.000  fk err 0.0 mm
[lift      ] step 1110  ee err    0.0 mm  fingers 0.0000 0.0000  obj z +0.030  fk err 0.0 mm
[hold      ] step 1310  ee err    nan mm  fingers 0.0000 0.0000  obj z +0.030  fk err 0.0 mm
object rise 3.0 cm, fingers at [2.0198359044348857e-12, 2.0666670597080383e-09]
video saved to /home/Invader17/grasp_task/runs/side_v6_20261004_133437/grasp_tetrapak_side.gif, 262 frames
FAIL
2026-10-04 10:47:57 [798,905ms] [Warning] [carb.windowing-glfw.plugin] GLFW initialization failed.
2026-10-04 10:47:57 [798,909ms] [Warning] [carb] Failed to startup plugin carb.windowing-glfw.plugin (interfaces: [carb::windowing::IGLContext v1.0],[carb::windowing::IWindowing v1.5]) (impl: carb.windowing-glfw.plugin)
2026-10-04 10:48:05 [807,113ms] [Warning] [carb] Plugin interface for a client: omni.hydratexture.plugin was already released.
[INFO]: Simulation is stopped. Shutting down the app.
[13:48:16] код выхода 0, время 814 с, пик памяти на GPU 7 4121 MiB, клиент драйвера на GPU 0 6 MiB
[13:48:21] наших процессов на GPU нет
[13:48:21] результаты: /home/Invader17/grasp_task/runs/side_v6_20261004_133437
