[16:32:06] user=Invader17 gpu=7 vk_uuid=d9fc0582a134ded0909de88d902ecc0b cpus=46-47 timeout=15m stall=20m
[16:32:06] cmd: /home/Invader17/grasp_task/code/grasp/grasp_check.py --obj tetrapak --video
[Warning] [simulation_app.simulation_app] Modules: ['omni.kit_app'] were loaded before SimulationApp was started and might not be loaded correctly.
[Warning] [simulation_app.simulation_app] Please check to make sure no extra omniverse or pxr modules are imported before the call to SimulationApp(...)
Starting kit application with the following args:  ['/home/Invader17/grasp_task/envs/isaac/lib/python3.10/site-packages/isaacsim/exts/isaacsim.simulation_app/isaacsim/simulation_app/simulation_app.py', '/home/Invader17/grasp_task/envs/isaac/lib/python3.10/site-packages/isaacsim/apps/isaacsim.exp.base.python.kit', '--/app/tokens/exe-path=/home/Invader17/grasp_task/envs/isaac/lib/python3.10/site-packages/omni', '--/persistent/app/viewport/displayOptions=3094', '--/rtx/materialDb/syncLoads=True', '--/rtx/hydra/materialSyncLoads=True', '--/omni.kit.plugin/syncUsdLoads=True', '--/app/renderer/resolution/width=640', '--/app/renderer/resolution/height=480', '--/app/window/width=1440', '--/app/window/height=900', '--/renderer/multiGpu/enabled=False', '--/app/fastShutdown=True', '--/app/installSignalHandlers=0', '--ext-folder', '/home/Invader17/grasp_task/envs/isaac/lib/python3.10/site-packages/isaacsim/exts', '--ext-folder', '/home/Invader17/grasp_task/envs/isaac/lib/python3.10/site-packages/isaacsim/apps', '--/renderer/multiGpu/enabled=false', '--/renderer/multiGpu/autoEnable=false', '--/renderer/multiGpu/maxGpuCount=1', '--/renderer/activeGpu=0', '--/plugins/carb.tasking.plugin/threadCount=4', '--/persistent/isaac/asset_root/default=http://omniverse-content-production.s3-us-west-2.amazonaws.com/Assets/Isaac/4.5', '--/persistent/isaac/asset_root/cloud=http://omniverse-content-production.s3-us-west-2.amazonaws.com/Assets/Isaac/4.5', '--/persistent/isaac/asset_root/nvidia=http://omniverse-content-production.s3-us-west-2.amazonaws.com/Assets/Isaac/4.5', '--/renderer/activeGpu=0', '--/physics/cudaDevice=0', '--portable', '--no-window', '--/app/window/hideUi=1']
Passing the following args to the base kit application:  ['--obj', 'tetrapak', '--video']
[Info] [carb] Logging to file: /home/Invader17/grasp_task/envs/isaac/lib/python3.10/site-packages/omni/logs/Kit/Isaac-Sim Python/4.5/kit_20261003_133206.log
2026-10-03 13:32:06 [0ms] [Warning] [omni.kit.app.plugin] No crash reporter present, dumps uploading isn't available.
[0.638s] [ext: omni.kit.async_engine-0.0.1] startup
[1.155s] [ext: omni.metrics.core-0.0.1] startup
[1.156s] [ext: omni.client.lib-1.0.0] startup
[1.201s] [ext: omni.blobkey-1.1.2] startup
[1.202s] [ext: omni.stats-1.0.1] startup
[1.204s] [ext: omni.datastore-0.0.0] startup
[1.214s] [ext: omni.client-1.2.2] startup
[1.224s] [ext: omni.ujitso.default-1.0.0] startup
[1.229s] [ext: omni.hsscclient-1.1.1] startup
2026-10-03 13:32:08 [1,216ms] [Warning] [omni.datastore] OmniHub is inaccessible
[1.240s] [ext: omni.gpu_foundation.shadercache.vulkan-1.0.0] startup
[1.249s] [ext: omni.assets.plugins-0.0.0] startup
[1.253s] [ext: omni.gpu_foundation-0.0.0] startup
[1.269s] [ext: carb.windowing.plugins-1.0.0] startup
2026-10-03 13:32:08 [1,257ms] [Warning] [carb.windowing-glfw.plugin] GLFW initialization failed.
2026-10-03 13:32:08 [1,258ms] [Warning] [carb] Failed to startup plugin carb.windowing-glfw.plugin (interfaces: [carb::windowing::IGLContext v1.0],[carb::windowing::IWindowing v1.5]) (impl: carb.windowing-glfw.plugin)
[1.275s] [ext: omni.kit.renderer.init-0.0.0] startup
2026-10-03 13:32:08 [1,294ms] [Warning] [omni.platforminfo.plugin] failed to open the default display.  Can't verify X Server version.
2026-10-03 13:32:19 [12,937ms] [Warning] [carb.cudainterop.plugin] CUDA_VISIBLE_DEVICES environment variable is set.
2026-10-03 13:32:19 [12,940ms] [Warning] [carb.cudainterop.plugin] Note CUDA device enumeration and Omniverse device enumeration are different.
2026-10-03 13:32:19 [12,940ms] [Warning] [carb.cudainterop.plugin] Setting CUDA_VISIBLE_DEVICES can lead to undesired behavior or crashes.

|---------------------------------------------------------------------------------------------|
| Driver Version: 575.57.08     | Graphics API: Vulkan
|=============================================================================================|
| GPU | Name                             | Active | LDA | GPU Memory | Vendor-ID | LUID       |
|     |                                  |        |     |            | Device-ID | UUID       |
|     |                                  |        |     |            | Bus-ID    |            |
|---------------------------------------------------------------------------------------------|
| 0   | NVIDIA GeForce RTX 2080 Ti       | Yes: 0 |     | 11510   MB | 10de      | 0          |
|     |                                  |        |     |            | 1e04      | d9fc0582.. |
|     |                                  |        |     |            | 8         |            |
|=============================================================================================|
| OS: 20.04.6 LTS (Focal Fossa) ubuntu, Version: 20.04.6, Kernel: 5.15.0-139-generic
| Processor: AMD EPYC 7552 48-Core Processor
| Cores: 48 | Logical Cores: 48
|---------------------------------------------------------------------------------------------|
| Total Memory (MB): 515967 | Free Memory: 331481
| Total Page/Swap (MB): 67583 | Free Page/Swap: 17592186044409
|---------------------------------------------------------------------------------------------|
[25.134s] [ext: omni.kit.pipapi-0.0.0] startup
[25.139s] [ext: omni.materialx.libs-1.0.6] startup
[25.153s] [ext: omni.kit.pip_archive-0.0.0] startup
[25.154s] [ext: omni.usd.config-1.0.5] startup
[25.167s] [ext: omni.gpucompute.plugins-0.0.0] startup
[25.171s] [ext: omni.usd.libs-1.0.1] startup
[25.325s] [ext: omni.mdl-55.0.1] startup
[25.357s] [ext: omni.iray.libs-0.0.0] startup
[25.368s] [ext: omni.mdl.neuraylib-0.2.10] startup
[25.375s] [ext: omni.kit.usd.mdl-1.0.7] startup
[25.546s] [ext: omni.kit.telemetry-0.5.1] startup
[25.606s] [ext: omni.kit.loop-isaac-1.2.1] startup
[25.620s] [ext: omni.kit.test-1.1.2] startup
[25.885s] [ext: omni.appwindow-1.1.9] startup
2026-10-03 13:32:32 [25,872ms] [Warning] [carb.windowing-glfw.plugin] GLFW initialization failed.
2026-10-03 13:32:32 [25,888ms] [Warning] [carb] Failed to startup plugin carb.windowing-glfw.plugin (interfaces: [carb::windowing::IGLContext v1.0],[carb::windowing::IWindowing v1.5]) (impl: carb.windowing-glfw.plugin)
[25.908s] [ext: omni.kit.renderer.core-1.0.2] startup
2026-10-03 13:32:32 [25,924ms] [Warning] [carb.windowing-glfw.plugin] GLFW initialization failed.
2026-10-03 13:32:32 [25,925ms] [Warning] [carb] Failed to startup plugin carb.windowing-glfw.plugin (interfaces: [carb::windowing::IGLContext v1.0],[carb::windowing::IWindowing v1.5]) (impl: carb.windowing-glfw.plugin)
2026-10-03 13:32:32 [25,942ms] [Warning] [carb.windowing-glfw.plugin] GLFW initialization failed.
2026-10-03 13:32:32 [25,943ms] [Warning] [carb] Failed to startup plugin carb.windowing-glfw.plugin (interfaces: [carb::windowing::IGLContext v1.0],[carb::windowing::IWindowing v1.5]) (impl: carb.windowing-glfw.plugin)
[25.963s] [ext: omni.kit.renderer.capture-0.0.0] startup
[25.974s] [ext: omni.kit.renderer.imgui-1.0.2] startup
2026-10-03 13:32:32 [25,969ms] [Warning] [carb.windowing-glfw.plugin] GLFW initialization failed.
2026-10-03 13:32:32 [25,970ms] [Warning] [carb] Failed to startup plugin carb.windowing-glfw.plugin (interfaces: [carb::windowing::IGLContext v1.0],[carb::windowing::IWindowing v1.5]) (impl: carb.windowing-glfw.plugin)
2026-10-03 13:32:32 [25,974ms] [Warning] [carb.windowing-glfw.plugin] GLFW initialization failed.
2026-10-03 13:32:32 [25,974ms] [Warning] [carb] Failed to startup plugin carb.windowing-glfw.plugin (interfaces: [carb::windowing::IGLContext v1.0],[carb::windowing::IWindowing v1.5]) (impl: carb.windowing-glfw.plugin)
2026-10-03 13:32:32 [25,976ms] [Warning] [carb.windowing-glfw.plugin] GLFW initialization failed.
2026-10-03 13:32:32 [25,976ms] [Warning] [carb] Failed to startup plugin carb.windowing-glfw.plugin (interfaces: [carb::windowing::IGLContext v1.0],[carb::windowing::IWindowing v1.5]) (impl: carb.windowing-glfw.plugin)
[27.328s] [ext: omni.ui-2.26.5] startup
[27.380s] [ext: omni.kit.mainwindow-1.0.3] startup
[27.383s] [ext: carb.audio-0.1.0] startup
[27.392s] [ext: omni.uiaudio-1.0.0] startup
[27.395s] [ext: omni.kit.uiapp-0.0.0] startup
[27.398s] [ext: omni.usd.schema.metrics.assembler-106.5.0] startup
[27.415s] [ext: omni.usd.schema.anim-0.0.0] startup
[27.448s] [ext: omni.usd.schema.audio-0.0.0] startup
[27.454s] [ext: omni.usd.schema.isaac-3.0.2] startup
[27.455s] [ext: omni.usd.schema.omnigraph-1.0.0] startup
[27.464s] [ext: omni.usd.schema.forcefield-106.5.7] startup
[27.482s] [ext: omni.usd.schema.semantics-0.0.0] startup
[27.487s] [ext: omni.usd.schema.physx-106.5.7] startup
[27.567s] [ext: omni.usd.schema.geospatial-0.0.0] startup
[27.572s] [ext: omni.usd_resolver-1.0.0] startup
[27.600s] [ext: omni.kit.window.popup_dialog-2.0.24] startup
[27.640s] [ext: usdrt.scenegraph-7.5.1] startup
[27.707s] [ext: omni.timeline-1.0.11] startup
[27.712s] [ext: omni.usd.core-1.4.2] startup
[27.719s] [ext: omni.resourcemonitor-107.0.0] startup
[27.723s] [ext: omni.activity.core-1.0.1] startup
[27.730s] [ext: omni.kit.widget.nucleus_connector-1.1.10] startup
[27.736s] [ext: omni.hydra.usdrt_delegate-7.5.1] startup
[27.757s] [ext: omni.kit.actions.core-1.0.0] startup
[27.764s] [ext: omni.graph.exec-0.9.4] startup
[27.767s] [ext: omni.kit.commands-1.4.9] startup
[27.775s] [ext: omni.kit.usd_undo-0.1.8] startup
[27.776s] [ext: omni.kit.exec.core-0.13.4] startup
[27.780s] [ext: omni.kit.audiodeviceenum-1.0.1] startup
[27.787s] [ext: omni.hydra.scene_delegate-0.3.3] startup
[27.798s] [ext: omni.usd-1.12.4] startup
[27.952s] [ext: omni.inspect-1.0.1] startup
[27.955s] [ext: omni.kit.notification_manager-1.0.9] startup
[27.961s] [ext: omni.graph.core-2.181.8] startup
[27.970s] [ext: isaacsim.core.deprecation_manager-0.2.2] startup
[27.972s] [ext: omni.usd.schema.omniscripting-1.0.0] startup
[27.983s] [ext: isaacsim.robot.schema-3.1.2] startup
[28.040s] [ext: omni.kit.asset_converter-2.8.3] startup
[28.063s] [ext: omni.kit.menu.core-1.1.2] startup
[28.067s] [ext: omni.kvdb-106.5.7] startup
[28.074s] [ext: omni.kit.widget.context_menu-1.2.4] startup
[28.079s] [ext: omni.kit.usd.layers-2.2.0] startup
[28.170s] [ext: omni.kit.property.adapter.core-1.0.2] startup
[28.180s] [ext: omni.localcache-106.5.7] startup
[28.184s] [ext: omni.convexdecomposition-106.5.7] startup
[28.196s] [ext: omni.warp.core-1.5.0] startup
[28.588s] [ext: omni.kit.context_menu-1.8.3] startup
[28.599s] [ext: omni.kit.hotkeys.core-1.3.10] startup
[28.609s] [ext: omni.kit.property.adapter.fabric-1.0.3] startup
[28.613s] [ext: omni.usdphysics-106.5.7] startup
[28.622s] [ext: omni.kit.widget.path_field-2.0.11] startup
[28.626s] [ext: omni.kit.widget.options_menu-1.1.6] startup
[28.696s] [ext: omni.kit.helper.file_utils-0.1.9] startup
[28.700s] [ext: omni.kit.widget.browser_bar-2.0.10] startup
[28.706s] [ext: omni.kit.widget.options_button-1.0.3] startup
[28.709s] [ext: omni.kit.widget.filebrowser-2.10.52] startup
[28.718s] [ext: omni.kit.clipboard-1.0.5] startup
[28.723s] [ext: omni.graph.tools-1.79.1] startup
[28.764s] [ext: omni.ui.scene-1.11.2] startup
[28.778s] [ext: omni.graph.image.core-0.6.0] startup
[28.782s] [ext: omni.kit.window.filepicker-2.11.7] startup
[28.808s] [ext: omni.kit.widget.searchfield-1.1.8] startup
[28.824s] [ext: omni.graph.image.nodes-1.3.0] startup
[28.843s] [ext: omni.graph-1.140.2] startup
[28.914s] [ext: omni.kit.window.file_exporter-1.0.31] startup
[28.919s] [ext: omni.kit.widget.filter-1.1.4] startup
[28.924s] [ext: omni.physx.foundation-106.5.7] startup
[28.932s] [ext: omni.graph.nodes-1.162.1] startup
[29.505s] [ext: omni.kit.widget.stage-2.11.6] startup
[29.580s] [ext: omni.hydra.rtx.shadercache.vulkan-1.0.0] startup
[29.591s] [ext: omni.hydra.engine.stats-1.0.3] startup
[29.601s] [ext: omni.graph.action_core-1.1.7] startup
[29.611s] [ext: omni.kit.widget.highlight_label-1.0.3] startup
[29.620s] [ext: omni.ujitso.processor.texture-1.0.0] startup
[29.630s] [ext: omni.index.libs-380600.1777.0] startup
[29.631s] [ext: omni.kit.window.file_importer-1.1.14] startup
[29.638s] [ext: omni.kit.stage_template.core-1.1.22] startup
[29.640s] [ext: omni.volume-0.5.0] startup
[29.660s] [ext: omni.ujitso.client-0.0.0] startup
[29.662s] [ext: omni.index-1.0.1] startup
[29.665s] [ext: omni.kit.window.file-1.3.57] startup
[29.671s] [ext: omni.hydra.rtx-1.0.0] startup
2026-10-03 13:32:36 [29,667ms] [Warning] [omni.log] Source: omni.hydra was already registered.
[29.710s] [ext: omni.kit.viewport.registry-104.0.6] startup
[29.726s] [ext: omni.kit.viewport.legacy_gizmos-1.0.16] startup
[29.734s] [ext: omni.kit.raycast.query-1.0.5] startup
[29.745s] [ext: omni.kit.viewport.scene_camera_model-1.0.5] startup
[29.754s] [ext: omni.kit.hydra_texture-1.4.0] startup
[29.763s] [ext: omni.kit.menu.utils-1.7.7] startup
[29.774s] [ext: omni.kit.window.drop_support-1.0.4] startup
[29.776s] [ext: omni.kit.widget.viewport-107.0.7] startup
[29.784s] [ext: omni.kit.material.library-1.5.15] startup
[29.803s] [ext: omni.kit.window.content_browser_registry-0.0.6] startup
[29.806s] [ext: omni.kit.viewport.window-107.0.8] startup
[30.150s] [ext: omni.graph.action_nodes-1.40.1] startup
[30.165s] [ext: omni.kit.window.property-1.11.5] startup
[30.490s] [ext: omni.kit.window.content_browser-2.10.3] startup
[30.984s] [ext: omni.kit.property.adapter.usd-1.0.2] startup
[31.028s] [ext: omni.kit.viewport.utility-1.0.18] startup
[31.770s] [ext: omni.graph.action-1.120.0] startup
[32.088s] [ext: omni.kit.property.usd-4.2.16] startup
[32.513s] [ext: omni.physx.cooking-106.5.7] startup
[32.551s] [ext: omni.kit.widget.stage_icons-1.0.6] startup
[32.570s] [ext: omni.kit.widget.zoombar-1.0.5] startup
[32.577s] [ext: omni.physics.tensors-106.5.7] startup
[32.610s] [ext: omni.kit.widget.prompt-1.0.7] startup
[32.619s] [ext: omni.kit.usd.collect-2.2.22] startup
[32.635s] [ext: omni.physx-106.5.7] startup
[32.674s] [ext: omni.kit.window.stage-2.5.11] startup
[32.696s] [ext: omni.kit.browser.core-2.3.11] startup
[32.715s] [ext: omni.kit.widget.text_editor-1.0.2] startup
[32.735s] [ext: omni.physx.tensors-106.5.7] startup
[32.751s] [ext: omni.kit.tool.collect-2.2.16] startup
[32.759s] [ext: omni.kit.menu.stage-1.2.5] startup
[32.772s] [ext: omni.kit.browser.folder.core-1.10.1] startup
[32.787s] [ext: omni.warp-1.5.0] startup
[32.802s] [ext: isaacsim.examples.browser-0.1.8] startup
[32.822s] [ext: omni.physx.stageupdate-106.5.7] startup
[32.954s] [ext: omni.kit.numpy.common-0.1.2] startup
[32.964s] [ext: isaacsim.core.version-2.0.2] startup
[32.967s] [ext: omni.isaac.dynamic_control-1.3.15] startup
2026-10-03 13:32:39 [32,967ms] [Warning] [omni.isaac.dynamic_control] omni.isaac.dynamic_control is deprecated as of Isaac Sim 4.5. No action is needed from end-users.
[32.985s] [ext: isaacsim.storage.native-1.0.6] startup
[32.992s] [ext: omni.kit.menu.create-1.0.17] startup
[33.002s] [ext: isaacsim.core.utils-2.2.8] startup
[33.009s] [ext: omni.kit.widget.searchable_combobox-1.0.6] startup
[33.011s] [ext: omni.kit.primitive.mesh-1.0.17] startup
[33.030s] [ext: isaacsim.core.simulation_manager-0.3.3] startup
[38.474s] [ext: omni.kit.scripting-106.5.2] startup
[38.488s] [ext: omni.kit.stage_templates-1.2.6] startup
[38.499s] [ext: isaacsim.core.prims-0.3.7] startup
[38.542s] [ext: isaacsim.replicator.behavior-1.0.8] startup
[38.545s] [ext: isaacsim.core.api-4.2.16] startup
[38.572s] [ext: omni.ui_query-1.1.7] startup
[38.580s] [ext: omni.kit.manipulator.viewport-107.0.1] startup
[38.589s] [ext: omni.kit.ui_test-1.3.3] startup
[38.595s] [ext: omni.kit.window.extensions-1.4.25] startup
[38.608s] [ext: omni.graph.visualization.nodes-2.1.1] startup
[38.627s] [ext: omni.kit.tool.asset_importer-2.12.2] startup
[38.656s] [ext: isaacsim.gui.components-1.0.9] startup
[38.667s] [ext: omni.kit.widget.settings-1.2.2] startup
[38.684s] [ext: omni.kit.widget.graph-1.12.17] startup
[38.698s] [ext: omni.kit.window.preferences-1.7.0] startup
[38.713s] [ext: omni.kit.graph.delegate.default-1.2.2] startup
[38.717s] [ext: omni.kit.viewport.menubar.core-107.1.2] startup
[38.749s] [ext: omni.kit.widget.material_preview-1.0.16] startup
[38.758s] [ext: omni.kit.graph.usd.commands-1.3.1] startup
[38.762s] [ext: omni.kit.graph.editor.core-1.5.3] startup
[38.771s] [ext: omni.syntheticdata-0.6.10] startup
[38.823s] [ext: omni.kit.window.material_graph-1.8.19] startup
[38.873s] [ext: omni.graph.scriptnode-1.40.1] startup
[38.875s] [ext: isaacsim.core.cloner-1.3.4] startup
[38.906s] [ext: omni.replicator.core-1.11.35] startup
Warp 1.5.0 initialized:
   CUDA Toolkit 11.8, Driver 12.9
   Devices:
     "cpu"      : "x86_64"
     "cuda:0"   : "NVIDIA GeForce RTX 2080 Ti" (11 GiB, sm_75, mempool enabled)
   Kernel cache:
     /home/Invader17/grasp_task/.cache/warp
2026-10-03 13:32:46 [39,922ms] [Warning] [omni.replicator.core.scripts.extension] No material configuration file, adding configuration to material settings directly.
[39.958s] [ext: omni.isaac.cloner-1.0.2] startup
2026-10-03 13:32:46 [39,958ms] [Warning] [omni.isaac.cloner] omni.isaac.cloner has been deprecated in favor of isaacsim.core.cloner. Please update your code accordingly.
[39.979s] [ext: isaacsim.core.nodes-2.1.4] startup
[40.104s] [ext: isaacsim.asset.importer.urdf-2.3.10] startup
[40.918s] [ext: omni.isaac.core-4.0.3] startup
2026-10-03 13:32:47 [40,958ms] [Warning] [omni.isaac.core.physics_context.physics_context] omni.isaac.core.physics_context.physics_context has been deprecated in favor of isaacsim.core.api.physics_context.physics_context. Please update your code accordingly.
2026-10-03 13:32:47 [40,959ms] [Warning] [omni.isaac.core.simulation_context.simulation_context] omni.isaac.core.simulation_context.simulation_context has been deprecated in favor of isaacsim.core.api.simulation_context.simulation_context. Please update your code accordingly.
2026-10-03 13:32:47 [40,959ms] [Warning] [omni.isaac.core.world.world] omni.isaac.core.world.world has been deprecated in favor of isaacsim.core.api.world.world. Please update your code accordingly.
2026-10-03 13:32:47 [40,960ms] [Warning] [omni.isaac.core] omni.isaac.core has been deprecated in favor of isaacsim.core.api. Please update your code accordingly.
[40.976s] [ext: omni.isaac.core_nodes-2.0.2] startup
2026-10-03 13:32:47 [40,984ms] [Warning] [omni.isaac.core_nodes] omni.isaac.core_nodes has been deprecated in favor of isaacsim.core.nodes. Please update your code accordingly.
[41.046s] [ext: omni.anim.curve.core-1.2.0] startup
[41.159s] [ext: isaacsim.robot_motion.lula-4.0.4] startup
[41.337s] [ext: isaacsim.asset.importer.mjcf-2.3.3] startup
[41.408s] [ext: isaacsim.robot_motion.motion_generation-8.0.6] startup
[41.460s] [ext: isaacsim.asset.browser-1.3.4] startup
[41.623s] [ext: isaacsim.robot.surface_gripper-2.0.6] startup
[41.631s] [ext: omni.kit.selection-0.1.5] startup
[41.692s] [ext: isaacsim.robot_motion.lula_test_widget-1.0.5] startup
[41.737s] [ext: omni.isaac.assets_check-0.3.9] startup
2026-10-03 13:32:48 [41,755ms] [Warning] [omni.isaac.assets_check] omni.isaac.assets_check has been deprecated in favor of isaacsim.asset.browser. Please update your code accordingly.
[41.774s] [ext: isaacsim.robot.manipulators-3.0.4] startup
[41.812s] [ext: isaacsim.sensors.physics-0.3.5] startup
[41.888s] [ext: isaacsim.gui.menu-2.0.9] startup
[41.923s] [ext: omni.isaac.lula_test_widget-1.0.2] startup
2026-10-03 13:32:48 [41,914ms] [Warning] [omni.isaac.lula_test_widget] omni.isaac.lula_test_widget has been deprecated in favor of isaacsim.robot_motion.lula_test_widget. Please update your code accordingly.
[41.933s] [ext: omni.sensors.nv.common-2.5.0-coreapi] startup
[42.112s] [ext: omni.isaac.manipulators-3.0.3] startup
2026-10-03 13:32:49 [42,099ms] [Warning] [omni.isaac.manipulators] omni.isaac.manipulators has been deprecated in favor of isaacsim.robot.manipulators. Please update your code accordingly.
2026-10-03 13:32:49 [42,099ms] [Warning] [omni.isaac.manipulators.controllers] omni.isaac.manipulators has been deprecated in favor of isaacsim.robot.manipulators. Please update your code accordingly.
2026-10-03 13:32:49 [42,100ms] [Warning] [omni.isaac.manipulators.controllers.pick_place_controller] omni.isaac.manipulators has been deprecated in favor of isaacsim.robot.manipulators. Please update your code accordingly.
2026-10-03 13:32:49 [42,102ms] [Warning] [omni.isaac.manipulators.controllers.stacking_controller] omni.isaac.manipulators has been deprecated in favor of isaacsim.robot.manipulators. Please update your code accordingly.
2026-10-03 13:32:49 [42,104ms] [Warning] [omni.isaac.manipulators.grippers] omni.isaac.manipulators has been deprecated in favor of isaacsim.robot.manipulators. Please update your code accordingly.
2026-10-03 13:32:49 [42,104ms] [Warning] [omni.isaac.manipulators.grippers.gripper] omni.isaac.manipulators has been deprecated in favor of isaacsim.robot.manipulators. Please update your code accordingly.
2026-10-03 13:32:49 [42,105ms] [Warning] [omni.isaac.manipulators.grippers.parallel_gripper] omni.isaac.manipulators has been deprecated in favor of isaacsim.robot.manipulators. Please update your code accordingly.
2026-10-03 13:32:49 [42,106ms] [Warning] [omni.isaac.manipulators.grippers.surface_gripper] omni.isaac.manipulators has been deprecated in favor of isaacsim.robot.manipulators. Please update your code accordingly.
2026-10-03 13:32:49 [42,106ms] [Warning] [omni.isaac.manipulators.manipulators] omni.isaac.manipulators has been deprecated in favor of isaacsim.robot.manipulators. Please update your code accordingly.
2026-10-03 13:32:49 [42,107ms] [Warning] [omni.isaac.manipulators.manipulators.single_manipulator] omni.isaac.manipulators has been deprecated in favor of isaacsim.robot.manipulators. Please update your code accordingly.
[42.123s] [ext: isaacsim.robot.policy.examples-4.0.3] startup
[42.147s] [ext: omni.isaac.menu-1.0.2] startup
2026-10-03 13:32:49 [42,139ms] [Warning] [omni.isaac.menu] omni.isaac.menu has been deprecated in favor of isaacsim.gui.menu. Please update your code accordingly.
[42.156s] [ext: omni.isaac.motion_generation-8.0.2] startup
2026-10-03 13:32:49 [42,144ms] [Warning] [omni.isaac.motion_generation] omni.isaac.motion_generation has been deprecated in favor of isaacsim.robot_motion.motion_generation. Please update your code accordingly.
2026-10-03 13:32:49 [42,145ms] [Warning] [omni.isaac.motion_generation.articulation_kinematics_solver] omni.isaac.motion_generation has been deprecated in favor of isaacsim.robot_motion.motion_generation. Please update your code accordingly.
2026-10-03 13:32:49 [42,146ms] [Warning] [omni.isaac.motion_generation.articulation_motion_policy] omni.isaac.motion_generation has been deprecated in favor of isaacsim.robot_motion.motion_generation. Please update your code accordingly.
2026-10-03 13:32:49 [42,146ms] [Warning] [omni.isaac.motion_generation.articulation_trajectory] omni.isaac.motion_generation has been deprecated in favor of isaacsim.robot_motion.motion_generation. Please update your code accordingly.
2026-10-03 13:32:49 [42,147ms] [Warning] [omni.isaac.motion_generation.kinematics_interface] omni.isaac.motion_generation has been deprecated in favor of isaacsim.robot_motion.motion_generation. Please update your code accordingly.
2026-10-03 13:32:49 [42,147ms] [Warning] [omni.isaac.motion_generation.lula] omni.isaac.motion_generation has been deprecated in favor of isaacsim.robot_motion.motion_generation. Please update your code accordingly.
2026-10-03 13:32:49 [42,148ms] [Warning] [omni.isaac.motion_generation.lula.kinematics] omni.isaac.motion_generation has been deprecated in favor of isaacsim.robot_motion.motion_generation. Please update your code accordingly.
2026-10-03 13:32:49 [42,148ms] [Warning] [omni.isaac.motion_generation.lula.motion_policies] omni.isaac.motion_generation has been deprecated in favor of isaacsim.robot_motion.motion_generation. Please update your code accordingly.
2026-10-03 13:32:49 [42,149ms] [Warning] [omni.isaac.motion_generation.lula.path_planners] omni.isaac.motion_generation has been deprecated in favor of isaacsim.robot_motion.motion_generation. Please update your code accordingly.
2026-10-03 13:32:49 [42,150ms] [Warning] [omni.isaac.motion_generation.lula.trajectory_generator] omni.isaac.motion_generation has been deprecated in favor of isaacsim.robot_motion.motion_generation. Please update your code accordingly.
2026-10-03 13:32:49 [42,150ms] [Warning] [omni.isaac.motion_generation.motion_policy_controller] omni.isaac.motion_generation has been deprecated in favor of isaacsim.robot_motion.motion_generation. Please update your code accordingly.
2026-10-03 13:32:49 [42,151ms] [Warning] [omni.isaac.motion_generation.motion_policy_interface] omni.isaac.motion_generation has been deprecated in favor of isaacsim.robot_motion.motion_generation. Please update your code accordingly.
2026-10-03 13:32:49 [42,151ms] [Warning] [omni.isaac.motion_generation.path_planner_visualizer] omni.isaac.motion_generation has been deprecated in favor of isaacsim.robot_motion.motion_generation. Please update your code accordingly.
2026-10-03 13:32:49 [42,152ms] [Warning] [omni.isaac.motion_generation.path_planning_interface] omni.isaac.motion_generation has been deprecated in favor of isaacsim.robot_motion.motion_generation. Please update your code accordingly.
2026-10-03 13:32:49 [42,152ms] [Warning] [omni.isaac.motion_generation.trajectory] omni.isaac.motion_generation has been deprecated in favor of isaacsim.robot_motion.motion_generation. Please update your code accordingly.
2026-10-03 13:32:49 [42,153ms] [Warning] [omni.isaac.motion_generation.world_interface] omni.isaac.motion_generation has been deprecated in favor of isaacsim.robot_motion.motion_generation. Please update your code accordingly.
[42.170s] [ext: omni.sensors.nv.materials-1.4.0-coreapi] startup
[42.184s] [ext: omni.isaac.nucleus-1.0.3] startup
2026-10-03 13:32:49 [42,184ms] [Warning] [omni.isaac.nucleus] omni.isaac.nucleus has been deprecated in favor of isaacsim.storage.native. Please update your code accordingly.
2026-10-03 13:32:49 [42,185ms] [Warning] [omni.isaac.nucleus.nucleus] omni.isaac.nucleus.nucleus has been deprecated in favor of isaacsim.storage.native. Please update your code accordingly.
[42.202s] [ext: omni.isaac.quadruped-3.0.2] startup
2026-10-03 13:32:49 [42,189ms] [Warning] [omni.isaac.quadruped] omni.isaac.quadruped has been deprecated in favor of isaacsim.robot.policy.examples. Please update your code accordingly.
[42.206s] [ext: omni.kit.manipulator.selector-1.1.1] startup
[42.234s] [ext: omni.sensors.nv.wpm-2.4.0-coreapi] startup
[42.240s] [ext: omni.sensors.nv.lidar-2.6.3-coreapi] startup
[42.257s] [ext: omni.sensors.nv.ids-1.4.0-coreapi] startup
[42.284s] [ext: isaacsim.robot.manipulators.examples-1.0.3] startup
[42.290s] [ext: isaacsim.util.debug_draw-2.0.2] startup
[42.324s] [ext: omni.sensors.tiled-0.0.6] startup
[42.335s] [ext: omni.sensors.nv.radar-2.6.1-coreapi] startup
[42.351s] [ext: omni.kit.widget.toolbar-1.7.3] startup
[42.372s] [ext: omni.kit.manipulator.transform-106.0.1] startup
[42.380s] [ext: isaacsim.sensors.physx-2.2.4] startup
[42.636s] [ext: isaacsim.sensors.rtx-13.6.3] startup
[42.747s] [ext: isaacsim.sensors.camera-0.2.9] startup
[42.771s] [ext: isaacsim.cortex.framework-1.0.2] startup
[42.780s] [ext: omni.kit.manipulator.tool.snap-1.5.12] startup
[42.810s] [ext: omni.isaac.range_sensor-4.0.2] startup
[42.818s] [ext: omni.isaac.surface_gripper-2.0.2] startup
2026-10-03 13:32:49 [42,808ms] [Warning] [omni.isaac.surface_gripper] omni.isaac.surface_gripper has been deprecated in favor of isaacsim.robot.surface_gripper. Please update your code accordingly.
[42.825s] [ext: omni.isaac.sensor-13.0.3] startup
2026-10-03 13:32:49 [42,814ms] [Warning] [omni.isaac.sensor] omni.isaac.sensor has been deprecated in favor of isaacsim.sensors.camera, isaacsim.sensors.physics, isaacsim.sensors.physx, and isaacsim.sensors.rtx. Please update your code accordingly.
2026-10-03 13:32:49 [42,815ms] [Warning] [omni.isaac.sensor.camera] omni.isaac.sensor.camera has been deprecated in favor of isaacsim.sensors.camera.camera. Please update your code accordingly.
2026-10-03 13:32:49 [42,815ms] [Warning] [omni.isaac.sensor.camera_view] omni.isaac.sensor.camera_view has been deprecated in favor of isaacsim.sensors.camera.camera_view. Please update your code accordingly.
2026-10-03 13:32:49 [42,816ms] [Warning] [omni.isaac.sensor.commands] omni.isaac.sensor.commands has been deprecated in favor of isaacsim.sensors.physics.commands, isaacsim.sensors.physx.commands, and isaacsim.sensors.rtx.commands. Please update your code accordingly.
2026-10-03 13:32:49 [42,816ms] [Warning] [omni.isaac.sensor.contact_sensor] omni.isaac.sensor.contact_sensor has been deprecated in favor of isaacsim.sensors.physics.contact_sensor. Please update your code accordingly.
2026-10-03 13:32:49 [42,817ms] [Warning] [omni.isaac.sensor.imu_sensor] omni.isaac.sensor.imu_sensor has been deprecated in favor of isaacsim.sensors.physics.imu_sensor. Please update your code accordingly.
2026-10-03 13:32:49 [42,818ms] [Warning] [omni.isaac.sensor.lidar_rtx] omni.isaac.sensor.lidar_rtx has been deprecated in favor of isaacsim.sensors.rtx.lidar_rtx. Please update your code accordingly.
2026-10-03 13:32:49 [42,818ms] [Warning] [omni.isaac.sensor.rotating_lidar_physX] omni.isaac.sensor.imu_sensor has been deprecated in favor of isaacsim.sensors.physix.rotating_lidar_physX. Please update your code accordingly.
2026-10-03 13:32:49 [42,819ms] [Warning] [omni.isaac.sensor.scripts.samples.contact_sensor] omni.isaac.sensor.scripts.samples.contact_sensor has been deprecated in favor of isaacsim.sensors.physics.scripts.samples.contact_sensor. Please update your code accordingly.
2026-10-03 13:32:49 [42,820ms] [Warning] [omni.isaac.sensor.scripts.samples.imu_sensor] omni.isaac.sensor.scripts.samples.imu_sensor has been deprecated in favor of isaacsim.sensors.physics.scripts.samples.imu_sensor. Please update your code accordingly.
2026-10-03 13:32:49 [42,821ms] [Warning] [omni.isaac.sensor.scripts.samples.lightbeam_sensor] omni.isaac.sensor.scripts.samples.lightbeam_sensor has been deprecated in favor of isaacsim.sensors.physx.scripts.samples.lightbeam_sensor. Please update your code accordingly.
[42.838s] [ext: omni.isaac.cortex-1.0.2] startup
2026-10-03 13:32:49 [42,836ms] [Warning] [omni.isaac.cortex] omni.isaac.cortex has been deprecated in favor of isaacsim.cortex.framework. Please update your code accordingly.
[42.854s] [ext: omni.kit.viewport.manipulator.transform-107.0.4] startup
[42.862s] [ext: omni.debugdraw-0.1.3] startup
[42.874s] [ext: omni.isaac.universal_robots-1.0.2] startup
2026-10-03 13:32:49 [42,862ms] [Warning] [omni.isaac.universal_robots] omni.isaac.universal_robots has been deprecated in favor of isaacsim.robot.manipulators.examples.universal_robots. Please update your code accordingly.
2026-10-03 13:32:49 [42,863ms] [Warning] [omni.isaac.universal_robots.kinematics_solver] omni.isaac.franka has been deprecated in favor of isaacsim.robot.manipulators.examples.universal_robots. Please update your code accordingly.
2026-10-03 13:32:49 [42,864ms] [Warning] [omni.isaac.universal_robots.ur10] omni.isaac.franka has been deprecated in favor of isaacsim.robot.manipulators.examples.universal_robots. Please update your code accordingly.
[42.881s] [ext: omni.isaac.utils-2.0.2] startup
[42.888s] [ext: omni.kit.manipulator.prim.core-107.0.7] startup
[42.903s] [ext: omni.fabric.commands-1.1.5] startup
[42.917s] [ext: omni.kit.manipulator.selection-106.0.1] startup
[42.923s] [ext: omni.kit.viewport.actions-107.0.0] startup
[42.936s] [ext: omni.kit.manipulator.prim.usd-107.0.3] startup
[42.942s] [ext: omni.kit.manipulator.prim.fabric-107.0.4] startup
[42.951s] [ext: isaacsim.cortex.behaviors-2.0.3] startup
[42.955s] [ext: omni.kit.widget.layers-1.8.2] startup
[42.987s] [ext: omni.kit.viewport.menubar.display-107.0.3] startup
[42.995s] [ext: omni.kit.manipulator.prim-107.0.0] startup
[43.002s] [ext: omni.isaac.cortex.sample_behaviors-2.0.2] startup
2026-10-03 13:32:49 [42,987ms] [Warning] [omni.isaac.cortex.sample_behaviors] omni.isaac.cortex.sample_behaviors has been deprecated in favor of isaacsim.cortex.behaviors. Please update your code accordingly.
[43.006s] [ext: omni.graph.ui_nodes-1.40.1] startup
[43.023s] [ext: omni.usdphysics.ui-106.5.7] startup
[43.103s] [ext: omni.physx.commands-106.5.7] startup
[43.159s] [ext: omni.kit.property.camera-1.0.9] startup
[43.200s] [ext: omni.hydra.scene_api-0.1.2] startup
[43.274s] [ext: omni.kit.property.geometry-1.3.3] startup
[43.315s] [ext: omni.kit.property.light-1.0.11] startup
[43.350s] [ext: omni.physx.ui-106.5.7] startup
[43.439s] [ext: omni.kit.property.material-1.10.17] startup
[43.457s] [ext: omni.kit.property.render-1.1.3] startup
[43.464s] [ext: omni.kit.property.transform-1.5.10] startup
[43.476s] [ext: omni.kit.property.audio-1.0.16] startup
[43.479s] [ext: isaacsim.gui.property-1.0.4] startup
[43.484s] [ext: omni.physx.demos-106.5.7] startup
[43.604s] [ext: omni.kit.property.physx-106.5.7] startup
[43.707s] [ext: omni.isaac.lula-4.0.2] startup
2026-10-03 13:32:50 [43,697ms] [Warning] [omni.isaac.lula] omni.isaac.lula has been deprecated in favor of isaacsim.robot_motion.lula. Please update your code accordingly.
[43.714s] [ext: omni.kit.property.bundle-1.3.2] startup
[43.722s] [ext: omni.kit.property.isaac-1.0.2] startup
2026-10-03 13:32:50 [43,707ms] [Warning] [omni.kit.property.isaac] omni.kit.property.isaac has been deprecated in favor of isaacsim.gui.property. Please update your code accordingly.
2026-10-03 13:32:50 [43,707ms] [Warning] [omni.kit.property.isaac.widgets] omni.kit.property.isaac.widgets has been deprecated in favor of isaacsim.gui.property.widgets. Please update your code accordingly.
[43.726s] [ext: omni.physx.vehicle-106.5.7] startup
[43.760s] [ext: omni.kit.viewport.menubar.camera-107.0.2] startup
[43.781s] [ext: omni.kit.viewport.menubar.lighting-106.0.2] startup
[43.787s] [ext: omni.kit.viewport.menubar.render-107.0.8] startup
[43.794s] [ext: omni.kit.viewport.menubar.settings-107.0.3] startup
[43.806s] [ext: omni.kit.window.console-0.2.14] startup
[43.827s] [ext: omni.physx.camera-106.5.7] startup
[43.852s] [ext: omni.kit.window.toolbar-1.6.2] startup
[43.864s] [ext: omni.isaac.version-2.0.2] startup
2026-10-03 13:32:50 [43,851ms] [Warning] [omni.isaac.version] omni.isaac.version has been deprecated in favor of isaacsim.core.version. Please update your code accordingly.
[43.868s] [ext: isaacsim.robot.wheeled_robots-4.0.3] startup
[43.887s] [ext: omni.physx.cct-106.5.7] startup
[44.316s] [ext: omni.physx.graph-106.5.7] startup
[44.435s] [ext: isaacsim.replicator.writers-1.0.1] startup
[44.788s] [ext: omni.physx.supportui-106.5.7] startup
[45.020s] [ext: omni.physx.telemetry-106.5.7] startup
[45.168s] [ext: omni.isaac.wheeled_robots-3.0.3] startup
2026-10-03 13:32:52 [45,156ms] [Warning] [omni.isaac.wheeled_robots] omni.isaac.wheeled_robots has been deprecated in favor of isaacsim.robot.wheeled_robots. Please update your code accordingly.
2026-10-03 13:32:52 [45,157ms] [Warning] [omni.isaac.wheeled_robots.controllers] omni.isaac.wheeled_robots has been deprecated in favor of isaacsim.robot.wheeled_robots. Please update your code accordingly.
2026-10-03 13:32:52 [45,158ms] [Warning] [omni.isaac.wheeled_robots.controllers.ackermann_controller] omni.isaac.wheeled_robots has been deprecated in favor of isaacsim.robot.wheeled_robots. Please update your code accordingly.
2026-10-03 13:32:52 [45,158ms] [Warning] [omni.isaac.wheeled_robots.controllers.differential_controller] omni.isaac.wheeled_robots has been deprecated in favor of isaacsim.robot.wheeled_robots. Please update your code accordingly.
2026-10-03 13:32:52 [45,159ms] [Warning] [omni.isaac.wheeled_robots.controllers.holonomic_controller] omni.isaac.wheeled_robots has been deprecated in favor of isaacsim.robot.wheeled_robots. Please update your code accordingly.
2026-10-03 13:32:52 [45,160ms] [Warning] [omni.isaac.wheeled_robots.controllers.quintic_path_planner] omni.isaac.wheeled_robots has been deprecated in favor of isaacsim.robot.wheeled_robots. Please update your code accordingly.
2026-10-03 13:32:52 [45,160ms] [Warning] [omni.isaac.wheeled_robots.controllers.stanley_control] omni.isaac.wheeled_robots has been deprecated in favor of isaacsim.robot.wheeled_robots. Please update your code accordingly.
2026-10-03 13:32:52 [45,162ms] [Warning] [omni.isaac.wheeled_robots.controllers.wheel_base_pose_controller] omni.isaac.wheeled_robots has been deprecated in favor of isaacsim.robot.wheeled_robots. Please update your code accordingly.
2026-10-03 13:32:52 [45,162ms] [Warning] [omni.isaac.wheeled_robots.impl] omni.isaac.wheeled_robots has been deprecated in favor of isaacsim.robot.wheeled_robots. Please update your code accordingly.
2026-10-03 13:32:52 [45,163ms] [Warning] [omni.isaac.wheeled_robots.robots] omni.isaac.wheeled_robots has been deprecated in favor of isaacsim.robot.wheeled_robots. Please update your code accordingly.
2026-10-03 13:32:52 [45,164ms] [Warning] [omni.isaac.wheeled_robots.robots.holonomic_robot_usd_setup] omni.isaac.wheeled_robots has been deprecated in favor of isaacsim.robot.wheeled_robots. Please update your code accordingly.
2026-10-03 13:32:52 [45,165ms] [Warning] [omni.isaac.wheeled_robots.robots.wheeled_robot] omni.isaac.wheeled_robots has been deprecated in favor of isaacsim.robot.wheeled_robots. Please update your code accordingly.
[45.189s] [ext: omni.isaac.franka-1.0.2] startup
2026-10-03 13:32:52 [45,178ms] [Warning] [omni.isaac.franka] omni.isaac.franka has been deprecated in favor of isaacsim.robot.manipulators.examples.franka. Please update your code accordingly.
2026-10-03 13:32:52 [45,179ms] [Warning] [omni.isaac.franka.franka] omni.isaac.franka has been deprecated in favor of isaacsim.robot.manipulators.examples.franka. Please update your code accordingly.
2026-10-03 13:32:52 [45,180ms] [Warning] [omni.isaac.franka.kinematics_solver] omni.isaac.franka has been deprecated in favor of isaacsim.robot.manipulators.examples.franka. Please update your code accordingly.
[45.222s] [ext: isaacsim.replicator.domain_randomization-1.0.2] startup
[45.241s] [ext: isaacsim.replicator.examples-1.1.2] startup
[45.626s] [ext: omni.kit.window.status_bar-0.1.7] startup
[45.703s] [ext: omni.rtx.window.settings-0.6.17] startup
[45.891s] [ext: omni.usd.metrics.assembler-106.5.0] startup
[46.846s] [ext: omni.physx.bundle-106.5.7] startup
[46.855s] [ext: isaacsim.app.about-2.0.7] startup
[46.859s] [ext: omni.replicator.isaac-2.0.3] startup
2026-10-03 13:32:53 [46,845ms] [Warning] [omni.replicator.isaac] omni.replicator.isaac has been deprecated in favor of isaacsim.replicator.domain_randomization, isaacsim.replicator.examples, isaacsim.replicator.writers. Please update your code accordingly.
[46.862s] [ext: omni.replicator.replicator_yaml-2.0.10] startup
[46.975s] [ext: omni.rtx.settings.core-0.6.3] startup
[46.995s] [ext: omni.usd.metrics.assembler.ui-106.5.0] startup
[47.018s] [ext: isaacsim.simulation_app-2.4.2] startup
[47.022s] [ext: omni.isaac.window.about-2.0.2] startup
2026-10-03 13:32:54 [47,009ms] [Warning] [omni.isaac.window.about] omni.isaac.window.about has been deprecated in favor of isaacsim.app.about. Please update your code accordingly.
2026-10-03 13:32:54 [47,010ms] [Warning] [omni.isaac.window.about.about] omni.isaac.window.about.about has been deprecated in favor of isaacsim.app.about.about. Please update your code accordingly.
[47.028s] [ext: semantics.schema.editor-0.3.10] startup
[47.056s] [ext: omni.kit.ui.actions-1.0.2] startup
[47.064s] [ext: semantics.schema.property-1.0.5] startup
[47.067s] [ext: omni.kit.manipulator.camera-106.0.3] startup
[47.078s] [ext: omni.isaac.kit-2.0.3] startup
2026-10-03 13:32:54 [47,064ms] [Warning] [omni.isaac.kit] omni.isaac.kit has been deprecated in favor of isaacsim.simulation_app. Please update your code accordingly.
[47.081s] [ext: omni.isaac.asset_browser-1.0.2] startup
2026-10-03 13:32:54 [47,072ms] [Warning] [omni.isaac.asset_browser] omni.isaac.asset_browser has been deprecated in favor of isaacsim.asset.browser. Please update your code accordingly.
[47.090s] [ext: isaacsim.core.throttling-2.0.2] startup
[47.123s] [ext: omni.kit.menu.common-1.1.9] startup
[47.135s] [ext: isaacsim.exp.base-4.5.0] startup
[47.136s] [ext: isaacsim.exp.base.python-4.5.0] startup
[47.139s] Simulation App Starting
2026-10-03 13:32:56 [49,304ms] [Warning] [carb.audio.device] audio device is misconfigured or broken {deviceIndex = 0, name = 'default'} (The device is likely misconfigured, check your $HOME/.asoundrc)
2026-10-03 13:32:56 [49,307ms] [Warning] [carb.audio.output] failed to retrieve the capabilities for device 0 {result = eDeviceLost (2)}
2026-10-03 13:32:56 [49,308ms] [Warning] [carb.audio.context] failed to set the requested output during context creation.  Using a null streamer instead {result = eDeviceLost (2)}
[50.570s] app ready
2026-10-03 13:32:59 [52,243ms] [Warning] [rtx.scenedb.plugin] SceneDbContext : TLAS limit buffer size 2921508224
2026-10-03 13:32:59 [52,243ms] [Warning] [rtx.scenedb.plugin] SceneDbContext : TLAS limit : valid true, within: false
2026-10-03 13:33:02 [55,145ms] [Warning] [omni.usd-abi.plugin] No setting was found for '/rtx-defaults-transient/meshlights/forceDisable'
2026-10-03 13:33:04 [57,902ms] [Warning] [omni.usd-abi.plugin] No setting was found for '/rtx-defaults/post/dlss/execMode'
2026-10-03 13:33:12 [65,398ms] [Warning] [carb.tasking.plugin] carb.tasking is likely stuck. All threads are busy with same tasks for more than 1 seconds with waiting tasks. Starting an emergency helper thread.
2026-10-03 13:33:46 [99,840ms] [Warning] [rtx.postprocessing.plugin] DLSS increasing input dimensions: Render resolution of (320, 240) is below minimal input resolution of 300.
[101.028s] Simulation App Startup Complete
[isaac_app] renderer activeGpu=0 (want 0), multiGpu=False
app started in 101.2s
[102.251s] [ext: omni.physx.fabric-106.5.7] startup
2026-10-03 13:33:50 [103,568ms] [Warning] [omni.physicsschema.plugin] ScaleOrientation is not supported for rigid bodies, prim path: /World/envs/env_0/Robot/hande_left_finger. You may ignore this if the scale is close to uniform.
2026-10-03 13:33:50 [103,570ms] [Warning] [omni.physicsschema.plugin] ScaleOrientation is not supported for rigid bodies, prim path: /World/envs/env_0/Robot/hande_right_finger. You may ignore this if the scale is close to uniform.
2026-10-03 13:33:55 [108,610ms] [Warning] [omni.physx.plugin] Detected an articulation at /World/envs/env_0/Robot with more than 4 velocity iterations being added to a TGS scene.The related behavior changed recently, please consult the changelog. This warning will only print once.
2026-10-03 13:33:55 [108,786ms] [Warning] [omni.physx.tensors.plugin] Duplicate joint name 'FixedJoint' in articulation metatype
setup done
finger limits [[0.0, 0.042500000447034836], [0.0, 0.042500000447034836]]
[settle    ] step   50  ee err    nan mm  fingers 0.0425 0.0425  gap   34.9 mm  obj z +0.000
frame saved to /home/Invader17/grasp_task/runs/grasp_check_20261003_163206, depth 0.943..1.200 m
[test_close] step  130  ee err    nan mm  fingers 0.0000 0.0000  gap   50.0 mm  obj z +0.000
[test_open ] step  210  ee err    nan mm  fingers 0.0425 0.0425  gap   35.0 mm  obj z +0.000
[pregrasp  ] step  510  ee err    0.0 mm  fingers 0.0425 0.0425  gap   35.0 mm  obj z +0.000
[approach  ] step  710  ee err    0.0 mm  fingers 0.0425 0.0425  gap   35.0 mm  obj z +0.000
[close     ] step  810  ee err    nan mm  fingers 0.0293 0.0301  gap    9.4 mm  obj z +0.000
[lift      ] step 1010  ee err    0.0 mm  fingers 0.0292 0.0302  gap    9.4 mm  obj z +0.150
[hold      ] step 1210  ee err    nan mm  fingers 0.0292 0.0302  gap    9.4 mm  obj z +0.150
gripper stroke: gap open 35.0 mm, closed 50.0 mm -> ход 15.0 mm
object rise 15.0 cm, fingers at [0.02921455353498459, 0.03020227700471878]
video saved to /home/Invader17/grasp_task/runs/grasp_check_20261003_163206/grasp_tetrapak.gif, 242 frames
PASS
2026-10-03 13:39:34 [447,371ms] [Warning] [carb.windowing-glfw.plugin] GLFW initialization failed.
2026-10-03 13:39:34 [447,371ms] [Warning] [carb] Failed to startup plugin carb.windowing-glfw.plugin (interfaces: [carb::windowing::IGLContext v1.0],[carb::windowing::IWindowing v1.5]) (impl: carb.windowing-glfw.plugin)
2026-10-03 13:39:42 [455,571ms] [Warning] [carb] Plugin interface for a client: omni.hydratexture.plugin was already released.
[INFO]: Simulation is stopped. Shutting down the app.
[16:39:54] код выхода 0, время 463 с, пик памяти на GPU 7 4128 MiB, клиент драйвера на GPU 0 6 MiB
[16:40:01] наших процессов на GPU нет
[16:40:01] результаты: /home/Invader17/grasp_task/runs/grasp_check_20261003_163206
