[21:50:15] user=Invader17 gpu=1 vk_uuid=c6d16bdcc5c9e35b4e928c96988384f1 cpus=44-47 timeout=20m stall=20m
[21:50:15] cmd: /home/Invader17/grasp_task/code/tmp_top/baseline_plan.py --n 1 --obj tetrapak --video 1
[Warning] [simulation_app.simulation_app] Modules: ['omni.kit_app'] were loaded before SimulationApp was started and might not be loaded correctly.
[Warning] [simulation_app.simulation_app] Please check to make sure no extra omniverse or pxr modules are imported before the call to SimulationApp(...)
Starting kit application with the following args:  ['/home/Invader17/grasp_task/envs/isaac/lib/python3.10/site-packages/isaacsim/exts/isaacsim.simulation_app/isaacsim/simulation_app/simulation_app.py', '/home/Invader17/grasp_task/envs/isaac/lib/python3.10/site-packages/isaacsim/apps/isaacsim.exp.base.python.kit', '--/app/tokens/exe-path=/home/Invader17/grasp_task/envs/isaac/lib/python3.10/site-packages/omni', '--/persistent/app/viewport/displayOptions=3094', '--/rtx/materialDb/syncLoads=True', '--/rtx/hydra/materialSyncLoads=True', '--/omni.kit.plugin/syncUsdLoads=True', '--/app/renderer/resolution/width=640', '--/app/renderer/resolution/height=480', '--/app/window/width=1440', '--/app/window/height=900', '--/renderer/multiGpu/enabled=False', '--/app/fastShutdown=True', '--/app/installSignalHandlers=0', '--ext-folder', '/home/Invader17/grasp_task/envs/isaac/lib/python3.10/site-packages/isaacsim/exts', '--ext-folder', '/home/Invader17/grasp_task/envs/isaac/lib/python3.10/site-packages/isaacsim/apps', '--/renderer/multiGpu/enabled=false', '--/renderer/multiGpu/autoEnable=false', '--/renderer/multiGpu/maxGpuCount=1', '--/renderer/activeGpu=0', '--/plugins/carb.tasking.plugin/threadCount=4', '--/persistent/isaac/asset_root/default=http://omniverse-content-production.s3-us-west-2.amazonaws.com/Assets/Isaac/4.5', '--/persistent/isaac/asset_root/cloud=http://omniverse-content-production.s3-us-west-2.amazonaws.com/Assets/Isaac/4.5', '--/persistent/isaac/asset_root/nvidia=http://omniverse-content-production.s3-us-west-2.amazonaws.com/Assets/Isaac/4.5', '--/renderer/activeGpu=0', '--/physics/cudaDevice=0', '--portable', '--no-window', '--/app/window/hideUi=1']
Passing the following args to the base kit application:  ['--n', '1', '--obj', 'tetrapak', '--video', '1']
[Info] [carb] Logging to file: /home/Invader17/grasp_task/envs/isaac/lib/python3.10/site-packages/omni/logs/Kit/Isaac-Sim Python/4.5/kit_20261004_185016.log
2026-10-04 18:50:16 [0ms] [Warning] [omni.kit.app.plugin] No crash reporter present, dumps uploading isn't available.
[0.399s] [ext: omni.kit.async_engine-0.0.1] startup
[0.905s] [ext: omni.metrics.core-0.0.1] startup
[0.907s] [ext: omni.client.lib-1.0.0] startup
[1.148s] [ext: omni.blobkey-1.1.2] startup
[1.149s] [ext: omni.stats-1.0.1] startup
[1.152s] [ext: omni.datastore-0.0.0] startup
[1.178s] [ext: omni.client-1.2.2] startup
[1.202s] [ext: omni.ujitso.default-1.0.0] startup
[1.208s] [ext: omni.hsscclient-1.1.1] startup
2026-10-04 18:50:17 [1,183ms] [Warning] [omni.datastore] OmniHub is inaccessible
[1.221s] [ext: omni.gpu_foundation.shadercache.vulkan-1.0.0] startup
[1.226s] [ext: omni.assets.plugins-0.0.0] startup
[1.244s] [ext: omni.gpu_foundation-0.0.0] startup
[1.260s] [ext: carb.windowing.plugins-1.0.0] startup
2026-10-04 18:50:17 [1,392ms] [Warning] [carb.windowing-glfw.plugin] GLFW initialization failed.
2026-10-04 18:50:17 [1,437ms] [Warning] [carb] Failed to startup plugin carb.windowing-glfw.plugin (interfaces: [carb::windowing::IGLContext v1.0],[carb::windowing::IWindowing v1.5]) (impl: carb.windowing-glfw.plugin)
[1.468s] [ext: omni.kit.renderer.init-0.0.0] startup
2026-10-04 18:50:17 [1,488ms] [Warning] [omni.platforminfo.plugin] failed to open the default display.  Can't verify X Server version.
[21:50:18] на GPU 1 чужие процессы: 2935916; запас памяти 1536 MiB, наш потолок 6144 MiB
2026-10-04 18:50:27 [10,929ms] [Warning] [carb.cudainterop.plugin] CUDA_VISIBLE_DEVICES environment variable is set.
2026-10-04 18:50:27 [10,931ms] [Warning] [carb.cudainterop.plugin] Note CUDA device enumeration and Omniverse device enumeration are different.
2026-10-04 18:50:27 [10,931ms] [Warning] [carb.cudainterop.plugin] Setting CUDA_VISIBLE_DEVICES can lead to undesired behavior or crashes.

|---------------------------------------------------------------------------------------------|
| Driver Version: 575.57.08     | Graphics API: Vulkan
|=============================================================================================|
| GPU | Name                             | Active | LDA | GPU Memory | Vendor-ID | LUID       |
|     |                                  |        |     |            | Device-ID | UUID       |
|     |                                  |        |     |            | Bus-ID    |            |
|---------------------------------------------------------------------------------------------|
| 0   | NVIDIA GeForce RTX 2080 Ti       | Yes: 0 |     | 11510   MB | 10de      | 0          |
|     |                                  |        |     |            | 1e04      | c6d16bdc.. |
|     |                                  |        |     |            | 2         |            |
|=============================================================================================|
| OS: 20.04.6 LTS (Focal Fossa) ubuntu, Version: 20.04.6, Kernel: 5.15.0-139-generic
| Processor: AMD EPYC 7552 48-Core Processor
| Cores: 48 | Logical Cores: 48
|---------------------------------------------------------------------------------------------|
| Total Memory (MB): 515967 | Free Memory: 336062
| Total Page/Swap (MB): 67583 | Free Page/Swap: 17592186044409
|---------------------------------------------------------------------------------------------|
[21.500s] [ext: omni.kit.pipapi-0.0.0] startup
[21.505s] [ext: omni.materialx.libs-1.0.6] startup
[21.523s] [ext: omni.kit.pip_archive-0.0.0] startup
[21.525s] [ext: omni.usd.config-1.0.5] startup
[21.536s] [ext: omni.gpucompute.plugins-0.0.0] startup
[21.540s] [ext: omni.usd.libs-1.0.1] startup
[21.969s] [ext: omni.mdl-55.0.1] startup
[21.996s] [ext: omni.iray.libs-0.0.0] startup
[22.233s] [ext: omni.mdl.neuraylib-0.2.10] startup
[22.845s] [ext: omni.kit.usd.mdl-1.0.7] startup
[23.494s] [ext: omni.kit.telemetry-0.5.1] startup
[23.545s] [ext: omni.kit.loop-isaac-1.2.1] startup
[23.563s] [ext: omni.kit.test-1.1.2] startup
[23.851s] [ext: omni.appwindow-1.1.9] startup
2026-10-04 18:50:40 [23,825ms] [Warning] [carb.windowing-glfw.plugin] GLFW initialization failed.
2026-10-04 18:50:40 [23,825ms] [Warning] [carb] Failed to startup plugin carb.windowing-glfw.plugin (interfaces: [carb::windowing::IGLContext v1.0],[carb::windowing::IWindowing v1.5]) (impl: carb.windowing-glfw.plugin)
[23.858s] [ext: omni.kit.renderer.core-1.0.2] startup
2026-10-04 18:50:41 [25,623ms] [Warning] [carb.windowing-glfw.plugin] GLFW initialization failed.
2026-10-04 18:50:41 [25,624ms] [Warning] [carb] Failed to startup plugin carb.windowing-glfw.plugin (interfaces: [carb::windowing::IGLContext v1.0],[carb::windowing::IWindowing v1.5]) (impl: carb.windowing-glfw.plugin)
2026-10-04 18:50:41 [25,673ms] [Warning] [carb.windowing-glfw.plugin] GLFW initialization failed.
2026-10-04 18:50:41 [25,673ms] [Warning] [carb] Failed to startup plugin carb.windowing-glfw.plugin (interfaces: [carb::windowing::IGLContext v1.0],[carb::windowing::IWindowing v1.5]) (impl: carb.windowing-glfw.plugin)
[25.712s] [ext: omni.kit.renderer.capture-0.0.0] startup
[25.739s] [ext: omni.kit.renderer.imgui-1.0.2] startup
2026-10-04 18:50:41 [25,752ms] [Warning] [carb.windowing-glfw.plugin] GLFW initialization failed.
2026-10-04 18:50:41 [25,753ms] [Warning] [carb] Failed to startup plugin carb.windowing-glfw.plugin (interfaces: [carb::windowing::IGLContext v1.0],[carb::windowing::IWindowing v1.5]) (impl: carb.windowing-glfw.plugin)
2026-10-04 18:50:41 [25,760ms] [Warning] [carb.windowing-glfw.plugin] GLFW initialization failed.
2026-10-04 18:50:41 [25,760ms] [Warning] [carb] Failed to startup plugin carb.windowing-glfw.plugin (interfaces: [carb::windowing::IGLContext v1.0],[carb::windowing::IWindowing v1.5]) (impl: carb.windowing-glfw.plugin)
2026-10-04 18:50:41 [25,762ms] [Warning] [carb.windowing-glfw.plugin] GLFW initialization failed.
2026-10-04 18:50:41 [25,763ms] [Warning] [carb] Failed to startup plugin carb.windowing-glfw.plugin (interfaces: [carb::windowing::IGLContext v1.0],[carb::windowing::IWindowing v1.5]) (impl: carb.windowing-glfw.plugin)
[26.910s] [ext: omni.ui-2.26.5] startup
[26.990s] [ext: omni.kit.mainwindow-1.0.3] startup
[26.993s] [ext: carb.audio-0.1.0] startup
[27.022s] [ext: omni.uiaudio-1.0.0] startup
[27.030s] [ext: omni.kit.uiapp-0.0.0] startup
[27.036s] [ext: omni.usd.schema.metrics.assembler-106.5.0] startup
[27.090s] [ext: omni.usd.schema.anim-0.0.0] startup
[27.156s] [ext: omni.usd.schema.audio-0.0.0] startup
[27.176s] [ext: omni.usd.schema.isaac-3.0.2] startup
[27.177s] [ext: omni.usd.schema.omnigraph-1.0.0] startup
[27.200s] [ext: omni.usd.schema.forcefield-106.5.7] startup
[27.230s] [ext: omni.usd.schema.semantics-0.0.0] startup
[27.236s] [ext: omni.usd.schema.physx-106.5.7] startup
[27.304s] [ext: omni.usd.schema.geospatial-0.0.0] startup
[27.324s] [ext: omni.usd_resolver-1.0.0] startup
[27.330s] [ext: omni.kit.window.popup_dialog-2.0.24] startup
[27.352s] [ext: usdrt.scenegraph-7.5.1] startup
[27.444s] [ext: omni.timeline-1.0.11] startup
[27.448s] [ext: omni.usd.core-1.4.2] startup
[27.453s] [ext: omni.resourcemonitor-107.0.0] startup
[27.457s] [ext: omni.activity.core-1.0.1] startup
[27.460s] [ext: omni.kit.widget.nucleus_connector-1.1.10] startup
[27.465s] [ext: omni.hydra.usdrt_delegate-7.5.1] startup
[27.489s] [ext: omni.kit.actions.core-1.0.0] startup
[27.498s] [ext: omni.graph.exec-0.9.4] startup
[27.500s] [ext: omni.kit.commands-1.4.9] startup
[27.508s] [ext: omni.kit.usd_undo-0.1.8] startup
[27.512s] [ext: omni.kit.exec.core-0.13.4] startup
[27.518s] [ext: omni.kit.audiodeviceenum-1.0.1] startup
[27.521s] [ext: omni.hydra.scene_delegate-0.3.3] startup
[27.532s] [ext: omni.usd-1.12.4] startup
[28.153s] [ext: omni.inspect-1.0.1] startup
[28.483s] [ext: omni.kit.notification_manager-1.0.9] startup
[28.491s] [ext: omni.graph.core-2.181.8] startup
[28.522s] [ext: isaacsim.core.deprecation_manager-0.2.2] startup
[28.546s] [ext: omni.usd.schema.omniscripting-1.0.0] startup
[28.600s] [ext: isaacsim.robot.schema-3.1.2] startup
[28.634s] [ext: omni.kit.asset_converter-2.8.3] startup
[28.671s] [ext: omni.kit.menu.core-1.1.2] startup
[28.676s] [ext: omni.kvdb-106.5.7] startup
[28.692s] [ext: omni.kit.widget.context_menu-1.2.4] startup
[28.699s] [ext: omni.kit.usd.layers-2.2.0] startup
[28.728s] [ext: omni.kit.property.adapter.core-1.0.2] startup
[28.747s] [ext: omni.localcache-106.5.7] startup
[28.755s] [ext: omni.convexdecomposition-106.5.7] startup
[28.776s] [ext: omni.warp.core-1.5.0] startup
[29.514s] [ext: omni.kit.context_menu-1.8.3] startup
[29.545s] [ext: omni.kit.hotkeys.core-1.3.10] startup
[29.565s] [ext: omni.kit.property.adapter.fabric-1.0.3] startup
[29.581s] [ext: omni.usdphysics-106.5.7] startup
[29.592s] [ext: omni.kit.widget.path_field-2.0.11] startup
[29.594s] [ext: omni.kit.widget.options_menu-1.1.6] startup
[29.612s] [ext: omni.kit.helper.file_utils-0.1.9] startup
[29.731s] [ext: omni.kit.widget.browser_bar-2.0.10] startup
[29.733s] [ext: omni.kit.widget.options_button-1.0.3] startup
[29.734s] [ext: omni.kit.widget.filebrowser-2.10.52] startup
[29.767s] [ext: omni.kit.clipboard-1.0.5] startup
[29.776s] [ext: omni.graph.tools-1.79.1] startup
[29.902s] [ext: omni.ui.scene-1.11.2] startup
[29.941s] [ext: omni.graph.image.core-0.6.0] startup
[29.960s] [ext: omni.kit.window.filepicker-2.11.7] startup
[30.001s] [ext: omni.kit.widget.searchfield-1.1.8] startup
[30.021s] [ext: omni.graph.image.nodes-1.3.0] startup
[30.043s] [ext: omni.graph-1.140.2] startup
[30.210s] [ext: omni.kit.window.file_exporter-1.0.31] startup
[30.217s] [ext: omni.kit.widget.filter-1.1.4] startup
[30.235s] [ext: omni.physx.foundation-106.5.7] startup
[30.243s] [ext: omni.graph.nodes-1.162.1] startup
[30.264s] [ext: omni.kit.widget.stage-2.11.6] startup
[30.299s] [ext: omni.hydra.rtx.shadercache.vulkan-1.0.0] startup
[30.367s] [ext: omni.hydra.engine.stats-1.0.3] startup
[30.406s] [ext: omni.graph.action_core-1.1.7] startup
[30.462s] [ext: omni.kit.widget.highlight_label-1.0.3] startup
[30.480s] [ext: omni.ujitso.processor.texture-1.0.0] startup
[30.504s] [ext: omni.index.libs-380600.1777.0] startup
[30.505s] [ext: omni.kit.window.file_importer-1.1.14] startup
[30.508s] [ext: omni.kit.stage_template.core-1.1.22] startup
[30.533s] [ext: omni.volume-0.5.0] startup
[30.604s] [ext: omni.ujitso.client-0.0.0] startup
[30.641s] [ext: omni.index-1.0.1] startup
[30.675s] [ext: omni.kit.window.file-1.3.57] startup
[30.686s] [ext: omni.hydra.rtx-1.0.0] startup
2026-10-04 18:50:47 [30,886ms] [Warning] [omni.log] Source: omni.hydra was already registered.
[31.161s] [ext: omni.kit.viewport.registry-104.0.6] startup
[31.182s] [ext: omni.kit.viewport.legacy_gizmos-1.0.16] startup
[31.194s] [ext: omni.kit.raycast.query-1.0.5] startup
[31.211s] [ext: omni.kit.viewport.scene_camera_model-1.0.5] startup
[31.238s] [ext: omni.kit.hydra_texture-1.4.0] startup
[31.270s] [ext: omni.kit.menu.utils-1.7.7] startup
[31.318s] [ext: omni.kit.window.drop_support-1.0.4] startup
[31.653s] [ext: omni.kit.widget.viewport-107.0.7] startup
[31.707s] [ext: omni.kit.material.library-1.5.15] startup
[32.044s] [ext: omni.kit.window.content_browser_registry-0.0.6] startup
[32.046s] [ext: omni.kit.viewport.window-107.0.8] startup
[32.409s] [ext: omni.graph.action_nodes-1.40.1] startup
[32.579s] [ext: omni.kit.window.property-1.11.5] startup
[32.664s] [ext: omni.kit.window.content_browser-2.10.3] startup
[33.232s] [ext: omni.kit.property.adapter.usd-1.0.2] startup
[33.276s] [ext: omni.kit.viewport.utility-1.0.18] startup
[33.308s] [ext: omni.graph.action-1.120.0] startup
[33.316s] [ext: omni.kit.property.usd-4.2.16] startup
[33.366s] [ext: omni.physx.cooking-106.5.7] startup
[33.396s] [ext: omni.kit.widget.stage_icons-1.0.6] startup
[33.401s] [ext: omni.kit.widget.zoombar-1.0.5] startup
[33.419s] [ext: omni.physics.tensors-106.5.7] startup
[33.435s] [ext: omni.kit.widget.prompt-1.0.7] startup
[33.440s] [ext: omni.kit.usd.collect-2.2.22] startup
[33.450s] [ext: omni.physx-106.5.7] startup
[33.501s] [ext: omni.kit.window.stage-2.5.11] startup
[33.525s] [ext: omni.kit.browser.core-2.3.11] startup
[33.548s] [ext: omni.kit.widget.text_editor-1.0.2] startup
[33.555s] [ext: omni.physx.tensors-106.5.7] startup
[33.732s] [ext: omni.kit.tool.collect-2.2.16] startup
[33.937s] [ext: omni.kit.menu.stage-1.2.5] startup
[34.004s] [ext: omni.kit.browser.folder.core-1.10.1] startup
[34.029s] [ext: omni.warp-1.5.0] startup
[34.058s] [ext: isaacsim.examples.browser-0.1.8] startup
[34.085s] [ext: omni.physx.stageupdate-106.5.7] startup
[34.167s] [ext: omni.kit.numpy.common-0.1.2] startup
[34.237s] [ext: isaacsim.core.version-2.0.2] startup
[34.452s] [ext: omni.isaac.dynamic_control-1.3.15] startup
2026-10-04 18:50:50 [34,530ms] [Warning] [omni.isaac.dynamic_control] omni.isaac.dynamic_control is deprecated as of Isaac Sim 4.5. No action is needed from end-users.
[34.563s] [ext: isaacsim.storage.native-1.0.6] startup
[34.697s] [ext: omni.kit.menu.create-1.0.17] startup
[34.886s] [ext: isaacsim.core.utils-2.2.8] startup
[34.962s] [ext: omni.kit.widget.searchable_combobox-1.0.6] startup
[35.048s] [ext: omni.kit.primitive.mesh-1.0.17] startup
[35.062s] [ext: isaacsim.core.simulation_manager-0.3.3] startup
[40.263s] [ext: omni.kit.scripting-106.5.2] startup
[40.368s] [ext: omni.kit.stage_templates-1.2.6] startup
[40.396s] [ext: isaacsim.core.prims-0.3.7] startup
[40.456s] [ext: isaacsim.replicator.behavior-1.0.8] startup
[40.462s] [ext: isaacsim.core.api-4.2.16] startup
[40.485s] [ext: omni.ui_query-1.1.7] startup
[40.492s] [ext: omni.kit.manipulator.viewport-107.0.1] startup
[40.497s] [ext: omni.kit.ui_test-1.3.3] startup
[40.505s] [ext: omni.kit.window.extensions-1.4.25] startup
[40.517s] [ext: omni.graph.visualization.nodes-2.1.1] startup
[40.532s] [ext: omni.kit.tool.asset_importer-2.12.2] startup
[40.559s] [ext: isaacsim.gui.components-1.0.9] startup
[40.570s] [ext: omni.kit.widget.settings-1.2.2] startup
[40.578s] [ext: omni.kit.widget.graph-1.12.17] startup
[40.598s] [ext: omni.kit.window.preferences-1.7.0] startup
[40.613s] [ext: omni.kit.graph.delegate.default-1.2.2] startup
[40.617s] [ext: omni.kit.viewport.menubar.core-107.1.2] startup
[40.646s] [ext: omni.kit.widget.material_preview-1.0.16] startup
[40.656s] [ext: omni.kit.graph.usd.commands-1.3.1] startup
[40.662s] [ext: omni.kit.graph.editor.core-1.5.3] startup
[40.668s] [ext: omni.syntheticdata-0.6.10] startup
[40.718s] [ext: omni.kit.window.material_graph-1.8.19] startup
[40.936s] [ext: omni.graph.scriptnode-1.40.1] startup
[41.057s] [ext: isaacsim.core.cloner-1.3.4] startup
[41.084s] [ext: omni.replicator.core-1.11.35] startup
Warp 1.5.0 initialized:
   CUDA Toolkit 11.8, Driver 12.9
   Devices:
     "cpu"      : "x86_64"
     "cuda:0"   : "NVIDIA GeForce RTX 2080 Ti" (11 GiB, sm_75, mempool enabled)
   Kernel cache:
     /home/Invader17/grasp_task/.cache/warp
2026-10-04 18:50:58 [41,836ms] [Warning] [omni.replicator.core.scripts.extension] No material configuration file, adding configuration to material settings directly.
[41.872s] [ext: omni.isaac.cloner-1.0.2] startup
2026-10-04 18:50:58 [41,844ms] [Warning] [omni.isaac.cloner] omni.isaac.cloner has been deprecated in favor of isaacsim.core.cloner. Please update your code accordingly.
[41.874s] [ext: isaacsim.core.nodes-2.1.4] startup
[41.936s] [ext: isaacsim.asset.importer.urdf-2.3.10] startup
[43.456s] [ext: omni.isaac.core-4.0.3] startup
2026-10-04 18:50:59 [43,515ms] [Warning] [omni.isaac.core.physics_context.physics_context] omni.isaac.core.physics_context.physics_context has been deprecated in favor of isaacsim.core.api.physics_context.physics_context. Please update your code accordingly.
2026-10-04 18:50:59 [43,517ms] [Warning] [omni.isaac.core.simulation_context.simulation_context] omni.isaac.core.simulation_context.simulation_context has been deprecated in favor of isaacsim.core.api.simulation_context.simulation_context. Please update your code accordingly.
2026-10-04 18:50:59 [43,566ms] [Warning] [omni.isaac.core.world.world] omni.isaac.core.world.world has been deprecated in favor of isaacsim.core.api.world.world. Please update your code accordingly.
2026-10-04 18:50:59 [43,567ms] [Warning] [omni.isaac.core] omni.isaac.core has been deprecated in favor of isaacsim.core.api. Please update your code accordingly.
[43.598s] [ext: omni.isaac.core_nodes-2.0.2] startup
2026-10-04 18:50:59 [43,570ms] [Warning] [omni.isaac.core_nodes] omni.isaac.core_nodes has been deprecated in favor of isaacsim.core.nodes. Please update your code accordingly.
[43.600s] [ext: omni.anim.curve.core-1.2.0] startup
[43.726s] [ext: isaacsim.robot_motion.lula-4.0.4] startup
[43.852s] [ext: isaacsim.asset.importer.mjcf-2.3.3] startup
[43.962s] [ext: isaacsim.robot_motion.motion_generation-8.0.6] startup
[43.998s] [ext: isaacsim.asset.browser-1.3.4] startup
[44.077s] [ext: isaacsim.robot.surface_gripper-2.0.6] startup
[44.086s] [ext: omni.kit.selection-0.1.5] startup
[44.096s] [ext: isaacsim.robot_motion.lula_test_widget-1.0.5] startup
[44.101s] [ext: omni.isaac.assets_check-0.3.9] startup
2026-10-04 18:51:00 [44,076ms] [Warning] [omni.isaac.assets_check] omni.isaac.assets_check has been deprecated in favor of isaacsim.asset.browser. Please update your code accordingly.
[44.106s] [ext: isaacsim.robot.manipulators-3.0.4] startup
[44.113s] [ext: isaacsim.sensors.physics-0.3.5] startup
[44.131s] [ext: isaacsim.gui.menu-2.0.9] startup
[44.157s] [ext: omni.isaac.lula_test_widget-1.0.2] startup
2026-10-04 18:51:00 [44,137ms] [Warning] [omni.isaac.lula_test_widget] omni.isaac.lula_test_widget has been deprecated in favor of isaacsim.robot_motion.lula_test_widget. Please update your code accordingly.
[44.177s] [ext: omni.sensors.nv.common-2.5.0-coreapi] startup
[44.718s] [ext: omni.isaac.manipulators-3.0.3] startup
2026-10-04 18:51:00 [44,689ms] [Warning] [omni.isaac.manipulators] omni.isaac.manipulators has been deprecated in favor of isaacsim.robot.manipulators. Please update your code accordingly.
2026-10-04 18:51:00 [44,690ms] [Warning] [omni.isaac.manipulators.controllers] omni.isaac.manipulators has been deprecated in favor of isaacsim.robot.manipulators. Please update your code accordingly.
2026-10-04 18:51:00 [44,691ms] [Warning] [omni.isaac.manipulators.controllers.pick_place_controller] omni.isaac.manipulators has been deprecated in favor of isaacsim.robot.manipulators. Please update your code accordingly.
2026-10-04 18:51:00 [44,693ms] [Warning] [omni.isaac.manipulators.controllers.stacking_controller] omni.isaac.manipulators has been deprecated in favor of isaacsim.robot.manipulators. Please update your code accordingly.
2026-10-04 18:51:00 [44,693ms] [Warning] [omni.isaac.manipulators.grippers] omni.isaac.manipulators has been deprecated in favor of isaacsim.robot.manipulators. Please update your code accordingly.
2026-10-04 18:51:00 [44,694ms] [Warning] [omni.isaac.manipulators.grippers.gripper] omni.isaac.manipulators has been deprecated in favor of isaacsim.robot.manipulators. Please update your code accordingly.
2026-10-04 18:51:00 [44,694ms] [Warning] [omni.isaac.manipulators.grippers.parallel_gripper] omni.isaac.manipulators has been deprecated in favor of isaacsim.robot.manipulators. Please update your code accordingly.
2026-10-04 18:51:00 [44,695ms] [Warning] [omni.isaac.manipulators.grippers.surface_gripper] omni.isaac.manipulators has been deprecated in favor of isaacsim.robot.manipulators. Please update your code accordingly.
2026-10-04 18:51:00 [44,697ms] [Warning] [omni.isaac.manipulators.manipulators] omni.isaac.manipulators has been deprecated in favor of isaacsim.robot.manipulators. Please update your code accordingly.
2026-10-04 18:51:00 [44,698ms] [Warning] [omni.isaac.manipulators.manipulators.single_manipulator] omni.isaac.manipulators has been deprecated in favor of isaacsim.robot.manipulators. Please update your code accordingly.
[44.753s] [ext: isaacsim.robot.policy.examples-4.0.3] startup
[44.805s] [ext: omni.isaac.menu-1.0.2] startup
2026-10-04 18:51:00 [44,789ms] [Warning] [omni.isaac.menu] omni.isaac.menu has been deprecated in favor of isaacsim.gui.menu. Please update your code accordingly.
[44.820s] [ext: omni.isaac.motion_generation-8.0.2] startup
2026-10-04 18:51:00 [44,817ms] [Warning] [omni.isaac.motion_generation] omni.isaac.motion_generation has been deprecated in favor of isaacsim.robot_motion.motion_generation. Please update your code accordingly.
2026-10-04 18:51:01 [44,818ms] [Warning] [omni.isaac.motion_generation.articulation_kinematics_solver] omni.isaac.motion_generation has been deprecated in favor of isaacsim.robot_motion.motion_generation. Please update your code accordingly.
2026-10-04 18:51:01 [44,820ms] [Warning] [omni.isaac.motion_generation.articulation_motion_policy] omni.isaac.motion_generation has been deprecated in favor of isaacsim.robot_motion.motion_generation. Please update your code accordingly.
2026-10-04 18:51:01 [44,820ms] [Warning] [omni.isaac.motion_generation.articulation_trajectory] omni.isaac.motion_generation has been deprecated in favor of isaacsim.robot_motion.motion_generation. Please update your code accordingly.
2026-10-04 18:51:01 [44,821ms] [Warning] [omni.isaac.motion_generation.kinematics_interface] omni.isaac.motion_generation has been deprecated in favor of isaacsim.robot_motion.motion_generation. Please update your code accordingly.
2026-10-04 18:51:01 [44,823ms] [Warning] [omni.isaac.motion_generation.lula] omni.isaac.motion_generation has been deprecated in favor of isaacsim.robot_motion.motion_generation. Please update your code accordingly.
2026-10-04 18:51:01 [44,824ms] [Warning] [omni.isaac.motion_generation.lula.kinematics] omni.isaac.motion_generation has been deprecated in favor of isaacsim.robot_motion.motion_generation. Please update your code accordingly.
2026-10-04 18:51:01 [44,831ms] [Warning] [omni.isaac.motion_generation.lula.motion_policies] omni.isaac.motion_generation has been deprecated in favor of isaacsim.robot_motion.motion_generation. Please update your code accordingly.
2026-10-04 18:51:01 [44,832ms] [Warning] [omni.isaac.motion_generation.lula.path_planners] omni.isaac.motion_generation has been deprecated in favor of isaacsim.robot_motion.motion_generation. Please update your code accordingly.
2026-10-04 18:51:01 [44,832ms] [Warning] [omni.isaac.motion_generation.lula.trajectory_generator] omni.isaac.motion_generation has been deprecated in favor of isaacsim.robot_motion.motion_generation. Please update your code accordingly.
2026-10-04 18:51:01 [44,834ms] [Warning] [omni.isaac.motion_generation.motion_policy_controller] omni.isaac.motion_generation has been deprecated in favor of isaacsim.robot_motion.motion_generation. Please update your code accordingly.
2026-10-04 18:51:01 [44,835ms] [Warning] [omni.isaac.motion_generation.motion_policy_interface] omni.isaac.motion_generation has been deprecated in favor of isaacsim.robot_motion.motion_generation. Please update your code accordingly.
2026-10-04 18:51:01 [44,837ms] [Warning] [omni.isaac.motion_generation.path_planner_visualizer] omni.isaac.motion_generation has been deprecated in favor of isaacsim.robot_motion.motion_generation. Please update your code accordingly.
2026-10-04 18:51:01 [44,839ms] [Warning] [omni.isaac.motion_generation.path_planning_interface] omni.isaac.motion_generation has been deprecated in favor of isaacsim.robot_motion.motion_generation. Please update your code accordingly.
2026-10-04 18:51:01 [44,839ms] [Warning] [omni.isaac.motion_generation.trajectory] omni.isaac.motion_generation has been deprecated in favor of isaacsim.robot_motion.motion_generation. Please update your code accordingly.
2026-10-04 18:51:01 [44,841ms] [Warning] [omni.isaac.motion_generation.world_interface] omni.isaac.motion_generation has been deprecated in favor of isaacsim.robot_motion.motion_generation. Please update your code accordingly.
[44.872s] [ext: omni.sensors.nv.materials-1.4.0-coreapi] startup
[44.914s] [ext: omni.isaac.nucleus-1.0.3] startup
2026-10-04 18:51:01 [44,905ms] [Warning] [omni.isaac.nucleus] omni.isaac.nucleus has been deprecated in favor of isaacsim.storage.native. Please update your code accordingly.
2026-10-04 18:51:01 [44,908ms] [Warning] [omni.isaac.nucleus.nucleus] omni.isaac.nucleus.nucleus has been deprecated in favor of isaacsim.storage.native. Please update your code accordingly.
[44.938s] [ext: omni.isaac.quadruped-3.0.2] startup
2026-10-04 18:51:01 [44,931ms] [Warning] [omni.isaac.quadruped] omni.isaac.quadruped has been deprecated in favor of isaacsim.robot.policy.examples. Please update your code accordingly.
[44.961s] [ext: omni.kit.manipulator.selector-1.1.1] startup
[44.992s] [ext: omni.sensors.nv.wpm-2.4.0-coreapi] startup
[45.022s] [ext: omni.sensors.nv.lidar-2.6.3-coreapi] startup
[45.037s] [ext: omni.sensors.nv.ids-1.4.0-coreapi] startup
[45.067s] [ext: isaacsim.robot.manipulators.examples-1.0.3] startup
[45.073s] [ext: isaacsim.util.debug_draw-2.0.2] startup
[45.122s] [ext: omni.sensors.tiled-0.0.6] startup
[45.148s] [ext: omni.sensors.nv.radar-2.6.1-coreapi] startup
[45.179s] [ext: omni.kit.widget.toolbar-1.7.3] startup
[45.228s] [ext: omni.kit.manipulator.transform-106.0.1] startup
[45.254s] [ext: isaacsim.sensors.physx-2.2.4] startup
[45.286s] [ext: isaacsim.sensors.rtx-13.6.3] startup
[45.309s] [ext: isaacsim.sensors.camera-0.2.9] startup
[45.360s] [ext: isaacsim.cortex.framework-1.0.2] startup
[45.702s] [ext: omni.kit.manipulator.tool.snap-1.5.12] startup
[45.725s] [ext: omni.isaac.range_sensor-4.0.2] startup
[45.763s] [ext: omni.isaac.surface_gripper-2.0.2] startup
2026-10-04 18:51:01 [45,740ms] [Warning] [omni.isaac.surface_gripper] omni.isaac.surface_gripper has been deprecated in favor of isaacsim.robot.surface_gripper. Please update your code accordingly.
[45.770s] [ext: omni.isaac.sensor-13.0.3] startup
2026-10-04 18:51:01 [45,747ms] [Warning] [omni.isaac.sensor] omni.isaac.sensor has been deprecated in favor of isaacsim.sensors.camera, isaacsim.sensors.physics, isaacsim.sensors.physx, and isaacsim.sensors.rtx. Please update your code accordingly.
2026-10-04 18:51:01 [45,748ms] [Warning] [omni.isaac.sensor.camera] omni.isaac.sensor.camera has been deprecated in favor of isaacsim.sensors.camera.camera. Please update your code accordingly.
2026-10-04 18:51:01 [45,749ms] [Warning] [omni.isaac.sensor.camera_view] omni.isaac.sensor.camera_view has been deprecated in favor of isaacsim.sensors.camera.camera_view. Please update your code accordingly.
2026-10-04 18:51:01 [45,749ms] [Warning] [omni.isaac.sensor.commands] omni.isaac.sensor.commands has been deprecated in favor of isaacsim.sensors.physics.commands, isaacsim.sensors.physx.commands, and isaacsim.sensors.rtx.commands. Please update your code accordingly.
2026-10-04 18:51:01 [45,750ms] [Warning] [omni.isaac.sensor.contact_sensor] omni.isaac.sensor.contact_sensor has been deprecated in favor of isaacsim.sensors.physics.contact_sensor. Please update your code accordingly.
2026-10-04 18:51:01 [45,751ms] [Warning] [omni.isaac.sensor.imu_sensor] omni.isaac.sensor.imu_sensor has been deprecated in favor of isaacsim.sensors.physics.imu_sensor. Please update your code accordingly.
2026-10-04 18:51:01 [45,751ms] [Warning] [omni.isaac.sensor.lidar_rtx] omni.isaac.sensor.lidar_rtx has been deprecated in favor of isaacsim.sensors.rtx.lidar_rtx. Please update your code accordingly.
2026-10-04 18:51:01 [45,752ms] [Warning] [omni.isaac.sensor.rotating_lidar_physX] omni.isaac.sensor.imu_sensor has been deprecated in favor of isaacsim.sensors.physix.rotating_lidar_physX. Please update your code accordingly.
2026-10-04 18:51:01 [45,754ms] [Warning] [omni.isaac.sensor.scripts.samples.contact_sensor] omni.isaac.sensor.scripts.samples.contact_sensor has been deprecated in favor of isaacsim.sensors.physics.scripts.samples.contact_sensor. Please update your code accordingly.
2026-10-04 18:51:01 [45,755ms] [Warning] [omni.isaac.sensor.scripts.samples.imu_sensor] omni.isaac.sensor.scripts.samples.imu_sensor has been deprecated in favor of isaacsim.sensors.physics.scripts.samples.imu_sensor. Please update your code accordingly.
2026-10-04 18:51:01 [45,756ms] [Warning] [omni.isaac.sensor.scripts.samples.lightbeam_sensor] omni.isaac.sensor.scripts.samples.lightbeam_sensor has been deprecated in favor of isaacsim.sensors.physx.scripts.samples.lightbeam_sensor. Please update your code accordingly.
[45.786s] [ext: omni.isaac.cortex-1.0.2] startup
2026-10-04 18:51:01 [45,772ms] [Warning] [omni.isaac.cortex] omni.isaac.cortex has been deprecated in favor of isaacsim.cortex.framework. Please update your code accordingly.
[45.802s] [ext: omni.kit.viewport.manipulator.transform-107.0.4] startup
[45.812s] [ext: omni.debugdraw-0.1.3] startup
[45.826s] [ext: omni.isaac.universal_robots-1.0.2] startup
2026-10-04 18:51:01 [45,801ms] [Warning] [omni.isaac.universal_robots] omni.isaac.universal_robots has been deprecated in favor of isaacsim.robot.manipulators.examples.universal_robots. Please update your code accordingly.
2026-10-04 18:51:01 [45,801ms] [Warning] [omni.isaac.universal_robots.kinematics_solver] omni.isaac.franka has been deprecated in favor of isaacsim.robot.manipulators.examples.universal_robots. Please update your code accordingly.
2026-10-04 18:51:01 [45,803ms] [Warning] [omni.isaac.universal_robots.ur10] omni.isaac.franka has been deprecated in favor of isaacsim.robot.manipulators.examples.universal_robots. Please update your code accordingly.
[45.833s] [ext: omni.isaac.utils-2.0.2] startup
[45.843s] [ext: omni.kit.manipulator.prim.core-107.0.7] startup
[45.857s] [ext: omni.fabric.commands-1.1.5] startup
[45.869s] [ext: omni.kit.manipulator.selection-106.0.1] startup
[45.876s] [ext: omni.kit.viewport.actions-107.0.0] startup
[45.887s] [ext: omni.kit.manipulator.prim.usd-107.0.3] startup
[45.894s] [ext: omni.kit.manipulator.prim.fabric-107.0.4] startup
[45.902s] [ext: isaacsim.cortex.behaviors-2.0.3] startup
[45.908s] [ext: omni.kit.widget.layers-1.8.2] startup
[45.940s] [ext: omni.kit.viewport.menubar.display-107.0.3] startup
[45.953s] [ext: omni.kit.manipulator.prim-107.0.0] startup
[45.954s] [ext: omni.isaac.cortex.sample_behaviors-2.0.2] startup
2026-10-04 18:51:02 [45,926ms] [Warning] [omni.isaac.cortex.sample_behaviors] omni.isaac.cortex.sample_behaviors has been deprecated in favor of isaacsim.cortex.behaviors. Please update your code accordingly.
[45.956s] [ext: omni.graph.ui_nodes-1.40.1] startup
[45.974s] [ext: omni.usdphysics.ui-106.5.7] startup
[46.197s] [ext: omni.physx.commands-106.5.7] startup
[46.241s] [ext: omni.kit.property.camera-1.0.9] startup
[46.266s] [ext: omni.hydra.scene_api-0.1.2] startup
[46.283s] [ext: omni.kit.property.geometry-1.3.3] startup
[46.318s] [ext: omni.kit.property.light-1.0.11] startup
[46.324s] [ext: omni.physx.ui-106.5.7] startup
[46.417s] [ext: omni.kit.property.material-1.10.17] startup
[46.434s] [ext: omni.kit.property.render-1.1.3] startup
[46.442s] [ext: omni.kit.property.transform-1.5.10] startup
[46.454s] [ext: omni.kit.property.audio-1.0.16] startup
[46.462s] [ext: isaacsim.gui.property-1.0.4] startup
[46.472s] [ext: omni.physx.demos-106.5.7] startup
[46.508s] [ext: omni.kit.property.physx-106.5.7] startup
[46.606s] [ext: omni.isaac.lula-4.0.2] startup
2026-10-04 18:51:02 [46,582ms] [Warning] [omni.isaac.lula] omni.isaac.lula has been deprecated in favor of isaacsim.robot_motion.lula. Please update your code accordingly.
[46.613s] [ext: omni.kit.property.bundle-1.3.2] startup
[46.621s] [ext: omni.kit.property.isaac-1.0.2] startup
2026-10-04 18:51:02 [46,595ms] [Warning] [omni.kit.property.isaac] omni.kit.property.isaac has been deprecated in favor of isaacsim.gui.property. Please update your code accordingly.
2026-10-04 18:51:02 [46,595ms] [Warning] [omni.kit.property.isaac.widgets] omni.kit.property.isaac.widgets has been deprecated in favor of isaacsim.gui.property.widgets. Please update your code accordingly.
[46.628s] [ext: omni.physx.vehicle-106.5.7] startup
[46.672s] [ext: omni.kit.viewport.menubar.camera-107.0.2] startup
[46.685s] [ext: omni.kit.viewport.menubar.lighting-106.0.2] startup
[46.696s] [ext: omni.kit.viewport.menubar.render-107.0.8] startup
[46.705s] [ext: omni.kit.viewport.menubar.settings-107.0.3] startup
[46.715s] [ext: omni.kit.window.console-0.2.14] startup
[46.738s] [ext: omni.physx.camera-106.5.7] startup
[46.765s] [ext: omni.kit.window.toolbar-1.6.2] startup
[46.777s] [ext: omni.isaac.version-2.0.2] startup
2026-10-04 18:51:02 [46,753ms] [Warning] [omni.isaac.version] omni.isaac.version has been deprecated in favor of isaacsim.core.version. Please update your code accordingly.
[46.784s] [ext: isaacsim.robot.wheeled_robots-4.0.3] startup
[46.801s] [ext: omni.physx.cct-106.5.7] startup
[46.845s] [ext: omni.physx.graph-106.5.7] startup
[46.890s] [ext: isaacsim.replicator.writers-1.0.1] startup
[46.934s] [ext: omni.physx.supportui-106.5.7] startup
[46.989s] [ext: omni.physx.telemetry-106.5.7] startup
[47.192s] [ext: omni.isaac.wheeled_robots-3.0.3] startup
2026-10-04 18:51:03 [47,164ms] [Warning] [omni.isaac.wheeled_robots] omni.isaac.wheeled_robots has been deprecated in favor of isaacsim.robot.wheeled_robots. Please update your code accordingly.
2026-10-04 18:51:03 [47,164ms] [Warning] [omni.isaac.wheeled_robots.controllers] omni.isaac.wheeled_robots has been deprecated in favor of isaacsim.robot.wheeled_robots. Please update your code accordingly.
2026-10-04 18:51:03 [47,165ms] [Warning] [omni.isaac.wheeled_robots.controllers.ackermann_controller] omni.isaac.wheeled_robots has been deprecated in favor of isaacsim.robot.wheeled_robots. Please update your code accordingly.
2026-10-04 18:51:03 [47,165ms] [Warning] [omni.isaac.wheeled_robots.controllers.differential_controller] omni.isaac.wheeled_robots has been deprecated in favor of isaacsim.robot.wheeled_robots. Please update your code accordingly.
2026-10-04 18:51:03 [47,165ms] [Warning] [omni.isaac.wheeled_robots.controllers.holonomic_controller] omni.isaac.wheeled_robots has been deprecated in favor of isaacsim.robot.wheeled_robots. Please update your code accordingly.
2026-10-04 18:51:03 [47,166ms] [Warning] [omni.isaac.wheeled_robots.controllers.quintic_path_planner] omni.isaac.wheeled_robots has been deprecated in favor of isaacsim.robot.wheeled_robots. Please update your code accordingly.
2026-10-04 18:51:03 [47,596ms] [Warning] [omni.isaac.wheeled_robots.controllers.stanley_control] omni.isaac.wheeled_robots has been deprecated in favor of isaacsim.robot.wheeled_robots. Please update your code accordingly.
2026-10-04 18:51:03 [47,597ms] [Warning] [omni.isaac.wheeled_robots.controllers.wheel_base_pose_controller] omni.isaac.wheeled_robots has been deprecated in favor of isaacsim.robot.wheeled_robots. Please update your code accordingly.
2026-10-04 18:51:03 [47,598ms] [Warning] [omni.isaac.wheeled_robots.impl] omni.isaac.wheeled_robots has been deprecated in favor of isaacsim.robot.wheeled_robots. Please update your code accordingly.
2026-10-04 18:51:03 [47,599ms] [Warning] [omni.isaac.wheeled_robots.robots] omni.isaac.wheeled_robots has been deprecated in favor of isaacsim.robot.wheeled_robots. Please update your code accordingly.
2026-10-04 18:51:03 [47,599ms] [Warning] [omni.isaac.wheeled_robots.robots.holonomic_robot_usd_setup] omni.isaac.wheeled_robots has been deprecated in favor of isaacsim.robot.wheeled_robots. Please update your code accordingly.
2026-10-04 18:51:03 [47,600ms] [Warning] [omni.isaac.wheeled_robots.robots.wheeled_robot] omni.isaac.wheeled_robots has been deprecated in favor of isaacsim.robot.wheeled_robots. Please update your code accordingly.
[47.630s] [ext: omni.isaac.franka-1.0.2] startup
2026-10-04 18:51:03 [47,602ms] [Warning] [omni.isaac.franka] omni.isaac.franka has been deprecated in favor of isaacsim.robot.manipulators.examples.franka. Please update your code accordingly.
2026-10-04 18:51:03 [47,602ms] [Warning] [omni.isaac.franka.franka] omni.isaac.franka has been deprecated in favor of isaacsim.robot.manipulators.examples.franka. Please update your code accordingly.
2026-10-04 18:51:03 [47,635ms] [Warning] [omni.isaac.franka.kinematics_solver] omni.isaac.franka has been deprecated in favor of isaacsim.robot.manipulators.examples.franka. Please update your code accordingly.
[48.015s] [ext: isaacsim.replicator.domain_randomization-1.0.2] startup
[48.186s] [ext: isaacsim.replicator.examples-1.1.2] startup
[48.231s] [ext: omni.kit.window.status_bar-0.1.7] startup
[48.288s] [ext: omni.rtx.window.settings-0.6.17] startup
[48.344s] [ext: omni.usd.metrics.assembler-106.5.0] startup
[48.415s] [ext: omni.physx.bundle-106.5.7] startup
[48.424s] [ext: isaacsim.app.about-2.0.7] startup
[48.427s] [ext: omni.replicator.isaac-2.0.3] startup
2026-10-04 18:51:04 [48,415ms] [Warning] [omni.replicator.isaac] omni.replicator.isaac has been deprecated in favor of isaacsim.replicator.domain_randomization, isaacsim.replicator.examples, isaacsim.replicator.writers. Please update your code accordingly.
[48.447s] [ext: omni.replicator.replicator_yaml-2.0.10] startup
[48.490s] [ext: omni.rtx.settings.core-0.6.3] startup
[48.625s] [ext: omni.usd.metrics.assembler.ui-106.5.0] startup
[48.661s] [ext: isaacsim.simulation_app-2.4.2] startup
[48.664s] [ext: omni.isaac.window.about-2.0.2] startup
2026-10-04 18:51:04 [48,655ms] [Warning] [omni.isaac.window.about] omni.isaac.window.about has been deprecated in favor of isaacsim.app.about. Please update your code accordingly.
2026-10-04 18:51:04 [48,655ms] [Warning] [omni.isaac.window.about.about] omni.isaac.window.about.about has been deprecated in favor of isaacsim.app.about.about. Please update your code accordingly.
[48.693s] [ext: semantics.schema.editor-0.3.10] startup
[48.716s] [ext: omni.kit.ui.actions-1.0.2] startup
[48.738s] [ext: semantics.schema.property-1.0.5] startup
[48.761s] [ext: omni.kit.manipulator.camera-106.0.3] startup
[48.796s] [ext: omni.isaac.kit-2.0.3] startup
2026-10-04 18:51:04 [48,769ms] [Warning] [omni.isaac.kit] omni.isaac.kit has been deprecated in favor of isaacsim.simulation_app. Please update your code accordingly.
[48.799s] [ext: omni.isaac.asset_browser-1.0.2] startup
2026-10-04 18:51:04 [48,770ms] [Warning] [omni.isaac.asset_browser] omni.isaac.asset_browser has been deprecated in favor of isaacsim.asset.browser. Please update your code accordingly.
[48.801s] [ext: isaacsim.core.throttling-2.0.2] startup
[48.822s] [ext: omni.kit.menu.common-1.1.9] startup
[48.847s] [ext: isaacsim.exp.base-4.5.0] startup
[48.854s] [ext: isaacsim.exp.base.python-4.5.0] startup
[48.876s] Simulation App Starting
2026-10-04 18:51:06 [50,012ms] [Warning] [carb.audio.device] audio device is misconfigured or broken {deviceIndex = 0, name = 'default'} (The device is likely misconfigured, check your $HOME/.asoundrc)
2026-10-04 18:51:06 [50,013ms] [Warning] [carb.audio.output] failed to retrieve the capabilities for device 0 {result = eDeviceLost (2)}
2026-10-04 18:51:06 [50,013ms] [Warning] [carb.audio.context] failed to set the requested output during context creation.  Using a null streamer instead {result = eDeviceLost (2)}
[52.374s] app ready
2026-10-04 18:51:10 [54,226ms] [Warning] [rtx.scenedb.plugin] SceneDbContext : TLAS limit buffer size 2921508224
2026-10-04 18:51:10 [54,239ms] [Warning] [rtx.scenedb.plugin] SceneDbContext : TLAS limit : valid true, within: false
2026-10-04 18:51:17 [61,808ms] [Warning] [omni.usd-abi.plugin] No setting was found for '/rtx-defaults-transient/meshlights/forceDisable'
2026-10-04 18:51:18 [62,716ms] [Warning] [omni.usd-abi.plugin] No setting was found for '/rtx-defaults/post/dlss/execMode'
2026-10-04 18:51:23 [67,270ms] [Warning] [carb.tasking.plugin] carb.tasking is likely stuck. All threads are busy with same tasks for more than 1 seconds with waiting tasks. Starting an emergency helper thread.
2026-10-04 18:51:29 [73,287ms] [Warning] [carb.tasking.plugin] carb.tasking is likely stuck. All threads are busy with same tasks for more than 1 seconds with waiting tasks. Starting an emergency helper thread.
2026-10-04 18:51:30 [74,288ms] [Warning] [carb.tasking.plugin] carb.tasking is likely stuck. All threads are busy with same tasks for more than 1 seconds with waiting tasks. Starting an emergency helper thread.
2026-10-04 18:51:48 [92,505ms] [Warning] [rtx.postprocessing.plugin] DLSS increasing input dimensions: Render resolution of (320, 240) is below minimal input resolution of 300.
[94.258s] Simulation App Startup Complete
[isaac_app] renderer activeGpu=0 (want 0), multiGpu=False
app started in 94.6s
[98.809s] [ext: omni.physx.fabric-106.5.7] startup
2026-10-04 18:51:56 [100,060ms] [Warning] [omni.physicsschema.plugin] ScaleOrientation is not supported for rigid bodies, prim path: /World/envs/env_0/Robot/hande_left_finger. You may ignore this if the scale is close to uniform.
2026-10-04 18:51:56 [100,062ms] [Warning] [omni.physicsschema.plugin] ScaleOrientation is not supported for rigid bodies, prim path: /World/envs/env_0/Robot/hande_right_finger. You may ignore this if the scale is close to uniform.
2026-10-04 18:52:02 [106,708ms] [Warning] [omni.physx.plugin] Detected an articulation at /World/envs/env_0/Robot with more than 4 velocity iterations being added to a TGS scene.The related behavior changed recently, please consult the changelog. This warning will only print once.
2026-10-04 18:52:03 [106,921ms] [Warning] [omni.physx.tensors.plugin] Duplicate joint name 'FixedJoint' in articulation metatype
[planner] база повёрнута на 0: якобиан расходится на 1.9997
[planner] база повёрнута на 180: якобиан расходится на 0.0000
[planner] T_post = [[-0.99996, 0.0, 0.00939, 0.00068], [0.00939, 0.0, 0.99996, 0.00046], [0.0, 1.0, -0.0, 0.21432], [0.0, -0.0, 0.0, 1.0]]
[plan] домашняя поза: запас сам-в-себя по модели 12 мм
env ready in 24.2s
camera K fx 549.7 fy 549.7 cx 320.0 cy 240.0, pos [0.0, 0.5, 1.2000000476837158]
vision  K fx 549.7 fy 549.7 cx 320.0 cy 240.0, pos [0.0, 0.5, 1.2]
video saved to /home/Invader17/grasp_task/runs/baseline_plan_20261004_215015/tetrapak_00_side.gif, 195 frames
tetrapak #00 side      yaw   +35  grasp (-0.055 +0.329 +0.030) yaw  -133  xy err  50.2 mm  box [0.055, 0.045, 0.03]
    IK решений 44, проверено лесенок 1, отбраковано {}, взял №0 порядок 0, план 25.8 с; промах над объектом 0 мм, в схвате 0 мм; самый сильный контакт руки до сжатия ('', 0.0)
    rise  15.0 cm   OK  139.2s
--- tetrapak: 1/1 = 100%  95% CI [21%, 100%]
SR: {'tetrapak': 1}; 139.2 с на эпизод
2026-10-04 18:54:36 [260,035ms] [Warning] [carb.windowing-glfw.plugin] GLFW initialization failed.
2026-10-04 18:54:36 [260,036ms] [Warning] [carb] Failed to startup plugin carb.windowing-glfw.plugin (interfaces: [carb::windowing::IGLContext v1.0],[carb::windowing::IWindowing v1.5]) (impl: carb.windowing-glfw.plugin)
2026-10-04 18:54:44 [267,991ms] [Warning] [carb] Plugin interface for a client: omni.hydratexture.plugin was already released.
[INFO]: Simulation is stopped. Shutting down the app.
[21:54:58] код выхода 0, время 280 с, пик памяти на GPU 1 4251 MiB, клиент драйвера на GPU 0 6 MiB
[21:55:04] наших процессов на GPU нет
[21:55:04] результаты: /home/Invader17/grasp_task/runs/baseline_plan_20261004_215015
