[14:40:16] user=Invader17 gpu=7 vk_uuid=d9fc0582a134ded0909de88d902ecc0b cpus=46-47 timeout=15m stall=20m
[14:40:16] cmd: /home/Invader17/grasp_task/code/grasp/grasp_check.py --obj tetrapak --video
[Warning] [simulation_app.simulation_app] Modules: ['omni.kit_app'] were loaded before SimulationApp was started and might not be loaded correctly.
[Warning] [simulation_app.simulation_app] Please check to make sure no extra omniverse or pxr modules are imported before the call to SimulationApp(...)
Starting kit application with the following args:  ['/home/Invader17/grasp_task/envs/isaac/lib/python3.10/site-packages/isaacsim/exts/isaacsim.simulation_app/isaacsim/simulation_app/simulation_app.py', '/home/Invader17/grasp_task/envs/isaac/lib/python3.10/site-packages/isaacsim/apps/isaacsim.exp.base.python.kit', '--/app/tokens/exe-path=/home/Invader17/grasp_task/envs/isaac/lib/python3.10/site-packages/omni', '--/persistent/app/viewport/displayOptions=3094', '--/rtx/materialDb/syncLoads=True', '--/rtx/hydra/materialSyncLoads=True', '--/omni.kit.plugin/syncUsdLoads=True', '--/app/renderer/resolution/width=640', '--/app/renderer/resolution/height=480', '--/app/window/width=1440', '--/app/window/height=900', '--/renderer/multiGpu/enabled=False', '--/app/fastShutdown=True', '--/app/installSignalHandlers=0', '--ext-folder', '/home/Invader17/grasp_task/envs/isaac/lib/python3.10/site-packages/isaacsim/exts', '--ext-folder', '/home/Invader17/grasp_task/envs/isaac/lib/python3.10/site-packages/isaacsim/apps', '--/renderer/multiGpu/enabled=false', '--/renderer/multiGpu/autoEnable=false', '--/renderer/multiGpu/maxGpuCount=1', '--/renderer/activeGpu=0', '--/plugins/carb.tasking.plugin/threadCount=4', '--/persistent/isaac/asset_root/default=http://omniverse-content-production.s3-us-west-2.amazonaws.com/Assets/Isaac/4.5', '--/persistent/isaac/asset_root/cloud=http://omniverse-content-production.s3-us-west-2.amazonaws.com/Assets/Isaac/4.5', '--/persistent/isaac/asset_root/nvidia=http://omniverse-content-production.s3-us-west-2.amazonaws.com/Assets/Isaac/4.5', '--/renderer/activeGpu=0', '--/physics/cudaDevice=0', '--portable', '--no-window', '--/app/window/hideUi=1']
Passing the following args to the base kit application:  ['--obj', 'tetrapak', '--video']
[Info] [carb] Logging to file: /home/Invader17/grasp_task/envs/isaac/lib/python3.10/site-packages/omni/logs/Kit/Isaac-Sim Python/4.5/kit_20261003_114016.log
2026-10-03 11:40:16 [0ms] [Warning] [omni.kit.app.plugin] No crash reporter present, dumps uploading isn't available.
[0.562s] [ext: omni.kit.async_engine-0.0.1] startup
[1.520s] [ext: omni.metrics.core-0.0.1] startup
[1.523s] [ext: omni.client.lib-1.0.0] startup
[1.564s] [ext: omni.blobkey-1.1.2] startup
[1.565s] [ext: omni.stats-1.0.1] startup
[1.567s] [ext: omni.datastore-0.0.0] startup
[1.577s] [ext: omni.client-1.2.2] startup
[1.586s] [ext: omni.ujitso.default-1.0.0] startup
[1.590s] [ext: omni.hsscclient-1.1.1] startup
2026-10-03 11:40:18 [1,571ms] [Warning] [omni.datastore] OmniHub is inaccessible
[1.603s] [ext: omni.gpu_foundation.shadercache.vulkan-1.0.0] startup
[1.613s] [ext: omni.assets.plugins-0.0.0] startup
[1.616s] [ext: omni.gpu_foundation-0.0.0] startup
[1.633s] [ext: carb.windowing.plugins-1.0.0] startup
2026-10-03 11:40:18 [1,612ms] [Warning] [carb.windowing-glfw.plugin] GLFW initialization failed.
2026-10-03 11:40:18 [1,612ms] [Warning] [carb] Failed to startup plugin carb.windowing-glfw.plugin (interfaces: [carb::windowing::IGLContext v1.0],[carb::windowing::IWindowing v1.5]) (impl: carb.windowing-glfw.plugin)
[1.637s] [ext: omni.kit.renderer.init-0.0.0] startup
2026-10-03 11:40:18 [1,633ms] [Warning] [omni.platforminfo.plugin] failed to open the default display.  Can't verify X Server version.
[14:40:23] на GPU 7 чужие процессы: 2650553; запас памяти 1536 MiB, наш потолок 6144 MiB
2026-10-03 11:40:38 [21,921ms] [Warning] [carb.cudainterop.plugin] CUDA_VISIBLE_DEVICES environment variable is set.
2026-10-03 11:40:38 [21,921ms] [Warning] [carb.cudainterop.plugin] Note CUDA device enumeration and Omniverse device enumeration are different.
2026-10-03 11:40:38 [21,921ms] [Warning] [carb.cudainterop.plugin] Setting CUDA_VISIBLE_DEVICES can lead to undesired behavior or crashes.

|---------------------------------------------------------------------------------------------|
| Driver Version: 575.57.08     | Graphics API: Vulkan
|=============================================================================================|
| GPU | Name                             | Active | LDA | GPU Memory | Vendor-ID | LUID       |
|     |                                  |        |     |            | Device-ID | UUID       |
|     |                                  |        |     |            | Bus-ID    |            |
|---------------------------------------------------------------------------------------------|
| 0   | NVIDIA GeForce RTX 2080 Ti       | Yes: 0 |     | 11510   MB | 10de      | 0          |
|     |                                  |        |     |            | 1e04      | d9fc0582.. |
|     |                                  |        |     |            | 8         |            |
|=============================================================================================|
| OS: 20.04.6 LTS (Focal Fossa) ubuntu, Version: 20.04.6, Kernel: 5.15.0-139-generic
| Processor: AMD EPYC 7552 48-Core Processor
| Cores: 48 | Logical Cores: 48
|---------------------------------------------------------------------------------------------|
| Total Memory (MB): 515967 | Free Memory: 339702
| Total Page/Swap (MB): 67583 | Free Page/Swap: 17592186044409
|---------------------------------------------------------------------------------------------|
[49.684s] [ext: omni.kit.pipapi-0.0.0] startup
[49.826s] [ext: omni.materialx.libs-1.0.6] startup
[50.062s] [ext: omni.kit.pip_archive-0.0.0] startup
[50.063s] [ext: omni.usd.config-1.0.5] startup
[50.071s] [ext: omni.gpucompute.plugins-0.0.0] startup
[50.074s] [ext: omni.usd.libs-1.0.1] startup
[50.219s] [ext: omni.mdl-55.0.1] startup
[50.250s] [ext: omni.iray.libs-0.0.0] startup
[50.261s] [ext: omni.mdl.neuraylib-0.2.10] startup
[50.266s] [ext: omni.kit.usd.mdl-1.0.7] startup
[50.416s] [ext: omni.kit.telemetry-0.5.1] startup
[50.483s] [ext: omni.kit.loop-isaac-1.2.1] startup
[50.490s] [ext: omni.kit.test-1.1.2] startup
[50.830s] [ext: omni.appwindow-1.1.9] startup
2026-10-03 11:41:07 [50,809ms] [Warning] [carb.windowing-glfw.plugin] GLFW initialization failed.
2026-10-03 11:41:07 [50,809ms] [Warning] [carb] Failed to startup plugin carb.windowing-glfw.plugin (interfaces: [carb::windowing::IGLContext v1.0],[carb::windowing::IWindowing v1.5]) (impl: carb.windowing-glfw.plugin)
[50.838s] [ext: omni.kit.renderer.core-1.0.2] startup
2026-10-03 11:41:09 [52,575ms] [Warning] [carb.windowing-glfw.plugin] GLFW initialization failed.
2026-10-03 11:41:09 [52,576ms] [Warning] [carb] Failed to startup plugin carb.windowing-glfw.plugin (interfaces: [carb::windowing::IGLContext v1.0],[carb::windowing::IWindowing v1.5]) (impl: carb.windowing-glfw.plugin)
2026-10-03 11:41:09 [52,880ms] [Warning] [carb.windowing-glfw.plugin] GLFW initialization failed.
2026-10-03 11:41:09 [52,881ms] [Warning] [carb] Failed to startup plugin carb.windowing-glfw.plugin (interfaces: [carb::windowing::IGLContext v1.0],[carb::windowing::IWindowing v1.5]) (impl: carb.windowing-glfw.plugin)
[52.918s] [ext: omni.kit.renderer.capture-0.0.0] startup
[52.922s] [ext: omni.kit.renderer.imgui-1.0.2] startup
2026-10-03 11:41:09 [52,913ms] [Warning] [carb.windowing-glfw.plugin] GLFW initialization failed.
2026-10-03 11:41:09 [52,913ms] [Warning] [carb] Failed to startup plugin carb.windowing-glfw.plugin (interfaces: [carb::windowing::IGLContext v1.0],[carb::windowing::IWindowing v1.5]) (impl: carb.windowing-glfw.plugin)
2026-10-03 11:41:09 [52,916ms] [Warning] [carb.windowing-glfw.plugin] GLFW initialization failed.
2026-10-03 11:41:09 [52,917ms] [Warning] [carb] Failed to startup plugin carb.windowing-glfw.plugin (interfaces: [carb::windowing::IGLContext v1.0],[carb::windowing::IWindowing v1.5]) (impl: carb.windowing-glfw.plugin)
2026-10-03 11:41:09 [52,918ms] [Warning] [carb.windowing-glfw.plugin] GLFW initialization failed.
2026-10-03 11:41:09 [52,923ms] [Warning] [carb] Failed to startup plugin carb.windowing-glfw.plugin (interfaces: [carb::windowing::IGLContext v1.0],[carb::windowing::IWindowing v1.5]) (impl: carb.windowing-glfw.plugin)
[53.858s] [ext: omni.ui-2.26.5] startup
[53.878s] [ext: omni.kit.mainwindow-1.0.3] startup
[53.881s] [ext: carb.audio-0.1.0] startup
[53.920s] [ext: omni.uiaudio-1.0.0] startup
[53.923s] [ext: omni.kit.uiapp-0.0.0] startup
[53.926s] [ext: omni.usd.schema.metrics.assembler-106.5.0] startup
[53.941s] [ext: omni.usd.schema.anim-0.0.0] startup
[53.973s] [ext: omni.usd.schema.audio-0.0.0] startup
[53.981s] [ext: omni.usd.schema.isaac-3.0.2] startup
[53.982s] [ext: omni.usd.schema.omnigraph-1.0.0] startup
[53.993s] [ext: omni.usd.schema.forcefield-106.5.7] startup
[54.008s] [ext: omni.usd.schema.semantics-0.0.0] startup
[54.013s] [ext: omni.usd.schema.physx-106.5.7] startup
[54.051s] [ext: omni.usd.schema.geospatial-0.0.0] startup
[54.057s] [ext: omni.usd_resolver-1.0.0] startup
[54.064s] [ext: omni.kit.window.popup_dialog-2.0.24] startup
[54.073s] [ext: usdrt.scenegraph-7.5.1] startup
[54.136s] [ext: omni.timeline-1.0.11] startup
[54.141s] [ext: omni.usd.core-1.4.2] startup
[54.147s] [ext: omni.resourcemonitor-107.0.0] startup
[54.152s] [ext: omni.activity.core-1.0.1] startup
[54.154s] [ext: omni.kit.widget.nucleus_connector-1.1.10] startup
[54.183s] [ext: omni.hydra.usdrt_delegate-7.5.1] startup
[54.211s] [ext: omni.kit.actions.core-1.0.0] startup
[54.224s] [ext: omni.graph.exec-0.9.4] startup
[54.232s] [ext: omni.kit.commands-1.4.9] startup
[54.248s] [ext: omni.kit.usd_undo-0.1.8] startup
[54.249s] [ext: omni.kit.exec.core-0.13.4] startup
[54.260s] [ext: omni.kit.audiodeviceenum-1.0.1] startup
[54.268s] [ext: omni.hydra.scene_delegate-0.3.3] startup
[54.294s] [ext: omni.usd-1.12.4] startup
[54.831s] [ext: omni.inspect-1.0.1] startup
[54.834s] [ext: omni.kit.notification_manager-1.0.9] startup
[54.842s] [ext: omni.graph.core-2.181.8] startup
[54.853s] [ext: isaacsim.core.deprecation_manager-0.2.2] startup
[54.859s] [ext: omni.usd.schema.omniscripting-1.0.0] startup
[54.886s] [ext: isaacsim.robot.schema-3.1.2] startup
[54.906s] [ext: omni.kit.asset_converter-2.8.3] startup
[54.926s] [ext: omni.kit.menu.core-1.1.2] startup
[54.928s] [ext: omni.kvdb-106.5.7] startup
[54.932s] [ext: omni.kit.widget.context_menu-1.2.4] startup
[54.934s] [ext: omni.kit.usd.layers-2.2.0] startup
[54.946s] [ext: omni.kit.property.adapter.core-1.0.2] startup
[54.952s] [ext: omni.localcache-106.5.7] startup
[54.966s] [ext: omni.convexdecomposition-106.5.7] startup
[54.980s] [ext: omni.warp.core-1.5.0] startup
[55.366s] [ext: omni.kit.context_menu-1.8.3] startup
[55.378s] [ext: omni.kit.hotkeys.core-1.3.10] startup
[55.388s] [ext: omni.kit.property.adapter.fabric-1.0.3] startup
[55.393s] [ext: omni.usdphysics-106.5.7] startup
[55.401s] [ext: omni.kit.widget.path_field-2.0.11] startup
[55.404s] [ext: omni.kit.widget.options_menu-1.1.6] startup
[55.413s] [ext: omni.kit.helper.file_utils-0.1.9] startup
[55.417s] [ext: omni.kit.widget.browser_bar-2.0.10] startup
[55.418s] [ext: omni.kit.widget.options_button-1.0.3] startup
[55.421s] [ext: omni.kit.widget.filebrowser-2.10.52] startup
[55.430s] [ext: omni.kit.clipboard-1.0.5] startup
[55.540s] [ext: omni.graph.tools-1.79.1] startup
[55.600s] [ext: omni.ui.scene-1.11.2] startup
[55.609s] [ext: omni.graph.image.core-0.6.0] startup
[55.613s] [ext: omni.kit.window.filepicker-2.11.7] startup
[55.642s] [ext: omni.kit.widget.searchfield-1.1.8] startup
[55.735s] [ext: omni.graph.image.nodes-1.3.0] startup
[55.745s] [ext: omni.graph-1.140.2] startup
[55.936s] [ext: omni.kit.window.file_exporter-1.0.31] startup
[55.981s] [ext: omni.kit.widget.filter-1.1.4] startup
[56.016s] [ext: omni.physx.foundation-106.5.7] startup
[56.062s] [ext: omni.graph.nodes-1.162.1] startup
[56.160s] [ext: omni.kit.widget.stage-2.11.6] startup
[56.253s] [ext: omni.hydra.rtx.shadercache.vulkan-1.0.0] startup
[56.266s] [ext: omni.hydra.engine.stats-1.0.3] startup
[56.405s] [ext: omni.graph.action_core-1.1.7] startup
[56.419s] [ext: omni.kit.widget.highlight_label-1.0.3] startup
[56.493s] [ext: omni.ujitso.processor.texture-1.0.0] startup
[56.512s] [ext: omni.index.libs-380600.1777.0] startup
[56.513s] [ext: omni.kit.window.file_importer-1.1.14] startup
[56.637s] [ext: omni.kit.stage_template.core-1.1.22] startup
[56.645s] [ext: omni.volume-0.5.0] startup
[56.730s] [ext: omni.ujitso.client-0.0.0] startup
[56.736s] [ext: omni.index-1.0.1] startup
[56.744s] [ext: omni.kit.window.file-1.3.57] startup
[56.753s] [ext: omni.hydra.rtx-1.0.0] startup
2026-10-03 11:41:13 [56,839ms] [Warning] [omni.log] Source: omni.hydra was already registered.
[56.919s] [ext: omni.kit.viewport.registry-104.0.6] startup
[56.928s] [ext: omni.kit.viewport.legacy_gizmos-1.0.16] startup
[56.937s] [ext: omni.kit.raycast.query-1.0.5] startup
[56.956s] [ext: omni.kit.viewport.scene_camera_model-1.0.5] startup
[56.976s] [ext: omni.kit.hydra_texture-1.4.0] startup
[56.997s] [ext: omni.kit.menu.utils-1.7.7] startup
[57.019s] [ext: omni.kit.window.drop_support-1.0.4] startup
[57.028s] [ext: omni.kit.widget.viewport-107.0.7] startup
[57.048s] [ext: omni.kit.material.library-1.5.15] startup
[57.058s] [ext: omni.kit.window.content_browser_registry-0.0.6] startup
[57.076s] [ext: omni.kit.viewport.window-107.0.8] startup
[57.130s] [ext: omni.graph.action_nodes-1.40.1] startup
[57.150s] [ext: omni.kit.window.property-1.11.5] startup
[57.169s] [ext: omni.kit.window.content_browser-2.10.3] startup
[57.256s] [ext: omni.kit.property.adapter.usd-1.0.2] startup
[57.266s] [ext: omni.kit.viewport.utility-1.0.18] startup
[57.273s] [ext: omni.graph.action-1.120.0] startup
[57.276s] [ext: omni.kit.property.usd-4.2.16] startup
[57.377s] [ext: omni.physx.cooking-106.5.7] startup
[58.196s] [ext: omni.kit.widget.stage_icons-1.0.6] startup
[58.213s] [ext: omni.kit.widget.zoombar-1.0.5] startup
[58.232s] [ext: omni.physics.tensors-106.5.7] startup
[58.258s] [ext: omni.kit.widget.prompt-1.0.7] startup
[58.264s] [ext: omni.kit.usd.collect-2.2.22] startup
[58.275s] [ext: omni.physx-106.5.7] startup
[58.302s] [ext: omni.kit.window.stage-2.5.11] startup
[58.334s] [ext: omni.kit.browser.core-2.3.11] startup
[58.343s] [ext: omni.kit.widget.text_editor-1.0.2] startup
[58.356s] [ext: omni.physx.tensors-106.5.7] startup
[59.418s] [ext: omni.kit.tool.collect-2.2.16] startup
[59.890s] [ext: omni.kit.menu.stage-1.2.5] startup
[59.934s] [ext: omni.kit.browser.folder.core-1.10.1] startup
[59.982s] [ext: omni.warp-1.5.0] startup
[60.022s] [ext: isaacsim.examples.browser-0.1.8] startup
[60.026s] [ext: omni.physx.stageupdate-106.5.7] startup
[60.097s] [ext: omni.kit.numpy.common-0.1.2] startup
[60.101s] [ext: isaacsim.core.version-2.0.2] startup
[60.104s] [ext: omni.isaac.dynamic_control-1.3.15] startup
2026-10-03 11:41:16 [60,102ms] [Warning] [omni.isaac.dynamic_control] omni.isaac.dynamic_control is deprecated as of Isaac Sim 4.5. No action is needed from end-users.
[60.321s] [ext: isaacsim.storage.native-1.0.6] startup
[60.473s] [ext: omni.kit.menu.create-1.0.17] startup
[60.561s] [ext: isaacsim.core.utils-2.2.8] startup
[60.654s] [ext: omni.kit.widget.searchable_combobox-1.0.6] startup
[60.669s] [ext: omni.kit.primitive.mesh-1.0.17] startup
[60.991s] [ext: isaacsim.core.simulation_manager-0.3.3] startup
[66.544s] [ext: omni.kit.scripting-106.5.2] startup
[66.556s] [ext: omni.kit.stage_templates-1.2.6] startup
[66.563s] [ext: isaacsim.core.prims-0.3.7] startup
[66.596s] [ext: isaacsim.replicator.behavior-1.0.8] startup
[66.597s] [ext: isaacsim.core.api-4.2.16] startup
[66.622s] [ext: omni.ui_query-1.1.7] startup
[66.627s] [ext: omni.kit.manipulator.viewport-107.0.1] startup
[66.633s] [ext: omni.kit.ui_test-1.3.3] startup
[66.638s] [ext: omni.kit.window.extensions-1.4.25] startup
[66.653s] [ext: omni.graph.visualization.nodes-2.1.1] startup
[66.670s] [ext: omni.kit.tool.asset_importer-2.12.2] startup
[66.700s] [ext: isaacsim.gui.components-1.0.9] startup
[66.789s] [ext: omni.kit.widget.settings-1.2.2] startup
[66.801s] [ext: omni.kit.widget.graph-1.12.17] startup
[66.823s] [ext: omni.kit.window.preferences-1.7.0] startup
[66.843s] [ext: omni.kit.graph.delegate.default-1.2.2] startup
[66.849s] [ext: omni.kit.viewport.menubar.core-107.1.2] startup
[66.880s] [ext: omni.kit.widget.material_preview-1.0.16] startup
[66.886s] [ext: omni.kit.graph.usd.commands-1.3.1] startup
[66.895s] [ext: omni.kit.graph.editor.core-1.5.3] startup
[66.901s] [ext: omni.syntheticdata-0.6.10] startup
[66.949s] [ext: omni.kit.window.material_graph-1.8.19] startup
[67.002s] [ext: omni.graph.scriptnode-1.40.1] startup
[67.012s] [ext: isaacsim.core.cloner-1.3.4] startup
[67.036s] [ext: omni.replicator.core-1.11.35] startup
Warp 1.5.0 initialized:
   CUDA Toolkit 11.8, Driver 12.9
   Devices:
     "cpu"      : "x86_64"
     "cuda:0"   : "NVIDIA GeForce RTX 2080 Ti" (11 GiB, sm_75, mempool enabled)
   Kernel cache:
     /home/Invader17/grasp_task/.cache/warp
2026-10-03 11:41:26 [70,190ms] [Warning] [omni.replicator.core.scripts.extension] No material configuration file, adding configuration to material settings directly.
[70.227s] [ext: omni.isaac.cloner-1.0.2] startup
2026-10-03 11:41:27 [70,213ms] [Warning] [omni.isaac.cloner] omni.isaac.cloner has been deprecated in favor of isaacsim.core.cloner. Please update your code accordingly.
[70.244s] [ext: isaacsim.core.nodes-2.1.4] startup
[70.272s] [ext: isaacsim.asset.importer.urdf-2.3.10] startup
[70.556s] [ext: omni.isaac.core-4.0.3] startup
2026-10-03 11:41:27 [70,551ms] [Warning] [omni.isaac.core.physics_context.physics_context] omni.isaac.core.physics_context.physics_context has been deprecated in favor of isaacsim.core.api.physics_context.physics_context. Please update your code accordingly.
2026-10-03 11:41:27 [70,551ms] [Warning] [omni.isaac.core.simulation_context.simulation_context] omni.isaac.core.simulation_context.simulation_context has been deprecated in favor of isaacsim.core.api.simulation_context.simulation_context. Please update your code accordingly.
2026-10-03 11:41:27 [70,552ms] [Warning] [omni.isaac.core.world.world] omni.isaac.core.world.world has been deprecated in favor of isaacsim.core.api.world.world. Please update your code accordingly.
2026-10-03 11:41:27 [70,553ms] [Warning] [omni.isaac.core] omni.isaac.core has been deprecated in favor of isaacsim.core.api. Please update your code accordingly.
[70.602s] [ext: omni.isaac.core_nodes-2.0.2] startup
2026-10-03 11:41:27 [70,580ms] [Warning] [omni.isaac.core_nodes] omni.isaac.core_nodes has been deprecated in favor of isaacsim.core.nodes. Please update your code accordingly.
[70.629s] [ext: omni.anim.curve.core-1.2.0] startup
[70.722s] [ext: isaacsim.robot_motion.lula-4.0.4] startup
[71.041s] [ext: isaacsim.asset.importer.mjcf-2.3.3] startup
[71.058s] [ext: isaacsim.robot_motion.motion_generation-8.0.6] startup
[71.080s] [ext: isaacsim.asset.browser-1.3.4] startup
[71.220s] [ext: isaacsim.robot.surface_gripper-2.0.6] startup
[71.238s] [ext: omni.kit.selection-0.1.5] startup
[71.263s] [ext: isaacsim.robot_motion.lula_test_widget-1.0.5] startup
[71.270s] [ext: omni.isaac.assets_check-0.3.9] startup
2026-10-03 11:41:28 [71,248ms] [Warning] [omni.isaac.assets_check] omni.isaac.assets_check has been deprecated in favor of isaacsim.asset.browser. Please update your code accordingly.
[71.278s] [ext: isaacsim.robot.manipulators-3.0.4] startup
[71.298s] [ext: isaacsim.sensors.physics-0.3.5] startup
[71.693s] [ext: isaacsim.gui.menu-2.0.9] startup
[71.760s] [ext: omni.isaac.lula_test_widget-1.0.2] startup
2026-10-03 11:41:28 [71,737ms] [Warning] [omni.isaac.lula_test_widget] omni.isaac.lula_test_widget has been deprecated in favor of isaacsim.robot_motion.lula_test_widget. Please update your code accordingly.
[71.765s] [ext: omni.sensors.nv.common-2.5.0-coreapi] startup
[71.818s] [ext: omni.isaac.manipulators-3.0.3] startup
2026-10-03 11:41:28 [71,796ms] [Warning] [omni.isaac.manipulators] omni.isaac.manipulators has been deprecated in favor of isaacsim.robot.manipulators. Please update your code accordingly.
2026-10-03 11:41:28 [71,797ms] [Warning] [omni.isaac.manipulators.controllers] omni.isaac.manipulators has been deprecated in favor of isaacsim.robot.manipulators. Please update your code accordingly.
2026-10-03 11:41:28 [71,797ms] [Warning] [omni.isaac.manipulators.controllers.pick_place_controller] omni.isaac.manipulators has been deprecated in favor of isaacsim.robot.manipulators. Please update your code accordingly.
2026-10-03 11:41:28 [71,799ms] [Warning] [omni.isaac.manipulators.controllers.stacking_controller] omni.isaac.manipulators has been deprecated in favor of isaacsim.robot.manipulators. Please update your code accordingly.
2026-10-03 11:41:28 [71,800ms] [Warning] [omni.isaac.manipulators.grippers] omni.isaac.manipulators has been deprecated in favor of isaacsim.robot.manipulators. Please update your code accordingly.
2026-10-03 11:41:28 [71,801ms] [Warning] [omni.isaac.manipulators.grippers.gripper] omni.isaac.manipulators has been deprecated in favor of isaacsim.robot.manipulators. Please update your code accordingly.
2026-10-03 11:41:28 [71,831ms] [Warning] [omni.isaac.manipulators.grippers.parallel_gripper] omni.isaac.manipulators has been deprecated in favor of isaacsim.robot.manipulators. Please update your code accordingly.
2026-10-03 11:41:28 [71,831ms] [Warning] [omni.isaac.manipulators.grippers.surface_gripper] omni.isaac.manipulators has been deprecated in favor of isaacsim.robot.manipulators. Please update your code accordingly.
2026-10-03 11:41:28 [71,832ms] [Warning] [omni.isaac.manipulators.manipulators] omni.isaac.manipulators has been deprecated in favor of isaacsim.robot.manipulators. Please update your code accordingly.
2026-10-03 11:41:28 [71,832ms] [Warning] [omni.isaac.manipulators.manipulators.single_manipulator] omni.isaac.manipulators has been deprecated in favor of isaacsim.robot.manipulators. Please update your code accordingly.
[71.858s] [ext: isaacsim.robot.policy.examples-4.0.3] startup
[71.869s] [ext: omni.isaac.menu-1.0.2] startup
2026-10-03 11:41:28 [71,856ms] [Warning] [omni.isaac.menu] omni.isaac.menu has been deprecated in favor of isaacsim.gui.menu. Please update your code accordingly.
[71.881s] [ext: omni.isaac.motion_generation-8.0.2] startup
2026-10-03 11:41:28 [71,862ms] [Warning] [omni.isaac.motion_generation] omni.isaac.motion_generation has been deprecated in favor of isaacsim.robot_motion.motion_generation. Please update your code accordingly.
2026-10-03 11:41:28 [71,863ms] [Warning] [omni.isaac.motion_generation.articulation_kinematics_solver] omni.isaac.motion_generation has been deprecated in favor of isaacsim.robot_motion.motion_generation. Please update your code accordingly.
2026-10-03 11:41:28 [71,864ms] [Warning] [omni.isaac.motion_generation.articulation_motion_policy] omni.isaac.motion_generation has been deprecated in favor of isaacsim.robot_motion.motion_generation. Please update your code accordingly.
2026-10-03 11:41:28 [71,864ms] [Warning] [omni.isaac.motion_generation.articulation_trajectory] omni.isaac.motion_generation has been deprecated in favor of isaacsim.robot_motion.motion_generation. Please update your code accordingly.
2026-10-03 11:41:28 [71,865ms] [Warning] [omni.isaac.motion_generation.kinematics_interface] omni.isaac.motion_generation has been deprecated in favor of isaacsim.robot_motion.motion_generation. Please update your code accordingly.
2026-10-03 11:41:28 [71,865ms] [Warning] [omni.isaac.motion_generation.lula] omni.isaac.motion_generation has been deprecated in favor of isaacsim.robot_motion.motion_generation. Please update your code accordingly.
2026-10-03 11:41:28 [71,866ms] [Warning] [omni.isaac.motion_generation.lula.kinematics] omni.isaac.motion_generation has been deprecated in favor of isaacsim.robot_motion.motion_generation. Please update your code accordingly.
2026-10-03 11:41:28 [71,867ms] [Warning] [omni.isaac.motion_generation.lula.motion_policies] omni.isaac.motion_generation has been deprecated in favor of isaacsim.robot_motion.motion_generation. Please update your code accordingly.
2026-10-03 11:41:28 [71,868ms] [Warning] [omni.isaac.motion_generation.lula.path_planners] omni.isaac.motion_generation has been deprecated in favor of isaacsim.robot_motion.motion_generation. Please update your code accordingly.
2026-10-03 11:41:28 [71,896ms] [Warning] [omni.isaac.motion_generation.lula.trajectory_generator] omni.isaac.motion_generation has been deprecated in favor of isaacsim.robot_motion.motion_generation. Please update your code accordingly.
2026-10-03 11:41:28 [71,897ms] [Warning] [omni.isaac.motion_generation.motion_policy_controller] omni.isaac.motion_generation has been deprecated in favor of isaacsim.robot_motion.motion_generation. Please update your code accordingly.
2026-10-03 11:41:28 [71,897ms] [Warning] [omni.isaac.motion_generation.motion_policy_interface] omni.isaac.motion_generation has been deprecated in favor of isaacsim.robot_motion.motion_generation. Please update your code accordingly.
2026-10-03 11:41:28 [71,898ms] [Warning] [omni.isaac.motion_generation.path_planner_visualizer] omni.isaac.motion_generation has been deprecated in favor of isaacsim.robot_motion.motion_generation. Please update your code accordingly.
2026-10-03 11:41:28 [71,899ms] [Warning] [omni.isaac.motion_generation.path_planning_interface] omni.isaac.motion_generation has been deprecated in favor of isaacsim.robot_motion.motion_generation. Please update your code accordingly.
2026-10-03 11:41:28 [71,900ms] [Warning] [omni.isaac.motion_generation.trajectory] omni.isaac.motion_generation has been deprecated in favor of isaacsim.robot_motion.motion_generation. Please update your code accordingly.
2026-10-03 11:41:28 [71,901ms] [Warning] [omni.isaac.motion_generation.world_interface] omni.isaac.motion_generation has been deprecated in favor of isaacsim.robot_motion.motion_generation. Please update your code accordingly.
[71.926s] [ext: omni.sensors.nv.materials-1.4.0-coreapi] startup
[71.941s] [ext: omni.isaac.nucleus-1.0.3] startup
2026-10-03 11:41:28 [71,918ms] [Warning] [omni.isaac.nucleus] omni.isaac.nucleus has been deprecated in favor of isaacsim.storage.native. Please update your code accordingly.
2026-10-03 11:41:28 [71,919ms] [Warning] [omni.isaac.nucleus.nucleus] omni.isaac.nucleus.nucleus has been deprecated in favor of isaacsim.storage.native. Please update your code accordingly.
[71.944s] [ext: omni.isaac.quadruped-3.0.2] startup
2026-10-03 11:41:28 [71,923ms] [Warning] [omni.isaac.quadruped] omni.isaac.quadruped has been deprecated in favor of isaacsim.robot.policy.examples. Please update your code accordingly.
[71.949s] [ext: omni.kit.manipulator.selector-1.1.1] startup
[71.958s] [ext: omni.sensors.nv.wpm-2.4.0-coreapi] startup
[71.965s] [ext: omni.sensors.nv.lidar-2.6.3-coreapi] startup
[71.981s] [ext: omni.sensors.nv.ids-1.4.0-coreapi] startup
[71.995s] [ext: isaacsim.robot.manipulators.examples-1.0.3] startup
[72.000s] [ext: isaacsim.util.debug_draw-2.0.2] startup
[72.046s] [ext: omni.sensors.tiled-0.0.6] startup
[72.056s] [ext: omni.sensors.nv.radar-2.6.1-coreapi] startup
[72.070s] [ext: omni.kit.widget.toolbar-1.7.3] startup
[72.093s] [ext: omni.kit.manipulator.transform-106.0.1] startup
[72.137s] [ext: isaacsim.sensors.physx-2.2.4] startup
[72.150s] [ext: isaacsim.sensors.rtx-13.6.3] startup
[72.186s] [ext: isaacsim.sensors.camera-0.2.9] startup
[72.254s] [ext: isaacsim.cortex.framework-1.0.2] startup
[72.256s] [ext: omni.kit.manipulator.tool.snap-1.5.12] startup
[72.377s] [ext: omni.isaac.range_sensor-4.0.2] startup
[72.397s] [ext: omni.isaac.surface_gripper-2.0.2] startup
2026-10-03 11:41:29 [72,383ms] [Warning] [omni.isaac.surface_gripper] omni.isaac.surface_gripper has been deprecated in favor of isaacsim.robot.surface_gripper. Please update your code accordingly.
[72.427s] [ext: omni.isaac.sensor-13.0.3] startup
2026-10-03 11:41:29 [72,407ms] [Warning] [omni.isaac.sensor] omni.isaac.sensor has been deprecated in favor of isaacsim.sensors.camera, isaacsim.sensors.physics, isaacsim.sensors.physx, and isaacsim.sensors.rtx. Please update your code accordingly.
2026-10-03 11:41:29 [72,408ms] [Warning] [omni.isaac.sensor.camera] omni.isaac.sensor.camera has been deprecated in favor of isaacsim.sensors.camera.camera. Please update your code accordingly.
2026-10-03 11:41:29 [72,409ms] [Warning] [omni.isaac.sensor.camera_view] omni.isaac.sensor.camera_view has been deprecated in favor of isaacsim.sensors.camera.camera_view. Please update your code accordingly.
2026-10-03 11:41:29 [72,409ms] [Warning] [omni.isaac.sensor.commands] omni.isaac.sensor.commands has been deprecated in favor of isaacsim.sensors.physics.commands, isaacsim.sensors.physx.commands, and isaacsim.sensors.rtx.commands. Please update your code accordingly.
2026-10-03 11:41:29 [72,411ms] [Warning] [omni.isaac.sensor.contact_sensor] omni.isaac.sensor.contact_sensor has been deprecated in favor of isaacsim.sensors.physics.contact_sensor. Please update your code accordingly.
2026-10-03 11:41:29 [72,411ms] [Warning] [omni.isaac.sensor.imu_sensor] omni.isaac.sensor.imu_sensor has been deprecated in favor of isaacsim.sensors.physics.imu_sensor. Please update your code accordingly.
2026-10-03 11:41:29 [72,412ms] [Warning] [omni.isaac.sensor.lidar_rtx] omni.isaac.sensor.lidar_rtx has been deprecated in favor of isaacsim.sensors.rtx.lidar_rtx. Please update your code accordingly.
2026-10-03 11:41:29 [72,413ms] [Warning] [omni.isaac.sensor.rotating_lidar_physX] omni.isaac.sensor.imu_sensor has been deprecated in favor of isaacsim.sensors.physix.rotating_lidar_physX. Please update your code accordingly.
2026-10-03 11:41:29 [72,420ms] [Warning] [omni.isaac.sensor.scripts.samples.contact_sensor] omni.isaac.sensor.scripts.samples.contact_sensor has been deprecated in favor of isaacsim.sensors.physics.scripts.samples.contact_sensor. Please update your code accordingly.
2026-10-03 11:41:29 [72,421ms] [Warning] [omni.isaac.sensor.scripts.samples.imu_sensor] omni.isaac.sensor.scripts.samples.imu_sensor has been deprecated in favor of isaacsim.sensors.physics.scripts.samples.imu_sensor. Please update your code accordingly.
2026-10-03 11:41:29 [72,422ms] [Warning] [omni.isaac.sensor.scripts.samples.lightbeam_sensor] omni.isaac.sensor.scripts.samples.lightbeam_sensor has been deprecated in favor of isaacsim.sensors.physx.scripts.samples.lightbeam_sensor. Please update your code accordingly.
[72.449s] [ext: omni.isaac.cortex-1.0.2] startup
2026-10-03 11:41:29 [72,449ms] [Warning] [omni.isaac.cortex] omni.isaac.cortex has been deprecated in favor of isaacsim.cortex.framework. Please update your code accordingly.
[72.475s] [ext: omni.kit.viewport.manipulator.transform-107.0.4] startup
[72.478s] [ext: omni.debugdraw-0.1.3] startup
[72.544s] [ext: omni.isaac.universal_robots-1.0.2] startup
2026-10-03 11:41:29 [72,520ms] [Warning] [omni.isaac.universal_robots] omni.isaac.universal_robots has been deprecated in favor of isaacsim.robot.manipulators.examples.universal_robots. Please update your code accordingly.
2026-10-03 11:41:29 [72,520ms] [Warning] [omni.isaac.universal_robots.kinematics_solver] omni.isaac.franka has been deprecated in favor of isaacsim.robot.manipulators.examples.universal_robots. Please update your code accordingly.
2026-10-03 11:41:29 [72,522ms] [Warning] [omni.isaac.universal_robots.ur10] omni.isaac.franka has been deprecated in favor of isaacsim.robot.manipulators.examples.universal_robots. Please update your code accordingly.
[72.547s] [ext: omni.isaac.utils-2.0.2] startup
[72.549s] [ext: omni.kit.manipulator.prim.core-107.0.7] startup
[72.644s] [ext: omni.fabric.commands-1.1.5] startup
[72.744s] [ext: omni.kit.manipulator.selection-106.0.1] startup
[72.775s] [ext: omni.kit.viewport.actions-107.0.0] startup
[72.788s] [ext: omni.kit.manipulator.prim.usd-107.0.3] startup
[72.802s] [ext: omni.kit.manipulator.prim.fabric-107.0.4] startup
[72.813s] [ext: isaacsim.cortex.behaviors-2.0.3] startup
[72.825s] [ext: omni.kit.widget.layers-1.8.2] startup
[72.864s] [ext: omni.kit.viewport.menubar.display-107.0.3] startup
[72.910s] [ext: omni.kit.manipulator.prim-107.0.0] startup
[72.911s] [ext: omni.isaac.cortex.sample_behaviors-2.0.2] startup
2026-10-03 11:41:29 [72,908ms] [Warning] [omni.isaac.cortex.sample_behaviors] omni.isaac.cortex.sample_behaviors has been deprecated in favor of isaacsim.cortex.behaviors. Please update your code accordingly.
[72.946s] [ext: omni.graph.ui_nodes-1.40.1] startup
[72.966s] [ext: omni.usdphysics.ui-106.5.7] startup
[73.379s] [ext: omni.physx.commands-106.5.7] startup
[73.918s] [ext: omni.kit.property.camera-1.0.9] startup
[73.932s] [ext: omni.hydra.scene_api-0.1.2] startup
[73.960s] [ext: omni.kit.property.geometry-1.3.3] startup
[74.126s] [ext: omni.kit.property.light-1.0.11] startup
[74.132s] [ext: omni.physx.ui-106.5.7] startup
[74.307s] [ext: omni.kit.property.material-1.10.17] startup
[74.342s] [ext: omni.kit.property.render-1.1.3] startup
[74.347s] [ext: omni.kit.property.transform-1.5.10] startup
[74.357s] [ext: omni.kit.property.audio-1.0.16] startup
[74.364s] [ext: isaacsim.gui.property-1.0.4] startup
[74.458s] [ext: omni.physx.demos-106.5.7] startup
[74.494s] [ext: omni.kit.property.physx-106.5.7] startup
[74.801s] [ext: omni.isaac.lula-4.0.2] startup
2026-10-03 11:41:31 [74,780ms] [Warning] [omni.isaac.lula] omni.isaac.lula has been deprecated in favor of isaacsim.robot_motion.lula. Please update your code accordingly.
[74.809s] [ext: omni.kit.property.bundle-1.3.2] startup
[74.812s] [ext: omni.kit.property.isaac-1.0.2] startup
2026-10-03 11:41:31 [74,794ms] [Warning] [omni.kit.property.isaac] omni.kit.property.isaac has been deprecated in favor of isaacsim.gui.property. Please update your code accordingly.
2026-10-03 11:41:31 [74,795ms] [Warning] [omni.kit.property.isaac.widgets] omni.kit.property.isaac.widgets has been deprecated in favor of isaacsim.gui.property.widgets. Please update your code accordingly.
[74.826s] [ext: omni.physx.vehicle-106.5.7] startup
[74.897s] [ext: omni.kit.viewport.menubar.camera-107.0.2] startup
[74.913s] [ext: omni.kit.viewport.menubar.lighting-106.0.2] startup
[74.924s] [ext: omni.kit.viewport.menubar.render-107.0.8] startup
[74.931s] [ext: omni.kit.viewport.menubar.settings-107.0.3] startup
[74.941s] [ext: omni.kit.window.console-0.2.14] startup
[74.978s] [ext: omni.physx.camera-106.5.7] startup
[75.006s] [ext: omni.kit.window.toolbar-1.6.2] startup
[75.076s] [ext: omni.isaac.version-2.0.2] startup
2026-10-03 11:41:31 [75,059ms] [Warning] [omni.isaac.version] omni.isaac.version has been deprecated in favor of isaacsim.core.version. Please update your code accordingly.
[75.089s] [ext: isaacsim.robot.wheeled_robots-4.0.3] startup
[75.121s] [ext: omni.physx.cct-106.5.7] startup
[75.145s] [ext: omni.physx.graph-106.5.7] startup
[76.101s] [ext: isaacsim.replicator.writers-1.0.1] startup
[76.215s] [ext: omni.physx.supportui-106.5.7] startup
[76.443s] [ext: omni.physx.telemetry-106.5.7] startup
[76.498s] [ext: omni.isaac.wheeled_robots-3.0.3] startup
2026-10-03 11:41:33 [76,476ms] [Warning] [omni.isaac.wheeled_robots] omni.isaac.wheeled_robots has been deprecated in favor of isaacsim.robot.wheeled_robots. Please update your code accordingly.
2026-10-03 11:41:33 [76,477ms] [Warning] [omni.isaac.wheeled_robots.controllers] omni.isaac.wheeled_robots has been deprecated in favor of isaacsim.robot.wheeled_robots. Please update your code accordingly.
2026-10-03 11:41:33 [76,477ms] [Warning] [omni.isaac.wheeled_robots.controllers.ackermann_controller] omni.isaac.wheeled_robots has been deprecated in favor of isaacsim.robot.wheeled_robots. Please update your code accordingly.
2026-10-03 11:41:33 [76,479ms] [Warning] [omni.isaac.wheeled_robots.controllers.differential_controller] omni.isaac.wheeled_robots has been deprecated in favor of isaacsim.robot.wheeled_robots. Please update your code accordingly.
2026-10-03 11:41:33 [76,479ms] [Warning] [omni.isaac.wheeled_robots.controllers.holonomic_controller] omni.isaac.wheeled_robots has been deprecated in favor of isaacsim.robot.wheeled_robots. Please update your code accordingly.
2026-10-03 11:41:33 [76,479ms] [Warning] [omni.isaac.wheeled_robots.controllers.quintic_path_planner] omni.isaac.wheeled_robots has been deprecated in favor of isaacsim.robot.wheeled_robots. Please update your code accordingly.
2026-10-03 11:41:33 [76,480ms] [Warning] [omni.isaac.wheeled_robots.controllers.stanley_control] omni.isaac.wheeled_robots has been deprecated in favor of isaacsim.robot.wheeled_robots. Please update your code accordingly.
2026-10-03 11:41:33 [76,480ms] [Warning] [omni.isaac.wheeled_robots.controllers.wheel_base_pose_controller] omni.isaac.wheeled_robots has been deprecated in favor of isaacsim.robot.wheeled_robots. Please update your code accordingly.
2026-10-03 11:41:33 [76,480ms] [Warning] [omni.isaac.wheeled_robots.impl] omni.isaac.wheeled_robots has been deprecated in favor of isaacsim.robot.wheeled_robots. Please update your code accordingly.
2026-10-03 11:41:33 [76,481ms] [Warning] [omni.isaac.wheeled_robots.robots] omni.isaac.wheeled_robots has been deprecated in favor of isaacsim.robot.wheeled_robots. Please update your code accordingly.
2026-10-03 11:41:33 [76,481ms] [Warning] [omni.isaac.wheeled_robots.robots.holonomic_robot_usd_setup] omni.isaac.wheeled_robots has been deprecated in favor of isaacsim.robot.wheeled_robots. Please update your code accordingly.
2026-10-03 11:41:33 [76,486ms] [Warning] [omni.isaac.wheeled_robots.robots.wheeled_robot] omni.isaac.wheeled_robots has been deprecated in favor of isaacsim.robot.wheeled_robots. Please update your code accordingly.
[76.601s] [ext: omni.isaac.franka-1.0.2] startup
2026-10-03 11:41:33 [76,611ms] [Warning] [omni.isaac.franka] omni.isaac.franka has been deprecated in favor of isaacsim.robot.manipulators.examples.franka. Please update your code accordingly.
2026-10-03 11:41:33 [76,611ms] [Warning] [omni.isaac.franka.franka] omni.isaac.franka has been deprecated in favor of isaacsim.robot.manipulators.examples.franka. Please update your code accordingly.
2026-10-03 11:41:33 [76,613ms] [Warning] [omni.isaac.franka.kinematics_solver] omni.isaac.franka has been deprecated in favor of isaacsim.robot.manipulators.examples.franka. Please update your code accordingly.
[76.642s] [ext: isaacsim.replicator.domain_randomization-1.0.2] startup
[76.668s] [ext: isaacsim.replicator.examples-1.1.2] startup
[76.836s] [ext: omni.kit.window.status_bar-0.1.7] startup
[76.960s] [ext: omni.rtx.window.settings-0.6.17] startup
[77.249s] [ext: omni.usd.metrics.assembler-106.5.0] startup
[77.302s] [ext: omni.physx.bundle-106.5.7] startup
[77.421s] [ext: isaacsim.app.about-2.0.7] startup
[77.425s] [ext: omni.replicator.isaac-2.0.3] startup
2026-10-03 11:41:34 [77,401ms] [Warning] [omni.replicator.isaac] omni.replicator.isaac has been deprecated in favor of isaacsim.replicator.domain_randomization, isaacsim.replicator.examples, isaacsim.replicator.writers. Please update your code accordingly.
[77.426s] [ext: omni.replicator.replicator_yaml-2.0.10] startup
[77.566s] [ext: omni.rtx.settings.core-0.6.3] startup
[77.596s] [ext: omni.usd.metrics.assembler.ui-106.5.0] startup
[77.624s] [ext: isaacsim.simulation_app-2.4.2] startup
[77.629s] [ext: omni.isaac.window.about-2.0.2] startup
2026-10-03 11:41:34 [77,608ms] [Warning] [omni.isaac.window.about] omni.isaac.window.about has been deprecated in favor of isaacsim.app.about. Please update your code accordingly.
2026-10-03 11:41:34 [77,612ms] [Warning] [omni.isaac.window.about.about] omni.isaac.window.about.about has been deprecated in favor of isaacsim.app.about.about. Please update your code accordingly.
[77.647s] [ext: semantics.schema.editor-0.3.10] startup
[77.657s] [ext: omni.kit.ui.actions-1.0.2] startup
[77.667s] [ext: semantics.schema.property-1.0.5] startup
[77.681s] [ext: omni.kit.manipulator.camera-106.0.3] startup
[77.732s] [ext: omni.isaac.kit-2.0.3] startup
2026-10-03 11:41:34 [77,710ms] [Warning] [omni.isaac.kit] omni.isaac.kit has been deprecated in favor of isaacsim.simulation_app. Please update your code accordingly.
[77.736s] [ext: omni.isaac.asset_browser-1.0.2] startup
2026-10-03 11:41:34 [77,712ms] [Warning] [omni.isaac.asset_browser] omni.isaac.asset_browser has been deprecated in favor of isaacsim.asset.browser. Please update your code accordingly.
[77.737s] [ext: isaacsim.core.throttling-2.0.2] startup
[77.754s] [ext: omni.kit.menu.common-1.1.9] startup
[77.762s] [ext: isaacsim.exp.base-4.5.0] startup
[77.765s] [ext: isaacsim.exp.base.python-4.5.0] startup
[77.866s] Simulation App Starting
2026-10-03 11:41:37 [80,333ms] [Warning] [carb.audio.device] audio device is misconfigured or broken {deviceIndex = 0, name = 'default'} (The device is likely misconfigured, check your $HOME/.asoundrc)
2026-10-03 11:41:37 [80,333ms] [Warning] [carb.audio.output] failed to retrieve the capabilities for device 0 {result = eDeviceLost (2)}
2026-10-03 11:41:37 [80,333ms] [Warning] [carb.audio.context] failed to set the requested output during context creation.  Using a null streamer instead {result = eDeviceLost (2)}
[80.848s] app ready
2026-10-03 11:41:38 [81,453ms] [Warning] [rtx.scenedb.plugin] SceneDbContext : TLAS limit buffer size 2921508224
2026-10-03 11:41:38 [81,457ms] [Warning] [rtx.scenedb.plugin] SceneDbContext : TLAS limit : valid true, within: false
2026-10-03 11:41:41 [84,313ms] [Warning] [omni.usd-abi.plugin] No setting was found for '/rtx-defaults-transient/meshlights/forceDisable'
2026-10-03 11:41:41 [84,804ms] [Warning] [omni.usd-abi.plugin] No setting was found for '/rtx-defaults/post/dlss/execMode'
2026-10-03 11:41:51 [94,723ms] [Warning] [carb.tasking.plugin] carb.tasking is likely stuck. All threads are busy with same tasks for more than 1 seconds with waiting tasks. Starting an emergency helper thread.
2026-10-03 11:41:52 [95,723ms] [Warning] [carb.tasking.plugin] carb.tasking is likely stuck. All threads are busy with same tasks for more than 1 seconds with waiting tasks. Starting an emergency helper thread.
2026-10-03 11:41:53 [96,726ms] [Warning] [carb.tasking.plugin] carb.tasking is likely stuck. All threads are busy with same tasks for more than 1 seconds with waiting tasks. Starting an emergency helper thread.
2026-10-03 11:41:54 [97,731ms] [Warning] [carb.tasking.plugin] carb.tasking is likely stuck. All threads are busy with same tasks for more than 1 seconds with waiting tasks. Starting an emergency helper thread.
2026-10-03 11:42:20 [123,558ms] [Warning] [rtx.postprocessing.plugin] DLSS increasing input dimensions: Render resolution of (320, 240) is below minimal input resolution of 300.
[124.006s] Simulation App Startup Complete
[isaac_app] renderer activeGpu=0 (want 0), multiGpu=False
app started in 124.1s
[126.163s] [ext: omni.physx.fabric-106.5.7] startup
2026-10-03 11:42:29 [132,225ms] [Warning] [omni.physicsschema.plugin] ScaleOrientation is not supported for rigid bodies, prim path: /World/envs/env_0/Robot/hande_left_finger. You may ignore this if the scale is close to uniform.
2026-10-03 11:42:29 [132,231ms] [Warning] [omni.physicsschema.plugin] ScaleOrientation is not supported for rigid bodies, prim path: /World/envs/env_0/Robot/hande_right_finger. You may ignore this if the scale is close to uniform.
2026-10-03 11:42:30 [134,043ms] [Warning] [omni.physx.plugin] Detected an articulation at /World/envs/env_0/Robot with more than 4 velocity iterations being added to a TGS scene.The related behavior changed recently, please consult the changelog. This warning will only print once.
2026-10-03 11:42:31 [134,458ms] [Warning] [omni.physx.tensors.plugin] Duplicate joint name 'FixedJoint' in articulation metatype
setup done
finger limits [[0.0, 0.042500000447034836], [0.0, 0.042500000447034836]]
[settle    ] step   50  ee err    nan mm  fingers 0.0425 0.0425  gap   34.9 mm  obj z +0.000
frame saved to /home/Invader17/grasp_task/runs/grasp_check_20261003_144016, depth 0.943..1.200 m
[test_close] step  130  ee err    nan mm  fingers 0.0000 0.0000  gap   50.0 mm  obj z +0.000
[test_open ] step  210  ee err    nan mm  fingers 0.0425 0.0425  gap   35.0 mm  obj z +0.000
[pregrasp  ] step  510  ee err    0.0 mm  fingers 0.0425 0.0425  gap   35.0 mm  obj z +0.000
[approach  ] step  710  ee err   11.0 mm  fingers 0.0425 0.0425  gap   35.0 mm  obj z +0.000
[close     ] step  810  ee err    nan mm  fingers 0.0294 0.0301  gap    9.5 mm  obj z +0.000
[lift      ] step 1010  ee err    0.0 mm  fingers 0.0293 0.0303  gap    9.6 mm  obj z +0.138
[hold      ] step 1210  ee err    nan mm  fingers 0.0293 0.0303  gap    9.6 mm  obj z +0.138
gripper stroke: gap open 35.0 mm, closed 50.0 mm -> ход 15.0 mm
object rise 13.8 cm, fingers at [0.02925591729581356, 0.03030790388584137]
video saved to /home/Invader17/grasp_task/runs/grasp_check_20261003_144016/grasp_tetrapak.gif, 242 frames
PASS
2026-10-03 11:46:42 [385,756ms] [Warning] [carb.windowing-glfw.plugin] GLFW initialization failed.
2026-10-03 11:46:42 [385,757ms] [Warning] [carb] Failed to startup plugin carb.windowing-glfw.plugin (interfaces: [carb::windowing::IGLContext v1.0],[carb::windowing::IWindowing v1.5]) (impl: carb.windowing-glfw.plugin)
2026-10-03 11:46:45 [388,564ms] [Warning] [carb] Plugin interface for a client: omni.hydratexture.plugin was already released.
[INFO]: Simulation is stopped. Shutting down the app.
[14:46:54] код выхода 0, время 391 с, пик памяти на GPU 7 4119 MiB, клиент драйвера на GPU 0 6 MiB
[14:47:01] наших процессов на GPU нет
[14:47:01] результаты: /home/Invader17/grasp_task/runs/grasp_check_20261003_144016
