[20:36:22] user=Invader17 gpu=7 vk_uuid=d9fc0582a134ded0909de88d902ecc0b cpus=46-47 timeout=90m stall=20m
[20:36:22] cmd: /home/Invader17/grasp_task/code/grasp/grasp_check.py --obj tetrapak --side --video
[Warning] [simulation_app.simulation_app] Modules: ['omni.kit_app'] were loaded before SimulationApp was started and might not be loaded correctly.
[Warning] [simulation_app.simulation_app] Please check to make sure no extra omniverse or pxr modules are imported before the call to SimulationApp(...)
Starting kit application with the following args:  ['/home/Invader17/grasp_task/envs/isaac/lib/python3.10/site-packages/isaacsim/exts/isaacsim.simulation_app/isaacsim/simulation_app/simulation_app.py', '/home/Invader17/grasp_task/envs/isaac/lib/python3.10/site-packages/isaacsim/apps/isaacsim.exp.base.python.kit', '--/app/tokens/exe-path=/home/Invader17/grasp_task/envs/isaac/lib/python3.10/site-packages/omni', '--/persistent/app/viewport/displayOptions=3094', '--/rtx/materialDb/syncLoads=True', '--/rtx/hydra/materialSyncLoads=True', '--/omni.kit.plugin/syncUsdLoads=True', '--/app/renderer/resolution/width=640', '--/app/renderer/resolution/height=480', '--/app/window/width=1440', '--/app/window/height=900', '--/renderer/multiGpu/enabled=False', '--/app/fastShutdown=True', '--/app/installSignalHandlers=0', '--ext-folder', '/home/Invader17/grasp_task/envs/isaac/lib/python3.10/site-packages/isaacsim/exts', '--ext-folder', '/home/Invader17/grasp_task/envs/isaac/lib/python3.10/site-packages/isaacsim/apps', '--/renderer/multiGpu/enabled=false', '--/renderer/multiGpu/autoEnable=false', '--/renderer/multiGpu/maxGpuCount=1', '--/renderer/activeGpu=0', '--/plugins/carb.tasking.plugin/threadCount=4', '--/persistent/isaac/asset_root/default=http://omniverse-content-production.s3-us-west-2.amazonaws.com/Assets/Isaac/4.5', '--/persistent/isaac/asset_root/cloud=http://omniverse-content-production.s3-us-west-2.amazonaws.com/Assets/Isaac/4.5', '--/persistent/isaac/asset_root/nvidia=http://omniverse-content-production.s3-us-west-2.amazonaws.com/Assets/Isaac/4.5', '--/renderer/activeGpu=0', '--/physics/cudaDevice=0', '--portable', '--no-window', '--/app/window/hideUi=1']
Passing the following args to the base kit application:  ['--obj', 'tetrapak', '--side', '--video']
[Info] [carb] Logging to file: /home/Invader17/grasp_task/envs/isaac/lib/python3.10/site-packages/omni/logs/Kit/Isaac-Sim Python/4.5/kit_20261004_173628.log
2026-10-04 17:36:28 [0ms] [Warning] [omni.kit.app.plugin] No crash reporter present, dumps uploading isn't available.
[1.934s] [ext: omni.kit.async_engine-0.0.1] startup
[20:36:51] на GPU 7 чужие процессы: 695115 775078 923467; запас памяти 1536 MiB, наш потолок 6144 MiB
[62.140s] [ext: omni.metrics.core-0.0.1] startup
[62.141s] [ext: omni.client.lib-1.0.0] startup
[62.586s] [ext: omni.blobkey-1.1.2] startup
[62.588s] [ext: omni.stats-1.0.1] startup
[62.592s] [ext: omni.datastore-0.0.0] startup
[62.756s] [ext: omni.client-1.2.2] startup
[62.832s] [ext: omni.ujitso.default-1.0.0] startup
[62.841s] [ext: omni.hsscclient-1.1.1] startup
2026-10-04 17:37:31 [62,637ms] [Warning] [omni.datastore] OmniHub is inaccessible
[62.981s] [ext: omni.gpu_foundation.shadercache.vulkan-1.0.0] startup
[63.006s] [ext: omni.assets.plugins-0.0.0] startup
[63.378s] [ext: omni.gpu_foundation-0.0.0] startup
[64.114s] [ext: carb.windowing.plugins-1.0.0] startup
2026-10-04 17:37:32 [63,788ms] [Warning] [carb.windowing-glfw.plugin] GLFW initialization failed.
2026-10-04 17:37:32 [63,788ms] [Warning] [carb] Failed to startup plugin carb.windowing-glfw.plugin (interfaces: [carb::windowing::IGLContext v1.0],[carb::windowing::IWindowing v1.5]) (impl: carb.windowing-glfw.plugin)
[64.120s] [ext: omni.kit.renderer.init-0.0.0] startup
2026-10-04 17:37:32 [63,812ms] [Warning] [omni.platforminfo.plugin] failed to open the default display.  Can't verify X Server version.
2026-10-04 17:37:50 [82,077ms] [Warning] [carb.cudainterop.plugin] CUDA_VISIBLE_DEVICES environment variable is set.
2026-10-04 17:37:50 [82,077ms] [Warning] [carb.cudainterop.plugin] Note CUDA device enumeration and Omniverse device enumeration are different.
2026-10-04 17:37:50 [82,077ms] [Warning] [carb.cudainterop.plugin] Setting CUDA_VISIBLE_DEVICES can lead to undesired behavior or crashes.

|---------------------------------------------------------------------------------------------|
| Driver Version: 575.57.08     | Graphics API: Vulkan
|=============================================================================================|
| GPU | Name                             | Active | LDA | GPU Memory | Vendor-ID | LUID       |
|     |                                  |        |     |            | Device-ID | UUID       |
|     |                                  |        |     |            | Bus-ID    |            |
|---------------------------------------------------------------------------------------------|
| 0   | NVIDIA GeForce RTX 2080 Ti       | Yes: 0 |     | 11510   MB | 10de      | 0          |
|     |                                  |        |     |            | 1e04      | d9fc0582.. |
|     |                                  |        |     |            | 8         |            |
|=============================================================================================|
| OS: 20.04.6 LTS (Focal Fossa) ubuntu, Version: 20.04.6, Kernel: 5.15.0-139-generic
| Processor: AMD EPYC 7552 48-Core Processor
| Cores: 48 | Logical Cores: 48
|---------------------------------------------------------------------------------------------|
| Total Memory (MB): 515967 | Free Memory: 323397
| Total Page/Swap (MB): 67583 | Free Page/Swap: 17592186044409
|---------------------------------------------------------------------------------------------|
[94.460s] [ext: omni.kit.pipapi-0.0.0] startup
[94.521s] [ext: omni.materialx.libs-1.0.6] startup
[94.632s] [ext: omni.kit.pip_archive-0.0.0] startup
[94.633s] [ext: omni.usd.config-1.0.5] startup
[94.684s] [ext: omni.gpucompute.plugins-0.0.0] startup
[94.720s] [ext: omni.usd.libs-1.0.1] startup
[97.240s] [ext: omni.mdl-55.0.1] startup
[99.071s] [ext: omni.iray.libs-0.0.0] startup
[99.667s] [ext: omni.mdl.neuraylib-0.2.10] startup
[99.676s] [ext: omni.kit.usd.mdl-1.0.7] startup
[101.775s] [ext: omni.kit.telemetry-0.5.1] startup
[102.537s] [ext: omni.kit.loop-isaac-1.2.1] startup
[102.543s] [ext: omni.kit.test-1.1.2] startup
[104.115s] [ext: omni.appwindow-1.1.9] startup
2026-10-04 17:38:12 [103,794ms] [Warning] [carb.windowing-glfw.plugin] GLFW initialization failed.
2026-10-04 17:38:12 [103,795ms] [Warning] [carb] Failed to startup plugin carb.windowing-glfw.plugin (interfaces: [carb::windowing::IGLContext v1.0],[carb::windowing::IWindowing v1.5]) (impl: carb.windowing-glfw.plugin)
[104.131s] [ext: omni.kit.renderer.core-1.0.2] startup
2026-10-04 17:38:14 [106,283ms] [Warning] [carb.windowing-glfw.plugin] GLFW initialization failed.
2026-10-04 17:38:14 [106,283ms] [Warning] [carb] Failed to startup plugin carb.windowing-glfw.plugin (interfaces: [carb::windowing::IGLContext v1.0],[carb::windowing::IWindowing v1.5]) (impl: carb.windowing-glfw.plugin)
2026-10-04 17:38:16 [107,836ms] [Warning] [carb.windowing-glfw.plugin] GLFW initialization failed.
2026-10-04 17:38:16 [107,836ms] [Warning] [carb] Failed to startup plugin carb.windowing-glfw.plugin (interfaces: [carb::windowing::IGLContext v1.0],[carb::windowing::IWindowing v1.5]) (impl: carb.windowing-glfw.plugin)
[108.182s] [ext: omni.kit.renderer.capture-0.0.0] startup
[108.196s] [ext: omni.kit.renderer.imgui-1.0.2] startup
2026-10-04 17:38:16 [108,033ms] [Warning] [carb.windowing-glfw.plugin] GLFW initialization failed.
2026-10-04 17:38:16 [108,033ms] [Warning] [carb] Failed to startup plugin carb.windowing-glfw.plugin (interfaces: [carb::windowing::IGLContext v1.0],[carb::windowing::IWindowing v1.5]) (impl: carb.windowing-glfw.plugin)
2026-10-04 17:38:16 [108,036ms] [Warning] [carb.windowing-glfw.plugin] GLFW initialization failed.
2026-10-04 17:38:16 [108,037ms] [Warning] [carb] Failed to startup plugin carb.windowing-glfw.plugin (interfaces: [carb::windowing::IGLContext v1.0],[carb::windowing::IWindowing v1.5]) (impl: carb.windowing-glfw.plugin)
2026-10-04 17:38:16 [108,041ms] [Warning] [carb.windowing-glfw.plugin] GLFW initialization failed.
2026-10-04 17:38:16 [108,041ms] [Warning] [carb] Failed to startup plugin carb.windowing-glfw.plugin (interfaces: [carb::windowing::IGLContext v1.0],[carb::windowing::IWindowing v1.5]) (impl: carb.windowing-glfw.plugin)
[110.149s] [ext: omni.ui-2.26.5] startup
[110.206s] [ext: omni.kit.mainwindow-1.0.3] startup
[110.209s] [ext: carb.audio-0.1.0] startup
[110.222s] [ext: omni.uiaudio-1.0.0] startup
[110.227s] [ext: omni.kit.uiapp-0.0.0] startup
[110.227s] [ext: omni.usd.schema.metrics.assembler-106.5.0] startup
[110.245s] [ext: omni.usd.schema.anim-0.0.0] startup
[110.325s] [ext: omni.usd.schema.audio-0.0.0] startup
[110.339s] [ext: omni.usd.schema.isaac-3.0.2] startup
[110.340s] [ext: omni.usd.schema.omnigraph-1.0.0] startup
[110.792s] [ext: omni.usd.schema.forcefield-106.5.7] startup
[110.840s] [ext: omni.usd.schema.semantics-0.0.0] startup
[110.848s] [ext: omni.usd.schema.physx-106.5.7] startup
[110.983s] [ext: omni.usd.schema.geospatial-0.0.0] startup
[110.992s] [ext: omni.usd_resolver-1.0.0] startup
[111.070s] [ext: omni.kit.window.popup_dialog-2.0.24] startup
[111.095s] [ext: usdrt.scenegraph-7.5.1] startup
[111.499s] [ext: omni.timeline-1.0.11] startup
[111.505s] [ext: omni.usd.core-1.4.2] startup
[111.514s] [ext: omni.resourcemonitor-107.0.0] startup
[111.524s] [ext: omni.activity.core-1.0.1] startup
[111.528s] [ext: omni.kit.widget.nucleus_connector-1.1.10] startup
[111.549s] [ext: omni.hydra.usdrt_delegate-7.5.1] startup
[111.580s] [ext: omni.kit.actions.core-1.0.0] startup
[111.589s] [ext: omni.graph.exec-0.9.4] startup
[111.591s] [ext: omni.kit.commands-1.4.9] startup
[111.631s] [ext: omni.kit.usd_undo-0.1.8] startup
[111.632s] [ext: omni.kit.exec.core-0.13.4] startup
[111.643s] [ext: omni.kit.audiodeviceenum-1.0.1] startup
[111.648s] [ext: omni.hydra.scene_delegate-0.3.3] startup
[112.213s] [ext: omni.usd-1.12.4] startup
[114.227s] [ext: omni.inspect-1.0.1] startup
[114.236s] [ext: omni.kit.notification_manager-1.0.9] startup
[114.239s] [ext: omni.graph.core-2.181.8] startup
[114.301s] [ext: isaacsim.core.deprecation_manager-0.2.2] startup
[114.304s] [ext: omni.usd.schema.omniscripting-1.0.0] startup
[114.320s] [ext: isaacsim.robot.schema-3.1.2] startup
[114.350s] [ext: omni.kit.asset_converter-2.8.3] startup
[114.424s] [ext: omni.kit.menu.core-1.1.2] startup
[114.426s] [ext: omni.kvdb-106.5.7] startup
[114.447s] [ext: omni.kit.widget.context_menu-1.2.4] startup
[114.450s] [ext: omni.kit.usd.layers-2.2.0] startup
[114.475s] [ext: omni.kit.property.adapter.core-1.0.2] startup
[114.488s] [ext: omni.localcache-106.5.7] startup
[114.499s] [ext: omni.convexdecomposition-106.5.7] startup
[114.528s] [ext: omni.warp.core-1.5.0] startup
[116.323s] [ext: omni.kit.context_menu-1.8.3] startup
[116.358s] [ext: omni.kit.hotkeys.core-1.3.10] startup
[116.372s] [ext: omni.kit.property.adapter.fabric-1.0.3] startup
[116.375s] [ext: omni.usdphysics-106.5.7] startup
[116.386s] [ext: omni.kit.widget.path_field-2.0.11] startup
[116.388s] [ext: omni.kit.widget.options_menu-1.1.6] startup
[116.400s] [ext: omni.kit.helper.file_utils-0.1.9] startup
[116.403s] [ext: omni.kit.widget.browser_bar-2.0.10] startup
[116.405s] [ext: omni.kit.widget.options_button-1.0.3] startup
[116.413s] [ext: omni.kit.widget.filebrowser-2.10.52] startup
[116.425s] [ext: omni.kit.clipboard-1.0.5] startup
[116.428s] [ext: omni.graph.tools-1.79.1] startup
[116.474s] [ext: omni.ui.scene-1.11.2] startup
[116.500s] [ext: omni.graph.image.core-0.6.0] startup
[116.505s] [ext: omni.kit.window.filepicker-2.11.7] startup
[116.531s] [ext: omni.kit.widget.searchfield-1.1.8] startup
[116.533s] [ext: omni.graph.image.nodes-1.3.0] startup
[116.545s] [ext: omni.graph-1.140.2] startup
[116.962s] [ext: omni.kit.window.file_exporter-1.0.31] startup
[116.985s] [ext: omni.kit.widget.filter-1.1.4] startup
[116.995s] [ext: omni.physx.foundation-106.5.7] startup
[117.343s] [ext: omni.graph.nodes-1.162.1] startup
[117.787s] [ext: omni.kit.widget.stage-2.11.6] startup
[118.036s] [ext: omni.hydra.rtx.shadercache.vulkan-1.0.0] startup
[118.041s] [ext: omni.hydra.engine.stats-1.0.3] startup
[118.049s] [ext: omni.graph.action_core-1.1.7] startup
[118.058s] [ext: omni.kit.widget.highlight_label-1.0.3] startup
[118.061s] [ext: omni.ujitso.processor.texture-1.0.0] startup
[118.073s] [ext: omni.index.libs-380600.1777.0] startup
[118.074s] [ext: omni.kit.window.file_importer-1.1.14] startup
[118.085s] [ext: omni.kit.stage_template.core-1.1.22] startup
[118.092s] [ext: omni.volume-0.5.0] startup
[118.151s] [ext: omni.ujitso.client-0.0.0] startup
[118.153s] [ext: omni.index-1.0.1] startup
[118.165s] [ext: omni.kit.window.file-1.3.57] startup
[118.175s] [ext: omni.hydra.rtx-1.0.0] startup
2026-10-04 17:38:26 [117,870ms] [Warning] [omni.log] Source: omni.hydra was already registered.
[118.268s] [ext: omni.kit.viewport.registry-104.0.6] startup
[118.270s] [ext: omni.kit.viewport.legacy_gizmos-1.0.16] startup
[118.286s] [ext: omni.kit.raycast.query-1.0.5] startup
[118.299s] [ext: omni.kit.viewport.scene_camera_model-1.0.5] startup
[118.316s] [ext: omni.kit.hydra_texture-1.4.0] startup
[118.329s] [ext: omni.kit.menu.utils-1.7.7] startup
[118.395s] [ext: omni.kit.window.drop_support-1.0.4] startup
[118.396s] [ext: omni.kit.widget.viewport-107.0.7] startup
[118.505s] [ext: omni.kit.material.library-1.5.15] startup
[118.516s] [ext: omni.kit.window.content_browser_registry-0.0.6] startup
[118.517s] [ext: omni.kit.viewport.window-107.0.8] startup
[118.584s] [ext: omni.graph.action_nodes-1.40.1] startup
[118.604s] [ext: omni.kit.window.property-1.11.5] startup
[118.695s] [ext: omni.kit.window.content_browser-2.10.3] startup
[118.964s] [ext: omni.kit.property.adapter.usd-1.0.2] startup
[118.969s] [ext: omni.kit.viewport.utility-1.0.18] startup
[118.983s] [ext: omni.graph.action-1.120.0] startup
[118.984s] [ext: omni.kit.property.usd-4.2.16] startup
[119.009s] [ext: omni.physx.cooking-106.5.7] startup
[119.040s] [ext: omni.kit.widget.stage_icons-1.0.6] startup
[119.045s] [ext: omni.kit.widget.zoombar-1.0.5] startup
[119.055s] [ext: omni.physics.tensors-106.5.7] startup
[119.072s] [ext: omni.kit.widget.prompt-1.0.7] startup
[119.080s] [ext: omni.kit.usd.collect-2.2.22] startup
[119.091s] [ext: omni.physx-106.5.7] startup
[119.156s] [ext: omni.kit.window.stage-2.5.11] startup
[119.167s] [ext: omni.kit.browser.core-2.3.11] startup
[119.234s] [ext: omni.kit.widget.text_editor-1.0.2] startup
[119.256s] [ext: omni.physx.tensors-106.5.7] startup
[119.303s] [ext: omni.kit.tool.collect-2.2.16] startup
[119.310s] [ext: omni.kit.menu.stage-1.2.5] startup
[119.312s] [ext: omni.kit.browser.folder.core-1.10.1] startup
[119.335s] [ext: omni.warp-1.5.0] startup
[119.351s] [ext: isaacsim.examples.browser-0.1.8] startup
[119.398s] [ext: omni.physx.stageupdate-106.5.7] startup
[119.409s] [ext: omni.kit.numpy.common-0.1.2] startup
[119.413s] [ext: isaacsim.core.version-2.0.2] startup
[119.432s] [ext: omni.isaac.dynamic_control-1.3.15] startup
2026-10-04 17:38:27 [119,178ms] [Warning] [omni.isaac.dynamic_control] omni.isaac.dynamic_control is deprecated as of Isaac Sim 4.5. No action is needed from end-users.
[119.511s] [ext: isaacsim.storage.native-1.0.6] startup
[119.513s] [ext: omni.kit.menu.create-1.0.17] startup
[119.844s] [ext: isaacsim.core.utils-2.2.8] startup
[119.930s] [ext: omni.kit.widget.searchable_combobox-1.0.6] startup
[119.932s] [ext: omni.kit.primitive.mesh-1.0.17] startup
[119.940s] [ext: isaacsim.core.simulation_manager-0.3.3] startup
[140.398s] [ext: omni.kit.scripting-106.5.2] startup
[140.408s] [ext: omni.kit.stage_templates-1.2.6] startup
[140.414s] [ext: isaacsim.core.prims-0.3.7] startup
[140.461s] [ext: isaacsim.replicator.behavior-1.0.8] startup
[140.463s] [ext: isaacsim.core.api-4.2.16] startup
[140.488s] [ext: omni.ui_query-1.1.7] startup
[140.489s] [ext: omni.kit.manipulator.viewport-107.0.1] startup
[140.493s] [ext: omni.kit.ui_test-1.3.3] startup
[140.506s] [ext: omni.kit.window.extensions-1.4.25] startup
[140.520s] [ext: omni.graph.visualization.nodes-2.1.1] startup
[140.533s] [ext: omni.kit.tool.asset_importer-2.12.2] startup
[140.709s] [ext: isaacsim.gui.components-1.0.9] startup
[140.742s] [ext: omni.kit.widget.settings-1.2.2] startup
[140.745s] [ext: omni.kit.widget.graph-1.12.17] startup
[140.760s] [ext: omni.kit.window.preferences-1.7.0] startup
[140.797s] [ext: omni.kit.graph.delegate.default-1.2.2] startup
[140.799s] [ext: omni.kit.viewport.menubar.core-107.1.2] startup
[140.889s] [ext: omni.kit.widget.material_preview-1.0.16] startup
[140.899s] [ext: omni.kit.graph.usd.commands-1.3.1] startup
[140.909s] [ext: omni.kit.graph.editor.core-1.5.3] startup
[140.917s] [ext: omni.syntheticdata-0.6.10] startup
[141.060s] [ext: omni.kit.window.material_graph-1.8.19] startup
[142.119s] [ext: omni.graph.scriptnode-1.40.1] startup
[142.121s] [ext: isaacsim.core.cloner-1.3.4] startup
[142.137s] [ext: omni.replicator.core-1.11.35] startup
Warp 1.5.0 initialized:
   CUDA Toolkit 11.8, Driver 12.9
   Devices:
     "cpu"      : "x86_64"
     "cuda:0"   : "NVIDIA GeForce RTX 2080 Ti" (11 GiB, sm_75, mempool enabled)
   Kernel cache:
     /home/Invader17/grasp_task/.cache/warp
2026-10-04 17:38:55 [147,267ms] [Warning] [omni.replicator.core.scripts.extension] No material configuration file, adding configuration to material settings directly.
[147.759s] [ext: omni.isaac.cloner-1.0.2] startup
2026-10-04 17:38:56 [147,429ms] [Warning] [omni.isaac.cloner] omni.isaac.cloner has been deprecated in favor of isaacsim.core.cloner. Please update your code accordingly.
[149.338s] [ext: isaacsim.core.nodes-2.1.4] startup
[150.037s] [ext: isaacsim.asset.importer.urdf-2.3.10] startup
[152.104s] [ext: omni.isaac.core-4.0.3] startup
2026-10-04 17:39:00 [151,774ms] [Warning] [omni.isaac.core.physics_context.physics_context] omni.isaac.core.physics_context.physics_context has been deprecated in favor of isaacsim.core.api.physics_context.physics_context. Please update your code accordingly.
2026-10-04 17:39:00 [151,774ms] [Warning] [omni.isaac.core.simulation_context.simulation_context] omni.isaac.core.simulation_context.simulation_context has been deprecated in favor of isaacsim.core.api.simulation_context.simulation_context. Please update your code accordingly.
2026-10-04 17:39:00 [151,824ms] [Warning] [omni.isaac.core.world.world] omni.isaac.core.world.world has been deprecated in favor of isaacsim.core.api.world.world. Please update your code accordingly.
2026-10-04 17:39:00 [151,825ms] [Warning] [omni.isaac.core] omni.isaac.core has been deprecated in favor of isaacsim.core.api. Please update your code accordingly.
[152.156s] [ext: omni.isaac.core_nodes-2.0.2] startup
2026-10-04 17:39:00 [151,827ms] [Warning] [omni.isaac.core_nodes] omni.isaac.core_nodes has been deprecated in favor of isaacsim.core.nodes. Please update your code accordingly.
[152.158s] [ext: omni.anim.curve.core-1.2.0] startup
[152.487s] [ext: isaacsim.robot_motion.lula-4.0.4] startup
[152.656s] [ext: isaacsim.asset.importer.mjcf-2.3.3] startup
[152.673s] [ext: isaacsim.robot_motion.motion_generation-8.0.6] startup
[152.691s] [ext: isaacsim.asset.browser-1.3.4] startup
[152.911s] [ext: isaacsim.robot.surface_gripper-2.0.6] startup
[152.936s] [ext: omni.kit.selection-0.1.5] startup
[153.129s] [ext: isaacsim.robot_motion.lula_test_widget-1.0.5] startup
[153.138s] [ext: omni.isaac.assets_check-0.3.9] startup
2026-10-04 17:39:01 [152,807ms] [Warning] [omni.isaac.assets_check] omni.isaac.assets_check has been deprecated in favor of isaacsim.asset.browser. Please update your code accordingly.
[153.139s] [ext: isaacsim.robot.manipulators-3.0.4] startup
[153.151s] [ext: isaacsim.sensors.physics-0.3.5] startup
[153.164s] [ext: isaacsim.gui.menu-2.0.9] startup
[153.191s] [ext: omni.isaac.lula_test_widget-1.0.2] startup
2026-10-04 17:39:01 [152,861ms] [Warning] [omni.isaac.lula_test_widget] omni.isaac.lula_test_widget has been deprecated in favor of isaacsim.robot_motion.lula_test_widget. Please update your code accordingly.
[153.192s] [ext: omni.sensors.nv.common-2.5.0-coreapi] startup
[153.378s] [ext: omni.isaac.manipulators-3.0.3] startup
2026-10-04 17:39:01 [153,048ms] [Warning] [omni.isaac.manipulators] omni.isaac.manipulators has been deprecated in favor of isaacsim.robot.manipulators. Please update your code accordingly.
2026-10-04 17:39:01 [153,048ms] [Warning] [omni.isaac.manipulators.controllers] omni.isaac.manipulators has been deprecated in favor of isaacsim.robot.manipulators. Please update your code accordingly.
2026-10-04 17:39:01 [153,049ms] [Warning] [omni.isaac.manipulators.controllers.pick_place_controller] omni.isaac.manipulators has been deprecated in favor of isaacsim.robot.manipulators. Please update your code accordingly.
2026-10-04 17:39:01 [153,050ms] [Warning] [omni.isaac.manipulators.controllers.stacking_controller] omni.isaac.manipulators has been deprecated in favor of isaacsim.robot.manipulators. Please update your code accordingly.
2026-10-04 17:39:01 [153,050ms] [Warning] [omni.isaac.manipulators.grippers] omni.isaac.manipulators has been deprecated in favor of isaacsim.robot.manipulators. Please update your code accordingly.
2026-10-04 17:39:01 [153,050ms] [Warning] [omni.isaac.manipulators.grippers.gripper] omni.isaac.manipulators has been deprecated in favor of isaacsim.robot.manipulators. Please update your code accordingly.
2026-10-04 17:39:01 [153,051ms] [Warning] [omni.isaac.manipulators.grippers.parallel_gripper] omni.isaac.manipulators has been deprecated in favor of isaacsim.robot.manipulators. Please update your code accordingly.
2026-10-04 17:39:01 [153,053ms] [Warning] [omni.isaac.manipulators.grippers.surface_gripper] omni.isaac.manipulators has been deprecated in favor of isaacsim.robot.manipulators. Please update your code accordingly.
2026-10-04 17:39:01 [153,053ms] [Warning] [omni.isaac.manipulators.manipulators] omni.isaac.manipulators has been deprecated in favor of isaacsim.robot.manipulators. Please update your code accordingly.
2026-10-04 17:39:01 [153,053ms] [Warning] [omni.isaac.manipulators.manipulators.single_manipulator] omni.isaac.manipulators has been deprecated in favor of isaacsim.robot.manipulators. Please update your code accordingly.
[153.385s] [ext: isaacsim.robot.policy.examples-4.0.3] startup
[153.402s] [ext: omni.isaac.menu-1.0.2] startup
2026-10-04 17:39:01 [153,072ms] [Warning] [omni.isaac.menu] omni.isaac.menu has been deprecated in favor of isaacsim.gui.menu. Please update your code accordingly.
[153.403s] [ext: omni.isaac.motion_generation-8.0.2] startup
2026-10-04 17:39:01 [153,073ms] [Warning] [omni.isaac.motion_generation] omni.isaac.motion_generation has been deprecated in favor of isaacsim.robot_motion.motion_generation. Please update your code accordingly.
2026-10-04 17:39:01 [153,073ms] [Warning] [omni.isaac.motion_generation.articulation_kinematics_solver] omni.isaac.motion_generation has been deprecated in favor of isaacsim.robot_motion.motion_generation. Please update your code accordingly.
2026-10-04 17:39:01 [153,073ms] [Warning] [omni.isaac.motion_generation.articulation_motion_policy] omni.isaac.motion_generation has been deprecated in favor of isaacsim.robot_motion.motion_generation. Please update your code accordingly.
2026-10-04 17:39:01 [153,073ms] [Warning] [omni.isaac.motion_generation.articulation_trajectory] omni.isaac.motion_generation has been deprecated in favor of isaacsim.robot_motion.motion_generation. Please update your code accordingly.
2026-10-04 17:39:01 [153,074ms] [Warning] [omni.isaac.motion_generation.kinematics_interface] omni.isaac.motion_generation has been deprecated in favor of isaacsim.robot_motion.motion_generation. Please update your code accordingly.
2026-10-04 17:39:01 [153,074ms] [Warning] [omni.isaac.motion_generation.lula] omni.isaac.motion_generation has been deprecated in favor of isaacsim.robot_motion.motion_generation. Please update your code accordingly.
2026-10-04 17:39:01 [153,074ms] [Warning] [omni.isaac.motion_generation.lula.kinematics] omni.isaac.motion_generation has been deprecated in favor of isaacsim.robot_motion.motion_generation. Please update your code accordingly.
2026-10-04 17:39:01 [153,080ms] [Warning] [omni.isaac.motion_generation.lula.motion_policies] omni.isaac.motion_generation has been deprecated in favor of isaacsim.robot_motion.motion_generation. Please update your code accordingly.
2026-10-04 17:39:01 [153,080ms] [Warning] [omni.isaac.motion_generation.lula.path_planners] omni.isaac.motion_generation has been deprecated in favor of isaacsim.robot_motion.motion_generation. Please update your code accordingly.
2026-10-04 17:39:01 [153,080ms] [Warning] [omni.isaac.motion_generation.lula.trajectory_generator] omni.isaac.motion_generation has been deprecated in favor of isaacsim.robot_motion.motion_generation. Please update your code accordingly.
2026-10-04 17:39:01 [153,081ms] [Warning] [omni.isaac.motion_generation.motion_policy_controller] omni.isaac.motion_generation has been deprecated in favor of isaacsim.robot_motion.motion_generation. Please update your code accordingly.
2026-10-04 17:39:01 [153,081ms] [Warning] [omni.isaac.motion_generation.motion_policy_interface] omni.isaac.motion_generation has been deprecated in favor of isaacsim.robot_motion.motion_generation. Please update your code accordingly.
2026-10-04 17:39:01 [153,081ms] [Warning] [omni.isaac.motion_generation.path_planner_visualizer] omni.isaac.motion_generation has been deprecated in favor of isaacsim.robot_motion.motion_generation. Please update your code accordingly.
2026-10-04 17:39:01 [153,081ms] [Warning] [omni.isaac.motion_generation.path_planning_interface] omni.isaac.motion_generation has been deprecated in favor of isaacsim.robot_motion.motion_generation. Please update your code accordingly.
2026-10-04 17:39:01 [153,082ms] [Warning] [omni.isaac.motion_generation.trajectory] omni.isaac.motion_generation has been deprecated in favor of isaacsim.robot_motion.motion_generation. Please update your code accordingly.
2026-10-04 17:39:01 [153,082ms] [Warning] [omni.isaac.motion_generation.world_interface] omni.isaac.motion_generation has been deprecated in favor of isaacsim.robot_motion.motion_generation. Please update your code accordingly.
[153.416s] [ext: omni.sensors.nv.materials-1.4.0-coreapi] startup
[153.456s] [ext: omni.isaac.nucleus-1.0.3] startup
2026-10-04 17:39:01 [153,126ms] [Warning] [omni.isaac.nucleus] omni.isaac.nucleus has been deprecated in favor of isaacsim.storage.native. Please update your code accordingly.
2026-10-04 17:39:01 [153,126ms] [Warning] [omni.isaac.nucleus.nucleus] omni.isaac.nucleus.nucleus has been deprecated in favor of isaacsim.storage.native. Please update your code accordingly.
[153.458s] [ext: omni.isaac.quadruped-3.0.2] startup
2026-10-04 17:39:01 [153,128ms] [Warning] [omni.isaac.quadruped] omni.isaac.quadruped has been deprecated in favor of isaacsim.robot.policy.examples. Please update your code accordingly.
[153.459s] [ext: omni.kit.manipulator.selector-1.1.1] startup
[153.473s] [ext: omni.sensors.nv.wpm-2.4.0-coreapi] startup
[153.489s] [ext: omni.sensors.nv.lidar-2.6.3-coreapi] startup
[153.569s] [ext: omni.sensors.nv.ids-1.4.0-coreapi] startup
[153.594s] [ext: isaacsim.robot.manipulators.examples-1.0.3] startup
[153.595s] [ext: isaacsim.util.debug_draw-2.0.2] startup
[153.619s] [ext: omni.sensors.tiled-0.0.6] startup
[153.637s] [ext: omni.sensors.nv.radar-2.6.1-coreapi] startup
[153.702s] [ext: omni.kit.widget.toolbar-1.7.3] startup
[153.727s] [ext: omni.kit.manipulator.transform-106.0.1] startup
[153.742s] [ext: isaacsim.sensors.physx-2.2.4] startup
[153.764s] [ext: isaacsim.sensors.rtx-13.6.3] startup
[153.865s] [ext: isaacsim.sensors.camera-0.2.9] startup
[153.908s] [ext: isaacsim.cortex.framework-1.0.2] startup
[153.909s] [ext: omni.kit.manipulator.tool.snap-1.5.12] startup
[153.963s] [ext: omni.isaac.range_sensor-4.0.2] startup
[153.977s] [ext: omni.isaac.surface_gripper-2.0.2] startup
2026-10-04 17:39:02 [153,652ms] [Warning] [omni.isaac.surface_gripper] omni.isaac.surface_gripper has been deprecated in favor of isaacsim.robot.surface_gripper. Please update your code accordingly.
[153.985s] [ext: omni.isaac.sensor-13.0.3] startup
2026-10-04 17:39:02 [153,655ms] [Warning] [omni.isaac.sensor] omni.isaac.sensor has been deprecated in favor of isaacsim.sensors.camera, isaacsim.sensors.physics, isaacsim.sensors.physx, and isaacsim.sensors.rtx. Please update your code accordingly.
2026-10-04 17:39:02 [153,655ms] [Warning] [omni.isaac.sensor.camera] omni.isaac.sensor.camera has been deprecated in favor of isaacsim.sensors.camera.camera. Please update your code accordingly.
2026-10-04 17:39:02 [153,656ms] [Warning] [omni.isaac.sensor.camera_view] omni.isaac.sensor.camera_view has been deprecated in favor of isaacsim.sensors.camera.camera_view. Please update your code accordingly.
2026-10-04 17:39:02 [153,660ms] [Warning] [omni.isaac.sensor.commands] omni.isaac.sensor.commands has been deprecated in favor of isaacsim.sensors.physics.commands, isaacsim.sensors.physx.commands, and isaacsim.sensors.rtx.commands. Please update your code accordingly.
2026-10-04 17:39:02 [153,660ms] [Warning] [omni.isaac.sensor.contact_sensor] omni.isaac.sensor.contact_sensor has been deprecated in favor of isaacsim.sensors.physics.contact_sensor. Please update your code accordingly.
2026-10-04 17:39:02 [153,661ms] [Warning] [omni.isaac.sensor.imu_sensor] omni.isaac.sensor.imu_sensor has been deprecated in favor of isaacsim.sensors.physics.imu_sensor. Please update your code accordingly.
2026-10-04 17:39:02 [153,661ms] [Warning] [omni.isaac.sensor.lidar_rtx] omni.isaac.sensor.lidar_rtx has been deprecated in favor of isaacsim.sensors.rtx.lidar_rtx. Please update your code accordingly.
2026-10-04 17:39:02 [153,661ms] [Warning] [omni.isaac.sensor.rotating_lidar_physX] omni.isaac.sensor.imu_sensor has been deprecated in favor of isaacsim.sensors.physix.rotating_lidar_physX. Please update your code accordingly.
2026-10-04 17:39:02 [153,662ms] [Warning] [omni.isaac.sensor.scripts.samples.contact_sensor] omni.isaac.sensor.scripts.samples.contact_sensor has been deprecated in favor of isaacsim.sensors.physics.scripts.samples.contact_sensor. Please update your code accordingly.
2026-10-04 17:39:02 [153,663ms] [Warning] [omni.isaac.sensor.scripts.samples.imu_sensor] omni.isaac.sensor.scripts.samples.imu_sensor has been deprecated in favor of isaacsim.sensors.physics.scripts.samples.imu_sensor. Please update your code accordingly.
2026-10-04 17:39:02 [153,664ms] [Warning] [omni.isaac.sensor.scripts.samples.lightbeam_sensor] omni.isaac.sensor.scripts.samples.lightbeam_sensor has been deprecated in favor of isaacsim.sensors.physx.scripts.samples.lightbeam_sensor. Please update your code accordingly.
[154.011s] [ext: omni.isaac.cortex-1.0.2] startup
2026-10-04 17:39:02 [153,680ms] [Warning] [omni.isaac.cortex] omni.isaac.cortex has been deprecated in favor of isaacsim.cortex.framework. Please update your code accordingly.
[154.034s] [ext: omni.kit.viewport.manipulator.transform-107.0.4] startup
[154.042s] [ext: omni.debugdraw-0.1.3] startup
[154.055s] [ext: omni.isaac.universal_robots-1.0.2] startup
2026-10-04 17:39:02 [153,725ms] [Warning] [omni.isaac.universal_robots] omni.isaac.universal_robots has been deprecated in favor of isaacsim.robot.manipulators.examples.universal_robots. Please update your code accordingly.
2026-10-04 17:39:02 [153,725ms] [Warning] [omni.isaac.universal_robots.kinematics_solver] omni.isaac.franka has been deprecated in favor of isaacsim.robot.manipulators.examples.universal_robots. Please update your code accordingly.
2026-10-04 17:39:02 [153,726ms] [Warning] [omni.isaac.universal_robots.ur10] omni.isaac.franka has been deprecated in favor of isaacsim.robot.manipulators.examples.universal_robots. Please update your code accordingly.
[154.060s] [ext: omni.isaac.utils-2.0.2] startup
[154.062s] [ext: omni.kit.manipulator.prim.core-107.0.7] startup
[154.094s] [ext: omni.fabric.commands-1.1.5] startup
[154.103s] [ext: omni.kit.manipulator.selection-106.0.1] startup
[154.112s] [ext: omni.kit.viewport.actions-107.0.0] startup
[154.120s] [ext: omni.kit.manipulator.prim.usd-107.0.3] startup
[154.124s] [ext: omni.kit.manipulator.prim.fabric-107.0.4] startup
[154.127s] [ext: isaacsim.cortex.behaviors-2.0.3] startup
[154.128s] [ext: omni.kit.widget.layers-1.8.2] startup
[154.167s] [ext: omni.kit.viewport.menubar.display-107.0.3] startup
[154.174s] [ext: omni.kit.manipulator.prim-107.0.0] startup
[154.174s] [ext: omni.isaac.cortex.sample_behaviors-2.0.2] startup
2026-10-04 17:39:02 [153,846ms] [Warning] [omni.isaac.cortex.sample_behaviors] omni.isaac.cortex.sample_behaviors has been deprecated in favor of isaacsim.cortex.behaviors. Please update your code accordingly.
[154.184s] [ext: omni.graph.ui_nodes-1.40.1] startup
[154.208s] [ext: omni.usdphysics.ui-106.5.7] startup
[155.095s] [ext: omni.physx.commands-106.5.7] startup
[155.115s] [ext: omni.kit.property.camera-1.0.9] startup
[155.157s] [ext: omni.hydra.scene_api-0.1.2] startup
[155.333s] [ext: omni.kit.property.geometry-1.3.3] startup
[155.341s] [ext: omni.kit.property.light-1.0.11] startup
[155.344s] [ext: omni.physx.ui-106.5.7] startup
[155.654s] [ext: omni.kit.property.material-1.10.17] startup
[155.664s] [ext: omni.kit.property.render-1.1.3] startup
[155.701s] [ext: omni.kit.property.transform-1.5.10] startup
[155.713s] [ext: omni.kit.property.audio-1.0.16] startup
[155.715s] [ext: isaacsim.gui.property-1.0.4] startup
[155.726s] [ext: omni.physx.demos-106.5.7] startup
[156.696s] [ext: omni.kit.property.physx-106.5.7] startup
[157.719s] [ext: omni.isaac.lula-4.0.2] startup
2026-10-04 17:39:05 [157,389ms] [Warning] [omni.isaac.lula] omni.isaac.lula has been deprecated in favor of isaacsim.robot_motion.lula. Please update your code accordingly.
[157.720s] [ext: omni.kit.property.bundle-1.3.2] startup
[157.735s] [ext: omni.kit.property.isaac-1.0.2] startup
2026-10-04 17:39:05 [157,404ms] [Warning] [omni.kit.property.isaac] omni.kit.property.isaac has been deprecated in favor of isaacsim.gui.property. Please update your code accordingly.
2026-10-04 17:39:05 [157,405ms] [Warning] [omni.kit.property.isaac.widgets] omni.kit.property.isaac.widgets has been deprecated in favor of isaacsim.gui.property.widgets. Please update your code accordingly.
[157.736s] [ext: omni.physx.vehicle-106.5.7] startup
[157.834s] [ext: omni.kit.viewport.menubar.camera-107.0.2] startup
[158.635s] [ext: omni.kit.viewport.menubar.lighting-106.0.2] startup
[158.773s] [ext: omni.kit.viewport.menubar.render-107.0.8] startup
[158.795s] [ext: omni.kit.viewport.menubar.settings-107.0.3] startup
[158.820s] [ext: omni.kit.window.console-0.2.14] startup
[158.852s] [ext: omni.physx.camera-106.5.7] startup
[158.895s] [ext: omni.kit.window.toolbar-1.6.2] startup
[158.920s] [ext: omni.isaac.version-2.0.2] startup
2026-10-04 17:39:07 [158,592ms] [Warning] [omni.isaac.version] omni.isaac.version has been deprecated in favor of isaacsim.core.version. Please update your code accordingly.
[158.924s] [ext: isaacsim.robot.wheeled_robots-4.0.3] startup
[159.290s] [ext: omni.physx.cct-106.5.7] startup
[160.164s] [ext: omni.physx.graph-106.5.7] startup
[162.010s] [ext: isaacsim.replicator.writers-1.0.1] startup
[162.073s] [ext: omni.physx.supportui-106.5.7] startup
[162.133s] [ext: omni.physx.telemetry-106.5.7] startup
[162.165s] [ext: omni.isaac.wheeled_robots-3.0.3] startup
2026-10-04 17:39:10 [161,834ms] [Warning] [omni.isaac.wheeled_robots] omni.isaac.wheeled_robots has been deprecated in favor of isaacsim.robot.wheeled_robots. Please update your code accordingly.
2026-10-04 17:39:10 [161,835ms] [Warning] [omni.isaac.wheeled_robots.controllers] omni.isaac.wheeled_robots has been deprecated in favor of isaacsim.robot.wheeled_robots. Please update your code accordingly.
2026-10-04 17:39:10 [161,835ms] [Warning] [omni.isaac.wheeled_robots.controllers.ackermann_controller] omni.isaac.wheeled_robots has been deprecated in favor of isaacsim.robot.wheeled_robots. Please update your code accordingly.
2026-10-04 17:39:10 [161,836ms] [Warning] [omni.isaac.wheeled_robots.controllers.differential_controller] omni.isaac.wheeled_robots has been deprecated in favor of isaacsim.robot.wheeled_robots. Please update your code accordingly.
2026-10-04 17:39:10 [161,836ms] [Warning] [omni.isaac.wheeled_robots.controllers.holonomic_controller] omni.isaac.wheeled_robots has been deprecated in favor of isaacsim.robot.wheeled_robots. Please update your code accordingly.
2026-10-04 17:39:10 [161,836ms] [Warning] [omni.isaac.wheeled_robots.controllers.quintic_path_planner] omni.isaac.wheeled_robots has been deprecated in favor of isaacsim.robot.wheeled_robots. Please update your code accordingly.
2026-10-04 17:39:10 [161,837ms] [Warning] [omni.isaac.wheeled_robots.controllers.stanley_control] omni.isaac.wheeled_robots has been deprecated in favor of isaacsim.robot.wheeled_robots. Please update your code accordingly.
2026-10-04 17:39:10 [161,837ms] [Warning] [omni.isaac.wheeled_robots.controllers.wheel_base_pose_controller] omni.isaac.wheeled_robots has been deprecated in favor of isaacsim.robot.wheeled_robots. Please update your code accordingly.
2026-10-04 17:39:10 [161,837ms] [Warning] [omni.isaac.wheeled_robots.impl] omni.isaac.wheeled_robots has been deprecated in favor of isaacsim.robot.wheeled_robots. Please update your code accordingly.
2026-10-04 17:39:10 [161,838ms] [Warning] [omni.isaac.wheeled_robots.robots] omni.isaac.wheeled_robots has been deprecated in favor of isaacsim.robot.wheeled_robots. Please update your code accordingly.
2026-10-04 17:39:10 [161,838ms] [Warning] [omni.isaac.wheeled_robots.robots.holonomic_robot_usd_setup] omni.isaac.wheeled_robots has been deprecated in favor of isaacsim.robot.wheeled_robots. Please update your code accordingly.
2026-10-04 17:39:10 [161,841ms] [Warning] [omni.isaac.wheeled_robots.robots.wheeled_robot] omni.isaac.wheeled_robots has been deprecated in favor of isaacsim.robot.wheeled_robots. Please update your code accordingly.
[162.180s] [ext: omni.isaac.franka-1.0.2] startup
2026-10-04 17:39:10 [161,852ms] [Warning] [omni.isaac.franka] omni.isaac.franka has been deprecated in favor of isaacsim.robot.manipulators.examples.franka. Please update your code accordingly.
2026-10-04 17:39:10 [161,853ms] [Warning] [omni.isaac.franka.franka] omni.isaac.franka has been deprecated in favor of isaacsim.robot.manipulators.examples.franka. Please update your code accordingly.
2026-10-04 17:39:10 [161,861ms] [Warning] [omni.isaac.franka.kinematics_solver] omni.isaac.franka has been deprecated in favor of isaacsim.robot.manipulators.examples.franka. Please update your code accordingly.
[162.195s] [ext: isaacsim.replicator.domain_randomization-1.0.2] startup
[162.217s] [ext: isaacsim.replicator.examples-1.1.2] startup
[162.268s] [ext: omni.kit.window.status_bar-0.1.7] startup
[162.316s] [ext: omni.rtx.window.settings-0.6.17] startup
[162.342s] [ext: omni.usd.metrics.assembler-106.5.0] startup
[162.375s] [ext: omni.physx.bundle-106.5.7] startup
[162.375s] [ext: isaacsim.app.about-2.0.7] startup
[162.377s] [ext: omni.replicator.isaac-2.0.3] startup
2026-10-04 17:39:10 [162,053ms] [Warning] [omni.replicator.isaac] omni.replicator.isaac has been deprecated in favor of isaacsim.replicator.domain_randomization, isaacsim.replicator.examples, isaacsim.replicator.writers. Please update your code accordingly.
[162.384s] [ext: omni.replicator.replicator_yaml-2.0.10] startup
[162.419s] [ext: omni.rtx.settings.core-0.6.3] startup
[162.442s] [ext: omni.usd.metrics.assembler.ui-106.5.0] startup
[162.540s] [ext: isaacsim.simulation_app-2.4.2] startup
[162.541s] [ext: omni.isaac.window.about-2.0.2] startup
2026-10-04 17:39:10 [162,212ms] [Warning] [omni.isaac.window.about] omni.isaac.window.about has been deprecated in favor of isaacsim.app.about. Please update your code accordingly.
2026-10-04 17:39:10 [162,212ms] [Warning] [omni.isaac.window.about.about] omni.isaac.window.about.about has been deprecated in favor of isaacsim.app.about.about. Please update your code accordingly.
[162.544s] [ext: semantics.schema.editor-0.3.10] startup
[162.571s] [ext: omni.kit.ui.actions-1.0.2] startup
[162.573s] [ext: semantics.schema.property-1.0.5] startup
[162.607s] [ext: omni.kit.manipulator.camera-106.0.3] startup
[162.617s] [ext: omni.isaac.kit-2.0.3] startup
2026-10-04 17:39:10 [162,286ms] [Warning] [omni.isaac.kit] omni.isaac.kit has been deprecated in favor of isaacsim.simulation_app. Please update your code accordingly.
[162.618s] [ext: omni.isaac.asset_browser-1.0.2] startup
2026-10-04 17:39:10 [162,288ms] [Warning] [omni.isaac.asset_browser] omni.isaac.asset_browser has been deprecated in favor of isaacsim.asset.browser. Please update your code accordingly.
[162.620s] [ext: isaacsim.core.throttling-2.0.2] startup
[162.621s] [ext: omni.kit.menu.common-1.1.9] startup
[162.623s] [ext: isaacsim.exp.base-4.5.0] startup
[162.624s] [ext: isaacsim.exp.base.python-4.5.0] startup
[162.672s] Simulation App Starting
2026-10-04 17:39:12 [164,309ms] [Warning] [carb.audio.device] audio device is misconfigured or broken {deviceIndex = 0, name = 'default'} (The device is likely misconfigured, check your $HOME/.asoundrc)
2026-10-04 17:39:12 [164,309ms] [Warning] [carb.audio.output] failed to retrieve the capabilities for device 0 {result = eDeviceLost (2)}
2026-10-04 17:39:12 [164,309ms] [Warning] [carb.audio.context] failed to set the requested output during context creation.  Using a null streamer instead {result = eDeviceLost (2)}
[166.205s] app ready
2026-10-04 17:39:17 [169,330ms] [Warning] [rtx.scenedb.plugin] SceneDbContext : TLAS limit buffer size 2921508224
2026-10-04 17:39:17 [169,330ms] [Warning] [rtx.scenedb.plugin] SceneDbContext : TLAS limit : valid true, within: false
2026-10-04 17:39:19 [171,165ms] [Warning] [omni.usd-abi.plugin] No setting was found for '/rtx-defaults-transient/meshlights/forceDisable'
2026-10-04 17:39:20 [172,109ms] [Warning] [omni.usd-abi.plugin] No setting was found for '/rtx-defaults/post/dlss/execMode'
2026-10-04 17:39:23 [174,687ms] [Warning] [carb.tasking.plugin] carb.tasking is likely stuck. All threads are busy with same tasks for more than 1 seconds with waiting tasks. Starting an emergency helper thread.
2026-10-04 17:39:24 [175,690ms] [Warning] [carb.tasking.plugin] carb.tasking is likely stuck. All threads are busy with same tasks for more than 1 seconds with waiting tasks. Starting an emergency helper thread.
2026-10-04 17:39:25 [176,691ms] [Warning] [carb.tasking.plugin] carb.tasking is likely stuck. All threads are busy with same tasks for more than 1 seconds with waiting tasks. Starting an emergency helper thread.
2026-10-04 17:39:26 [177,691ms] [Warning] [carb.tasking.plugin] carb.tasking is likely stuck. All threads are busy with same tasks for more than 1 seconds with waiting tasks. Starting an emergency helper thread.
2026-10-04 17:39:27 [178,695ms] [Warning] [carb.tasking.plugin] carb.tasking is likely stuck. All threads are busy with same tasks for more than 1 seconds with waiting tasks. Starting an emergency helper thread.
2026-10-04 17:39:28 [179,695ms] [Warning] [carb.tasking.plugin] carb.tasking is likely stuck. All threads are busy with same tasks for more than 1 seconds with waiting tasks. Starting an emergency helper thread.
2026-10-04 17:39:31 [182,699ms] [Warning] [carb.tasking.plugin] carb.tasking is likely stuck. All threads are busy with same tasks for more than 1 seconds with waiting tasks. Starting an emergency helper thread.
2026-10-04 17:39:32 [183,709ms] [Warning] [carb.tasking.plugin] carb.tasking is likely stuck. All threads are busy with same tasks for more than 1 seconds with waiting tasks. Starting an emergency helper thread.
2026-10-04 17:39:46 [197,903ms] [Warning] [carb.tasking.plugin] carb.tasking is likely stuck. All threads are busy with same tasks for more than 1 seconds with waiting tasks. Starting an emergency helper thread.
2026-10-04 17:39:47 [198,907ms] [Warning] [carb.tasking.plugin] carb.tasking is likely stuck. All threads are busy with same tasks for more than 1 seconds with waiting tasks. Starting an emergency helper thread.
2026-10-04 17:39:48 [199,907ms] [Warning] [carb.tasking.plugin] carb.tasking is likely stuck. All threads are busy with same tasks for more than 1 seconds with waiting tasks. Starting an emergency helper thread.
2026-10-04 17:39:49 [200,911ms] [Warning] [carb.tasking.plugin] carb.tasking is likely stuck. All threads are busy with same tasks for more than 1 seconds with waiting tasks. Starting an emergency helper thread.
2026-10-04 17:39:50 [201,919ms] [Warning] [carb.tasking.plugin] carb.tasking is likely stuck. All threads are busy with same tasks for more than 1 seconds with waiting tasks. Starting an emergency helper thread.
2026-10-04 17:40:47 [258,435ms] [Warning] [rtx.postprocessing.plugin] DLSS increasing input dimensions: Render resolution of (320, 240) is below minimal input resolution of 300.
[259.817s] Simulation App Startup Complete
[isaac_app] renderer activeGpu=0 (want 0), multiGpu=False
app started in 262.0s
[268.724s] [ext: omni.physx.fabric-106.5.7] startup
2026-10-04 17:40:59 [270,964ms] [Warning] [omni.physicsschema.plugin] ScaleOrientation is not supported for rigid bodies, prim path: /World/envs/env_0/Robot/hande_left_finger. You may ignore this if the scale is close to uniform.
2026-10-04 17:40:59 [270,965ms] [Warning] [omni.physicsschema.plugin] ScaleOrientation is not supported for rigid bodies, prim path: /World/envs/env_0/Robot/hande_right_finger. You may ignore this if the scale is close to uniform.
2026-10-04 17:41:02 [273,994ms] [Warning] [omni.physx.plugin] Detected an articulation at /World/envs/env_0/Robot with more than 4 velocity iterations being added to a TGS scene.The related behavior changed recently, please consult the changelog. This warning will only print once.
2026-10-04 17:41:02 [274,387ms] [Warning] [omni.physx.tensors.plugin] Duplicate joint name 'FixedJoint' in articulation metatype
setup done
finger limits [[0.0, 0.042500000447034836], [0.0, 0.042500000447034836]]
[planner] база повёрнута на 0: якобиан расходится на 1.9997
[planner] база повёрнута на 180: якобиан расходится на 0.0000
[planner] T_post = [[-0.99996, 0.0, 0.00939, 0.00068], [0.00939, 0.0, 0.99996, 0.00046], [0.0, 1.0, -0.0, 0.21432], [0.0, -0.0, 0.0, 1.0]]
домашняя поза: manip по симу 0.2198, по моей кинематике 0.2198
2026-10-04 17:41:23 [295,122ms] [Warning] [omni.usd] Warning: in SdfPath at line 81 of /builds/omniverse/usd-ci/USD/pxr/usd/sdf/path.cpp -- Ill-formed SdfPath </World/envs/env_.*/Robot>: syntax error

[wrist] flange: не нашёл prim, пропускаю
[wrist] attachment_site: не нашёл prim, пропускаю
[wrist] camera_mount: не нашёл prim, пропускаю
[wrist] tool_site: не нашёл prim, пропускаю
[wrist] VMS3D_Femto_Mega_S_0: не нашёл prim, пропускаю
[wrist] robotiq_coupler: не нашёл prim, пропускаю
[wrist] hande_link: не нашёл prim, пропускаю
[wrist] tool0: не нашёл prim, пропускаю
[wrist] hande_end: не нашёл prim, пропускаю
[wrist] всего точек на запястье 0, запас домашней позы 111 мм
стартовая поза: решений 398, manip лучший 0.1036, у выбранной 0.0953, суставы [1.047, -2.232, 2.027, -1.365, -1.571, 2.628]
[planner] задача 1, напротив объекта (сторона 0, пальцы в [1.0, 0.0, 0.0]), ориентация 0: из 64 стартов промах >2мм у 6, поворот >1° у 6, ниже стола у 45; сошлись по позе и повороту 58, из них низко 44; лучший промах 0.0 мм, лучший поворот 0.00°, самая низкая точка у сошедшихся от -0.398 до 0.094 м
[20:44:20] СТОП: чужой процесс 923467 пропал с GPU 7 во время нашего запуска — проверить, не мы ли причина
[20:44:22] код выхода 137, время 450 с, пик памяти на GPU 7 4153 MiB, клиент драйвера на GPU 0 6 MiB
[20:44:54] наших процессов на GPU нет
[20:44:54] результаты: /home/Invader17/grasp_task/runs/side_v10_20261004_203621
