[01:19:38] user=Invader17 gpu=7 vk_uuid=d9fc0582a134ded0909de88d902ecc0b cpus=44-47 timeout=20m stall=20m
[01:19:38] cmd: /home/Invader17/grasp_task/code/tmp_rl/fly_check.py --num-envs 4 --rounds 3 --video
[Warning] [simulation_app.simulation_app] Modules: ['omni.kit_app'] were loaded before SimulationApp was started and might not be loaded correctly.
[Warning] [simulation_app.simulation_app] Please check to make sure no extra omniverse or pxr modules are imported before the call to SimulationApp(...)
Starting kit application with the following args:  ['/home/Invader17/grasp_task/envs/isaac/lib/python3.10/site-packages/isaacsim/exts/isaacsim.simulation_app/isaacsim/simulation_app/simulation_app.py', '/home/Invader17/grasp_task/envs/isaac/lib/python3.10/site-packages/isaacsim/apps/isaacsim.exp.base.python.kit', '--/app/tokens/exe-path=/home/Invader17/grasp_task/envs/isaac/lib/python3.10/site-packages/omni', '--/persistent/app/viewport/displayOptions=3094', '--/rtx/materialDb/syncLoads=True', '--/rtx/hydra/materialSyncLoads=True', '--/omni.kit.plugin/syncUsdLoads=True', '--/app/renderer/resolution/width=640', '--/app/renderer/resolution/height=480', '--/app/window/width=1440', '--/app/window/height=900', '--/renderer/multiGpu/enabled=False', '--/app/fastShutdown=True', '--/app/installSignalHandlers=0', '--ext-folder', '/home/Invader17/grasp_task/envs/isaac/lib/python3.10/site-packages/isaacsim/exts', '--ext-folder', '/home/Invader17/grasp_task/envs/isaac/lib/python3.10/site-packages/isaacsim/apps', '--/renderer/multiGpu/enabled=false', '--/renderer/multiGpu/autoEnable=false', '--/renderer/multiGpu/maxGpuCount=1', '--/renderer/activeGpu=0', '--/plugins/carb.tasking.plugin/threadCount=4', '--/persistent/isaac/asset_root/default=http://omniverse-content-production.s3-us-west-2.amazonaws.com/Assets/Isaac/4.5', '--/persistent/isaac/asset_root/cloud=http://omniverse-content-production.s3-us-west-2.amazonaws.com/Assets/Isaac/4.5', '--/persistent/isaac/asset_root/nvidia=http://omniverse-content-production.s3-us-west-2.amazonaws.com/Assets/Isaac/4.5', '--/renderer/activeGpu=0', '--/physics/cudaDevice=0', '--portable', '--no-window', '--/app/window/hideUi=1']
Passing the following args to the base kit application:  ['--num-envs', '4', '--rounds', '3', '--video']
[Info] [carb] Logging to file: /home/Invader17/grasp_task/envs/isaac/lib/python3.10/site-packages/omni/logs/Kit/Isaac-Sim Python/4.5/kit_20261004_221940.log
2026-10-04 22:19:40 [0ms] [Warning] [omni.kit.app.plugin] No crash reporter present, dumps uploading isn't available.
[1.245s] [ext: omni.kit.async_engine-0.0.1] startup
[2.112s] [ext: omni.metrics.core-0.0.1] startup
[2.115s] [ext: omni.client.lib-1.0.0] startup
[2.155s] [ext: omni.blobkey-1.1.2] startup
[2.156s] [ext: omni.stats-1.0.1] startup
[2.158s] [ext: omni.datastore-0.0.0] startup
[2.168s] [ext: omni.client-1.2.2] startup
[2.176s] [ext: omni.ujitso.default-1.0.0] startup
[2.180s] [ext: omni.hsscclient-1.1.1] startup
2026-10-04 22:19:41 [1,461ms] [Warning] [omni.datastore] OmniHub is inaccessible
[2.194s] [ext: omni.gpu_foundation.shadercache.vulkan-1.0.0] startup
[2.205s] [ext: omni.assets.plugins-0.0.0] startup
[2.207s] [ext: omni.gpu_foundation-0.0.0] startup
[2.222s] [ext: carb.windowing.plugins-1.0.0] startup
2026-10-04 22:19:41 [1,501ms] [Warning] [carb.windowing-glfw.plugin] GLFW initialization failed.
2026-10-04 22:19:41 [1,501ms] [Warning] [carb] Failed to startup plugin carb.windowing-glfw.plugin (interfaces: [carb::windowing::IGLContext v1.0],[carb::windowing::IWindowing v1.5]) (impl: carb.windowing-glfw.plugin)
[2.226s] [ext: omni.kit.renderer.init-0.0.0] startup
2026-10-04 22:19:41 [1,521ms] [Warning] [omni.platforminfo.plugin] failed to open the default display.  Can't verify X Server version.
[01:19:42] на GPU 7 чужие процессы: 284421; запас памяти 1536 MiB, наш потолок 6144 MiB
2026-10-04 22:19:48 [7,920ms] [Warning] [carb.cudainterop.plugin] CUDA_VISIBLE_DEVICES environment variable is set.
2026-10-04 22:19:48 [7,920ms] [Warning] [carb.cudainterop.plugin] Note CUDA device enumeration and Omniverse device enumeration are different.
2026-10-04 22:19:48 [7,920ms] [Warning] [carb.cudainterop.plugin] Setting CUDA_VISIBLE_DEVICES can lead to undesired behavior or crashes.

|---------------------------------------------------------------------------------------------|
| Driver Version: 575.57.08     | Graphics API: Vulkan
|=============================================================================================|
| GPU | Name                             | Active | LDA | GPU Memory | Vendor-ID | LUID       |
|     |                                  |        |     |            | Device-ID | UUID       |
|     |                                  |        |     |            | Bus-ID    |            |
|---------------------------------------------------------------------------------------------|
| 0   | NVIDIA GeForce RTX 2080 Ti       | Yes: 0 |     | 11510   MB | 10de      | 0          |
|     |                                  |        |     |            | 1e04      | d9fc0582.. |
|     |                                  |        |     |            | 8         |            |
|=============================================================================================|
| OS: 20.04.6 LTS (Focal Fossa) ubuntu, Version: 20.04.6, Kernel: 5.15.0-139-generic
| Processor: AMD EPYC 7552 48-Core Processor
| Cores: 48 | Logical Cores: 48
|---------------------------------------------------------------------------------------------|
| Total Memory (MB): 515967 | Free Memory: 322689
| Total Page/Swap (MB): 67583 | Free Page/Swap: 17592186044409
|---------------------------------------------------------------------------------------------|
[40.023s] [ext: omni.kit.pipapi-0.0.0] startup
[40.027s] [ext: omni.materialx.libs-1.0.6] startup
[40.051s] [ext: omni.kit.pip_archive-0.0.0] startup
[40.052s] [ext: omni.usd.config-1.0.5] startup
[40.063s] [ext: omni.gpucompute.plugins-0.0.0] startup
[40.064s] [ext: omni.usd.libs-1.0.1] startup
[40.214s] [ext: omni.mdl-55.0.1] startup
[40.247s] [ext: omni.iray.libs-0.0.0] startup
[40.260s] [ext: omni.mdl.neuraylib-0.2.10] startup
[40.264s] [ext: omni.kit.usd.mdl-1.0.7] startup
[40.443s] [ext: omni.kit.telemetry-0.5.1] startup
[40.496s] [ext: omni.kit.loop-isaac-1.2.1] startup
[40.506s] [ext: omni.kit.test-1.1.2] startup
[41.037s] [ext: omni.appwindow-1.1.9] startup
2026-10-04 22:20:20 [40,319ms] [Warning] [carb.windowing-glfw.plugin] GLFW initialization failed.
2026-10-04 22:20:20 [40,319ms] [Warning] [carb] Failed to startup plugin carb.windowing-glfw.plugin (interfaces: [carb::windowing::IGLContext v1.0],[carb::windowing::IWindowing v1.5]) (impl: carb.windowing-glfw.plugin)
[41.052s] [ext: omni.kit.renderer.core-1.0.2] startup
2026-10-04 22:20:24 [44,132ms] [Warning] [carb.windowing-glfw.plugin] GLFW initialization failed.
2026-10-04 22:20:24 [44,133ms] [Warning] [carb] Failed to startup plugin carb.windowing-glfw.plugin (interfaces: [carb::windowing::IGLContext v1.0],[carb::windowing::IWindowing v1.5]) (impl: carb.windowing-glfw.plugin)
2026-10-04 22:20:24 [44,217ms] [Warning] [carb.windowing-glfw.plugin] GLFW initialization failed.
2026-10-04 22:20:24 [44,217ms] [Warning] [carb] Failed to startup plugin carb.windowing-glfw.plugin (interfaces: [carb::windowing::IGLContext v1.0],[carb::windowing::IWindowing v1.5]) (impl: carb.windowing-glfw.plugin)
[44.945s] [ext: omni.kit.renderer.capture-0.0.0] startup
[44.956s] [ext: omni.kit.renderer.imgui-1.0.2] startup
2026-10-04 22:20:24 [44,248ms] [Warning] [carb.windowing-glfw.plugin] GLFW initialization failed.
2026-10-04 22:20:24 [44,249ms] [Warning] [carb] Failed to startup plugin carb.windowing-glfw.plugin (interfaces: [carb::windowing::IGLContext v1.0],[carb::windowing::IWindowing v1.5]) (impl: carb.windowing-glfw.plugin)
2026-10-04 22:20:24 [44,253ms] [Warning] [carb.windowing-glfw.plugin] GLFW initialization failed.
2026-10-04 22:20:24 [44,253ms] [Warning] [carb] Failed to startup plugin carb.windowing-glfw.plugin (interfaces: [carb::windowing::IGLContext v1.0],[carb::windowing::IWindowing v1.5]) (impl: carb.windowing-glfw.plugin)
2026-10-04 22:20:24 [44,256ms] [Warning] [carb.windowing-glfw.plugin] GLFW initialization failed.
2026-10-04 22:20:24 [44,257ms] [Warning] [carb] Failed to startup plugin carb.windowing-glfw.plugin (interfaces: [carb::windowing::IGLContext v1.0],[carb::windowing::IWindowing v1.5]) (impl: carb.windowing-glfw.plugin)
[45.529s] [ext: omni.ui-2.26.5] startup
[45.554s] [ext: omni.kit.mainwindow-1.0.3] startup
[45.556s] [ext: carb.audio-0.1.0] startup
[45.568s] [ext: omni.uiaudio-1.0.0] startup
[45.575s] [ext: omni.kit.uiapp-0.0.0] startup
[45.579s] [ext: omni.usd.schema.metrics.assembler-106.5.0] startup
[45.599s] [ext: omni.usd.schema.anim-0.0.0] startup
[45.730s] [ext: omni.usd.schema.audio-0.0.0] startup
[45.740s] [ext: omni.usd.schema.isaac-3.0.2] startup
[45.741s] [ext: omni.usd.schema.omnigraph-1.0.0] startup
[45.762s] [ext: omni.usd.schema.forcefield-106.5.7] startup
[45.801s] [ext: omni.usd.schema.semantics-0.0.0] startup
[45.807s] [ext: omni.usd.schema.physx-106.5.7] startup
[45.850s] [ext: omni.usd.schema.geospatial-0.0.0] startup
[45.855s] [ext: omni.usd_resolver-1.0.0] startup
[45.865s] [ext: omni.kit.window.popup_dialog-2.0.24] startup
[45.873s] [ext: usdrt.scenegraph-7.5.1] startup
[45.946s] [ext: omni.timeline-1.0.11] startup
[45.951s] [ext: omni.usd.core-1.4.2] startup
[45.958s] [ext: omni.resourcemonitor-107.0.0] startup
[45.966s] [ext: omni.activity.core-1.0.1] startup
[45.970s] [ext: omni.kit.widget.nucleus_connector-1.1.10] startup
[45.979s] [ext: omni.hydra.usdrt_delegate-7.5.1] startup
[46.199s] [ext: omni.kit.actions.core-1.0.0] startup
[46.239s] [ext: omni.graph.exec-0.9.4] startup
[46.242s] [ext: omni.kit.commands-1.4.9] startup
[46.251s] [ext: omni.kit.usd_undo-0.1.8] startup
[46.255s] [ext: omni.kit.exec.core-0.13.4] startup
[46.265s] [ext: omni.kit.audiodeviceenum-1.0.1] startup
[46.269s] [ext: omni.hydra.scene_delegate-0.3.3] startup
[46.281s] [ext: omni.usd-1.12.4] startup
[46.552s] [ext: omni.inspect-1.0.1] startup
[46.557s] [ext: omni.kit.notification_manager-1.0.9] startup
[46.565s] [ext: omni.graph.core-2.181.8] startup
[46.586s] [ext: isaacsim.core.deprecation_manager-0.2.2] startup
[46.591s] [ext: omni.usd.schema.omniscripting-1.0.0] startup
[46.614s] [ext: isaacsim.robot.schema-3.1.2] startup
[46.640s] [ext: omni.kit.asset_converter-2.8.3] startup
[46.698s] [ext: omni.kit.menu.core-1.1.2] startup
[46.709s] [ext: omni.kvdb-106.5.7] startup
[46.727s] [ext: omni.kit.widget.context_menu-1.2.4] startup
[46.731s] [ext: omni.kit.usd.layers-2.2.0] startup
[47.119s] [ext: omni.kit.property.adapter.core-1.0.2] startup
[47.180s] [ext: omni.localcache-106.5.7] startup
[47.306s] [ext: omni.convexdecomposition-106.5.7] startup
[47.589s] [ext: omni.warp.core-1.5.0] startup
[48.173s] [ext: omni.kit.context_menu-1.8.3] startup
[48.191s] [ext: omni.kit.hotkeys.core-1.3.10] startup
[48.209s] [ext: omni.kit.property.adapter.fabric-1.0.3] startup
[48.213s] [ext: omni.usdphysics-106.5.7] startup
[48.220s] [ext: omni.kit.widget.path_field-2.0.11] startup
[48.223s] [ext: omni.kit.widget.options_menu-1.1.6] startup
[48.228s] [ext: omni.kit.helper.file_utils-0.1.9] startup
[48.232s] [ext: omni.kit.widget.browser_bar-2.0.10] startup
[48.234s] [ext: omni.kit.widget.options_button-1.0.3] startup
[48.236s] [ext: omni.kit.widget.filebrowser-2.10.52] startup
[48.324s] [ext: omni.kit.clipboard-1.0.5] startup
[48.327s] [ext: omni.graph.tools-1.79.1] startup
[48.378s] [ext: omni.ui.scene-1.11.2] startup
[48.388s] [ext: omni.graph.image.core-0.6.0] startup
[48.392s] [ext: omni.kit.window.filepicker-2.11.7] startup
[48.419s] [ext: omni.kit.widget.searchfield-1.1.8] startup
[48.422s] [ext: omni.graph.image.nodes-1.3.0] startup
[48.430s] [ext: omni.graph-1.140.2] startup
[48.510s] [ext: omni.kit.window.file_exporter-1.0.31] startup
[48.518s] [ext: omni.kit.widget.filter-1.1.4] startup
[48.525s] [ext: omni.physx.foundation-106.5.7] startup
[48.536s] [ext: omni.graph.nodes-1.162.1] startup
[48.555s] [ext: omni.kit.widget.stage-2.11.6] startup
[48.591s] [ext: omni.hydra.rtx.shadercache.vulkan-1.0.0] startup
[48.597s] [ext: omni.hydra.engine.stats-1.0.3] startup
[48.602s] [ext: omni.graph.action_core-1.1.7] startup
[48.610s] [ext: omni.kit.widget.highlight_label-1.0.3] startup
[48.613s] [ext: omni.ujitso.processor.texture-1.0.0] startup
[48.618s] [ext: omni.index.libs-380600.1777.0] startup
[48.618s] [ext: omni.kit.window.file_importer-1.1.14] startup
[48.621s] [ext: omni.kit.stage_template.core-1.1.22] startup
[48.625s] [ext: omni.volume-0.5.0] startup
[48.636s] [ext: omni.ujitso.client-0.0.0] startup
[48.639s] [ext: omni.index-1.0.1] startup
[48.641s] [ext: omni.kit.window.file-1.3.57] startup
[48.648s] [ext: omni.hydra.rtx-1.0.0] startup
2026-10-04 22:20:28 [47,957ms] [Warning] [omni.log] Source: omni.hydra was already registered.
[48.710s] [ext: omni.kit.viewport.registry-104.0.6] startup
[48.712s] [ext: omni.kit.viewport.legacy_gizmos-1.0.16] startup
[48.723s] [ext: omni.kit.raycast.query-1.0.5] startup
[48.735s] [ext: omni.kit.viewport.scene_camera_model-1.0.5] startup
[48.748s] [ext: omni.kit.hydra_texture-1.4.0] startup
[48.761s] [ext: omni.kit.menu.utils-1.7.7] startup
[48.775s] [ext: omni.kit.window.drop_support-1.0.4] startup
[48.780s] [ext: omni.kit.widget.viewport-107.0.7] startup
[48.791s] [ext: omni.kit.material.library-1.5.15] startup
[48.806s] [ext: omni.kit.window.content_browser_registry-0.0.6] startup
[48.810s] [ext: omni.kit.viewport.window-107.0.8] startup
[48.852s] [ext: omni.graph.action_nodes-1.40.1] startup
[48.865s] [ext: omni.kit.window.property-1.11.5] startup
[48.881s] [ext: omni.kit.window.content_browser-2.10.3] startup
[49.004s] [ext: omni.kit.property.adapter.usd-1.0.2] startup
[49.051s] [ext: omni.kit.viewport.utility-1.0.18] startup
[49.063s] [ext: omni.graph.action-1.120.0] startup
[49.133s] [ext: omni.kit.property.usd-4.2.16] startup
[49.164s] [ext: omni.physx.cooking-106.5.7] startup
[49.202s] [ext: omni.kit.widget.stage_icons-1.0.6] startup
[49.219s] [ext: omni.kit.widget.zoombar-1.0.5] startup
[49.242s] [ext: omni.physics.tensors-106.5.7] startup
[49.259s] [ext: omni.kit.widget.prompt-1.0.7] startup
[49.263s] [ext: omni.kit.usd.collect-2.2.22] startup
[49.271s] [ext: omni.physx-106.5.7] startup
[49.294s] [ext: omni.kit.window.stage-2.5.11] startup
[49.306s] [ext: omni.kit.browser.core-2.3.11] startup
[49.331s] [ext: omni.kit.widget.text_editor-1.0.2] startup
[49.343s] [ext: omni.physx.tensors-106.5.7] startup
[50.848s] [ext: omni.kit.tool.collect-2.2.16] startup
[50.943s] [ext: omni.kit.menu.stage-1.2.5] startup
[50.948s] [ext: omni.kit.browser.folder.core-1.10.1] startup
[50.963s] [ext: omni.warp-1.5.0] startup
[50.973s] [ext: isaacsim.examples.browser-0.1.8] startup
[50.983s] [ext: omni.physx.stageupdate-106.5.7] startup
[50.992s] [ext: omni.kit.numpy.common-0.1.2] startup
[51.002s] [ext: isaacsim.core.version-2.0.2] startup
[51.022s] [ext: omni.isaac.dynamic_control-1.3.15] startup
2026-10-04 22:20:30 [50,321ms] [Warning] [omni.isaac.dynamic_control] omni.isaac.dynamic_control is deprecated as of Isaac Sim 4.5. No action is needed from end-users.
[51.048s] [ext: isaacsim.storage.native-1.0.6] startup
[51.112s] [ext: omni.kit.menu.create-1.0.17] startup
[51.119s] [ext: isaacsim.core.utils-2.2.8] startup
[51.142s] [ext: omni.kit.widget.searchable_combobox-1.0.6] startup
[51.151s] [ext: omni.kit.primitive.mesh-1.0.17] startup
[51.164s] [ext: isaacsim.core.simulation_manager-0.3.3] startup
[54.385s] [ext: omni.kit.scripting-106.5.2] startup
[54.397s] [ext: omni.kit.stage_templates-1.2.6] startup
[54.536s] [ext: isaacsim.core.prims-0.3.7] startup
[54.937s] [ext: isaacsim.replicator.behavior-1.0.8] startup
[54.943s] [ext: isaacsim.core.api-4.2.16] startup
[54.983s] [ext: omni.ui_query-1.1.7] startup
[54.992s] [ext: omni.kit.manipulator.viewport-107.0.1] startup
[55.000s] [ext: omni.kit.ui_test-1.3.3] startup
[55.003s] [ext: omni.kit.window.extensions-1.4.25] startup
[55.021s] [ext: omni.graph.visualization.nodes-2.1.1] startup
[55.043s] [ext: omni.kit.tool.asset_importer-2.12.2] startup
[55.319s] [ext: isaacsim.gui.components-1.0.9] startup
[55.329s] [ext: omni.kit.widget.settings-1.2.2] startup
[55.333s] [ext: omni.kit.widget.graph-1.12.17] startup
[55.655s] [ext: omni.kit.window.preferences-1.7.0] startup
[55.672s] [ext: omni.kit.graph.delegate.default-1.2.2] startup
[55.681s] [ext: omni.kit.viewport.menubar.core-107.1.2] startup
[55.727s] [ext: omni.kit.widget.material_preview-1.0.16] startup
[55.732s] [ext: omni.kit.graph.usd.commands-1.3.1] startup
[55.744s] [ext: omni.kit.graph.editor.core-1.5.3] startup
[55.754s] [ext: omni.syntheticdata-0.6.10] startup
[55.815s] [ext: omni.kit.window.material_graph-1.8.19] startup
[56.070s] [ext: omni.graph.scriptnode-1.40.1] startup
[56.076s] [ext: isaacsim.core.cloner-1.3.4] startup
[56.252s] [ext: omni.replicator.core-1.11.35] startup
Warp 1.5.0 initialized:
   CUDA Toolkit 11.8, Driver 12.9
   Devices:
     "cpu"      : "x86_64"
     "cuda:0"   : "NVIDIA GeForce RTX 2080 Ti" (11 GiB, sm_75, mempool enabled)
   Kernel cache:
     /home/Invader17/grasp_task/.cache/warp
2026-10-04 22:20:38 [58,247ms] [Warning] [omni.replicator.core.scripts.extension] No material configuration file, adding configuration to material settings directly.
[58.992s] [ext: omni.isaac.cloner-1.0.2] startup
2026-10-04 22:20:38 [58,395ms] [Warning] [omni.isaac.cloner] omni.isaac.cloner has been deprecated in favor of isaacsim.core.cloner. Please update your code accordingly.
[59.120s] [ext: isaacsim.core.nodes-2.1.4] startup
[59.998s] [ext: isaacsim.asset.importer.urdf-2.3.10] startup
[63.476s] [ext: omni.isaac.core-4.0.3] startup
2026-10-04 22:20:42 [62,772ms] [Warning] [omni.isaac.core.physics_context.physics_context] omni.isaac.core.physics_context.physics_context has been deprecated in favor of isaacsim.core.api.physics_context.physics_context. Please update your code accordingly.
2026-10-04 22:20:42 [62,773ms] [Warning] [omni.isaac.core.simulation_context.simulation_context] omni.isaac.core.simulation_context.simulation_context has been deprecated in favor of isaacsim.core.api.simulation_context.simulation_context. Please update your code accordingly.
2026-10-04 22:20:42 [62,775ms] [Warning] [omni.isaac.core.world.world] omni.isaac.core.world.world has been deprecated in favor of isaacsim.core.api.world.world. Please update your code accordingly.
2026-10-04 22:20:42 [62,776ms] [Warning] [omni.isaac.core] omni.isaac.core has been deprecated in favor of isaacsim.core.api. Please update your code accordingly.
[63.500s] [ext: omni.isaac.core_nodes-2.0.2] startup
2026-10-04 22:20:42 [62,783ms] [Warning] [omni.isaac.core_nodes] omni.isaac.core_nodes has been deprecated in favor of isaacsim.core.nodes. Please update your code accordingly.
[63.515s] [ext: omni.anim.curve.core-1.2.0] startup
[65.528s] [ext: isaacsim.robot_motion.lula-4.0.4] startup
[65.890s] [ext: isaacsim.asset.importer.mjcf-2.3.3] startup
[66.429s] [ext: isaacsim.robot_motion.motion_generation-8.0.6] startup
[66.515s] [ext: isaacsim.asset.browser-1.3.4] startup
[66.590s] [ext: isaacsim.robot.surface_gripper-2.0.6] startup
[66.598s] [ext: omni.kit.selection-0.1.5] startup
[66.600s] [ext: isaacsim.robot_motion.lula_test_widget-1.0.5] startup
[66.604s] [ext: omni.isaac.assets_check-0.3.9] startup
2026-10-04 22:20:46 [65,881ms] [Warning] [omni.isaac.assets_check] omni.isaac.assets_check has been deprecated in favor of isaacsim.asset.browser. Please update your code accordingly.
[66.617s] [ext: isaacsim.robot.manipulators-3.0.4] startup
[66.628s] [ext: isaacsim.sensors.physics-0.3.5] startup
[66.966s] [ext: isaacsim.gui.menu-2.0.9] startup
[67.382s] [ext: omni.isaac.lula_test_widget-1.0.2] startup
2026-10-04 22:20:47 [66,917ms] [Warning] [omni.isaac.lula_test_widget] omni.isaac.lula_test_widget has been deprecated in favor of isaacsim.robot_motion.lula_test_widget. Please update your code accordingly.
[68.315s] [ext: omni.sensors.nv.common-2.5.0-coreapi] startup
[68.770s] [ext: omni.isaac.manipulators-3.0.3] startup
2026-10-04 22:20:48 [68,048ms] [Warning] [omni.isaac.manipulators] omni.isaac.manipulators has been deprecated in favor of isaacsim.robot.manipulators. Please update your code accordingly.
2026-10-04 22:20:48 [68,048ms] [Warning] [omni.isaac.manipulators.controllers] omni.isaac.manipulators has been deprecated in favor of isaacsim.robot.manipulators. Please update your code accordingly.
2026-10-04 22:20:48 [68,048ms] [Warning] [omni.isaac.manipulators.controllers.pick_place_controller] omni.isaac.manipulators has been deprecated in favor of isaacsim.robot.manipulators. Please update your code accordingly.
2026-10-04 22:20:48 [68,050ms] [Warning] [omni.isaac.manipulators.controllers.stacking_controller] omni.isaac.manipulators has been deprecated in favor of isaacsim.robot.manipulators. Please update your code accordingly.
2026-10-04 22:20:48 [68,103ms] [Warning] [omni.isaac.manipulators.grippers] omni.isaac.manipulators has been deprecated in favor of isaacsim.robot.manipulators. Please update your code accordingly.
2026-10-04 22:20:48 [68,103ms] [Warning] [omni.isaac.manipulators.grippers.gripper] omni.isaac.manipulators has been deprecated in favor of isaacsim.robot.manipulators. Please update your code accordingly.
2026-10-04 22:20:48 [68,104ms] [Warning] [omni.isaac.manipulators.grippers.parallel_gripper] omni.isaac.manipulators has been deprecated in favor of isaacsim.robot.manipulators. Please update your code accordingly.
2026-10-04 22:20:48 [68,105ms] [Warning] [omni.isaac.manipulators.grippers.surface_gripper] omni.isaac.manipulators has been deprecated in favor of isaacsim.robot.manipulators. Please update your code accordingly.
2026-10-04 22:20:48 [68,105ms] [Warning] [omni.isaac.manipulators.manipulators] omni.isaac.manipulators has been deprecated in favor of isaacsim.robot.manipulators. Please update your code accordingly.
2026-10-04 22:20:48 [68,107ms] [Warning] [omni.isaac.manipulators.manipulators.single_manipulator] omni.isaac.manipulators has been deprecated in favor of isaacsim.robot.manipulators. Please update your code accordingly.
[68.925s] [ext: isaacsim.robot.policy.examples-4.0.3] startup
[68.943s] [ext: omni.isaac.menu-1.0.2] startup
2026-10-04 22:20:48 [68,229ms] [Warning] [omni.isaac.menu] omni.isaac.menu has been deprecated in favor of isaacsim.gui.menu. Please update your code accordingly.
[68.977s] [ext: omni.isaac.motion_generation-8.0.2] startup
2026-10-04 22:20:48 [68,254ms] [Warning] [omni.isaac.motion_generation] omni.isaac.motion_generation has been deprecated in favor of isaacsim.robot_motion.motion_generation. Please update your code accordingly.
2026-10-04 22:20:48 [68,255ms] [Warning] [omni.isaac.motion_generation.articulation_kinematics_solver] omni.isaac.motion_generation has been deprecated in favor of isaacsim.robot_motion.motion_generation. Please update your code accordingly.
2026-10-04 22:20:48 [68,255ms] [Warning] [omni.isaac.motion_generation.articulation_motion_policy] omni.isaac.motion_generation has been deprecated in favor of isaacsim.robot_motion.motion_generation. Please update your code accordingly.
2026-10-04 22:20:48 [68,255ms] [Warning] [omni.isaac.motion_generation.articulation_trajectory] omni.isaac.motion_generation has been deprecated in favor of isaacsim.robot_motion.motion_generation. Please update your code accordingly.
2026-10-04 22:20:48 [68,256ms] [Warning] [omni.isaac.motion_generation.kinematics_interface] omni.isaac.motion_generation has been deprecated in favor of isaacsim.robot_motion.motion_generation. Please update your code accordingly.
2026-10-04 22:20:48 [68,256ms] [Warning] [omni.isaac.motion_generation.lula] omni.isaac.motion_generation has been deprecated in favor of isaacsim.robot_motion.motion_generation. Please update your code accordingly.
2026-10-04 22:20:48 [68,257ms] [Warning] [omni.isaac.motion_generation.lula.kinematics] omni.isaac.motion_generation has been deprecated in favor of isaacsim.robot_motion.motion_generation. Please update your code accordingly.
2026-10-04 22:20:48 [68,257ms] [Warning] [omni.isaac.motion_generation.lula.motion_policies] omni.isaac.motion_generation has been deprecated in favor of isaacsim.robot_motion.motion_generation. Please update your code accordingly.
2026-10-04 22:20:48 [68,258ms] [Warning] [omni.isaac.motion_generation.lula.path_planners] omni.isaac.motion_generation has been deprecated in favor of isaacsim.robot_motion.motion_generation. Please update your code accordingly.
2026-10-04 22:20:48 [68,259ms] [Warning] [omni.isaac.motion_generation.lula.trajectory_generator] omni.isaac.motion_generation has been deprecated in favor of isaacsim.robot_motion.motion_generation. Please update your code accordingly.
2026-10-04 22:20:48 [68,259ms] [Warning] [omni.isaac.motion_generation.motion_policy_controller] omni.isaac.motion_generation has been deprecated in favor of isaacsim.robot_motion.motion_generation. Please update your code accordingly.
2026-10-04 22:20:48 [68,260ms] [Warning] [omni.isaac.motion_generation.motion_policy_interface] omni.isaac.motion_generation has been deprecated in favor of isaacsim.robot_motion.motion_generation. Please update your code accordingly.
2026-10-04 22:20:48 [68,260ms] [Warning] [omni.isaac.motion_generation.path_planner_visualizer] omni.isaac.motion_generation has been deprecated in favor of isaacsim.robot_motion.motion_generation. Please update your code accordingly.
2026-10-04 22:20:48 [68,261ms] [Warning] [omni.isaac.motion_generation.path_planning_interface] omni.isaac.motion_generation has been deprecated in favor of isaacsim.robot_motion.motion_generation. Please update your code accordingly.
2026-10-04 22:20:48 [68,261ms] [Warning] [omni.isaac.motion_generation.trajectory] omni.isaac.motion_generation has been deprecated in favor of isaacsim.robot_motion.motion_generation. Please update your code accordingly.
2026-10-04 22:20:48 [68,262ms] [Warning] [omni.isaac.motion_generation.world_interface] omni.isaac.motion_generation has been deprecated in favor of isaacsim.robot_motion.motion_generation. Please update your code accordingly.
[68.987s] [ext: omni.sensors.nv.materials-1.4.0-coreapi] startup
[69.030s] [ext: omni.isaac.nucleus-1.0.3] startup
2026-10-04 22:20:48 [68,311ms] [Warning] [omni.isaac.nucleus] omni.isaac.nucleus has been deprecated in favor of isaacsim.storage.native. Please update your code accordingly.
2026-10-04 22:20:48 [68,311ms] [Warning] [omni.isaac.nucleus.nucleus] omni.isaac.nucleus.nucleus has been deprecated in favor of isaacsim.storage.native. Please update your code accordingly.
[69.038s] [ext: omni.isaac.quadruped-3.0.2] startup
2026-10-04 22:20:48 [68,315ms] [Warning] [omni.isaac.quadruped] omni.isaac.quadruped has been deprecated in favor of isaacsim.robot.policy.examples. Please update your code accordingly.
[69.040s] [ext: omni.kit.manipulator.selector-1.1.1] startup
[69.046s] [ext: omni.sensors.nv.wpm-2.4.0-coreapi] startup
[69.054s] [ext: omni.sensors.nv.lidar-2.6.3-coreapi] startup
[69.065s] [ext: omni.sensors.nv.ids-1.4.0-coreapi] startup
[69.080s] [ext: isaacsim.robot.manipulators.examples-1.0.3] startup
[69.083s] [ext: isaacsim.util.debug_draw-2.0.2] startup
[69.100s] [ext: omni.sensors.tiled-0.0.6] startup
[69.189s] [ext: omni.sensors.nv.radar-2.6.1-coreapi] startup
[70.161s] [ext: omni.kit.widget.toolbar-1.7.3] startup
[70.359s] [ext: omni.kit.manipulator.transform-106.0.1] startup
[70.374s] [ext: isaacsim.sensors.physx-2.2.4] startup
[70.393s] [ext: isaacsim.sensors.rtx-13.6.3] startup
[70.662s] [ext: isaacsim.sensors.camera-0.2.9] startup
[72.289s] [ext: isaacsim.cortex.framework-1.0.2] startup
[72.340s] [ext: omni.kit.manipulator.tool.snap-1.5.12] startup
[72.583s] [ext: omni.isaac.range_sensor-4.0.2] startup
[73.232s] [ext: omni.isaac.surface_gripper-2.0.2] startup
2026-10-04 22:20:52 [72,509ms] [Warning] [omni.isaac.surface_gripper] omni.isaac.surface_gripper has been deprecated in favor of isaacsim.robot.surface_gripper. Please update your code accordingly.
[73.233s] [ext: omni.isaac.sensor-13.0.3] startup
2026-10-04 22:20:52 [72,510ms] [Warning] [omni.isaac.sensor] omni.isaac.sensor has been deprecated in favor of isaacsim.sensors.camera, isaacsim.sensors.physics, isaacsim.sensors.physx, and isaacsim.sensors.rtx. Please update your code accordingly.
2026-10-04 22:20:52 [72,510ms] [Warning] [omni.isaac.sensor.camera] omni.isaac.sensor.camera has been deprecated in favor of isaacsim.sensors.camera.camera. Please update your code accordingly.
2026-10-04 22:20:52 [72,511ms] [Warning] [omni.isaac.sensor.camera_view] omni.isaac.sensor.camera_view has been deprecated in favor of isaacsim.sensors.camera.camera_view. Please update your code accordingly.
2026-10-04 22:20:52 [72,511ms] [Warning] [omni.isaac.sensor.commands] omni.isaac.sensor.commands has been deprecated in favor of isaacsim.sensors.physics.commands, isaacsim.sensors.physx.commands, and isaacsim.sensors.rtx.commands. Please update your code accordingly.
2026-10-04 22:20:52 [72,511ms] [Warning] [omni.isaac.sensor.contact_sensor] omni.isaac.sensor.contact_sensor has been deprecated in favor of isaacsim.sensors.physics.contact_sensor. Please update your code accordingly.
2026-10-04 22:20:52 [72,512ms] [Warning] [omni.isaac.sensor.imu_sensor] omni.isaac.sensor.imu_sensor has been deprecated in favor of isaacsim.sensors.physics.imu_sensor. Please update your code accordingly.
2026-10-04 22:20:52 [72,512ms] [Warning] [omni.isaac.sensor.lidar_rtx] omni.isaac.sensor.lidar_rtx has been deprecated in favor of isaacsim.sensors.rtx.lidar_rtx. Please update your code accordingly.
2026-10-04 22:20:52 [72,512ms] [Warning] [omni.isaac.sensor.rotating_lidar_physX] omni.isaac.sensor.imu_sensor has been deprecated in favor of isaacsim.sensors.physix.rotating_lidar_physX. Please update your code accordingly.
2026-10-04 22:20:52 [72,513ms] [Warning] [omni.isaac.sensor.scripts.samples.contact_sensor] omni.isaac.sensor.scripts.samples.contact_sensor has been deprecated in favor of isaacsim.sensors.physics.scripts.samples.contact_sensor. Please update your code accordingly.
2026-10-04 22:20:53 [72,876ms] [Warning] [omni.isaac.sensor.scripts.samples.imu_sensor] omni.isaac.sensor.scripts.samples.imu_sensor has been deprecated in favor of isaacsim.sensors.physics.scripts.samples.imu_sensor. Please update your code accordingly.
2026-10-04 22:20:53 [72,876ms] [Warning] [omni.isaac.sensor.scripts.samples.lightbeam_sensor] omni.isaac.sensor.scripts.samples.lightbeam_sensor has been deprecated in favor of isaacsim.sensors.physx.scripts.samples.lightbeam_sensor. Please update your code accordingly.
[73.601s] [ext: omni.isaac.cortex-1.0.2] startup
2026-10-04 22:20:53 [72,894ms] [Warning] [omni.isaac.cortex] omni.isaac.cortex has been deprecated in favor of isaacsim.cortex.framework. Please update your code accordingly.
[73.618s] [ext: omni.kit.viewport.manipulator.transform-107.0.4] startup
[73.626s] [ext: omni.debugdraw-0.1.3] startup
[73.639s] [ext: omni.isaac.universal_robots-1.0.2] startup
2026-10-04 22:20:53 [72,917ms] [Warning] [omni.isaac.universal_robots] omni.isaac.universal_robots has been deprecated in favor of isaacsim.robot.manipulators.examples.universal_robots. Please update your code accordingly.
2026-10-04 22:20:53 [72,917ms] [Warning] [omni.isaac.universal_robots.kinematics_solver] omni.isaac.franka has been deprecated in favor of isaacsim.robot.manipulators.examples.universal_robots. Please update your code accordingly.
2026-10-04 22:20:53 [72,919ms] [Warning] [omni.isaac.universal_robots.ur10] omni.isaac.franka has been deprecated in favor of isaacsim.robot.manipulators.examples.universal_robots. Please update your code accordingly.
[73.643s] [ext: omni.isaac.utils-2.0.2] startup
[73.652s] [ext: omni.kit.manipulator.prim.core-107.0.7] startup
[73.689s] [ext: omni.fabric.commands-1.1.5] startup
[73.703s] [ext: omni.kit.manipulator.selection-106.0.1] startup
[73.706s] [ext: omni.kit.viewport.actions-107.0.0] startup
[73.719s] [ext: omni.kit.manipulator.prim.usd-107.0.3] startup
[73.723s] [ext: omni.kit.manipulator.prim.fabric-107.0.4] startup
[73.726s] [ext: isaacsim.cortex.behaviors-2.0.3] startup
[73.738s] [ext: omni.kit.widget.layers-1.8.2] startup
[73.780s] [ext: omni.kit.viewport.menubar.display-107.0.3] startup
[73.788s] [ext: omni.kit.manipulator.prim-107.0.0] startup
[73.794s] [ext: omni.isaac.cortex.sample_behaviors-2.0.2] startup
2026-10-04 22:20:53 [73,071ms] [Warning] [omni.isaac.cortex.sample_behaviors] omni.isaac.cortex.sample_behaviors has been deprecated in favor of isaacsim.cortex.behaviors. Please update your code accordingly.
[73.795s] [ext: omni.graph.ui_nodes-1.40.1] startup
[73.815s] [ext: omni.usdphysics.ui-106.5.7] startup
[74.438s] [ext: omni.physx.commands-106.5.7] startup
[74.768s] [ext: omni.kit.property.camera-1.0.9] startup
[74.779s] [ext: omni.hydra.scene_api-0.1.2] startup
[75.031s] [ext: omni.kit.property.geometry-1.3.3] startup
[75.095s] [ext: omni.kit.property.light-1.0.11] startup
[75.109s] [ext: omni.physx.ui-106.5.7] startup
[75.192s] [ext: omni.kit.property.material-1.10.17] startup
[75.213s] [ext: omni.kit.property.render-1.1.3] startup
[75.218s] [ext: omni.kit.property.transform-1.5.10] startup
[75.228s] [ext: omni.kit.property.audio-1.0.16] startup
[75.232s] [ext: isaacsim.gui.property-1.0.4] startup
[75.240s] [ext: omni.physx.demos-106.5.7] startup
[75.515s] [ext: omni.kit.property.physx-106.5.7] startup
[75.733s] [ext: omni.isaac.lula-4.0.2] startup
2026-10-04 22:20:55 [75,015ms] [Warning] [omni.isaac.lula] omni.isaac.lula has been deprecated in favor of isaacsim.robot_motion.lula. Please update your code accordingly.
[75.743s] [ext: omni.kit.property.bundle-1.3.2] startup
[75.749s] [ext: omni.kit.property.isaac-1.0.2] startup
2026-10-04 22:20:55 [75,028ms] [Warning] [omni.kit.property.isaac] omni.kit.property.isaac has been deprecated in favor of isaacsim.gui.property. Please update your code accordingly.
2026-10-04 22:20:55 [75,029ms] [Warning] [omni.kit.property.isaac.widgets] omni.kit.property.isaac.widgets has been deprecated in favor of isaacsim.gui.property.widgets. Please update your code accordingly.
[75.754s] [ext: omni.physx.vehicle-106.5.7] startup
[75.837s] [ext: omni.kit.viewport.menubar.camera-107.0.2] startup
[75.867s] [ext: omni.kit.viewport.menubar.lighting-106.0.2] startup
[75.878s] [ext: omni.kit.viewport.menubar.render-107.0.8] startup
[75.900s] [ext: omni.kit.viewport.menubar.settings-107.0.3] startup
[75.911s] [ext: omni.kit.window.console-0.2.14] startup
[75.947s] [ext: omni.physx.camera-106.5.7] startup
[75.988s] [ext: omni.kit.window.toolbar-1.6.2] startup
[76.001s] [ext: omni.isaac.version-2.0.2] startup
2026-10-04 22:20:55 [75,279ms] [Warning] [omni.isaac.version] omni.isaac.version has been deprecated in favor of isaacsim.core.version. Please update your code accordingly.
[76.004s] [ext: isaacsim.robot.wheeled_robots-4.0.3] startup
[76.019s] [ext: omni.physx.cct-106.5.7] startup
[76.070s] [ext: omni.physx.graph-106.5.7] startup
[76.145s] [ext: isaacsim.replicator.writers-1.0.1] startup
[76.304s] [ext: omni.physx.supportui-106.5.7] startup
[78.831s] [ext: omni.physx.telemetry-106.5.7] startup
[79.919s] [ext: omni.isaac.wheeled_robots-3.0.3] startup
2026-10-04 22:20:59 [79,196ms] [Warning] [omni.isaac.wheeled_robots] omni.isaac.wheeled_robots has been deprecated in favor of isaacsim.robot.wheeled_robots. Please update your code accordingly.
2026-10-04 22:20:59 [79,197ms] [Warning] [omni.isaac.wheeled_robots.controllers] omni.isaac.wheeled_robots has been deprecated in favor of isaacsim.robot.wheeled_robots. Please update your code accordingly.
2026-10-04 22:20:59 [79,201ms] [Warning] [omni.isaac.wheeled_robots.controllers.ackermann_controller] omni.isaac.wheeled_robots has been deprecated in favor of isaacsim.robot.wheeled_robots. Please update your code accordingly.
2026-10-04 22:20:59 [79,204ms] [Warning] [omni.isaac.wheeled_robots.controllers.differential_controller] omni.isaac.wheeled_robots has been deprecated in favor of isaacsim.robot.wheeled_robots. Please update your code accordingly.
2026-10-04 22:20:59 [79,205ms] [Warning] [omni.isaac.wheeled_robots.controllers.holonomic_controller] omni.isaac.wheeled_robots has been deprecated in favor of isaacsim.robot.wheeled_robots. Please update your code accordingly.
2026-10-04 22:20:59 [79,205ms] [Warning] [omni.isaac.wheeled_robots.controllers.quintic_path_planner] omni.isaac.wheeled_robots has been deprecated in favor of isaacsim.robot.wheeled_robots. Please update your code accordingly.
2026-10-04 22:20:59 [79,206ms] [Warning] [omni.isaac.wheeled_robots.controllers.stanley_control] omni.isaac.wheeled_robots has been deprecated in favor of isaacsim.robot.wheeled_robots. Please update your code accordingly.
2026-10-04 22:20:59 [79,206ms] [Warning] [omni.isaac.wheeled_robots.controllers.wheel_base_pose_controller] omni.isaac.wheeled_robots has been deprecated in favor of isaacsim.robot.wheeled_robots. Please update your code accordingly.
2026-10-04 22:20:59 [79,207ms] [Warning] [omni.isaac.wheeled_robots.impl] omni.isaac.wheeled_robots has been deprecated in favor of isaacsim.robot.wheeled_robots. Please update your code accordingly.
2026-10-04 22:20:59 [79,208ms] [Warning] [omni.isaac.wheeled_robots.robots] omni.isaac.wheeled_robots has been deprecated in favor of isaacsim.robot.wheeled_robots. Please update your code accordingly.
2026-10-04 22:20:59 [79,208ms] [Warning] [omni.isaac.wheeled_robots.robots.holonomic_robot_usd_setup] omni.isaac.wheeled_robots has been deprecated in favor of isaacsim.robot.wheeled_robots. Please update your code accordingly.
2026-10-04 22:20:59 [79,210ms] [Warning] [omni.isaac.wheeled_robots.robots.wheeled_robot] omni.isaac.wheeled_robots has been deprecated in favor of isaacsim.robot.wheeled_robots. Please update your code accordingly.
[79.999s] [ext: omni.isaac.franka-1.0.2] startup
2026-10-04 22:20:59 [79,329ms] [Warning] [omni.isaac.franka] omni.isaac.franka has been deprecated in favor of isaacsim.robot.manipulators.examples.franka. Please update your code accordingly.
2026-10-04 22:20:59 [79,329ms] [Warning] [omni.isaac.franka.franka] omni.isaac.franka has been deprecated in favor of isaacsim.robot.manipulators.examples.franka. Please update your code accordingly.
2026-10-04 22:20:59 [79,335ms] [Warning] [omni.isaac.franka.kinematics_solver] omni.isaac.franka has been deprecated in favor of isaacsim.robot.manipulators.examples.franka. Please update your code accordingly.
[80.318s] [ext: isaacsim.replicator.domain_randomization-1.0.2] startup
[80.367s] [ext: isaacsim.replicator.examples-1.1.2] startup
[80.389s] [ext: omni.kit.window.status_bar-0.1.7] startup
[80.438s] [ext: omni.rtx.window.settings-0.6.17] startup
[80.467s] [ext: omni.usd.metrics.assembler-106.5.0] startup
[80.502s] [ext: omni.physx.bundle-106.5.7] startup
[80.506s] [ext: isaacsim.app.about-2.0.7] startup
[80.510s] [ext: omni.replicator.isaac-2.0.3] startup
2026-10-04 22:21:00 [79,789ms] [Warning] [omni.replicator.isaac] omni.replicator.isaac has been deprecated in favor of isaacsim.replicator.domain_randomization, isaacsim.replicator.examples, isaacsim.replicator.writers. Please update your code accordingly.
[80.515s] [ext: omni.replicator.replicator_yaml-2.0.10] startup
[80.604s] [ext: omni.rtx.settings.core-0.6.3] startup
[80.627s] [ext: omni.usd.metrics.assembler.ui-106.5.0] startup
[80.640s] [ext: isaacsim.simulation_app-2.4.2] startup
[81.447s] [ext: omni.isaac.window.about-2.0.2] startup
2026-10-04 22:21:00 [80,726ms] [Warning] [omni.isaac.window.about] omni.isaac.window.about has been deprecated in favor of isaacsim.app.about. Please update your code accordingly.
2026-10-04 22:21:00 [80,727ms] [Warning] [omni.isaac.window.about.about] omni.isaac.window.about.about has been deprecated in favor of isaacsim.app.about.about. Please update your code accordingly.
[81.451s] [ext: semantics.schema.editor-0.3.10] startup
[81.518s] [ext: omni.kit.ui.actions-1.0.2] startup
[81.524s] [ext: semantics.schema.property-1.0.5] startup
[81.537s] [ext: omni.kit.manipulator.camera-106.0.3] startup
[81.544s] [ext: omni.isaac.kit-2.0.3] startup
2026-10-04 22:21:01 [80,843ms] [Warning] [omni.isaac.kit] omni.isaac.kit has been deprecated in favor of isaacsim.simulation_app. Please update your code accordingly.
[81.568s] [ext: omni.isaac.asset_browser-1.0.2] startup
2026-10-04 22:21:01 [80,850ms] [Warning] [omni.isaac.asset_browser] omni.isaac.asset_browser has been deprecated in favor of isaacsim.asset.browser. Please update your code accordingly.
[81.575s] [ext: isaacsim.core.throttling-2.0.2] startup
[81.595s] [ext: omni.kit.menu.common-1.1.9] startup
[81.600s] [ext: isaacsim.exp.base-4.5.0] startup
[81.627s] [ext: isaacsim.exp.base.python-4.5.0] startup
[81.631s] Simulation App Starting
2026-10-04 22:21:04 [84,163ms] [Warning] [carb.audio.device] audio device is misconfigured or broken {deviceIndex = 0, name = 'default'} (The device is likely misconfigured, check your $HOME/.asoundrc)
2026-10-04 22:21:04 [84,163ms] [Warning] [carb.audio.output] failed to retrieve the capabilities for device 0 {result = eDeviceLost (2)}
2026-10-04 22:21:04 [84,163ms] [Warning] [carb.audio.context] failed to set the requested output during context creation.  Using a null streamer instead {result = eDeviceLost (2)}
[85.685s] app ready
2026-10-04 22:21:07 [87,184ms] [Warning] [rtx.scenedb.plugin] SceneDbContext : TLAS limit buffer size 2921508224
2026-10-04 22:21:07 [87,194ms] [Warning] [rtx.scenedb.plugin] SceneDbContext : TLAS limit : valid true, within: false
2026-10-04 22:21:13 [93,741ms] [Warning] [omni.usd-abi.plugin] No setting was found for '/rtx-defaults-transient/meshlights/forceDisable'
2026-10-04 22:21:14 [94,253ms] [Warning] [omni.usd-abi.plugin] No setting was found for '/rtx-defaults/post/dlss/execMode'
2026-10-04 22:21:33 [113,485ms] [Warning] [rtx.postprocessing.plugin] DLSS increasing input dimensions: Render resolution of (320, 240) is below minimal input resolution of 300.
[115.634s] Simulation App Startup Complete
[isaac_app] renderer activeGpu=0 (want 0), multiGpu=False
app started in 115.9s
2026-10-04 22:21:41 [121,391ms] [Warning] [matplotlib.font_manager] Matplotlib is building the font cache; this may take a moment.
[134.628s] [ext: omni.physx.fabric-106.5.7] startup
2026-10-04 22:21:56 [136,409ms] [Warning] [omni.physicsschema.plugin] ScaleOrientation is not supported for rigid bodies, prim path: /World/envs/env_0/Robot/hande_left_finger. You may ignore this if the scale is close to uniform.
2026-10-04 22:21:56 [136,410ms] [Warning] [omni.physicsschema.plugin] ScaleOrientation is not supported for rigid bodies, prim path: /World/envs/env_0/Robot/hande_right_finger. You may ignore this if the scale is close to uniform.
2026-10-04 22:21:56 [136,543ms] [Warning] [omni.physx.plugin] Detected an articulation at /World/envs/env_0/Robot with more than 4 velocity iterations being added to a TGS scene.The related behavior changed recently, please consult the changelog. This warning will only print once.
2026-10-04 22:21:56 [136,609ms] [Warning] [omni.physx.tensors.plugin] Duplicate joint name 'FixedJoint' in articulation metatype
2026-10-04 22:21:56 [136,610ms] [Warning] [omni.physx.tensors.plugin] Duplicate joint name 'FixedJoint' in articulation metatype
2026-10-04 22:21:56 [136,611ms] [Warning] [omni.physx.tensors.plugin] Duplicate joint name 'FixedJoint' in articulation metatype
2026-10-04 22:21:56 [136,611ms] [Warning] [omni.physx.tensors.plugin] Duplicate joint name 'FixedJoint' in articulation metatype
[planner] база повёрнута на 0: якобиан расходится на 1.9997
[planner] база повёрнута на 180: якобиан расходится на 0.0000
[planner] T_post = [[-0.99996, 0.0, 0.00939, 0.00068], [0.00939, 0.0, 0.99996, 0.00046], [0.0, 1.0, -0.0, 0.21432], [-0.0, -0.0, -0.0, 1.0]]
[fly] затравка IK [1.21, -1.89, 2.21, -1.89, -1.57, 2.79], manip 0.131
env ready in 35.5s, столов 4
gif /home/Invader17/grasp_task/runs/fly4_20261005_011938/oracle_env0_chips.gif, 36 кадров
round 0: 3/4 взял, недостижимо 0, снёс 0, 37.0 с на раунд = 9.25 с на попытку
     0 chips    rise   0.0 cm  z 0.016  reach True
     1 can      rise  13.7 cm  z 0.015  reach True
     2 can      rise  13.7 cm  z 0.015  reach True
     3 tetrapak rise  15.0 cm  z 0.148  reach True
round 1: 1/4 взял, недостижимо 0, снёс 0, 23.9 с на раунд = 5.98 с на попытку
     0 chips    rise   0.0 cm  z 0.220  reach True
     1 tetrapak rise  -0.0 cm  z 0.220  reach True
     2 tetrapak rise  13.8 cm  z 0.015  reach True
     3 chips    rise  -0.0 cm  z 0.015  reach True
round 2: 2/4 взял, недостижимо 0, снёс 0, 24.3 с на раунд = 6.07 с на попытку
     0 chips    rise  -0.0 cm  z 0.015  reach True
     1 can      rise  13.8 cm  z 0.015  reach True
     2 chips    rise   0.0 cm  z 0.015  reach True
     3 tetrapak rise  13.7 cm  z 0.015  reach True
SR оракула: chips 0/5, can 3/3, tetrapak 3/4
в среднем 6.03 с на попытку при 4 столах = 597 попыток в час
память torch: пик 16 MiB (без Isaac, весь процесс смотри в run.sh)
2026-10-04 22:23:54 [254,334ms] [Warning] [carb.windowing-glfw.plugin] GLFW initialization failed.
2026-10-04 22:23:54 [254,335ms] [Warning] [carb] Failed to startup plugin carb.windowing-glfw.plugin (interfaces: [carb::windowing::IGLContext v1.0],[carb::windowing::IWindowing v1.5]) (impl: carb.windowing-glfw.plugin)
2026-10-04 22:23:59 [259,696ms] [Warning] [carb] Plugin interface for a client: omni.hydratexture.plugin was already released.
2026-10-04 22:24:00 [259,973ms] [Warning] [carb] Plugin interface for a client: omni.hydratexture.plugin was already released.
2026-10-04 22:24:00 [259,973ms] [Warning] [carb] Plugin interface for a client: omni.hydratexture.plugin was already released.
2026-10-04 22:24:00 [259,973ms] [Warning] [carb] Plugin interface for a client: omni.hydratexture.plugin was already released.
[INFO]: Simulation is stopped. Shutting down the app.
[01:24:09] код выхода 0, время 267 с, пик памяти на GPU 7 4180 MiB, клиент драйвера на GPU 0 6 MiB
[01:24:14] наших процессов на GPU нет
[01:24:14] результаты: /home/Invader17/grasp_task/runs/fly4_20261005_011938
