[22:35:05] user=Invader17 gpu=7 vk_uuid=d9fc0582a134ded0909de88d902ecc0b cpus=46-47 timeout=40m stall=20m
[22:35:06] cmd: /home/Invader17/grasp_task/code/grasp/env_check.py --n 10 --yaw-offset 90
[Warning] [simulation_app.simulation_app] Modules: ['omni.kit_app'] were loaded before SimulationApp was started and might not be loaded correctly.
[Warning] [simulation_app.simulation_app] Please check to make sure no extra omniverse or pxr modules are imported before the call to SimulationApp(...)
Starting kit application with the following args:  ['/home/Invader17/grasp_task/envs/isaac/lib/python3.10/site-packages/isaacsim/exts/isaacsim.simulation_app/isaacsim/simulation_app/simulation_app.py', '/home/Invader17/grasp_task/envs/isaac/lib/python3.10/site-packages/isaacsim/apps/isaacsim.exp.base.python.kit', '--/app/tokens/exe-path=/home/Invader17/grasp_task/envs/isaac/lib/python3.10/site-packages/omni', '--/persistent/app/viewport/displayOptions=3094', '--/rtx/materialDb/syncLoads=True', '--/rtx/hydra/materialSyncLoads=True', '--/omni.kit.plugin/syncUsdLoads=True', '--/app/renderer/resolution/width=640', '--/app/renderer/resolution/height=480', '--/app/window/width=1440', '--/app/window/height=900', '--/renderer/multiGpu/enabled=False', '--/app/fastShutdown=True', '--/app/installSignalHandlers=0', '--ext-folder', '/home/Invader17/grasp_task/envs/isaac/lib/python3.10/site-packages/isaacsim/exts', '--ext-folder', '/home/Invader17/grasp_task/envs/isaac/lib/python3.10/site-packages/isaacsim/apps', '--/renderer/multiGpu/enabled=false', '--/renderer/multiGpu/autoEnable=false', '--/renderer/multiGpu/maxGpuCount=1', '--/renderer/activeGpu=0', '--/plugins/carb.tasking.plugin/threadCount=4', '--/persistent/isaac/asset_root/default=http://omniverse-content-production.s3-us-west-2.amazonaws.com/Assets/Isaac/4.5', '--/persistent/isaac/asset_root/cloud=http://omniverse-content-production.s3-us-west-2.amazonaws.com/Assets/Isaac/4.5', '--/persistent/isaac/asset_root/nvidia=http://omniverse-content-production.s3-us-west-2.amazonaws.com/Assets/Isaac/4.5', '--/renderer/activeGpu=0', '--/physics/cudaDevice=0', '--portable', '--no-window', '--/app/window/hideUi=1']
Passing the following args to the base kit application:  ['--n', '10', '--yaw-offset', '90']
[Info] [carb] Logging to file: /home/Invader17/grasp_task/envs/isaac/lib/python3.10/site-packages/omni/logs/Kit/Isaac-Sim Python/4.5/kit_20261003_193508.log
2026-10-03 19:35:08 [0ms] [Warning] [omni.kit.app.plugin] No crash reporter present, dumps uploading isn't available.
[1.921s] [ext: omni.kit.async_engine-0.0.1] startup
[3.200s] [ext: omni.metrics.core-0.0.1] startup
[3.201s] [ext: omni.client.lib-1.0.0] startup
[3.248s] [ext: omni.blobkey-1.1.2] startup
[3.249s] [ext: omni.stats-1.0.1] startup
[3.253s] [ext: omni.datastore-0.0.0] startup
[3.265s] [ext: omni.client-1.2.2] startup
[3.276s] [ext: omni.ujitso.default-1.0.0] startup
[3.282s] [ext: omni.hsscclient-1.1.1] startup
2026-10-03 19:35:10 [1,778ms] [Warning] [omni.datastore] OmniHub is inaccessible
[3.293s] [ext: omni.gpu_foundation.shadercache.vulkan-1.0.0] startup
[3.298s] [ext: omni.assets.plugins-0.0.0] startup
[3.301s] [ext: omni.gpu_foundation-0.0.0] startup
[3.341s] [ext: carb.windowing.plugins-1.0.0] startup
2026-10-03 19:35:10 [1,838ms] [Warning] [carb.windowing-glfw.plugin] GLFW initialization failed.
2026-10-03 19:35:10 [1,838ms] [Warning] [carb] Failed to startup plugin carb.windowing-glfw.plugin (interfaces: [carb::windowing::IGLContext v1.0],[carb::windowing::IWindowing v1.5]) (impl: carb.windowing-glfw.plugin)
[3.346s] [ext: omni.kit.renderer.init-0.0.0] startup
2026-10-03 19:35:10 [1,923ms] [Warning] [omni.platforminfo.plugin] failed to open the default display.  Can't verify X Server version.
[22:35:12] на GPU 7 чужие процессы: 4027574; запас памяти 1536 MiB, наш потолок 6144 MiB
2026-10-03 19:35:34 [25,547ms] [Warning] [carb.cudainterop.plugin] CUDA_VISIBLE_DEVICES environment variable is set.
2026-10-03 19:35:34 [25,547ms] [Warning] [carb.cudainterop.plugin] Note CUDA device enumeration and Omniverse device enumeration are different.
2026-10-03 19:35:34 [25,547ms] [Warning] [carb.cudainterop.plugin] Setting CUDA_VISIBLE_DEVICES can lead to undesired behavior or crashes.

|---------------------------------------------------------------------------------------------|
| Driver Version: 575.57.08     | Graphics API: Vulkan
|=============================================================================================|
| GPU | Name                             | Active | LDA | GPU Memory | Vendor-ID | LUID       |
|     |                                  |        |     |            | Device-ID | UUID       |
|     |                                  |        |     |            | Bus-ID    |            |
|---------------------------------------------------------------------------------------------|
| 0   | NVIDIA GeForce RTX 2080 Ti       | Yes: 0 |     | 11510   MB | 10de      | 0          |
|     |                                  |        |     |            | 1e04      | d9fc0582.. |
|     |                                  |        |     |            | 8         |            |
|=============================================================================================|
| OS: 20.04.6 LTS (Focal Fossa) ubuntu, Version: 20.04.6, Kernel: 5.15.0-139-generic
| Processor: AMD EPYC 7552 48-Core Processor
| Cores: 48 | Logical Cores: 48
|---------------------------------------------------------------------------------------------|
| Total Memory (MB): 515967 | Free Memory: 318101
| Total Page/Swap (MB): 67583 | Free Page/Swap: 17592186044409
|---------------------------------------------------------------------------------------------|
[54.697s] [ext: omni.kit.pipapi-0.0.0] startup
[54.864s] [ext: omni.materialx.libs-1.0.6] startup
[54.918s] [ext: omni.kit.pip_archive-0.0.0] startup
[54.919s] [ext: omni.usd.config-1.0.5] startup
[54.930s] [ext: omni.gpucompute.plugins-0.0.0] startup
[54.936s] [ext: omni.usd.libs-1.0.1] startup
[55.120s] [ext: omni.mdl-55.0.1] startup
[55.173s] [ext: omni.iray.libs-0.0.0] startup
[55.189s] [ext: omni.mdl.neuraylib-0.2.10] startup
[55.195s] [ext: omni.kit.usd.mdl-1.0.7] startup
[55.549s] [ext: omni.kit.telemetry-0.5.1] startup
[55.629s] [ext: omni.kit.loop-isaac-1.2.1] startup
[55.634s] [ext: omni.kit.test-1.1.2] startup
[55.761s] [ext: omni.appwindow-1.1.9] startup
2026-10-03 19:36:03 [54,258ms] [Warning] [carb.windowing-glfw.plugin] GLFW initialization failed.
2026-10-03 19:36:03 [54,258ms] [Warning] [carb] Failed to startup plugin carb.windowing-glfw.plugin (interfaces: [carb::windowing::IGLContext v1.0],[carb::windowing::IWindowing v1.5]) (impl: carb.windowing-glfw.plugin)
[55.770s] [ext: omni.kit.renderer.core-1.0.2] startup
2026-10-03 19:36:07 [58,330ms] [Warning] [carb.windowing-glfw.plugin] GLFW initialization failed.
2026-10-03 19:36:07 [58,331ms] [Warning] [carb] Failed to startup plugin carb.windowing-glfw.plugin (interfaces: [carb::windowing::IGLContext v1.0],[carb::windowing::IWindowing v1.5]) (impl: carb.windowing-glfw.plugin)
2026-10-03 19:36:08 [59,311ms] [Warning] [carb.windowing-glfw.plugin] GLFW initialization failed.
2026-10-03 19:36:08 [59,312ms] [Warning] [carb] Failed to startup plugin carb.windowing-glfw.plugin (interfaces: [carb::windowing::IGLContext v1.0],[carb::windowing::IWindowing v1.5]) (impl: carb.windowing-glfw.plugin)
[61.078s] [ext: omni.kit.renderer.capture-0.0.0] startup
[61.095s] [ext: omni.kit.renderer.imgui-1.0.2] startup
2026-10-03 19:36:08 [59,613ms] [Warning] [carb.windowing-glfw.plugin] GLFW initialization failed.
2026-10-03 19:36:08 [59,614ms] [Warning] [carb] Failed to startup plugin carb.windowing-glfw.plugin (interfaces: [carb::windowing::IGLContext v1.0],[carb::windowing::IWindowing v1.5]) (impl: carb.windowing-glfw.plugin)
2026-10-03 19:36:08 [59,622ms] [Warning] [carb.windowing-glfw.plugin] GLFW initialization failed.
2026-10-03 19:36:08 [59,622ms] [Warning] [carb] Failed to startup plugin carb.windowing-glfw.plugin (interfaces: [carb::windowing::IGLContext v1.0],[carb::windowing::IWindowing v1.5]) (impl: carb.windowing-glfw.plugin)
2026-10-03 19:36:08 [59,625ms] [Warning] [carb.windowing-glfw.plugin] GLFW initialization failed.
2026-10-03 19:36:08 [59,625ms] [Warning] [carb] Failed to startup plugin carb.windowing-glfw.plugin (interfaces: [carb::windowing::IGLContext v1.0],[carb::windowing::IWindowing v1.5]) (impl: carb.windowing-glfw.plugin)
[65.398s] [ext: omni.ui-2.26.5] startup
[65.451s] [ext: omni.kit.mainwindow-1.0.3] startup
[65.455s] [ext: carb.audio-0.1.0] startup
[65.552s] [ext: omni.uiaudio-1.0.0] startup
[65.563s] [ext: omni.kit.uiapp-0.0.0] startup
[65.563s] [ext: omni.usd.schema.metrics.assembler-106.5.0] startup
[65.646s] [ext: omni.usd.schema.anim-0.0.0] startup
[65.788s] [ext: omni.usd.schema.audio-0.0.0] startup
[65.801s] [ext: omni.usd.schema.isaac-3.0.2] startup
[65.801s] [ext: omni.usd.schema.omnigraph-1.0.0] startup
[66.245s] [ext: omni.usd.schema.forcefield-106.5.7] startup
[66.276s] [ext: omni.usd.schema.semantics-0.0.0] startup
[66.304s] [ext: omni.usd.schema.physx-106.5.7] startup
[66.374s] [ext: omni.usd.schema.geospatial-0.0.0] startup
[66.394s] [ext: omni.usd_resolver-1.0.0] startup
[66.420s] [ext: omni.kit.window.popup_dialog-2.0.24] startup
[66.429s] [ext: usdrt.scenegraph-7.5.1] startup
[66.750s] [ext: omni.timeline-1.0.11] startup
[66.756s] [ext: omni.usd.core-1.4.2] startup
[66.773s] [ext: omni.resourcemonitor-107.0.0] startup
[66.782s] [ext: omni.activity.core-1.0.1] startup
[66.785s] [ext: omni.kit.widget.nucleus_connector-1.1.10] startup
[66.793s] [ext: omni.hydra.usdrt_delegate-7.5.1] startup
[66.822s] [ext: omni.kit.actions.core-1.0.0] startup
[66.940s] [ext: omni.graph.exec-0.9.4] startup
[66.942s] [ext: omni.kit.commands-1.4.9] startup
[66.954s] [ext: omni.kit.usd_undo-0.1.8] startup
[66.955s] [ext: omni.kit.exec.core-0.13.4] startup
[66.966s] [ext: omni.kit.audiodeviceenum-1.0.1] startup
[66.971s] [ext: omni.hydra.scene_delegate-0.3.3] startup
[66.983s] [ext: omni.usd-1.12.4] startup
[67.521s] [ext: omni.inspect-1.0.1] startup
[67.528s] [ext: omni.kit.notification_manager-1.0.9] startup
[67.532s] [ext: omni.graph.core-2.181.8] startup
[67.543s] [ext: isaacsim.core.deprecation_manager-0.2.2] startup
[67.546s] [ext: omni.usd.schema.omniscripting-1.0.0] startup
[67.558s] [ext: isaacsim.robot.schema-3.1.2] startup
[67.576s] [ext: omni.kit.asset_converter-2.8.3] startup
[67.764s] [ext: omni.kit.menu.core-1.1.2] startup
[67.771s] [ext: omni.kvdb-106.5.7] startup
[67.776s] [ext: omni.kit.widget.context_menu-1.2.4] startup
[67.780s] [ext: omni.kit.usd.layers-2.2.0] startup
[68.006s] [ext: omni.kit.property.adapter.core-1.0.2] startup
[68.018s] [ext: omni.localcache-106.5.7] startup
[68.028s] [ext: omni.convexdecomposition-106.5.7] startup
[68.047s] [ext: omni.warp.core-1.5.0] startup
[69.630s] [ext: omni.kit.context_menu-1.8.3] startup
[69.658s] [ext: omni.kit.hotkeys.core-1.3.10] startup
[69.686s] [ext: omni.kit.property.adapter.fabric-1.0.3] startup
[69.700s] [ext: omni.usdphysics-106.5.7] startup
[69.713s] [ext: omni.kit.widget.path_field-2.0.11] startup
[69.716s] [ext: omni.kit.widget.options_menu-1.1.6] startup
[69.722s] [ext: omni.kit.helper.file_utils-0.1.9] startup
[69.725s] [ext: omni.kit.widget.browser_bar-2.0.10] startup
[69.728s] [ext: omni.kit.widget.options_button-1.0.3] startup
[69.729s] [ext: omni.kit.widget.filebrowser-2.10.52] startup
[69.739s] [ext: omni.kit.clipboard-1.0.5] startup
[69.741s] [ext: omni.graph.tools-1.79.1] startup
[69.787s] [ext: omni.ui.scene-1.11.2] startup
[69.798s] [ext: omni.graph.image.core-0.6.0] startup
[69.801s] [ext: omni.kit.window.filepicker-2.11.7] startup
[69.874s] [ext: omni.kit.widget.searchfield-1.1.8] startup
[69.892s] [ext: omni.graph.image.nodes-1.3.0] startup
[69.904s] [ext: omni.graph-1.140.2] startup
[70.072s] [ext: omni.kit.window.file_exporter-1.0.31] startup
[70.082s] [ext: omni.kit.widget.filter-1.1.4] startup
[70.093s] [ext: omni.physx.foundation-106.5.7] startup
[70.109s] [ext: omni.graph.nodes-1.162.1] startup
[70.145s] [ext: omni.kit.widget.stage-2.11.6] startup
[70.297s] [ext: omni.hydra.rtx.shadercache.vulkan-1.0.0] startup
[70.350s] [ext: omni.hydra.engine.stats-1.0.3] startup
[70.366s] [ext: omni.graph.action_core-1.1.7] startup
[70.389s] [ext: omni.kit.widget.highlight_label-1.0.3] startup
[70.396s] [ext: omni.ujitso.processor.texture-1.0.0] startup
[70.408s] [ext: omni.index.libs-380600.1777.0] startup
[70.498s] [ext: omni.kit.window.file_importer-1.1.14] startup
[71.038s] [ext: omni.kit.stage_template.core-1.1.22] startup
[71.076s] [ext: omni.volume-0.5.0] startup
[71.096s] [ext: omni.ujitso.client-0.0.0] startup
[71.097s] [ext: omni.index-1.0.1] startup
[71.104s] [ext: omni.kit.window.file-1.3.57] startup
[71.112s] [ext: omni.hydra.rtx-1.0.0] startup
2026-10-03 19:36:18 [69,622ms] [Warning] [omni.log] Source: omni.hydra was already registered.
[71.162s] [ext: omni.kit.viewport.registry-104.0.6] startup
[71.232s] [ext: omni.kit.viewport.legacy_gizmos-1.0.16] startup
[71.242s] [ext: omni.kit.raycast.query-1.0.5] startup
[71.258s] [ext: omni.kit.viewport.scene_camera_model-1.0.5] startup
[71.370s] [ext: omni.kit.hydra_texture-1.4.0] startup
[71.387s] [ext: omni.kit.menu.utils-1.7.7] startup
[71.398s] [ext: omni.kit.window.drop_support-1.0.4] startup
[71.468s] [ext: omni.kit.widget.viewport-107.0.7] startup
[71.482s] [ext: omni.kit.material.library-1.5.15] startup
[71.504s] [ext: omni.kit.window.content_browser_registry-0.0.6] startup
[71.506s] [ext: omni.kit.viewport.window-107.0.8] startup
[72.071s] [ext: omni.graph.action_nodes-1.40.1] startup
[72.108s] [ext: omni.kit.window.property-1.11.5] startup
[72.417s] [ext: omni.kit.window.content_browser-2.10.3] startup
[73.189s] [ext: omni.kit.property.adapter.usd-1.0.2] startup
[73.223s] [ext: omni.kit.viewport.utility-1.0.18] startup
[73.226s] [ext: omni.graph.action-1.120.0] startup
[73.287s] [ext: omni.kit.property.usd-4.2.16] startup
[73.372s] [ext: omni.physx.cooking-106.5.7] startup
[73.451s] [ext: omni.kit.widget.stage_icons-1.0.6] startup
[73.459s] [ext: omni.kit.widget.zoombar-1.0.5] startup
[73.461s] [ext: omni.physics.tensors-106.5.7] startup
[73.483s] [ext: omni.kit.widget.prompt-1.0.7] startup
[73.485s] [ext: omni.kit.usd.collect-2.2.22] startup
[73.499s] [ext: omni.physx-106.5.7] startup
[73.529s] [ext: omni.kit.window.stage-2.5.11] startup
[73.544s] [ext: omni.kit.browser.core-2.3.11] startup
[73.555s] [ext: omni.kit.widget.text_editor-1.0.2] startup
[73.562s] [ext: omni.physx.tensors-106.5.7] startup
[73.655s] [ext: omni.kit.tool.collect-2.2.16] startup
[74.148s] [ext: omni.kit.menu.stage-1.2.5] startup
[74.151s] [ext: omni.kit.browser.folder.core-1.10.1] startup
[74.178s] [ext: omni.warp-1.5.0] startup
[74.225s] [ext: isaacsim.examples.browser-0.1.8] startup
[74.261s] [ext: omni.physx.stageupdate-106.5.7] startup
[74.268s] [ext: omni.kit.numpy.common-0.1.2] startup
[74.324s] [ext: isaacsim.core.version-2.0.2] startup
[74.325s] [ext: omni.isaac.dynamic_control-1.3.15] startup
2026-10-03 19:36:21 [72,854ms] [Warning] [omni.isaac.dynamic_control] omni.isaac.dynamic_control is deprecated as of Isaac Sim 4.5. No action is needed from end-users.
[74.365s] [ext: isaacsim.storage.native-1.0.6] startup
[74.368s] [ext: omni.kit.menu.create-1.0.17] startup
[74.448s] [ext: isaacsim.core.utils-2.2.8] startup
[75.201s] [ext: omni.kit.widget.searchable_combobox-1.0.6] startup
[75.510s] [ext: omni.kit.primitive.mesh-1.0.17] startup
[75.665s] [ext: isaacsim.core.simulation_manager-0.3.3] startup
[84.880s] [ext: omni.kit.scripting-106.5.2] startup
[84.892s] [ext: omni.kit.stage_templates-1.2.6] startup
[84.896s] [ext: isaacsim.core.prims-0.3.7] startup
[84.937s] [ext: isaacsim.replicator.behavior-1.0.8] startup
[84.938s] [ext: isaacsim.core.api-4.2.16] startup
[84.966s] [ext: omni.ui_query-1.1.7] startup
[84.969s] [ext: omni.kit.manipulator.viewport-107.0.1] startup
[84.971s] [ext: omni.kit.ui_test-1.3.3] startup
[84.981s] [ext: omni.kit.window.extensions-1.4.25] startup
[84.998s] [ext: omni.graph.visualization.nodes-2.1.1] startup
[85.019s] [ext: omni.kit.tool.asset_importer-2.12.2] startup
[85.329s] [ext: isaacsim.gui.components-1.0.9] startup
[85.473s] [ext: omni.kit.widget.settings-1.2.2] startup
[85.565s] [ext: omni.kit.widget.graph-1.12.17] startup
[85.578s] [ext: omni.kit.window.preferences-1.7.0] startup
[85.622s] [ext: omni.kit.graph.delegate.default-1.2.2] startup
[85.625s] [ext: omni.kit.viewport.menubar.core-107.1.2] startup
[85.744s] [ext: omni.kit.widget.material_preview-1.0.16] startup
[85.761s] [ext: omni.kit.graph.usd.commands-1.3.1] startup
[85.780s] [ext: omni.kit.graph.editor.core-1.5.3] startup
[85.785s] [ext: omni.syntheticdata-0.6.10] startup
[85.862s] [ext: omni.kit.window.material_graph-1.8.19] startup
[85.923s] [ext: omni.graph.scriptnode-1.40.1] startup
[85.926s] [ext: isaacsim.core.cloner-1.3.4] startup
[86.097s] [ext: omni.replicator.core-1.11.35] startup
Warp 1.5.0 initialized:
   CUDA Toolkit 11.8, Driver 12.9
   Devices:
     "cpu"      : "x86_64"
     "cuda:0"   : "NVIDIA GeForce RTX 2080 Ti" (11 GiB, sm_75, mempool enabled)
   Kernel cache:
     /home/Invader17/grasp_task/.cache/warp
2026-10-03 19:36:35 [86,371ms] [Warning] [omni.replicator.core.scripts.extension] No material configuration file, adding configuration to material settings directly.
[88.793s] [ext: omni.isaac.cloner-1.0.2] startup
2026-10-03 19:36:36 [87,287ms] [Warning] [omni.isaac.cloner] omni.isaac.cloner has been deprecated in favor of isaacsim.core.cloner. Please update your code accordingly.
[88.795s] [ext: isaacsim.core.nodes-2.1.4] startup
[89.110s] [ext: isaacsim.asset.importer.urdf-2.3.10] startup
[90.132s] [ext: omni.isaac.core-4.0.3] startup
2026-10-03 19:36:37 [88,649ms] [Warning] [omni.isaac.core.physics_context.physics_context] omni.isaac.core.physics_context.physics_context has been deprecated in favor of isaacsim.core.api.physics_context.physics_context. Please update your code accordingly.
2026-10-03 19:36:37 [88,650ms] [Warning] [omni.isaac.core.simulation_context.simulation_context] omni.isaac.core.simulation_context.simulation_context has been deprecated in favor of isaacsim.core.api.simulation_context.simulation_context. Please update your code accordingly.
2026-10-03 19:36:37 [88,651ms] [Warning] [omni.isaac.core.world.world] omni.isaac.core.world.world has been deprecated in favor of isaacsim.core.api.world.world. Please update your code accordingly.
2026-10-03 19:36:37 [88,651ms] [Warning] [omni.isaac.core] omni.isaac.core has been deprecated in favor of isaacsim.core.api. Please update your code accordingly.
[90.317s] [ext: omni.isaac.core_nodes-2.0.2] startup
2026-10-03 19:36:37 [88,811ms] [Warning] [omni.isaac.core_nodes] omni.isaac.core_nodes has been deprecated in favor of isaacsim.core.nodes. Please update your code accordingly.
[90.319s] [ext: omni.anim.curve.core-1.2.0] startup
[91.713s] [ext: isaacsim.robot_motion.lula-4.0.4] startup
[92.233s] [ext: isaacsim.asset.importer.mjcf-2.3.3] startup
[92.324s] [ext: isaacsim.robot_motion.motion_generation-8.0.6] startup
[92.416s] [ext: isaacsim.asset.browser-1.3.4] startup
[92.646s] [ext: isaacsim.robot.surface_gripper-2.0.6] startup
[92.657s] [ext: omni.kit.selection-0.1.5] startup
[92.748s] [ext: isaacsim.robot_motion.lula_test_widget-1.0.5] startup
[93.181s] [ext: omni.isaac.assets_check-0.3.9] startup
2026-10-03 19:36:40 [91,674ms] [Warning] [omni.isaac.assets_check] omni.isaac.assets_check has been deprecated in favor of isaacsim.asset.browser. Please update your code accordingly.
[93.182s] [ext: isaacsim.robot.manipulators-3.0.4] startup
[93.209s] [ext: isaacsim.sensors.physics-0.3.5] startup
[93.632s] [ext: isaacsim.gui.menu-2.0.9] startup
[93.666s] [ext: omni.isaac.lula_test_widget-1.0.2] startup
2026-10-03 19:36:40 [92,159ms] [Warning] [omni.isaac.lula_test_widget] omni.isaac.lula_test_widget has been deprecated in favor of isaacsim.robot_motion.lula_test_widget. Please update your code accordingly.
[93.775s] [ext: omni.sensors.nv.common-2.5.0-coreapi] startup
[93.973s] [ext: omni.isaac.manipulators-3.0.3] startup
2026-10-03 19:36:41 [92,467ms] [Warning] [omni.isaac.manipulators] omni.isaac.manipulators has been deprecated in favor of isaacsim.robot.manipulators. Please update your code accordingly.
2026-10-03 19:36:41 [92,468ms] [Warning] [omni.isaac.manipulators.controllers] omni.isaac.manipulators has been deprecated in favor of isaacsim.robot.manipulators. Please update your code accordingly.
2026-10-03 19:36:41 [92,469ms] [Warning] [omni.isaac.manipulators.controllers.pick_place_controller] omni.isaac.manipulators has been deprecated in favor of isaacsim.robot.manipulators. Please update your code accordingly.
2026-10-03 19:36:41 [92,471ms] [Warning] [omni.isaac.manipulators.controllers.stacking_controller] omni.isaac.manipulators has been deprecated in favor of isaacsim.robot.manipulators. Please update your code accordingly.
2026-10-03 19:36:41 [92,472ms] [Warning] [omni.isaac.manipulators.grippers] omni.isaac.manipulators has been deprecated in favor of isaacsim.robot.manipulators. Please update your code accordingly.
2026-10-03 19:36:41 [92,473ms] [Warning] [omni.isaac.manipulators.grippers.gripper] omni.isaac.manipulators has been deprecated in favor of isaacsim.robot.manipulators. Please update your code accordingly.
2026-10-03 19:36:41 [92,473ms] [Warning] [omni.isaac.manipulators.grippers.parallel_gripper] omni.isaac.manipulators has been deprecated in favor of isaacsim.robot.manipulators. Please update your code accordingly.
2026-10-03 19:36:41 [92,474ms] [Warning] [omni.isaac.manipulators.grippers.surface_gripper] omni.isaac.manipulators has been deprecated in favor of isaacsim.robot.manipulators. Please update your code accordingly.
2026-10-03 19:36:41 [92,474ms] [Warning] [omni.isaac.manipulators.manipulators] omni.isaac.manipulators has been deprecated in favor of isaacsim.robot.manipulators. Please update your code accordingly.
2026-10-03 19:36:41 [92,474ms] [Warning] [omni.isaac.manipulators.manipulators.single_manipulator] omni.isaac.manipulators has been deprecated in favor of isaacsim.robot.manipulators. Please update your code accordingly.
[93.982s] [ext: isaacsim.robot.policy.examples-4.0.3] startup
[94.040s] [ext: omni.isaac.menu-1.0.2] startup
2026-10-03 19:36:41 [92,534ms] [Warning] [omni.isaac.menu] omni.isaac.menu has been deprecated in favor of isaacsim.gui.menu. Please update your code accordingly.
[94.042s] [ext: omni.isaac.motion_generation-8.0.2] startup
2026-10-03 19:36:41 [92,536ms] [Warning] [omni.isaac.motion_generation] omni.isaac.motion_generation has been deprecated in favor of isaacsim.robot_motion.motion_generation. Please update your code accordingly.
2026-10-03 19:36:41 [92,537ms] [Warning] [omni.isaac.motion_generation.articulation_kinematics_solver] omni.isaac.motion_generation has been deprecated in favor of isaacsim.robot_motion.motion_generation. Please update your code accordingly.
2026-10-03 19:36:41 [92,572ms] [Warning] [omni.isaac.motion_generation.articulation_motion_policy] omni.isaac.motion_generation has been deprecated in favor of isaacsim.robot_motion.motion_generation. Please update your code accordingly.
2026-10-03 19:36:41 [92,573ms] [Warning] [omni.isaac.motion_generation.articulation_trajectory] omni.isaac.motion_generation has been deprecated in favor of isaacsim.robot_motion.motion_generation. Please update your code accordingly.
2026-10-03 19:36:41 [92,573ms] [Warning] [omni.isaac.motion_generation.kinematics_interface] omni.isaac.motion_generation has been deprecated in favor of isaacsim.robot_motion.motion_generation. Please update your code accordingly.
2026-10-03 19:36:41 [92,574ms] [Warning] [omni.isaac.motion_generation.lula] omni.isaac.motion_generation has been deprecated in favor of isaacsim.robot_motion.motion_generation. Please update your code accordingly.
2026-10-03 19:36:41 [92,574ms] [Warning] [omni.isaac.motion_generation.lula.kinematics] omni.isaac.motion_generation has been deprecated in favor of isaacsim.robot_motion.motion_generation. Please update your code accordingly.
2026-10-03 19:36:41 [92,575ms] [Warning] [omni.isaac.motion_generation.lula.motion_policies] omni.isaac.motion_generation has been deprecated in favor of isaacsim.robot_motion.motion_generation. Please update your code accordingly.
2026-10-03 19:36:41 [92,577ms] [Warning] [omni.isaac.motion_generation.lula.path_planners] omni.isaac.motion_generation has been deprecated in favor of isaacsim.robot_motion.motion_generation. Please update your code accordingly.
2026-10-03 19:36:41 [92,577ms] [Warning] [omni.isaac.motion_generation.lula.trajectory_generator] omni.isaac.motion_generation has been deprecated in favor of isaacsim.robot_motion.motion_generation. Please update your code accordingly.
2026-10-03 19:36:41 [92,578ms] [Warning] [omni.isaac.motion_generation.motion_policy_controller] omni.isaac.motion_generation has been deprecated in favor of isaacsim.robot_motion.motion_generation. Please update your code accordingly.
2026-10-03 19:36:41 [92,578ms] [Warning] [omni.isaac.motion_generation.motion_policy_interface] omni.isaac.motion_generation has been deprecated in favor of isaacsim.robot_motion.motion_generation. Please update your code accordingly.
2026-10-03 19:36:41 [92,579ms] [Warning] [omni.isaac.motion_generation.path_planner_visualizer] omni.isaac.motion_generation has been deprecated in favor of isaacsim.robot_motion.motion_generation. Please update your code accordingly.
2026-10-03 19:36:41 [92,579ms] [Warning] [omni.isaac.motion_generation.path_planning_interface] omni.isaac.motion_generation has been deprecated in favor of isaacsim.robot_motion.motion_generation. Please update your code accordingly.
2026-10-03 19:36:41 [92,585ms] [Warning] [omni.isaac.motion_generation.trajectory] omni.isaac.motion_generation has been deprecated in favor of isaacsim.robot_motion.motion_generation. Please update your code accordingly.
2026-10-03 19:36:41 [92,585ms] [Warning] [omni.isaac.motion_generation.world_interface] omni.isaac.motion_generation has been deprecated in favor of isaacsim.robot_motion.motion_generation. Please update your code accordingly.
[94.093s] [ext: omni.sensors.nv.materials-1.4.0-coreapi] startup
[94.117s] [ext: omni.isaac.nucleus-1.0.3] startup
2026-10-03 19:36:41 [92,610ms] [Warning] [omni.isaac.nucleus] omni.isaac.nucleus has been deprecated in favor of isaacsim.storage.native. Please update your code accordingly.
2026-10-03 19:36:41 [92,611ms] [Warning] [omni.isaac.nucleus.nucleus] omni.isaac.nucleus.nucleus has been deprecated in favor of isaacsim.storage.native. Please update your code accordingly.
[94.140s] [ext: omni.isaac.quadruped-3.0.2] startup
2026-10-03 19:36:41 [92,633ms] [Warning] [omni.isaac.quadruped] omni.isaac.quadruped has been deprecated in favor of isaacsim.robot.policy.examples. Please update your code accordingly.
[94.144s] [ext: omni.kit.manipulator.selector-1.1.1] startup
[94.156s] [ext: omni.sensors.nv.wpm-2.4.0-coreapi] startup
[94.165s] [ext: omni.sensors.nv.lidar-2.6.3-coreapi] startup
[94.179s] [ext: omni.sensors.nv.ids-1.4.0-coreapi] startup
[94.196s] [ext: isaacsim.robot.manipulators.examples-1.0.3] startup
[94.241s] [ext: isaacsim.util.debug_draw-2.0.2] startup
[94.272s] [ext: omni.sensors.tiled-0.0.6] startup
[94.281s] [ext: omni.sensors.nv.radar-2.6.1-coreapi] startup
[94.348s] [ext: omni.kit.widget.toolbar-1.7.3] startup
[94.485s] [ext: omni.kit.manipulator.transform-106.0.1] startup
[94.505s] [ext: isaacsim.sensors.physx-2.2.4] startup
[94.536s] [ext: isaacsim.sensors.rtx-13.6.3] startup
[95.585s] [ext: isaacsim.sensors.camera-0.2.9] startup
[96.225s] [ext: isaacsim.cortex.framework-1.0.2] startup
[96.228s] [ext: omni.kit.manipulator.tool.snap-1.5.12] startup
[96.341s] [ext: omni.isaac.range_sensor-4.0.2] startup
[96.361s] [ext: omni.isaac.surface_gripper-2.0.2] startup
2026-10-03 19:36:43 [94,861ms] [Warning] [omni.isaac.surface_gripper] omni.isaac.surface_gripper has been deprecated in favor of isaacsim.robot.surface_gripper. Please update your code accordingly.
[96.369s] [ext: omni.isaac.sensor-13.0.3] startup
2026-10-03 19:36:43 [94,863ms] [Warning] [omni.isaac.sensor] omni.isaac.sensor has been deprecated in favor of isaacsim.sensors.camera, isaacsim.sensors.physics, isaacsim.sensors.physx, and isaacsim.sensors.rtx. Please update your code accordingly.
2026-10-03 19:36:43 [94,863ms] [Warning] [omni.isaac.sensor.camera] omni.isaac.sensor.camera has been deprecated in favor of isaacsim.sensors.camera.camera. Please update your code accordingly.
2026-10-03 19:36:43 [94,864ms] [Warning] [omni.isaac.sensor.camera_view] omni.isaac.sensor.camera_view has been deprecated in favor of isaacsim.sensors.camera.camera_view. Please update your code accordingly.
2026-10-03 19:36:43 [94,864ms] [Warning] [omni.isaac.sensor.commands] omni.isaac.sensor.commands has been deprecated in favor of isaacsim.sensors.physics.commands, isaacsim.sensors.physx.commands, and isaacsim.sensors.rtx.commands. Please update your code accordingly.
2026-10-03 19:36:43 [94,865ms] [Warning] [omni.isaac.sensor.contact_sensor] omni.isaac.sensor.contact_sensor has been deprecated in favor of isaacsim.sensors.physics.contact_sensor. Please update your code accordingly.
2026-10-03 19:36:43 [94,865ms] [Warning] [omni.isaac.sensor.imu_sensor] omni.isaac.sensor.imu_sensor has been deprecated in favor of isaacsim.sensors.physics.imu_sensor. Please update your code accordingly.
2026-10-03 19:36:43 [94,883ms] [Warning] [omni.isaac.sensor.lidar_rtx] omni.isaac.sensor.lidar_rtx has been deprecated in favor of isaacsim.sensors.rtx.lidar_rtx. Please update your code accordingly.
2026-10-03 19:36:43 [94,883ms] [Warning] [omni.isaac.sensor.rotating_lidar_physX] omni.isaac.sensor.imu_sensor has been deprecated in favor of isaacsim.sensors.physix.rotating_lidar_physX. Please update your code accordingly.
2026-10-03 19:36:43 [94,885ms] [Warning] [omni.isaac.sensor.scripts.samples.contact_sensor] omni.isaac.sensor.scripts.samples.contact_sensor has been deprecated in favor of isaacsim.sensors.physics.scripts.samples.contact_sensor. Please update your code accordingly.
2026-10-03 19:36:43 [94,885ms] [Warning] [omni.isaac.sensor.scripts.samples.imu_sensor] omni.isaac.sensor.scripts.samples.imu_sensor has been deprecated in favor of isaacsim.sensors.physics.scripts.samples.imu_sensor. Please update your code accordingly.
2026-10-03 19:36:43 [94,886ms] [Warning] [omni.isaac.sensor.scripts.samples.lightbeam_sensor] omni.isaac.sensor.scripts.samples.lightbeam_sensor has been deprecated in favor of isaacsim.sensors.physx.scripts.samples.lightbeam_sensor. Please update your code accordingly.
[96.399s] [ext: omni.isaac.cortex-1.0.2] startup
2026-10-03 19:36:43 [94,893ms] [Warning] [omni.isaac.cortex] omni.isaac.cortex has been deprecated in favor of isaacsim.cortex.framework. Please update your code accordingly.
[96.401s] [ext: omni.kit.viewport.manipulator.transform-107.0.4] startup
[96.547s] [ext: omni.debugdraw-0.1.3] startup
[96.620s] [ext: omni.isaac.universal_robots-1.0.2] startup
2026-10-03 19:36:43 [95,113ms] [Warning] [omni.isaac.universal_robots] omni.isaac.universal_robots has been deprecated in favor of isaacsim.robot.manipulators.examples.universal_robots. Please update your code accordingly.
2026-10-03 19:36:43 [95,114ms] [Warning] [omni.isaac.universal_robots.kinematics_solver] omni.isaac.franka has been deprecated in favor of isaacsim.robot.manipulators.examples.universal_robots. Please update your code accordingly.
2026-10-03 19:36:43 [95,115ms] [Warning] [omni.isaac.universal_robots.ur10] omni.isaac.franka has been deprecated in favor of isaacsim.robot.manipulators.examples.universal_robots. Please update your code accordingly.
[96.649s] [ext: omni.isaac.utils-2.0.2] startup
[96.658s] [ext: omni.kit.manipulator.prim.core-107.0.7] startup
[96.681s] [ext: omni.fabric.commands-1.1.5] startup
[96.712s] [ext: omni.kit.manipulator.selection-106.0.1] startup
[96.729s] [ext: omni.kit.viewport.actions-107.0.0] startup
[96.742s] [ext: omni.kit.manipulator.prim.usd-107.0.3] startup
[96.761s] [ext: omni.kit.manipulator.prim.fabric-107.0.4] startup
[96.770s] [ext: isaacsim.cortex.behaviors-2.0.3] startup
[96.771s] [ext: omni.kit.widget.layers-1.8.2] startup
[96.838s] [ext: omni.kit.viewport.menubar.display-107.0.3] startup
[96.843s] [ext: omni.kit.manipulator.prim-107.0.0] startup
[96.843s] [ext: omni.isaac.cortex.sample_behaviors-2.0.2] startup
2026-10-03 19:36:44 [95,337ms] [Warning] [omni.isaac.cortex.sample_behaviors] omni.isaac.cortex.sample_behaviors has been deprecated in favor of isaacsim.cortex.behaviors. Please update your code accordingly.
[96.845s] [ext: omni.graph.ui_nodes-1.40.1] startup
[96.885s] [ext: omni.usdphysics.ui-106.5.7] startup
[97.045s] [ext: omni.physx.commands-106.5.7] startup
[97.072s] [ext: omni.kit.property.camera-1.0.9] startup
[97.086s] [ext: omni.hydra.scene_api-0.1.2] startup
[97.106s] [ext: omni.kit.property.geometry-1.3.3] startup
[97.132s] [ext: omni.kit.property.light-1.0.11] startup
[97.148s] [ext: omni.physx.ui-106.5.7] startup
[97.307s] [ext: omni.kit.property.material-1.10.17] startup
[97.376s] [ext: omni.kit.property.render-1.1.3] startup
[97.395s] [ext: omni.kit.property.transform-1.5.10] startup
[97.405s] [ext: omni.kit.property.audio-1.0.16] startup
[97.443s] [ext: isaacsim.gui.property-1.0.4] startup
[97.459s] [ext: omni.physx.demos-106.5.7] startup
[97.576s] [ext: omni.kit.property.physx-106.5.7] startup
[98.010s] [ext: omni.isaac.lula-4.0.2] startup
2026-10-03 19:36:45 [96,509ms] [Warning] [omni.isaac.lula] omni.isaac.lula has been deprecated in favor of isaacsim.robot_motion.lula. Please update your code accordingly.
[98.017s] [ext: omni.kit.property.bundle-1.3.2] startup
[98.081s] [ext: omni.kit.property.isaac-1.0.2] startup
2026-10-03 19:36:45 [96,575ms] [Warning] [omni.kit.property.isaac] omni.kit.property.isaac has been deprecated in favor of isaacsim.gui.property. Please update your code accordingly.
2026-10-03 19:36:45 [96,575ms] [Warning] [omni.kit.property.isaac.widgets] omni.kit.property.isaac.widgets has been deprecated in favor of isaacsim.gui.property.widgets. Please update your code accordingly.
[98.148s] [ext: omni.physx.vehicle-106.5.7] startup
[98.409s] [ext: omni.kit.viewport.menubar.camera-107.0.2] startup
[98.659s] [ext: omni.kit.viewport.menubar.lighting-106.0.2] startup
[99.052s] [ext: omni.kit.viewport.menubar.render-107.0.8] startup
[99.325s] [ext: omni.kit.viewport.menubar.settings-107.0.3] startup
[99.598s] [ext: omni.kit.window.console-0.2.14] startup
[99.633s] [ext: omni.physx.camera-106.5.7] startup
[99.666s] [ext: omni.kit.window.toolbar-1.6.2] startup
[99.685s] [ext: omni.isaac.version-2.0.2] startup
2026-10-03 19:36:46 [98,179ms] [Warning] [omni.isaac.version] omni.isaac.version has been deprecated in favor of isaacsim.core.version. Please update your code accordingly.
[99.686s] [ext: isaacsim.robot.wheeled_robots-4.0.3] startup
[99.720s] [ext: omni.physx.cct-106.5.7] startup
[99.805s] [ext: omni.physx.graph-106.5.7] startup
[99.972s] [ext: isaacsim.replicator.writers-1.0.1] startup
[100.152s] [ext: omni.physx.supportui-106.5.7] startup
[101.319s] [ext: omni.physx.telemetry-106.5.7] startup
[101.354s] [ext: omni.isaac.wheeled_robots-3.0.3] startup
2026-10-03 19:36:48 [99,848ms] [Warning] [omni.isaac.wheeled_robots] omni.isaac.wheeled_robots has been deprecated in favor of isaacsim.robot.wheeled_robots. Please update your code accordingly.
2026-10-03 19:36:48 [99,849ms] [Warning] [omni.isaac.wheeled_robots.controllers] omni.isaac.wheeled_robots has been deprecated in favor of isaacsim.robot.wheeled_robots. Please update your code accordingly.
2026-10-03 19:36:48 [99,849ms] [Warning] [omni.isaac.wheeled_robots.controllers.ackermann_controller] omni.isaac.wheeled_robots has been deprecated in favor of isaacsim.robot.wheeled_robots. Please update your code accordingly.
2026-10-03 19:36:48 [99,850ms] [Warning] [omni.isaac.wheeled_robots.controllers.differential_controller] omni.isaac.wheeled_robots has been deprecated in favor of isaacsim.robot.wheeled_robots. Please update your code accordingly.
2026-10-03 19:36:48 [99,850ms] [Warning] [omni.isaac.wheeled_robots.controllers.holonomic_controller] omni.isaac.wheeled_robots has been deprecated in favor of isaacsim.robot.wheeled_robots. Please update your code accordingly.
2026-10-03 19:36:48 [99,850ms] [Warning] [omni.isaac.wheeled_robots.controllers.quintic_path_planner] omni.isaac.wheeled_robots has been deprecated in favor of isaacsim.robot.wheeled_robots. Please update your code accordingly.
2026-10-03 19:36:48 [99,851ms] [Warning] [omni.isaac.wheeled_robots.controllers.stanley_control] omni.isaac.wheeled_robots has been deprecated in favor of isaacsim.robot.wheeled_robots. Please update your code accordingly.
2026-10-03 19:36:48 [99,851ms] [Warning] [omni.isaac.wheeled_robots.controllers.wheel_base_pose_controller] omni.isaac.wheeled_robots has been deprecated in favor of isaacsim.robot.wheeled_robots. Please update your code accordingly.
2026-10-03 19:36:48 [99,851ms] [Warning] [omni.isaac.wheeled_robots.impl] omni.isaac.wheeled_robots has been deprecated in favor of isaacsim.robot.wheeled_robots. Please update your code accordingly.
2026-10-03 19:36:48 [99,851ms] [Warning] [omni.isaac.wheeled_robots.robots] omni.isaac.wheeled_robots has been deprecated in favor of isaacsim.robot.wheeled_robots. Please update your code accordingly.
2026-10-03 19:36:48 [99,853ms] [Warning] [omni.isaac.wheeled_robots.robots.holonomic_robot_usd_setup] omni.isaac.wheeled_robots has been deprecated in favor of isaacsim.robot.wheeled_robots. Please update your code accordingly.
2026-10-03 19:36:48 [99,853ms] [Warning] [omni.isaac.wheeled_robots.robots.wheeled_robot] omni.isaac.wheeled_robots has been deprecated in favor of isaacsim.robot.wheeled_robots. Please update your code accordingly.
[101.361s] [ext: omni.isaac.franka-1.0.2] startup
2026-10-03 19:36:48 [99,855ms] [Warning] [omni.isaac.franka] omni.isaac.franka has been deprecated in favor of isaacsim.robot.manipulators.examples.franka. Please update your code accordingly.
2026-10-03 19:36:48 [99,855ms] [Warning] [omni.isaac.franka.franka] omni.isaac.franka has been deprecated in favor of isaacsim.robot.manipulators.examples.franka. Please update your code accordingly.
2026-10-03 19:36:48 [99,857ms] [Warning] [omni.isaac.franka.kinematics_solver] omni.isaac.franka has been deprecated in favor of isaacsim.robot.manipulators.examples.franka. Please update your code accordingly.
[101.393s] [ext: isaacsim.replicator.domain_randomization-1.0.2] startup
[101.414s] [ext: isaacsim.replicator.examples-1.1.2] startup
[101.417s] [ext: omni.kit.window.status_bar-0.1.7] startup
[101.796s] [ext: omni.rtx.window.settings-0.6.17] startup
[101.862s] [ext: omni.usd.metrics.assembler-106.5.0] startup
[101.927s] [ext: omni.physx.bundle-106.5.7] startup
[101.928s] [ext: isaacsim.app.about-2.0.7] startup
[101.937s] [ext: omni.replicator.isaac-2.0.3] startup
2026-10-03 19:36:49 [100,431ms] [Warning] [omni.replicator.isaac] omni.replicator.isaac has been deprecated in favor of isaacsim.replicator.domain_randomization, isaacsim.replicator.examples, isaacsim.replicator.writers. Please update your code accordingly.
[101.939s] [ext: omni.replicator.replicator_yaml-2.0.10] startup
[101.992s] [ext: omni.rtx.settings.core-0.6.3] startup
[102.047s] [ext: omni.usd.metrics.assembler.ui-106.5.0] startup
[102.057s] [ext: isaacsim.simulation_app-2.4.2] startup
[102.058s] [ext: omni.isaac.window.about-2.0.2] startup
2026-10-03 19:36:49 [100,553ms] [Warning] [omni.isaac.window.about] omni.isaac.window.about has been deprecated in favor of isaacsim.app.about. Please update your code accordingly.
2026-10-03 19:36:49 [100,553ms] [Warning] [omni.isaac.window.about.about] omni.isaac.window.about.about has been deprecated in favor of isaacsim.app.about.about. Please update your code accordingly.
[102.061s] [ext: semantics.schema.editor-0.3.10] startup
[102.081s] [ext: omni.kit.ui.actions-1.0.2] startup
[102.085s] [ext: semantics.schema.property-1.0.5] startup
[102.097s] [ext: omni.kit.manipulator.camera-106.0.3] startup
[102.122s] [ext: omni.isaac.kit-2.0.3] startup
2026-10-03 19:36:49 [100,616ms] [Warning] [omni.isaac.kit] omni.isaac.kit has been deprecated in favor of isaacsim.simulation_app. Please update your code accordingly.
[102.124s] [ext: omni.isaac.asset_browser-1.0.2] startup
2026-10-03 19:36:49 [100,618ms] [Warning] [omni.isaac.asset_browser] omni.isaac.asset_browser has been deprecated in favor of isaacsim.asset.browser. Please update your code accordingly.
[102.131s] [ext: isaacsim.core.throttling-2.0.2] startup
[102.139s] [ext: omni.kit.menu.common-1.1.9] startup
[102.142s] [ext: isaacsim.exp.base-4.5.0] startup
[102.143s] [ext: isaacsim.exp.base.python-4.5.0] startup
[102.145s] Simulation App Starting
2026-10-03 19:36:50 [101,273ms] [Warning] [carb.audio.device] audio device is misconfigured or broken {deviceIndex = 0, name = 'default'} (The device is likely misconfigured, check your $HOME/.asoundrc)
2026-10-03 19:36:50 [101,273ms] [Warning] [carb.audio.output] failed to retrieve the capabilities for device 0 {result = eDeviceLost (2)}
2026-10-03 19:36:50 [101,274ms] [Warning] [carb.audio.context] failed to set the requested output during context creation.  Using a null streamer instead {result = eDeviceLost (2)}
[103.882s] app ready
2026-10-03 19:36:54 [105,578ms] [Warning] [rtx.scenedb.plugin] SceneDbContext : TLAS limit buffer size 2921508224
2026-10-03 19:36:54 [105,578ms] [Warning] [rtx.scenedb.plugin] SceneDbContext : TLAS limit : valid true, within: false
2026-10-03 19:36:57 [108,679ms] [Warning] [omni.usd-abi.plugin] No setting was found for '/rtx-defaults-transient/meshlights/forceDisable'
2026-10-03 19:36:58 [109,859ms] [Warning] [omni.usd-abi.plugin] No setting was found for '/rtx-defaults/post/dlss/execMode'
2026-10-03 19:37:10 [121,612ms] [Warning] [carb.tasking.plugin] carb.tasking is likely stuck. All threads are busy with same tasks for more than 1 seconds with waiting tasks. Starting an emergency helper thread.
2026-10-03 19:37:11 [122,616ms] [Warning] [carb.tasking.plugin] carb.tasking is likely stuck. All threads are busy with same tasks for more than 1 seconds with waiting tasks. Starting an emergency helper thread.
2026-10-03 19:37:12 [123,616ms] [Warning] [carb.tasking.plugin] carb.tasking is likely stuck. All threads are busy with same tasks for more than 1 seconds with waiting tasks. Starting an emergency helper thread.
2026-10-03 19:37:13 [124,620ms] [Warning] [carb.tasking.plugin] carb.tasking is likely stuck. All threads are busy with same tasks for more than 1 seconds with waiting tasks. Starting an emergency helper thread.
2026-10-03 19:37:14 [125,620ms] [Warning] [carb.tasking.plugin] carb.tasking is likely stuck. All threads are busy with same tasks for more than 1 seconds with waiting tasks. Starting an emergency helper thread.
2026-10-03 19:37:15 [126,628ms] [Warning] [carb.tasking.plugin] carb.tasking is likely stuck. All threads are busy with same tasks for more than 1 seconds with waiting tasks. Starting an emergency helper thread.
2026-10-03 19:37:16 [127,632ms] [Warning] [carb.tasking.plugin] carb.tasking is likely stuck. All threads are busy with same tasks for more than 1 seconds with waiting tasks. Starting an emergency helper thread.
2026-10-03 19:37:17 [128,656ms] [Warning] [carb.tasking.plugin] carb.tasking is likely stuck. All threads are busy with same tasks for more than 1 seconds with waiting tasks. Starting an emergency helper thread.
2026-10-03 19:37:18 [129,660ms] [Warning] [carb.tasking.plugin] carb.tasking is likely stuck. All threads are busy with same tasks for more than 1 seconds with waiting tasks. Starting an emergency helper thread.
2026-10-03 19:37:19 [130,661ms] [Warning] [carb.tasking.plugin] carb.tasking is likely stuck. All threads are busy with same tasks for more than 1 seconds with waiting tasks. Starting an emergency helper thread.
2026-10-03 19:37:20 [131,664ms] [Warning] [carb.tasking.plugin] carb.tasking is likely stuck. All threads are busy with same tasks for more than 1 seconds with waiting tasks. Starting an emergency helper thread.
2026-10-03 19:37:21 [132,668ms] [Warning] [carb.tasking.plugin] carb.tasking is likely stuck. All threads are busy with same tasks for more than 1 seconds with waiting tasks. Starting an emergency helper thread.
2026-10-03 19:37:22 [133,670ms] [Warning] [carb.tasking.plugin] carb.tasking is likely stuck. All threads are busy with same tasks for more than 1 seconds with waiting tasks. Starting an emergency helper thread.
2026-10-03 19:37:48 [159,697ms] [Warning] [rtx.postprocessing.plugin] DLSS increasing input dimensions: Render resolution of (320, 240) is below minimal input resolution of 300.
[171.812s] Simulation App Startup Complete
[isaac_app] renderer activeGpu=0 (want 0), multiGpu=False
app started in 172.0s
[172.946s] [ext: omni.physx.fabric-106.5.7] startup
2026-10-03 19:38:02 [173,639ms] [Warning] [omni.physicsschema.plugin] ScaleOrientation is not supported for rigid bodies, prim path: /World/envs/env_0/Robot/hande_left_finger. You may ignore this if the scale is close to uniform.
2026-10-03 19:38:02 [173,644ms] [Warning] [omni.physicsschema.plugin] ScaleOrientation is not supported for rigid bodies, prim path: /World/envs/env_0/Robot/hande_right_finger. You may ignore this if the scale is close to uniform.
2026-10-03 19:38:09 [180,503ms] [Warning] [omni.physx.plugin] Detected an articulation at /World/envs/env_0/Robot with more than 4 velocity iterations being added to a TGS scene.The related behavior changed recently, please consult the changelog. This warning will only print once.
2026-10-03 19:38:09 [180,657ms] [Warning] [omni.physx.tensors.plugin] Duplicate joint name 'FixedJoint' in articulation metatype
env ready in 38.9s
tetrapak #00 side      yaw    -83  grasp (-0.277 +0.343 +0.030) yaw     +7  rise   0.0 cm  fail  58.0s
tetrapak #01 side      yaw   +113  grasp (+0.252 +0.569 +0.030) yaw   +203  rise  -0.0 cm  fail  27.8s
tetrapak #02 side      yaw    +16  grasp (+0.200 +0.504 +0.030) yaw   +106  rise   0.0 cm  fail  20.1s
tetrapak #03 side      yaw   -179  grasp (+0.141 +0.455 +0.030) yaw    -89  rise  -0.0 cm  fail  32.2s
tetrapak #04 side      yaw   -117  grasp (+0.061 +0.555 +0.030) yaw    -27  rise   0.0 cm  fail  31.5s
tetrapak #05 side      yaw    -72  grasp (-0.121 +0.329 +0.030) yaw    +18  rise   0.0 cm  fail  33.4s
tetrapak #06 up        yaw    +61  grasp (+0.058 +0.535 +0.159) yaw   +151  rise  15.0 cm  OK  45.5s
tetrapak #07 up        yaw    -42  grasp (+0.199 +0.644 +0.159) yaw    +48  rise  15.0 cm  OK  38.4s
tetrapak #08 up        yaw    +54  grasp (+0.075 +0.467 +0.159) yaw   +144  rise  15.0 cm  OK  26.7s
tetrapak #09 side      yaw   -131  grasp (+0.018 +0.570 +0.030) yaw    -41  rise  -0.0 cm  fail  28.2s
--- tetrapak: 3/10
can      #00 up        yaw    -68  grasp (-0.006 +0.617 +0.015) yaw    +22  rise  13.7 cm  OK  30.8s
can      #01 up        yaw   +156  grasp (-0.057 +0.521 +0.015) yaw   +246  rise  13.7 cm  OK  32.5s
can      #02 up        yaw    -64  grasp (+0.038 +0.451 +0.015) yaw    +26  rise  13.7 cm  OK  27.9s
can      #03 up        yaw    -39  grasp (+0.156 +0.418 +0.015) yaw    +51  rise  13.7 cm  OK  36.9s
can      #04 up        yaw    +44  grasp (-0.166 +0.600 +0.015) yaw   +134  rise  13.8 cm  OK  32.1s
can      #05 up        yaw   +103  grasp (-0.104 +0.613 +0.015) yaw   +193  rise  13.7 cm  OK  28.0s
can      #06 up        yaw   -159  grasp (-0.066 +0.395 +0.015) yaw    -69  rise  13.7 cm  OK  29.7s
can      #07 up        yaw    -18  grasp (+0.119 +0.419 +0.015) yaw    +72  rise  13.7 cm  OK  25.0s
can      #08 up        yaw   -161  grasp (-0.038 +0.410 +0.015) yaw    -71  rise  13.7 cm  OK  38.5s
can      #09 up        yaw   -147  grasp (+0.032 +0.440 +0.015) yaw    -57  rise  13.7 cm  OK  26.1s
--- can: 10/10
chips    #00 face_down yaw   -108  grasp (+0.282 +0.424 +0.023) yaw    -18  rise   0.0 cm  fail  44.5s
chips    #01 face_down yaw   -142  grasp (+0.119 +0.540 +0.023) yaw    -52  rise  -0.0 cm  fail  34.9s
chips    #02 face_up   yaw   +164  grasp (+0.031 +0.583 +0.019) yaw   +254  rise  -0.0 cm  fail  26.8s
chips    #03 face_up   yaw    +43  grasp (+0.273 +0.555 +0.019) yaw   +133  rise  -0.0 cm  fail  22.4s
chips    #04 face_up   yaw    +93  grasp (+0.108 +0.514 +0.019) yaw   +183  rise   0.0 cm  KNOCKED fail  30.0s
chips    #05 face_up   yaw   +103  grasp (+0.073 +0.595 +0.019) yaw   +193  rise  -0.0 cm  fail  23.2s
chips    #06 face_down yaw   +156  grasp (-0.201 +0.469 +0.023) yaw   +245  rise   0.0 cm  fail  26.3s
chips    #07 face_down yaw   +154  grasp (+0.138 +0.256 +0.023) yaw   +244  rise  -0.0 cm  fail  41.0s
chips    #08 face_up   yaw   +173  grasp (+0.196 +0.503 +0.019) yaw   +263  rise  -0.0 cm  fail  33.1s
chips    #09 face_down yaw   +170  grasp (+0.136 +0.488 +0.023) yaw   +260  rise   0.0 cm  fail  30.5s
--- chips: 0/10
SR: tetrapak 3/10, can 10/10, chips 0/10
2026-10-03 19:54:43 [1,175,079ms] [Warning] [carb.windowing-glfw.plugin] GLFW initialization failed.
2026-10-03 19:54:43 [1,175,080ms] [Warning] [carb] Failed to startup plugin carb.windowing-glfw.plugin (interfaces: [carb::windowing::IGLContext v1.0],[carb::windowing::IWindowing v1.5]) (impl: carb.windowing-glfw.plugin)
[INFO]: Simulation is stopped. Shutting down the app.
[22:55:07] код выхода 0, время 1195 с, пик памяти на GPU 7 4080 MiB, клиент драйвера на GPU 0 6 MiB
[22:55:37] наших процессов на GPU нет
[22:55:38] результаты: /home/Invader17/grasp_task/runs/manual_env1_yaw90_20261003_223505
