[14:00:49] user=Invader17 gpu=7 vk_uuid=d9fc0582a134ded0909de88d902ecc0b cpus=44-45 timeout=25m stall=20m
[14:00:49] cmd: /home/Invader17/grasp_task/code/tmp_rl2/rgb_check.py --rounds 3
[Warning] [simulation_app.simulation_app] Modules: ['omni.kit_app'] were loaded before SimulationApp was started and might not be loaded correctly.
[Warning] [simulation_app.simulation_app] Please check to make sure no extra omniverse or pxr modules are imported before the call to SimulationApp(...)
Starting kit application with the following args:  ['/home/Invader17/grasp_task/envs/isaac/lib/python3.10/site-packages/isaacsim/exts/isaacsim.simulation_app/isaacsim/simulation_app/simulation_app.py', '/home/Invader17/grasp_task/envs/isaac/lib/python3.10/site-packages/isaacsim/apps/isaacsim.exp.base.python.kit', '--/app/tokens/exe-path=/home/Invader17/grasp_task/envs/isaac/lib/python3.10/site-packages/omni', '--/persistent/app/viewport/displayOptions=3094', '--/rtx/materialDb/syncLoads=True', '--/rtx/hydra/materialSyncLoads=True', '--/omni.kit.plugin/syncUsdLoads=True', '--/app/renderer/resolution/width=640', '--/app/renderer/resolution/height=480', '--/app/window/width=1440', '--/app/window/height=900', '--/renderer/multiGpu/enabled=False', '--/app/fastShutdown=True', '--/app/installSignalHandlers=0', '--ext-folder', '/home/Invader17/grasp_task/envs/isaac/lib/python3.10/site-packages/isaacsim/exts', '--ext-folder', '/home/Invader17/grasp_task/envs/isaac/lib/python3.10/site-packages/isaacsim/apps', '--/renderer/multiGpu/enabled=false', '--/renderer/multiGpu/autoEnable=false', '--/renderer/multiGpu/maxGpuCount=1', '--/renderer/activeGpu=0', '--/plugins/carb.tasking.plugin/threadCount=4', '--/persistent/isaac/asset_root/default=http://omniverse-content-production.s3-us-west-2.amazonaws.com/Assets/Isaac/4.5', '--/persistent/isaac/asset_root/cloud=http://omniverse-content-production.s3-us-west-2.amazonaws.com/Assets/Isaac/4.5', '--/persistent/isaac/asset_root/nvidia=http://omniverse-content-production.s3-us-west-2.amazonaws.com/Assets/Isaac/4.5', '--/renderer/activeGpu=0', '--/physics/cudaDevice=0', '--portable', '--no-window', '--/app/window/hideUi=1']
Passing the following args to the base kit application:  ['--rounds', '3']
[Info] [carb] Logging to file: /home/Invader17/grasp_task/envs/isaac/lib/python3.10/site-packages/omni/logs/Kit/Isaac-Sim Python/4.5/kit_20261005_110049.log
2026-10-05 11:00:49 [0ms] [Warning] [omni.kit.app.plugin] No crash reporter present, dumps uploading isn't available.
[0.471s] [ext: omni.kit.async_engine-0.0.1] startup
[1.137s] [ext: omni.metrics.core-0.0.1] startup
[1.139s] [ext: omni.client.lib-1.0.0] startup
[1.323s] [ext: omni.blobkey-1.1.2] startup
[1.326s] [ext: omni.stats-1.0.1] startup
[1.333s] [ext: omni.datastore-0.0.0] startup
[1.433s] [ext: omni.client-1.2.2] startup
[1.477s] [ext: omni.ujitso.default-1.0.0] startup
[1.490s] [ext: omni.hsscclient-1.1.1] startup
2026-10-05 11:00:50 [1,444ms] [Warning] [omni.datastore] OmniHub is inaccessible
[1.522s] [ext: omni.gpu_foundation.shadercache.vulkan-1.0.0] startup
[1.538s] [ext: omni.assets.plugins-0.0.0] startup
[1.555s] [ext: omni.gpu_foundation-0.0.0] startup
[1.668s] [ext: carb.windowing.plugins-1.0.0] startup
2026-10-05 11:00:51 [1,627ms] [Warning] [carb.windowing-glfw.plugin] GLFW initialization failed.
2026-10-05 11:00:51 [1,627ms] [Warning] [carb] Failed to startup plugin carb.windowing-glfw.plugin (interfaces: [carb::windowing::IGLContext v1.0],[carb::windowing::IWindowing v1.5]) (impl: carb.windowing-glfw.plugin)
[1.683s] [ext: omni.kit.renderer.init-0.0.0] startup
2026-10-05 11:00:51 [1,660ms] [Warning] [omni.platforminfo.plugin] failed to open the default display.  Can't verify X Server version.
[14:00:52] на GPU 7 чужие процессы: 1547814; запас памяти 1536 MiB, наш потолок 7168 MiB
2026-10-05 11:00:53 [3,956ms] [Warning] [carb.cudainterop.plugin] CUDA_VISIBLE_DEVICES environment variable is set.
2026-10-05 11:00:53 [3,957ms] [Warning] [carb.cudainterop.plugin] Note CUDA device enumeration and Omniverse device enumeration are different.
2026-10-05 11:00:53 [3,957ms] [Warning] [carb.cudainterop.plugin] Setting CUDA_VISIBLE_DEVICES can lead to undesired behavior or crashes.

|---------------------------------------------------------------------------------------------|
| Driver Version: 575.57.08     | Graphics API: Vulkan
|=============================================================================================|
| GPU | Name                             | Active | LDA | GPU Memory | Vendor-ID | LUID       |
|     |                                  |        |     |            | Device-ID | UUID       |
|     |                                  |        |     |            | Bus-ID    |            |
|---------------------------------------------------------------------------------------------|
| 0   | NVIDIA GeForce RTX 2080 Ti       | Yes: 0 |     | 11510   MB | 10de      | 0          |
|     |                                  |        |     |            | 1e04      | d9fc0582.. |
|     |                                  |        |     |            | 8         |            |
|=============================================================================================|
| OS: 20.04.6 LTS (Focal Fossa) ubuntu, Version: 20.04.6, Kernel: 5.15.0-139-generic
| Processor: AMD EPYC 7552 48-Core Processor
| Cores: 48 | Logical Cores: 48
|---------------------------------------------------------------------------------------------|
| Total Memory (MB): 515967 | Free Memory: 350502
| Total Page/Swap (MB): 67583 | Free Page/Swap: 17592186044409
|---------------------------------------------------------------------------------------------|
[17.480s] [ext: omni.kit.pipapi-0.0.0] startup
[17.485s] [ext: omni.materialx.libs-1.0.6] startup
[17.536s] [ext: omni.kit.pip_archive-0.0.0] startup
[17.538s] [ext: omni.usd.config-1.0.5] startup
[17.548s] [ext: omni.gpucompute.plugins-0.0.0] startup
[17.554s] [ext: omni.usd.libs-1.0.1] startup
[18.178s] [ext: omni.mdl-55.0.1] startup
[18.253s] [ext: omni.iray.libs-0.0.0] startup
[18.460s] [ext: omni.mdl.neuraylib-0.2.10] startup
[18.470s] [ext: omni.kit.usd.mdl-1.0.7] startup
[19.170s] [ext: omni.kit.telemetry-0.5.1] startup
[19.246s] [ext: omni.kit.loop-isaac-1.2.1] startup
[19.267s] [ext: omni.kit.test-1.1.2] startup
[19.495s] [ext: omni.appwindow-1.1.9] startup
2026-10-05 11:01:08 [19,447ms] [Warning] [carb.windowing-glfw.plugin] GLFW initialization failed.
2026-10-05 11:01:08 [19,447ms] [Warning] [carb] Failed to startup plugin carb.windowing-glfw.plugin (interfaces: [carb::windowing::IGLContext v1.0],[carb::windowing::IWindowing v1.5]) (impl: carb.windowing-glfw.plugin)
[19.508s] [ext: omni.kit.renderer.core-1.0.2] startup
2026-10-05 11:01:11 [21,996ms] [Warning] [carb.windowing-glfw.plugin] GLFW initialization failed.
2026-10-05 11:01:11 [21,996ms] [Warning] [carb] Failed to startup plugin carb.windowing-glfw.plugin (interfaces: [carb::windowing::IGLContext v1.0],[carb::windowing::IWindowing v1.5]) (impl: carb.windowing-glfw.plugin)
2026-10-05 11:01:11 [22,037ms] [Warning] [carb.windowing-glfw.plugin] GLFW initialization failed.
2026-10-05 11:01:11 [22,037ms] [Warning] [carb] Failed to startup plugin carb.windowing-glfw.plugin (interfaces: [carb::windowing::IGLContext v1.0],[carb::windowing::IWindowing v1.5]) (impl: carb.windowing-glfw.plugin)
[22.101s] [ext: omni.kit.renderer.capture-0.0.0] startup
[22.116s] [ext: omni.kit.renderer.imgui-1.0.2] startup
2026-10-05 11:01:11 [22,091ms] [Warning] [carb.windowing-glfw.plugin] GLFW initialization failed.
2026-10-05 11:01:11 [22,091ms] [Warning] [carb] Failed to startup plugin carb.windowing-glfw.plugin (interfaces: [carb::windowing::IGLContext v1.0],[carb::windowing::IWindowing v1.5]) (impl: carb.windowing-glfw.plugin)
2026-10-05 11:01:11 [22,096ms] [Warning] [carb.windowing-glfw.plugin] GLFW initialization failed.
2026-10-05 11:01:11 [22,097ms] [Warning] [carb] Failed to startup plugin carb.windowing-glfw.plugin (interfaces: [carb::windowing::IGLContext v1.0],[carb::windowing::IWindowing v1.5]) (impl: carb.windowing-glfw.plugin)
2026-10-05 11:01:11 [22,101ms] [Warning] [carb.windowing-glfw.plugin] GLFW initialization failed.
2026-10-05 11:01:11 [22,102ms] [Warning] [carb] Failed to startup plugin carb.windowing-glfw.plugin (interfaces: [carb::windowing::IGLContext v1.0],[carb::windowing::IWindowing v1.5]) (impl: carb.windowing-glfw.plugin)
[22.700s] [ext: omni.ui-2.26.5] startup
[22.774s] [ext: omni.kit.mainwindow-1.0.3] startup
[22.783s] [ext: carb.audio-0.1.0] startup
[22.799s] [ext: omni.uiaudio-1.0.0] startup
[22.807s] [ext: omni.kit.uiapp-0.0.0] startup
[22.810s] [ext: omni.usd.schema.metrics.assembler-106.5.0] startup
[22.830s] [ext: omni.usd.schema.anim-0.0.0] startup
[22.912s] [ext: omni.usd.schema.audio-0.0.0] startup
[22.924s] [ext: omni.usd.schema.isaac-3.0.2] startup
[22.926s] [ext: omni.usd.schema.omnigraph-1.0.0] startup
[22.953s] [ext: omni.usd.schema.forcefield-106.5.7] startup
[23.005s] [ext: omni.usd.schema.semantics-0.0.0] startup
[23.015s] [ext: omni.usd.schema.physx-106.5.7] startup
[23.172s] [ext: omni.usd.schema.geospatial-0.0.0] startup
[23.180s] [ext: omni.usd_resolver-1.0.0] startup
[23.191s] [ext: omni.kit.window.popup_dialog-2.0.24] startup
[23.202s] [ext: usdrt.scenegraph-7.5.1] startup
[23.401s] [ext: omni.timeline-1.0.11] startup
[23.412s] [ext: omni.usd.core-1.4.2] startup
[23.428s] [ext: omni.resourcemonitor-107.0.0] startup
[23.439s] [ext: omni.activity.core-1.0.1] startup
[23.447s] [ext: omni.kit.widget.nucleus_connector-1.1.10] startup
[23.456s] [ext: omni.hydra.usdrt_delegate-7.5.1] startup
[23.497s] [ext: omni.kit.actions.core-1.0.0] startup
[23.508s] [ext: omni.graph.exec-0.9.4] startup
[23.513s] [ext: omni.kit.commands-1.4.9] startup
[23.528s] [ext: omni.kit.usd_undo-0.1.8] startup
[23.532s] [ext: omni.kit.exec.core-0.13.4] startup
[23.543s] [ext: omni.kit.audiodeviceenum-1.0.1] startup
[23.551s] [ext: omni.hydra.scene_delegate-0.3.3] startup
[23.567s] [ext: omni.usd-1.12.4] startup
[23.781s] [ext: omni.inspect-1.0.1] startup
[23.788s] [ext: omni.kit.notification_manager-1.0.9] startup
[23.794s] [ext: omni.graph.core-2.181.8] startup
[23.817s] [ext: isaacsim.core.deprecation_manager-0.2.2] startup
[23.820s] [ext: omni.usd.schema.omniscripting-1.0.0] startup
[23.834s] [ext: isaacsim.robot.schema-3.1.2] startup
[23.863s] [ext: omni.kit.asset_converter-2.8.3] startup
[23.958s] [ext: omni.kit.menu.core-1.1.2] startup
[23.962s] [ext: omni.kvdb-106.5.7] startup
[23.974s] [ext: omni.kit.widget.context_menu-1.2.4] startup
[23.980s] [ext: omni.kit.usd.layers-2.2.0] startup
[24.006s] [ext: omni.kit.property.adapter.core-1.0.2] startup
[24.016s] [ext: omni.localcache-106.5.7] startup
[24.027s] [ext: omni.convexdecomposition-106.5.7] startup
[24.046s] [ext: omni.warp.core-1.5.0] startup
[24.500s] [ext: omni.kit.context_menu-1.8.3] startup
[24.508s] [ext: omni.kit.hotkeys.core-1.3.10] startup
[24.520s] [ext: omni.kit.property.adapter.fabric-1.0.3] startup
[24.528s] [ext: omni.usdphysics-106.5.7] startup
[24.538s] [ext: omni.kit.widget.path_field-2.0.11] startup
[24.540s] [ext: omni.kit.widget.options_menu-1.1.6] startup
[24.549s] [ext: omni.kit.helper.file_utils-0.1.9] startup
[24.552s] [ext: omni.kit.widget.browser_bar-2.0.10] startup
[24.556s] [ext: omni.kit.widget.options_button-1.0.3] startup
[24.560s] [ext: omni.kit.widget.filebrowser-2.10.52] startup
[24.571s] [ext: omni.kit.clipboard-1.0.5] startup
[24.576s] [ext: omni.graph.tools-1.79.1] startup
[24.623s] [ext: omni.ui.scene-1.11.2] startup
[24.655s] [ext: omni.graph.image.core-0.6.0] startup
[24.663s] [ext: omni.kit.window.filepicker-2.11.7] startup
[24.691s] [ext: omni.kit.widget.searchfield-1.1.8] startup
[24.696s] [ext: omni.graph.image.nodes-1.3.0] startup
[24.719s] [ext: omni.graph-1.140.2] startup
[24.813s] [ext: omni.kit.window.file_exporter-1.0.31] startup
[24.828s] [ext: omni.kit.widget.filter-1.1.4] startup
[24.832s] [ext: omni.physx.foundation-106.5.7] startup
[24.854s] [ext: omni.graph.nodes-1.162.1] startup
[24.955s] [ext: omni.kit.widget.stage-2.11.6] startup
[24.995s] [ext: omni.hydra.rtx.shadercache.vulkan-1.0.0] startup
[25.003s] [ext: omni.hydra.engine.stats-1.0.3] startup
[25.011s] [ext: omni.graph.action_core-1.1.7] startup
[25.022s] [ext: omni.kit.widget.highlight_label-1.0.3] startup
[25.027s] [ext: omni.ujitso.processor.texture-1.0.0] startup
[25.036s] [ext: omni.index.libs-380600.1777.0] startup
[25.038s] [ext: omni.kit.window.file_importer-1.1.14] startup
[25.042s] [ext: omni.kit.stage_template.core-1.1.22] startup
[25.047s] [ext: omni.volume-0.5.0] startup
[25.134s] [ext: omni.ujitso.client-0.0.0] startup
[25.141s] [ext: omni.index-1.0.1] startup
[25.146s] [ext: omni.kit.window.file-1.3.57] startup
[25.152s] [ext: omni.hydra.rtx-1.0.0] startup
2026-10-05 11:01:14 [25,131ms] [Warning] [omni.log] Source: omni.hydra was already registered.
[25.291s] [ext: omni.kit.viewport.registry-104.0.6] startup
[25.295s] [ext: omni.kit.viewport.legacy_gizmos-1.0.16] startup
[25.305s] [ext: omni.kit.raycast.query-1.0.5] startup
[25.326s] [ext: omni.kit.viewport.scene_camera_model-1.0.5] startup
[25.341s] [ext: omni.kit.hydra_texture-1.4.0] startup
[25.359s] [ext: omni.kit.menu.utils-1.7.7] startup
[25.373s] [ext: omni.kit.window.drop_support-1.0.4] startup
[25.377s] [ext: omni.kit.widget.viewport-107.0.7] startup
[25.581s] [ext: omni.kit.material.library-1.5.15] startup
[25.599s] [ext: omni.kit.window.content_browser_registry-0.0.6] startup
[25.605s] [ext: omni.kit.viewport.window-107.0.8] startup
[25.676s] [ext: omni.graph.action_nodes-1.40.1] startup
[25.696s] [ext: omni.kit.window.property-1.11.5] startup
[25.711s] [ext: omni.kit.window.content_browser-2.10.3] startup
[25.815s] [ext: omni.kit.property.adapter.usd-1.0.2] startup
[25.825s] [ext: omni.kit.viewport.utility-1.0.18] startup
[25.834s] [ext: omni.graph.action-1.120.0] startup
[25.836s] [ext: omni.kit.property.usd-4.2.16] startup
[25.867s] [ext: omni.physx.cooking-106.5.7] startup
[25.900s] [ext: omni.kit.widget.stage_icons-1.0.6] startup
[25.903s] [ext: omni.kit.widget.zoombar-1.0.5] startup
[25.908s] [ext: omni.physics.tensors-106.5.7] startup
[25.945s] [ext: omni.kit.widget.prompt-1.0.7] startup
[25.947s] [ext: omni.kit.usd.collect-2.2.22] startup
[25.953s] [ext: omni.physx-106.5.7] startup
[26.027s] [ext: omni.kit.window.stage-2.5.11] startup
[26.039s] [ext: omni.kit.browser.core-2.3.11] startup
[26.047s] [ext: omni.kit.widget.text_editor-1.0.2] startup
[26.057s] [ext: omni.physx.tensors-106.5.7] startup
[26.977s] [ext: omni.kit.tool.collect-2.2.16] startup
[26.983s] [ext: omni.kit.menu.stage-1.2.5] startup
[26.987s] [ext: omni.kit.browser.folder.core-1.10.1] startup
[27.018s] [ext: omni.warp-1.5.0] startup
[27.031s] [ext: isaacsim.examples.browser-0.1.8] startup
[27.048s] [ext: omni.physx.stageupdate-106.5.7] startup
[27.073s] [ext: omni.kit.numpy.common-0.1.2] startup
[27.090s] [ext: isaacsim.core.version-2.0.2] startup
[27.106s] [ext: omni.isaac.dynamic_control-1.3.15] startup
2026-10-05 11:01:16 [27,125ms] [Warning] [omni.isaac.dynamic_control] omni.isaac.dynamic_control is deprecated as of Isaac Sim 4.5. No action is needed from end-users.
[27.185s] [ext: isaacsim.storage.native-1.0.6] startup
[27.189s] [ext: omni.kit.menu.create-1.0.17] startup
[27.193s] [ext: isaacsim.core.utils-2.2.8] startup
[27.231s] [ext: omni.kit.widget.searchable_combobox-1.0.6] startup
[27.236s] [ext: omni.kit.primitive.mesh-1.0.17] startup
[27.267s] [ext: isaacsim.core.simulation_manager-0.3.3] startup
[31.970s] [ext: omni.kit.scripting-106.5.2] startup
[31.983s] [ext: omni.kit.stage_templates-1.2.6] startup
[31.994s] [ext: isaacsim.core.prims-0.3.7] startup
[32.034s] [ext: isaacsim.replicator.behavior-1.0.8] startup
[32.037s] [ext: isaacsim.core.api-4.2.16] startup
[32.068s] [ext: omni.ui_query-1.1.7] startup
[32.076s] [ext: omni.kit.manipulator.viewport-107.0.1] startup
[32.083s] [ext: omni.kit.ui_test-1.3.3] startup
[32.091s] [ext: omni.kit.window.extensions-1.4.25] startup
[32.109s] [ext: omni.graph.visualization.nodes-2.1.1] startup
[32.123s] [ext: omni.kit.tool.asset_importer-2.12.2] startup
[32.171s] [ext: isaacsim.gui.components-1.0.9] startup
[32.192s] [ext: omni.kit.widget.settings-1.2.2] startup
[32.202s] [ext: omni.kit.widget.graph-1.12.17] startup
[32.214s] [ext: omni.kit.window.preferences-1.7.0] startup
[32.235s] [ext: omni.kit.graph.delegate.default-1.2.2] startup
[32.238s] [ext: omni.kit.viewport.menubar.core-107.1.2] startup
[32.271s] [ext: omni.kit.widget.material_preview-1.0.16] startup
[32.279s] [ext: omni.kit.graph.usd.commands-1.3.1] startup
[32.283s] [ext: omni.kit.graph.editor.core-1.5.3] startup
[32.296s] [ext: omni.syntheticdata-0.6.10] startup
[32.372s] [ext: omni.kit.window.material_graph-1.8.19] startup
[32.435s] [ext: omni.graph.scriptnode-1.40.1] startup
[32.451s] [ext: isaacsim.core.cloner-1.3.4] startup
[32.454s] [ext: omni.replicator.core-1.11.35] startup
Warp 1.5.0 initialized:
   CUDA Toolkit 11.8, Driver 12.9
   Devices:
     "cpu"      : "x86_64"
     "cuda:0"   : "NVIDIA GeForce RTX 2080 Ti" (11 GiB, sm_75, mempool enabled)
   Kernel cache:
     /home/Invader17/grasp_task/.cache/warp
2026-10-05 11:01:24 [35,088ms] [Warning] [omni.replicator.core.scripts.extension] No material configuration file, adding configuration to material settings directly.
[35.155s] [ext: omni.isaac.cloner-1.0.2] startup
2026-10-05 11:01:24 [35,102ms] [Warning] [omni.isaac.cloner] omni.isaac.cloner has been deprecated in favor of isaacsim.core.cloner. Please update your code accordingly.
[35.168s] [ext: isaacsim.core.nodes-2.1.4] startup
[35.212s] [ext: isaacsim.asset.importer.urdf-2.3.10] startup
[35.546s] [ext: omni.isaac.core-4.0.3] startup
2026-10-05 11:01:25 [35,509ms] [Warning] [omni.isaac.core.physics_context.physics_context] omni.isaac.core.physics_context.physics_context has been deprecated in favor of isaacsim.core.api.physics_context.physics_context. Please update your code accordingly.
2026-10-05 11:01:25 [35,510ms] [Warning] [omni.isaac.core.simulation_context.simulation_context] omni.isaac.core.simulation_context.simulation_context has been deprecated in favor of isaacsim.core.api.simulation_context.simulation_context. Please update your code accordingly.
2026-10-05 11:01:25 [35,511ms] [Warning] [omni.isaac.core.world.world] omni.isaac.core.world.world has been deprecated in favor of isaacsim.core.api.world.world. Please update your code accordingly.
2026-10-05 11:01:25 [35,512ms] [Warning] [omni.isaac.core] omni.isaac.core has been deprecated in favor of isaacsim.core.api. Please update your code accordingly.
[35.569s] [ext: omni.isaac.core_nodes-2.0.2] startup
2026-10-05 11:01:25 [35,577ms] [Warning] [omni.isaac.core_nodes] omni.isaac.core_nodes has been deprecated in favor of isaacsim.core.nodes. Please update your code accordingly.
[35.635s] [ext: omni.anim.curve.core-1.2.0] startup
[35.682s] [ext: isaacsim.robot_motion.lula-4.0.4] startup
[35.791s] [ext: isaacsim.asset.importer.mjcf-2.3.3] startup
[35.828s] [ext: isaacsim.robot_motion.motion_generation-8.0.6] startup
[35.866s] [ext: isaacsim.asset.browser-1.3.4] startup
[35.949s] [ext: isaacsim.robot.surface_gripper-2.0.6] startup
[35.966s] [ext: omni.kit.selection-0.1.5] startup
[35.982s] [ext: isaacsim.robot_motion.lula_test_widget-1.0.5] startup
[35.987s] [ext: omni.isaac.assets_check-0.3.9] startup
2026-10-05 11:01:25 [35,938ms] [Warning] [omni.isaac.assets_check] omni.isaac.assets_check has been deprecated in favor of isaacsim.asset.browser. Please update your code accordingly.
[35.999s] [ext: isaacsim.robot.manipulators-3.0.4] startup
[36.026s] [ext: isaacsim.sensors.physics-0.3.5] startup
[36.069s] [ext: isaacsim.gui.menu-2.0.9] startup
[36.095s] [ext: omni.isaac.lula_test_widget-1.0.2] startup
2026-10-05 11:01:25 [36,047ms] [Warning] [omni.isaac.lula_test_widget] omni.isaac.lula_test_widget has been deprecated in favor of isaacsim.robot_motion.lula_test_widget. Please update your code accordingly.
[36.113s] [ext: omni.sensors.nv.common-2.5.0-coreapi] startup
[36.365s] [ext: omni.isaac.manipulators-3.0.3] startup
2026-10-05 11:01:25 [36,316ms] [Warning] [omni.isaac.manipulators] omni.isaac.manipulators has been deprecated in favor of isaacsim.robot.manipulators. Please update your code accordingly.
2026-10-05 11:01:25 [36,316ms] [Warning] [omni.isaac.manipulators.controllers] omni.isaac.manipulators has been deprecated in favor of isaacsim.robot.manipulators. Please update your code accordingly.
2026-10-05 11:01:25 [36,317ms] [Warning] [omni.isaac.manipulators.controllers.pick_place_controller] omni.isaac.manipulators has been deprecated in favor of isaacsim.robot.manipulators. Please update your code accordingly.
2026-10-05 11:01:25 [36,319ms] [Warning] [omni.isaac.manipulators.controllers.stacking_controller] omni.isaac.manipulators has been deprecated in favor of isaacsim.robot.manipulators. Please update your code accordingly.
2026-10-05 11:01:25 [36,320ms] [Warning] [omni.isaac.manipulators.grippers] omni.isaac.manipulators has been deprecated in favor of isaacsim.robot.manipulators. Please update your code accordingly.
2026-10-05 11:01:25 [36,320ms] [Warning] [omni.isaac.manipulators.grippers.gripper] omni.isaac.manipulators has been deprecated in favor of isaacsim.robot.manipulators. Please update your code accordingly.
2026-10-05 11:01:25 [36,321ms] [Warning] [omni.isaac.manipulators.grippers.parallel_gripper] omni.isaac.manipulators has been deprecated in favor of isaacsim.robot.manipulators. Please update your code accordingly.
2026-10-05 11:01:25 [36,321ms] [Warning] [omni.isaac.manipulators.grippers.surface_gripper] omni.isaac.manipulators has been deprecated in favor of isaacsim.robot.manipulators. Please update your code accordingly.
2026-10-05 11:01:25 [36,322ms] [Warning] [omni.isaac.manipulators.manipulators] omni.isaac.manipulators has been deprecated in favor of isaacsim.robot.manipulators. Please update your code accordingly.
2026-10-05 11:01:25 [36,323ms] [Warning] [omni.isaac.manipulators.manipulators.single_manipulator] omni.isaac.manipulators has been deprecated in favor of isaacsim.robot.manipulators. Please update your code accordingly.
[36.379s] [ext: isaacsim.robot.policy.examples-4.0.3] startup
[36.391s] [ext: omni.isaac.menu-1.0.2] startup
2026-10-05 11:01:25 [36,336ms] [Warning] [omni.isaac.menu] omni.isaac.menu has been deprecated in favor of isaacsim.gui.menu. Please update your code accordingly.
[36.393s] [ext: omni.isaac.motion_generation-8.0.2] startup
2026-10-05 11:01:25 [36,338ms] [Warning] [omni.isaac.motion_generation] omni.isaac.motion_generation has been deprecated in favor of isaacsim.robot_motion.motion_generation. Please update your code accordingly.
2026-10-05 11:01:25 [36,339ms] [Warning] [omni.isaac.motion_generation.articulation_kinematics_solver] omni.isaac.motion_generation has been deprecated in favor of isaacsim.robot_motion.motion_generation. Please update your code accordingly.
2026-10-05 11:01:25 [36,339ms] [Warning] [omni.isaac.motion_generation.articulation_motion_policy] omni.isaac.motion_generation has been deprecated in favor of isaacsim.robot_motion.motion_generation. Please update your code accordingly.
2026-10-05 11:01:25 [36,340ms] [Warning] [omni.isaac.motion_generation.articulation_trajectory] omni.isaac.motion_generation has been deprecated in favor of isaacsim.robot_motion.motion_generation. Please update your code accordingly.
2026-10-05 11:01:25 [36,340ms] [Warning] [omni.isaac.motion_generation.kinematics_interface] omni.isaac.motion_generation has been deprecated in favor of isaacsim.robot_motion.motion_generation. Please update your code accordingly.
2026-10-05 11:01:25 [36,341ms] [Warning] [omni.isaac.motion_generation.lula] omni.isaac.motion_generation has been deprecated in favor of isaacsim.robot_motion.motion_generation. Please update your code accordingly.
2026-10-05 11:01:25 [36,341ms] [Warning] [omni.isaac.motion_generation.lula.kinematics] omni.isaac.motion_generation has been deprecated in favor of isaacsim.robot_motion.motion_generation. Please update your code accordingly.
2026-10-05 11:01:25 [36,345ms] [Warning] [omni.isaac.motion_generation.lula.motion_policies] omni.isaac.motion_generation has been deprecated in favor of isaacsim.robot_motion.motion_generation. Please update your code accordingly.
2026-10-05 11:01:25 [36,356ms] [Warning] [omni.isaac.motion_generation.lula.path_planners] omni.isaac.motion_generation has been deprecated in favor of isaacsim.robot_motion.motion_generation. Please update your code accordingly.
2026-10-05 11:01:25 [36,358ms] [Warning] [omni.isaac.motion_generation.lula.trajectory_generator] omni.isaac.motion_generation has been deprecated in favor of isaacsim.robot_motion.motion_generation. Please update your code accordingly.
2026-10-05 11:01:25 [36,359ms] [Warning] [omni.isaac.motion_generation.motion_policy_controller] omni.isaac.motion_generation has been deprecated in favor of isaacsim.robot_motion.motion_generation. Please update your code accordingly.
2026-10-05 11:01:25 [36,359ms] [Warning] [omni.isaac.motion_generation.motion_policy_interface] omni.isaac.motion_generation has been deprecated in favor of isaacsim.robot_motion.motion_generation. Please update your code accordingly.
2026-10-05 11:01:25 [36,360ms] [Warning] [omni.isaac.motion_generation.path_planner_visualizer] omni.isaac.motion_generation has been deprecated in favor of isaacsim.robot_motion.motion_generation. Please update your code accordingly.
2026-10-05 11:01:25 [36,361ms] [Warning] [omni.isaac.motion_generation.path_planning_interface] omni.isaac.motion_generation has been deprecated in favor of isaacsim.robot_motion.motion_generation. Please update your code accordingly.
2026-10-05 11:01:25 [36,361ms] [Warning] [omni.isaac.motion_generation.trajectory] omni.isaac.motion_generation has been deprecated in favor of isaacsim.robot_motion.motion_generation. Please update your code accordingly.
2026-10-05 11:01:25 [36,362ms] [Warning] [omni.isaac.motion_generation.world_interface] omni.isaac.motion_generation has been deprecated in favor of isaacsim.robot_motion.motion_generation. Please update your code accordingly.
[36.419s] [ext: omni.sensors.nv.materials-1.4.0-coreapi] startup
[36.441s] [ext: omni.isaac.nucleus-1.0.3] startup
2026-10-05 11:01:25 [36,387ms] [Warning] [omni.isaac.nucleus] omni.isaac.nucleus has been deprecated in favor of isaacsim.storage.native. Please update your code accordingly.
2026-10-05 11:01:25 [36,388ms] [Warning] [omni.isaac.nucleus.nucleus] omni.isaac.nucleus.nucleus has been deprecated in favor of isaacsim.storage.native. Please update your code accordingly.
[36.444s] [ext: omni.isaac.quadruped-3.0.2] startup
2026-10-05 11:01:25 [36,396ms] [Warning] [omni.isaac.quadruped] omni.isaac.quadruped has been deprecated in favor of isaacsim.robot.policy.examples. Please update your code accordingly.
[36.452s] [ext: omni.kit.manipulator.selector-1.1.1] startup
[36.477s] [ext: omni.sensors.nv.wpm-2.4.0-coreapi] startup
[36.505s] [ext: omni.sensors.nv.lidar-2.6.3-coreapi] startup
[36.560s] [ext: omni.sensors.nv.ids-1.4.0-coreapi] startup
[36.583s] [ext: isaacsim.robot.manipulators.examples-1.0.3] startup
[36.592s] [ext: isaacsim.util.debug_draw-2.0.2] startup
[36.616s] [ext: omni.sensors.tiled-0.0.6] startup
[36.633s] [ext: omni.sensors.nv.radar-2.6.1-coreapi] startup
[36.666s] [ext: omni.kit.widget.toolbar-1.7.3] startup
[36.683s] [ext: omni.kit.manipulator.transform-106.0.1] startup
[36.695s] [ext: isaacsim.sensors.physx-2.2.4] startup
[36.719s] [ext: isaacsim.sensors.rtx-13.6.3] startup
[36.747s] [ext: isaacsim.sensors.camera-0.2.9] startup
[36.775s] [ext: isaacsim.cortex.framework-1.0.2] startup
[36.776s] [ext: omni.kit.manipulator.tool.snap-1.5.12] startup
[36.820s] [ext: omni.isaac.range_sensor-4.0.2] startup
[36.832s] [ext: omni.isaac.surface_gripper-2.0.2] startup
2026-10-05 11:01:26 [36,777ms] [Warning] [omni.isaac.surface_gripper] omni.isaac.surface_gripper has been deprecated in favor of isaacsim.robot.surface_gripper. Please update your code accordingly.
[36.836s] [ext: omni.isaac.sensor-13.0.3] startup
2026-10-05 11:01:26 [36,787ms] [Warning] [omni.isaac.sensor] omni.isaac.sensor has been deprecated in favor of isaacsim.sensors.camera, isaacsim.sensors.physics, isaacsim.sensors.physx, and isaacsim.sensors.rtx. Please update your code accordingly.
2026-10-05 11:01:26 [36,789ms] [Warning] [omni.isaac.sensor.camera] omni.isaac.sensor.camera has been deprecated in favor of isaacsim.sensors.camera.camera. Please update your code accordingly.
2026-10-05 11:01:26 [36,790ms] [Warning] [omni.isaac.sensor.camera_view] omni.isaac.sensor.camera_view has been deprecated in favor of isaacsim.sensors.camera.camera_view. Please update your code accordingly.
2026-10-05 11:01:26 [36,790ms] [Warning] [omni.isaac.sensor.commands] omni.isaac.sensor.commands has been deprecated in favor of isaacsim.sensors.physics.commands, isaacsim.sensors.physx.commands, and isaacsim.sensors.rtx.commands. Please update your code accordingly.
2026-10-05 11:01:26 [36,791ms] [Warning] [omni.isaac.sensor.contact_sensor] omni.isaac.sensor.contact_sensor has been deprecated in favor of isaacsim.sensors.physics.contact_sensor. Please update your code accordingly.
2026-10-05 11:01:26 [36,792ms] [Warning] [omni.isaac.sensor.imu_sensor] omni.isaac.sensor.imu_sensor has been deprecated in favor of isaacsim.sensors.physics.imu_sensor. Please update your code accordingly.
2026-10-05 11:01:26 [36,792ms] [Warning] [omni.isaac.sensor.lidar_rtx] omni.isaac.sensor.lidar_rtx has been deprecated in favor of isaacsim.sensors.rtx.lidar_rtx. Please update your code accordingly.
2026-10-05 11:01:26 [36,793ms] [Warning] [omni.isaac.sensor.rotating_lidar_physX] omni.isaac.sensor.imu_sensor has been deprecated in favor of isaacsim.sensors.physix.rotating_lidar_physX. Please update your code accordingly.
2026-10-05 11:01:26 [36,794ms] [Warning] [omni.isaac.sensor.scripts.samples.contact_sensor] omni.isaac.sensor.scripts.samples.contact_sensor has been deprecated in favor of isaacsim.sensors.physics.scripts.samples.contact_sensor. Please update your code accordingly.
2026-10-05 11:01:26 [36,795ms] [Warning] [omni.isaac.sensor.scripts.samples.imu_sensor] omni.isaac.sensor.scripts.samples.imu_sensor has been deprecated in favor of isaacsim.sensors.physics.scripts.samples.imu_sensor. Please update your code accordingly.
2026-10-05 11:01:26 [36,796ms] [Warning] [omni.isaac.sensor.scripts.samples.lightbeam_sensor] omni.isaac.sensor.scripts.samples.lightbeam_sensor has been deprecated in favor of isaacsim.sensors.physx.scripts.samples.lightbeam_sensor. Please update your code accordingly.
[36.853s] [ext: omni.isaac.cortex-1.0.2] startup
2026-10-05 11:01:26 [36,812ms] [Warning] [omni.isaac.cortex] omni.isaac.cortex has been deprecated in favor of isaacsim.cortex.framework. Please update your code accordingly.
[36.869s] [ext: omni.kit.viewport.manipulator.transform-107.0.4] startup
[36.880s] [ext: omni.debugdraw-0.1.3] startup
[36.891s] [ext: omni.isaac.universal_robots-1.0.2] startup
2026-10-05 11:01:26 [36,840ms] [Warning] [omni.isaac.universal_robots] omni.isaac.universal_robots has been deprecated in favor of isaacsim.robot.manipulators.examples.universal_robots. Please update your code accordingly.
2026-10-05 11:01:26 [36,840ms] [Warning] [omni.isaac.universal_robots.kinematics_solver] omni.isaac.franka has been deprecated in favor of isaacsim.robot.manipulators.examples.universal_robots. Please update your code accordingly.
2026-10-05 11:01:26 [36,841ms] [Warning] [omni.isaac.universal_robots.ur10] omni.isaac.franka has been deprecated in favor of isaacsim.robot.manipulators.examples.universal_robots. Please update your code accordingly.
[36.898s] [ext: omni.isaac.utils-2.0.2] startup
[36.907s] [ext: omni.kit.manipulator.prim.core-107.0.7] startup
[36.921s] [ext: omni.fabric.commands-1.1.5] startup
[36.935s] [ext: omni.kit.manipulator.selection-106.0.1] startup
[36.940s] [ext: omni.kit.viewport.actions-107.0.0] startup
[36.951s] [ext: omni.kit.manipulator.prim.usd-107.0.3] startup
[36.960s] [ext: omni.kit.manipulator.prim.fabric-107.0.4] startup
[36.968s] [ext: isaacsim.cortex.behaviors-2.0.3] startup
[36.973s] [ext: omni.kit.widget.layers-1.8.2] startup
[37.004s] [ext: omni.kit.viewport.menubar.display-107.0.3] startup
[37.016s] [ext: omni.kit.manipulator.prim-107.0.0] startup
[37.018s] [ext: omni.isaac.cortex.sample_behaviors-2.0.2] startup
2026-10-05 11:01:26 [36,964ms] [Warning] [omni.isaac.cortex.sample_behaviors] omni.isaac.cortex.sample_behaviors has been deprecated in favor of isaacsim.cortex.behaviors. Please update your code accordingly.
[37.020s] [ext: omni.graph.ui_nodes-1.40.1] startup
[37.048s] [ext: omni.usdphysics.ui-106.5.7] startup
[37.130s] [ext: omni.physx.commands-106.5.7] startup
[37.142s] [ext: omni.kit.property.camera-1.0.9] startup
[37.146s] [ext: omni.hydra.scene_api-0.1.2] startup
[37.179s] [ext: omni.kit.property.geometry-1.3.3] startup
[37.191s] [ext: omni.kit.property.light-1.0.11] startup
[37.213s] [ext: omni.physx.ui-106.5.7] startup
[37.291s] [ext: omni.kit.property.material-1.10.17] startup
[37.308s] [ext: omni.kit.property.render-1.1.3] startup
[37.315s] [ext: omni.kit.property.transform-1.5.10] startup
[37.324s] [ext: omni.kit.property.audio-1.0.16] startup
[37.327s] [ext: isaacsim.gui.property-1.0.4] startup
[37.339s] [ext: omni.physx.demos-106.5.7] startup
[37.384s] [ext: omni.kit.property.physx-106.5.7] startup
[37.509s] [ext: omni.isaac.lula-4.0.2] startup
2026-10-05 11:01:26 [37,461ms] [Warning] [omni.isaac.lula] omni.isaac.lula has been deprecated in favor of isaacsim.robot_motion.lula. Please update your code accordingly.
[37.520s] [ext: omni.kit.property.bundle-1.3.2] startup
[37.527s] [ext: omni.kit.property.isaac-1.0.2] startup
2026-10-05 11:01:26 [37,472ms] [Warning] [omni.kit.property.isaac] omni.kit.property.isaac has been deprecated in favor of isaacsim.gui.property. Please update your code accordingly.
2026-10-05 11:01:26 [37,473ms] [Warning] [omni.kit.property.isaac.widgets] omni.kit.property.isaac.widgets has been deprecated in favor of isaacsim.gui.property.widgets. Please update your code accordingly.
[37.530s] [ext: omni.physx.vehicle-106.5.7] startup
[37.580s] [ext: omni.kit.viewport.menubar.camera-107.0.2] startup
[37.597s] [ext: omni.kit.viewport.menubar.lighting-106.0.2] startup
[37.608s] [ext: omni.kit.viewport.menubar.render-107.0.8] startup
[37.618s] [ext: omni.kit.viewport.menubar.settings-107.0.3] startup
[37.632s] [ext: omni.kit.window.console-0.2.14] startup
[37.658s] [ext: omni.physx.camera-106.5.7] startup
[37.689s] [ext: omni.kit.window.toolbar-1.6.2] startup
[37.699s] [ext: omni.isaac.version-2.0.2] startup
2026-10-05 11:01:27 [37,644ms] [Warning] [omni.isaac.version] omni.isaac.version has been deprecated in favor of isaacsim.core.version. Please update your code accordingly.
[37.701s] [ext: isaacsim.robot.wheeled_robots-4.0.3] startup
[37.732s] [ext: omni.physx.cct-106.5.7] startup
[37.782s] [ext: omni.physx.graph-106.5.7] startup
[37.845s] [ext: isaacsim.replicator.writers-1.0.1] startup
[37.904s] [ext: omni.physx.supportui-106.5.7] startup
[37.975s] [ext: omni.physx.telemetry-106.5.7] startup
[38.006s] [ext: omni.isaac.wheeled_robots-3.0.3] startup
2026-10-05 11:01:27 [37,952ms] [Warning] [omni.isaac.wheeled_robots] omni.isaac.wheeled_robots has been deprecated in favor of isaacsim.robot.wheeled_robots. Please update your code accordingly.
2026-10-05 11:01:27 [37,952ms] [Warning] [omni.isaac.wheeled_robots.controllers] omni.isaac.wheeled_robots has been deprecated in favor of isaacsim.robot.wheeled_robots. Please update your code accordingly.
2026-10-05 11:01:27 [37,953ms] [Warning] [omni.isaac.wheeled_robots.controllers.ackermann_controller] omni.isaac.wheeled_robots has been deprecated in favor of isaacsim.robot.wheeled_robots. Please update your code accordingly.
2026-10-05 11:01:27 [37,953ms] [Warning] [omni.isaac.wheeled_robots.controllers.differential_controller] omni.isaac.wheeled_robots has been deprecated in favor of isaacsim.robot.wheeled_robots. Please update your code accordingly.
2026-10-05 11:01:27 [37,954ms] [Warning] [omni.isaac.wheeled_robots.controllers.holonomic_controller] omni.isaac.wheeled_robots has been deprecated in favor of isaacsim.robot.wheeled_robots. Please update your code accordingly.
2026-10-05 11:01:27 [37,955ms] [Warning] [omni.isaac.wheeled_robots.controllers.quintic_path_planner] omni.isaac.wheeled_robots has been deprecated in favor of isaacsim.robot.wheeled_robots. Please update your code accordingly.
2026-10-05 11:01:27 [37,955ms] [Warning] [omni.isaac.wheeled_robots.controllers.stanley_control] omni.isaac.wheeled_robots has been deprecated in favor of isaacsim.robot.wheeled_robots. Please update your code accordingly.
2026-10-05 11:01:27 [37,956ms] [Warning] [omni.isaac.wheeled_robots.controllers.wheel_base_pose_controller] omni.isaac.wheeled_robots has been deprecated in favor of isaacsim.robot.wheeled_robots. Please update your code accordingly.
2026-10-05 11:01:27 [37,956ms] [Warning] [omni.isaac.wheeled_robots.impl] omni.isaac.wheeled_robots has been deprecated in favor of isaacsim.robot.wheeled_robots. Please update your code accordingly.
2026-10-05 11:01:27 [37,957ms] [Warning] [omni.isaac.wheeled_robots.robots] omni.isaac.wheeled_robots has been deprecated in favor of isaacsim.robot.wheeled_robots. Please update your code accordingly.
2026-10-05 11:01:27 [37,957ms] [Warning] [omni.isaac.wheeled_robots.robots.holonomic_robot_usd_setup] omni.isaac.wheeled_robots has been deprecated in favor of isaacsim.robot.wheeled_robots. Please update your code accordingly.
2026-10-05 11:01:27 [37,957ms] [Warning] [omni.isaac.wheeled_robots.robots.wheeled_robot] omni.isaac.wheeled_robots has been deprecated in favor of isaacsim.robot.wheeled_robots. Please update your code accordingly.
[38.019s] [ext: omni.isaac.franka-1.0.2] startup
2026-10-05 11:01:27 [37,964ms] [Warning] [omni.isaac.franka] omni.isaac.franka has been deprecated in favor of isaacsim.robot.manipulators.examples.franka. Please update your code accordingly.
2026-10-05 11:01:27 [37,965ms] [Warning] [omni.isaac.franka.franka] omni.isaac.franka has been deprecated in favor of isaacsim.robot.manipulators.examples.franka. Please update your code accordingly.
2026-10-05 11:01:27 [37,967ms] [Warning] [omni.isaac.franka.kinematics_solver] omni.isaac.franka has been deprecated in favor of isaacsim.robot.manipulators.examples.franka. Please update your code accordingly.
[38.023s] [ext: isaacsim.replicator.domain_randomization-1.0.2] startup
[38.052s] [ext: isaacsim.replicator.examples-1.1.2] startup
[38.055s] [ext: omni.kit.window.status_bar-0.1.7] startup
[38.084s] [ext: omni.rtx.window.settings-0.6.17] startup
[38.112s] [ext: omni.usd.metrics.assembler-106.5.0] startup
[38.146s] [ext: omni.physx.bundle-106.5.7] startup
[38.147s] [ext: isaacsim.app.about-2.0.7] startup
[38.170s] [ext: omni.replicator.isaac-2.0.3] startup
2026-10-05 11:01:27 [38,115ms] [Warning] [omni.replicator.isaac] omni.replicator.isaac has been deprecated in favor of isaacsim.replicator.domain_randomization, isaacsim.replicator.examples, isaacsim.replicator.writers. Please update your code accordingly.
[38.172s] [ext: omni.replicator.replicator_yaml-2.0.10] startup
[38.217s] [ext: omni.rtx.settings.core-0.6.3] startup
[38.234s] [ext: omni.usd.metrics.assembler.ui-106.5.0] startup
[38.242s] [ext: isaacsim.simulation_app-2.4.2] startup
[38.243s] [ext: omni.isaac.window.about-2.0.2] startup
2026-10-05 11:01:27 [38,194ms] [Warning] [omni.isaac.window.about] omni.isaac.window.about has been deprecated in favor of isaacsim.app.about. Please update your code accordingly.
2026-10-05 11:01:27 [38,194ms] [Warning] [omni.isaac.window.about.about] omni.isaac.window.about.about has been deprecated in favor of isaacsim.app.about.about. Please update your code accordingly.
[38.251s] [ext: semantics.schema.editor-0.3.10] startup
[38.258s] [ext: omni.kit.ui.actions-1.0.2] startup
[38.269s] [ext: semantics.schema.property-1.0.5] startup
[38.279s] [ext: omni.kit.manipulator.camera-106.0.3] startup
[38.297s] [ext: omni.isaac.kit-2.0.3] startup
2026-10-05 11:01:27 [38,242ms] [Warning] [omni.isaac.kit] omni.isaac.kit has been deprecated in favor of isaacsim.simulation_app. Please update your code accordingly.
[38.299s] [ext: omni.isaac.asset_browser-1.0.2] startup
2026-10-05 11:01:27 [38,246ms] [Warning] [omni.isaac.asset_browser] omni.isaac.asset_browser has been deprecated in favor of isaacsim.asset.browser. Please update your code accordingly.
[38.303s] [ext: isaacsim.core.throttling-2.0.2] startup
[38.310s] [ext: omni.kit.menu.common-1.1.9] startup
[38.317s] [ext: isaacsim.exp.base-4.5.0] startup
[38.319s] [ext: isaacsim.exp.base.python-4.5.0] startup
[38.323s] Simulation App Starting
2026-10-05 11:01:28 [39,339ms] [Warning] [carb.audio.device] audio device is misconfigured or broken {deviceIndex = 0, name = 'default'} (The device is likely misconfigured, check your $HOME/.asoundrc)
2026-10-05 11:01:28 [39,339ms] [Warning] [carb.audio.output] failed to retrieve the capabilities for device 0 {result = eDeviceLost (2)}
2026-10-05 11:01:28 [39,340ms] [Warning] [carb.audio.context] failed to set the requested output during context creation.  Using a null streamer instead {result = eDeviceLost (2)}
[41.776s] app ready
2026-10-05 11:01:32 [42,581ms] [Warning] [rtx.scenedb.plugin] SceneDbContext : TLAS limit buffer size 2921508224
2026-10-05 11:01:32 [42,582ms] [Warning] [rtx.scenedb.plugin] SceneDbContext : TLAS limit : valid true, within: false
2026-10-05 11:01:33 [44,411ms] [Warning] [omni.usd-abi.plugin] No setting was found for '/rtx-defaults-transient/meshlights/forceDisable'
2026-10-05 11:01:34 [44,692ms] [Warning] [omni.usd-abi.plugin] No setting was found for '/rtx-defaults/post/dlss/execMode'
2026-10-05 11:01:41 [52,082ms] [Warning] [carb.tasking.plugin] carb.tasking is likely stuck. All threads are busy with same tasks for more than 1 seconds with waiting tasks. Starting an emergency helper thread.
2026-10-05 11:01:42 [53,086ms] [Warning] [carb.tasking.plugin] carb.tasking is likely stuck. All threads are busy with same tasks for more than 1 seconds with waiting tasks. Starting an emergency helper thread.
2026-10-05 11:01:54 [65,173ms] [Warning] [rtx.postprocessing.plugin] DLSS increasing input dimensions: Render resolution of (320, 240) is below minimal input resolution of 300.
[69.338s] Simulation App Startup Complete
[isaac_app] renderer activeGpu=0 (want 0), multiGpu=False
app started in 69.6s
[70.730s] [ext: omni.physx.fabric-106.5.7] startup
2026-10-05 11:02:05 [75,643ms] [Warning] [omni.physicsschema.plugin] ScaleOrientation is not supported for rigid bodies, prim path: /World/envs/env_0/Robot/hande_left_finger. You may ignore this if the scale is close to uniform.
2026-10-05 11:02:05 [75,644ms] [Warning] [omni.physicsschema.plugin] ScaleOrientation is not supported for rigid bodies, prim path: /World/envs/env_0/Robot/hande_right_finger. You may ignore this if the scale is close to uniform.
2026-10-05 11:02:05 [75,711ms] [Warning] [omni.physx.plugin] Detected an articulation at /World/envs/env_0/Robot with more than 4 velocity iterations being added to a TGS scene.The related behavior changed recently, please consult the changelog. This warning will only print once.
2026-10-05 11:02:05 [75,823ms] [Warning] [omni.physx.tensors.plugin] Duplicate joint name 'FixedJoint' in articulation metatype
2026-10-05 11:02:05 [75,824ms] [Warning] [omni.physx.tensors.plugin] Duplicate joint name 'FixedJoint' in articulation metatype
2026-10-05 11:02:05 [75,824ms] [Warning] [omni.physx.tensors.plugin] Duplicate joint name 'FixedJoint' in articulation metatype
2026-10-05 11:02:05 [75,824ms] [Warning] [omni.physx.tensors.plugin] Duplicate joint name 'FixedJoint' in articulation metatype
[planner] база повёрнута на 0: якобиан расходится на 1.9997
[planner] база повёрнута на 180: якобиан расходится на 0.0000
[planner] T_post = [[-0.99996, 0.0, 0.00939, 0.00068], [0.00939, 0.0, 0.99996, 0.00046], [0.0, 1.0, -0.0, 0.21432], [-0.0, -0.0, -0.0, 1.0]]
[fly] затравка IK [1.21, -1.89, 2.21, -1.89, -1.57, 2.79], manip 0.131
round 0 после  2 рендеров: яркость RGB средняя 232, разброс 6.4
round 0 после  4 рендеров: яркость RGB средняя 230, разброс 6.4
round 0 после  8 рендеров: яркость RGB средняя 225, разброс 12.8
round 0 после 16 рендеров: яркость RGB средняя 222, разброс 16.0
round 0 после 32 рендеров: яркость RGB средняя 222, разброс 16.2
картинка /home/Invader17/grasp_task/runs/rgb_check_20261005_140049/rgb_check_round0.png
round 1 после  2 рендеров: яркость RGB средняя 222, разброс 16.2
round 1 после  4 рендеров: яркость RGB средняя 222, разброс 12.3
round 1 после  8 рендеров: яркость RGB средняя 222, разброс 12.4
round 1 после 16 рендеров: яркость RGB средняя 222, разброс 12.5
round 1 после 32 рендеров: яркость RGB средняя 222, разброс 12.6
картинка /home/Invader17/grasp_task/runs/rgb_check_20261005_140049/rgb_check_round1.png
round 2 после  2 рендеров: яркость RGB средняя 222, разброс 12.6
round 2 после  4 рендеров: яркость RGB средняя 222, разброс 8.7
round 2 после  8 рендеров: яркость RGB средняя 222, разброс 8.8
round 2 после 16 рендеров: яркость RGB средняя 222, разброс 8.8
round 2 после 32 рендеров: яркость RGB средняя 222, разброс 9.1
картинка /home/Invader17/grasp_task/runs/rgb_check_20261005_140049/rgb_check_round2.png
2026-10-05 11:02:55 [125,888ms] [Warning] [carb.windowing-glfw.plugin] GLFW initialization failed.
2026-10-05 11:02:55 [125,888ms] [Warning] [carb] Failed to startup plugin carb.windowing-glfw.plugin (interfaces: [carb::windowing::IGLContext v1.0],[carb::windowing::IWindowing v1.5]) (impl: carb.windowing-glfw.plugin)
2026-10-05 11:02:59 [130,206ms] [Warning] [carb] Plugin interface for a client: omni.hydratexture.plugin was already released.
2026-10-05 11:02:59 [130,206ms] [Warning] [carb] Plugin interface for a client: omni.hydratexture.plugin was already released.
2026-10-05 11:02:59 [130,207ms] [Warning] [carb] Plugin interface for a client: omni.hydratexture.plugin was already released.
[INFO]: Simulation is stopped. Shutting down the app.
[14:03:08] код выхода 0, время 136 с, пик памяти на GPU 7 4347 MiB, клиент драйвера на GPU 0 6 MiB
[14:03:13] наших процессов на GPU нет
[14:03:13] результаты: /home/Invader17/grasp_task/runs/rgb_check_20261005_140049
