[22:05:23] user=Invader17 gpu=7 vk_uuid=d9fc0582a134ded0909de88d902ecc0b cpus=46-47 timeout=40m stall=20m
[22:05:23] cmd: /home/Invader17/grasp_task/code/grasp/grasp_check.py --obj tetrapak --side --video
[Warning] [simulation_app.simulation_app] Modules: ['omni.kit_app'] were loaded before SimulationApp was started and might not be loaded correctly.
[Warning] [simulation_app.simulation_app] Please check to make sure no extra omniverse or pxr modules are imported before the call to SimulationApp(...)
Starting kit application with the following args:  ['/home/Invader17/grasp_task/envs/isaac/lib/python3.10/site-packages/isaacsim/exts/isaacsim.simulation_app/isaacsim/simulation_app/simulation_app.py', '/home/Invader17/grasp_task/envs/isaac/lib/python3.10/site-packages/isaacsim/apps/isaacsim.exp.base.python.kit', '--/app/tokens/exe-path=/home/Invader17/grasp_task/envs/isaac/lib/python3.10/site-packages/omni', '--/persistent/app/viewport/displayOptions=3094', '--/rtx/materialDb/syncLoads=True', '--/rtx/hydra/materialSyncLoads=True', '--/omni.kit.plugin/syncUsdLoads=True', '--/app/renderer/resolution/width=640', '--/app/renderer/resolution/height=480', '--/app/window/width=1440', '--/app/window/height=900', '--/renderer/multiGpu/enabled=False', '--/app/fastShutdown=True', '--/app/installSignalHandlers=0', '--ext-folder', '/home/Invader17/grasp_task/envs/isaac/lib/python3.10/site-packages/isaacsim/exts', '--ext-folder', '/home/Invader17/grasp_task/envs/isaac/lib/python3.10/site-packages/isaacsim/apps', '--/renderer/multiGpu/enabled=false', '--/renderer/multiGpu/autoEnable=false', '--/renderer/multiGpu/maxGpuCount=1', '--/renderer/activeGpu=0', '--/plugins/carb.tasking.plugin/threadCount=4', '--/persistent/isaac/asset_root/default=http://omniverse-content-production.s3-us-west-2.amazonaws.com/Assets/Isaac/4.5', '--/persistent/isaac/asset_root/cloud=http://omniverse-content-production.s3-us-west-2.amazonaws.com/Assets/Isaac/4.5', '--/persistent/isaac/asset_root/nvidia=http://omniverse-content-production.s3-us-west-2.amazonaws.com/Assets/Isaac/4.5', '--/renderer/activeGpu=0', '--/physics/cudaDevice=0', '--portable', '--no-window', '--/app/window/hideUi=1']
Passing the following args to the base kit application:  ['--obj', 'tetrapak', '--side', '--video']
[Info] [carb] Logging to file: /home/Invader17/grasp_task/envs/isaac/lib/python3.10/site-packages/omni/logs/Kit/Isaac-Sim Python/4.5/kit_20261003_190524.log
2026-10-03 19:05:24 [0ms] [Warning] [omni.kit.app.plugin] No crash reporter present, dumps uploading isn't available.
[2.386s] [ext: omni.kit.async_engine-0.0.1] startup
[22:05:27] на GPU 7 чужие процессы: 4027574; запас памяти 1536 MiB, наш потолок 6144 MiB
[3.907s] [ext: omni.metrics.core-0.0.1] startup
[3.908s] [ext: omni.client.lib-1.0.0] startup
[3.957s] [ext: omni.blobkey-1.1.2] startup
[3.959s] [ext: omni.stats-1.0.1] startup
[3.962s] [ext: omni.datastore-0.0.0] startup
[3.977s] [ext: omni.client-1.2.2] startup
[3.988s] [ext: omni.ujitso.default-1.0.0] startup
[3.994s] [ext: omni.hsscclient-1.1.1] startup
2026-10-03 19:05:28 [3,431ms] [Warning] [omni.datastore] OmniHub is inaccessible
[4.007s] [ext: omni.gpu_foundation.shadercache.vulkan-1.0.0] startup
[4.018s] [ext: omni.assets.plugins-0.0.0] startup
[4.021s] [ext: omni.gpu_foundation-0.0.0] startup
[4.143s] [ext: carb.windowing.plugins-1.0.0] startup
2026-10-03 19:05:28 [3,577ms] [Warning] [carb.windowing-glfw.plugin] GLFW initialization failed.
2026-10-03 19:05:28 [3,577ms] [Warning] [carb] Failed to startup plugin carb.windowing-glfw.plugin (interfaces: [carb::windowing::IGLContext v1.0],[carb::windowing::IWindowing v1.5]) (impl: carb.windowing-glfw.plugin)
[4.148s] [ext: omni.kit.renderer.init-0.0.0] startup
2026-10-03 19:05:28 [3,602ms] [Warning] [omni.platforminfo.plugin] failed to open the default display.  Can't verify X Server version.
2026-10-03 19:05:42 [17,701ms] [Warning] [carb.cudainterop.plugin] CUDA_VISIBLE_DEVICES environment variable is set.
2026-10-03 19:05:42 [17,702ms] [Warning] [carb.cudainterop.plugin] Note CUDA device enumeration and Omniverse device enumeration are different.
2026-10-03 19:05:42 [17,702ms] [Warning] [carb.cudainterop.plugin] Setting CUDA_VISIBLE_DEVICES can lead to undesired behavior or crashes.

|---------------------------------------------------------------------------------------------|
| Driver Version: 575.57.08     | Graphics API: Vulkan
|=============================================================================================|
| GPU | Name                             | Active | LDA | GPU Memory | Vendor-ID | LUID       |
|     |                                  |        |     |            | Device-ID | UUID       |
|     |                                  |        |     |            | Bus-ID    |            |
|---------------------------------------------------------------------------------------------|
| 0   | NVIDIA GeForce RTX 2080 Ti       | Yes: 0 |     | 11510   MB | 10de      | 0          |
|     |                                  |        |     |            | 1e04      | d9fc0582.. |
|     |                                  |        |     |            | 8         |            |
|=============================================================================================|
| OS: 20.04.6 LTS (Focal Fossa) ubuntu, Version: 20.04.6, Kernel: 5.15.0-139-generic
| Processor: AMD EPYC 7552 48-Core Processor
| Cores: 48 | Logical Cores: 48
|---------------------------------------------------------------------------------------------|
| Total Memory (MB): 515967 | Free Memory: 316255
| Total Page/Swap (MB): 67583 | Free Page/Swap: 17592186044409
|---------------------------------------------------------------------------------------------|
[51.722s] [ext: omni.kit.pipapi-0.0.0] startup
[51.731s] [ext: omni.materialx.libs-1.0.6] startup
[51.812s] [ext: omni.kit.pip_archive-0.0.0] startup
[51.817s] [ext: omni.usd.config-1.0.5] startup
[51.835s] [ext: omni.gpucompute.plugins-0.0.0] startup
[51.837s] [ext: omni.usd.libs-1.0.1] startup
[52.686s] [ext: omni.mdl-55.0.1] startup
[52.753s] [ext: omni.iray.libs-0.0.0] startup
[52.776s] [ext: omni.mdl.neuraylib-0.2.10] startup
[52.808s] [ext: omni.kit.usd.mdl-1.0.7] startup
[53.036s] [ext: omni.kit.telemetry-0.5.1] startup
[53.169s] [ext: omni.kit.loop-isaac-1.2.1] startup
[53.188s] [ext: omni.kit.test-1.1.2] startup
[53.881s] [ext: omni.appwindow-1.1.9] startup
2026-10-03 19:06:18 [53,316ms] [Warning] [carb.windowing-glfw.plugin] GLFW initialization failed.
2026-10-03 19:06:18 [53,316ms] [Warning] [carb] Failed to startup plugin carb.windowing-glfw.plugin (interfaces: [carb::windowing::IGLContext v1.0],[carb::windowing::IWindowing v1.5]) (impl: carb.windowing-glfw.plugin)
[53.890s] [ext: omni.kit.renderer.core-1.0.2] startup
2026-10-03 19:06:21 [56,335ms] [Warning] [carb.windowing-glfw.plugin] GLFW initialization failed.
2026-10-03 19:06:21 [56,336ms] [Warning] [carb] Failed to startup plugin carb.windowing-glfw.plugin (interfaces: [carb::windowing::IGLContext v1.0],[carb::windowing::IWindowing v1.5]) (impl: carb.windowing-glfw.plugin)
2026-10-03 19:06:21 [56,795ms] [Warning] [carb.windowing-glfw.plugin] GLFW initialization failed.
2026-10-03 19:06:21 [56,796ms] [Warning] [carb] Failed to startup plugin carb.windowing-glfw.plugin (interfaces: [carb::windowing::IGLContext v1.0],[carb::windowing::IWindowing v1.5]) (impl: carb.windowing-glfw.plugin)
[57.369s] [ext: omni.kit.renderer.capture-0.0.0] startup
[57.389s] [ext: omni.kit.renderer.imgui-1.0.2] startup
2026-10-03 19:06:21 [56,838ms] [Warning] [carb.windowing-glfw.plugin] GLFW initialization failed.
2026-10-03 19:06:21 [56,839ms] [Warning] [carb] Failed to startup plugin carb.windowing-glfw.plugin (interfaces: [carb::windowing::IGLContext v1.0],[carb::windowing::IWindowing v1.5]) (impl: carb.windowing-glfw.plugin)
2026-10-03 19:06:21 [56,841ms] [Warning] [carb.windowing-glfw.plugin] GLFW initialization failed.
2026-10-03 19:06:21 [56,841ms] [Warning] [carb] Failed to startup plugin carb.windowing-glfw.plugin (interfaces: [carb::windowing::IGLContext v1.0],[carb::windowing::IWindowing v1.5]) (impl: carb.windowing-glfw.plugin)
2026-10-03 19:06:21 [56,847ms] [Warning] [carb.windowing-glfw.plugin] GLFW initialization failed.
2026-10-03 19:06:21 [56,847ms] [Warning] [carb] Failed to startup plugin carb.windowing-glfw.plugin (interfaces: [carb::windowing::IGLContext v1.0],[carb::windowing::IWindowing v1.5]) (impl: carb.windowing-glfw.plugin)
[58.346s] [ext: omni.ui-2.26.5] startup
[58.373s] [ext: omni.kit.mainwindow-1.0.3] startup
[58.376s] [ext: carb.audio-0.1.0] startup
[58.409s] [ext: omni.uiaudio-1.0.0] startup
[58.413s] [ext: omni.kit.uiapp-0.0.0] startup
[58.413s] [ext: omni.usd.schema.metrics.assembler-106.5.0] startup
[58.435s] [ext: omni.usd.schema.anim-0.0.0] startup
[58.553s] [ext: omni.usd.schema.audio-0.0.0] startup
[58.563s] [ext: omni.usd.schema.isaac-3.0.2] startup
[58.564s] [ext: omni.usd.schema.omnigraph-1.0.0] startup
[58.587s] [ext: omni.usd.schema.forcefield-106.5.7] startup
[58.612s] [ext: omni.usd.schema.semantics-0.0.0] startup
[58.637s] [ext: omni.usd.schema.physx-106.5.7] startup
[58.781s] [ext: omni.usd.schema.geospatial-0.0.0] startup
[58.790s] [ext: omni.usd_resolver-1.0.0] startup
[58.805s] [ext: omni.kit.window.popup_dialog-2.0.24] startup
[58.835s] [ext: usdrt.scenegraph-7.5.1] startup
[59.340s] [ext: omni.timeline-1.0.11] startup
[59.350s] [ext: omni.usd.core-1.4.2] startup
[59.360s] [ext: omni.resourcemonitor-107.0.0] startup
[59.365s] [ext: omni.activity.core-1.0.1] startup
[59.376s] [ext: omni.kit.widget.nucleus_connector-1.1.10] startup
[59.388s] [ext: omni.hydra.usdrt_delegate-7.5.1] startup
[59.427s] [ext: omni.kit.actions.core-1.0.0] startup
[59.436s] [ext: omni.graph.exec-0.9.4] startup
[59.446s] [ext: omni.kit.commands-1.4.9] startup
[59.463s] [ext: omni.kit.usd_undo-0.1.8] startup
[59.464s] [ext: omni.kit.exec.core-0.13.4] startup
[59.480s] [ext: omni.kit.audiodeviceenum-1.0.1] startup
[59.483s] [ext: omni.hydra.scene_delegate-0.3.3] startup
[59.498s] [ext: omni.usd-1.12.4] startup
[59.701s] [ext: omni.inspect-1.0.1] startup
[59.712s] [ext: omni.kit.notification_manager-1.0.9] startup
[59.721s] [ext: omni.graph.core-2.181.8] startup
[59.734s] [ext: isaacsim.core.deprecation_manager-0.2.2] startup
[59.743s] [ext: omni.usd.schema.omniscripting-1.0.0] startup
[59.798s] [ext: isaacsim.robot.schema-3.1.2] startup
[59.827s] [ext: omni.kit.asset_converter-2.8.3] startup
[59.888s] [ext: omni.kit.menu.core-1.1.2] startup
[59.906s] [ext: omni.kvdb-106.5.7] startup
[59.933s] [ext: omni.kit.widget.context_menu-1.2.4] startup
[59.935s] [ext: omni.kit.usd.layers-2.2.0] startup
[60.009s] [ext: omni.kit.property.adapter.core-1.0.2] startup
[60.025s] [ext: omni.localcache-106.5.7] startup
[60.032s] [ext: omni.convexdecomposition-106.5.7] startup
[60.045s] [ext: omni.warp.core-1.5.0] startup
[60.905s] [ext: omni.kit.context_menu-1.8.3] startup
[60.935s] [ext: omni.kit.hotkeys.core-1.3.10] startup
[60.960s] [ext: omni.kit.property.adapter.fabric-1.0.3] startup
[60.964s] [ext: omni.usdphysics-106.5.7] startup
[60.979s] [ext: omni.kit.widget.path_field-2.0.11] startup
[60.981s] [ext: omni.kit.widget.options_menu-1.1.6] startup
[60.996s] [ext: omni.kit.helper.file_utils-0.1.9] startup
[61.008s] [ext: omni.kit.widget.browser_bar-2.0.10] startup
[61.009s] [ext: omni.kit.widget.options_button-1.0.3] startup
[61.011s] [ext: omni.kit.widget.filebrowser-2.10.52] startup
[61.201s] [ext: omni.kit.clipboard-1.0.5] startup
[61.204s] [ext: omni.graph.tools-1.79.1] startup
[61.323s] [ext: omni.ui.scene-1.11.2] startup
[61.345s] [ext: omni.graph.image.core-0.6.0] startup
[61.356s] [ext: omni.kit.window.filepicker-2.11.7] startup
[61.418s] [ext: omni.kit.widget.searchfield-1.1.8] startup
[61.421s] [ext: omni.graph.image.nodes-1.3.0] startup
[61.445s] [ext: omni.graph-1.140.2] startup
[61.568s] [ext: omni.kit.window.file_exporter-1.0.31] startup
[61.577s] [ext: omni.kit.widget.filter-1.1.4] startup
[61.594s] [ext: omni.physx.foundation-106.5.7] startup
[61.601s] [ext: omni.graph.nodes-1.162.1] startup
[61.641s] [ext: omni.kit.widget.stage-2.11.6] startup
[61.701s] [ext: omni.hydra.rtx.shadercache.vulkan-1.0.0] startup
[61.712s] [ext: omni.hydra.engine.stats-1.0.3] startup
[61.726s] [ext: omni.graph.action_core-1.1.7] startup
[61.750s] [ext: omni.kit.widget.highlight_label-1.0.3] startup
[61.752s] [ext: omni.ujitso.processor.texture-1.0.0] startup
[61.769s] [ext: omni.index.libs-380600.1777.0] startup
[61.771s] [ext: omni.kit.window.file_importer-1.1.14] startup
[61.781s] [ext: omni.kit.stage_template.core-1.1.22] startup
[61.785s] [ext: omni.volume-0.5.0] startup
[61.807s] [ext: omni.ujitso.client-0.0.0] startup
[61.817s] [ext: omni.index-1.0.1] startup
[61.820s] [ext: omni.kit.window.file-1.3.57] startup
[61.830s] [ext: omni.hydra.rtx-1.0.0] startup
2026-10-03 19:06:26 [61,285ms] [Warning] [omni.log] Source: omni.hydra was already registered.
[61.892s] [ext: omni.kit.viewport.registry-104.0.6] startup
[61.893s] [ext: omni.kit.viewport.legacy_gizmos-1.0.16] startup
[61.908s] [ext: omni.kit.raycast.query-1.0.5] startup
[61.932s] [ext: omni.kit.viewport.scene_camera_model-1.0.5] startup
[61.955s] [ext: omni.kit.hydra_texture-1.4.0] startup
[61.965s] [ext: omni.kit.menu.utils-1.7.7] startup
[61.985s] [ext: omni.kit.window.drop_support-1.0.4] startup
[61.993s] [ext: omni.kit.widget.viewport-107.0.7] startup
[62.007s] [ext: omni.kit.material.library-1.5.15] startup
[62.028s] [ext: omni.kit.window.content_browser_registry-0.0.6] startup
[62.029s] [ext: omni.kit.viewport.window-107.0.8] startup
[62.092s] [ext: omni.graph.action_nodes-1.40.1] startup
[62.116s] [ext: omni.kit.window.property-1.11.5] startup
[62.140s] [ext: omni.kit.window.content_browser-2.10.3] startup
[63.599s] [ext: omni.kit.property.adapter.usd-1.0.2] startup
[63.602s] [ext: omni.kit.viewport.utility-1.0.18] startup
[63.678s] [ext: omni.graph.action-1.120.0] startup
[63.688s] [ext: omni.kit.property.usd-4.2.16] startup
[63.716s] [ext: omni.physx.cooking-106.5.7] startup
[63.733s] [ext: omni.kit.widget.stage_icons-1.0.6] startup
[63.737s] [ext: omni.kit.widget.zoombar-1.0.5] startup
[63.739s] [ext: omni.physics.tensors-106.5.7] startup
[63.758s] [ext: omni.kit.widget.prompt-1.0.7] startup
[63.762s] [ext: omni.kit.usd.collect-2.2.22] startup
[63.771s] [ext: omni.physx-106.5.7] startup
[63.793s] [ext: omni.kit.window.stage-2.5.11] startup
[63.803s] [ext: omni.kit.browser.core-2.3.11] startup
[63.812s] [ext: omni.kit.widget.text_editor-1.0.2] startup
[63.823s] [ext: omni.physx.tensors-106.5.7] startup
[65.010s] [ext: omni.kit.tool.collect-2.2.16] startup
[65.110s] [ext: omni.kit.menu.stage-1.2.5] startup
[65.115s] [ext: omni.kit.browser.folder.core-1.10.1] startup
[65.132s] [ext: omni.warp-1.5.0] startup
[65.775s] [ext: isaacsim.examples.browser-0.1.8] startup
[66.238s] [ext: omni.physx.stageupdate-106.5.7] startup
[66.247s] [ext: omni.kit.numpy.common-0.1.2] startup
[66.256s] [ext: isaacsim.core.version-2.0.2] startup
[66.258s] [ext: omni.isaac.dynamic_control-1.3.15] startup
2026-10-03 19:06:30 [65,705ms] [Warning] [omni.isaac.dynamic_control] omni.isaac.dynamic_control is deprecated as of Isaac Sim 4.5. No action is needed from end-users.
[66.318s] [ext: isaacsim.storage.native-1.0.6] startup
[66.320s] [ext: omni.kit.menu.create-1.0.17] startup
[66.326s] [ext: isaacsim.core.utils-2.2.8] startup
[68.960s] [ext: omni.kit.widget.searchable_combobox-1.0.6] startup
[70.755s] [ext: omni.kit.primitive.mesh-1.0.17] startup
[71.539s] [ext: isaacsim.core.simulation_manager-0.3.3] startup
[78.189s] [ext: omni.kit.scripting-106.5.2] startup
[78.204s] [ext: omni.kit.stage_templates-1.2.6] startup
[78.212s] [ext: isaacsim.core.prims-0.3.7] startup
[78.252s] [ext: isaacsim.replicator.behavior-1.0.8] startup
[78.253s] [ext: isaacsim.core.api-4.2.16] startup
[78.287s] [ext: omni.ui_query-1.1.7] startup
[78.288s] [ext: omni.kit.manipulator.viewport-107.0.1] startup
[78.304s] [ext: omni.kit.ui_test-1.3.3] startup
[78.317s] [ext: omni.kit.window.extensions-1.4.25] startup
[78.333s] [ext: omni.graph.visualization.nodes-2.1.1] startup
[78.352s] [ext: omni.kit.tool.asset_importer-2.12.2] startup
[78.385s] [ext: isaacsim.gui.components-1.0.9] startup
[78.398s] [ext: omni.kit.widget.settings-1.2.2] startup
[78.401s] [ext: omni.kit.widget.graph-1.12.17] startup
[78.421s] [ext: omni.kit.window.preferences-1.7.0] startup
[78.461s] [ext: omni.kit.graph.delegate.default-1.2.2] startup
[78.463s] [ext: omni.kit.viewport.menubar.core-107.1.2] startup
[78.497s] [ext: omni.kit.widget.material_preview-1.0.16] startup
[78.504s] [ext: omni.kit.graph.usd.commands-1.3.1] startup
[78.505s] [ext: omni.kit.graph.editor.core-1.5.3] startup
[78.519s] [ext: omni.syntheticdata-0.6.10] startup
[78.564s] [ext: omni.kit.window.material_graph-1.8.19] startup
[78.638s] [ext: omni.graph.scriptnode-1.40.1] startup
[78.640s] [ext: isaacsim.core.cloner-1.3.4] startup
[78.689s] [ext: omni.replicator.core-1.11.35] startup
Warp 1.5.0 initialized:
   CUDA Toolkit 11.8, Driver 12.9
   Devices:
     "cpu"      : "x86_64"
     "cuda:0"   : "NVIDIA GeForce RTX 2080 Ti" (11 GiB, sm_75, mempool enabled)
   Kernel cache:
     /home/Invader17/grasp_task/.cache/warp
2026-10-03 19:06:44 [79,464ms] [Warning] [omni.replicator.core.scripts.extension] No material configuration file, adding configuration to material settings directly.
[80.055s] [ext: omni.isaac.cloner-1.0.2] startup
2026-10-03 19:06:44 [79,487ms] [Warning] [omni.isaac.cloner] omni.isaac.cloner has been deprecated in favor of isaacsim.core.cloner. Please update your code accordingly.
[80.056s] [ext: isaacsim.core.nodes-2.1.4] startup
[80.177s] [ext: isaacsim.asset.importer.urdf-2.3.10] startup
[83.703s] [ext: omni.isaac.core-4.0.3] startup
2026-10-03 19:06:48 [83,136ms] [Warning] [omni.isaac.core.physics_context.physics_context] omni.isaac.core.physics_context.physics_context has been deprecated in favor of isaacsim.core.api.physics_context.physics_context. Please update your code accordingly.
2026-10-03 19:06:48 [83,137ms] [Warning] [omni.isaac.core.simulation_context.simulation_context] omni.isaac.core.simulation_context.simulation_context has been deprecated in favor of isaacsim.core.api.simulation_context.simulation_context. Please update your code accordingly.
2026-10-03 19:06:48 [83,360ms] [Warning] [omni.isaac.core.world.world] omni.isaac.core.world.world has been deprecated in favor of isaacsim.core.api.world.world. Please update your code accordingly.
2026-10-03 19:06:48 [83,360ms] [Warning] [omni.isaac.core] omni.isaac.core has been deprecated in favor of isaacsim.core.api. Please update your code accordingly.
[84.271s] [ext: omni.isaac.core_nodes-2.0.2] startup
2026-10-03 19:06:48 [83,704ms] [Warning] [omni.isaac.core_nodes] omni.isaac.core_nodes has been deprecated in favor of isaacsim.core.nodes. Please update your code accordingly.
[84.274s] [ext: omni.anim.curve.core-1.2.0] startup
[84.563s] [ext: isaacsim.robot_motion.lula-4.0.4] startup
[84.641s] [ext: isaacsim.asset.importer.mjcf-2.3.3] startup
[84.981s] [ext: isaacsim.robot_motion.motion_generation-8.0.6] startup
[85.122s] [ext: isaacsim.asset.browser-1.3.4] startup
[85.391s] [ext: isaacsim.robot.surface_gripper-2.0.6] startup
[85.400s] [ext: omni.kit.selection-0.1.5] startup
[85.420s] [ext: isaacsim.robot_motion.lula_test_widget-1.0.5] startup
[85.433s] [ext: omni.isaac.assets_check-0.3.9] startup
2026-10-03 19:06:49 [84,866ms] [Warning] [omni.isaac.assets_check] omni.isaac.assets_check has been deprecated in favor of isaacsim.asset.browser. Please update your code accordingly.
[85.445s] [ext: isaacsim.robot.manipulators-3.0.4] startup
[85.478s] [ext: isaacsim.sensors.physics-0.3.5] startup
[85.553s] [ext: isaacsim.gui.menu-2.0.9] startup
[85.599s] [ext: omni.isaac.lula_test_widget-1.0.2] startup
2026-10-03 19:06:49 [85,032ms] [Warning] [omni.isaac.lula_test_widget] omni.isaac.lula_test_widget has been deprecated in favor of isaacsim.robot_motion.lula_test_widget. Please update your code accordingly.
[85.669s] [ext: omni.sensors.nv.common-2.5.0-coreapi] startup
[85.904s] [ext: omni.isaac.manipulators-3.0.3] startup
2026-10-03 19:06:50 [85,337ms] [Warning] [omni.isaac.manipulators] omni.isaac.manipulators has been deprecated in favor of isaacsim.robot.manipulators. Please update your code accordingly.
2026-10-03 19:06:50 [85,337ms] [Warning] [omni.isaac.manipulators.controllers] omni.isaac.manipulators has been deprecated in favor of isaacsim.robot.manipulators. Please update your code accordingly.
2026-10-03 19:06:50 [85,337ms] [Warning] [omni.isaac.manipulators.controllers.pick_place_controller] omni.isaac.manipulators has been deprecated in favor of isaacsim.robot.manipulators. Please update your code accordingly.
2026-10-03 19:06:50 [85,339ms] [Warning] [omni.isaac.manipulators.controllers.stacking_controller] omni.isaac.manipulators has been deprecated in favor of isaacsim.robot.manipulators. Please update your code accordingly.
2026-10-03 19:06:50 [85,339ms] [Warning] [omni.isaac.manipulators.grippers] omni.isaac.manipulators has been deprecated in favor of isaacsim.robot.manipulators. Please update your code accordingly.
2026-10-03 19:06:50 [85,339ms] [Warning] [omni.isaac.manipulators.grippers.gripper] omni.isaac.manipulators has been deprecated in favor of isaacsim.robot.manipulators. Please update your code accordingly.
2026-10-03 19:06:50 [85,340ms] [Warning] [omni.isaac.manipulators.grippers.parallel_gripper] omni.isaac.manipulators has been deprecated in favor of isaacsim.robot.manipulators. Please update your code accordingly.
2026-10-03 19:06:50 [85,340ms] [Warning] [omni.isaac.manipulators.grippers.surface_gripper] omni.isaac.manipulators has been deprecated in favor of isaacsim.robot.manipulators. Please update your code accordingly.
2026-10-03 19:06:50 [85,340ms] [Warning] [omni.isaac.manipulators.manipulators] omni.isaac.manipulators has been deprecated in favor of isaacsim.robot.manipulators. Please update your code accordingly.
2026-10-03 19:06:50 [85,341ms] [Warning] [omni.isaac.manipulators.manipulators.single_manipulator] omni.isaac.manipulators has been deprecated in favor of isaacsim.robot.manipulators. Please update your code accordingly.
[85.945s] [ext: isaacsim.robot.policy.examples-4.0.3] startup
[85.947s] [ext: omni.isaac.menu-1.0.2] startup
2026-10-03 19:06:50 [85,379ms] [Warning] [omni.isaac.menu] omni.isaac.menu has been deprecated in favor of isaacsim.gui.menu. Please update your code accordingly.
[85.948s] [ext: omni.isaac.motion_generation-8.0.2] startup
2026-10-03 19:06:50 [85,380ms] [Warning] [omni.isaac.motion_generation] omni.isaac.motion_generation has been deprecated in favor of isaacsim.robot_motion.motion_generation. Please update your code accordingly.
2026-10-03 19:06:50 [85,381ms] [Warning] [omni.isaac.motion_generation.articulation_kinematics_solver] omni.isaac.motion_generation has been deprecated in favor of isaacsim.robot_motion.motion_generation. Please update your code accordingly.
2026-10-03 19:06:50 [85,381ms] [Warning] [omni.isaac.motion_generation.articulation_motion_policy] omni.isaac.motion_generation has been deprecated in favor of isaacsim.robot_motion.motion_generation. Please update your code accordingly.
2026-10-03 19:06:50 [85,381ms] [Warning] [omni.isaac.motion_generation.articulation_trajectory] omni.isaac.motion_generation has been deprecated in favor of isaacsim.robot_motion.motion_generation. Please update your code accordingly.
2026-10-03 19:06:50 [85,382ms] [Warning] [omni.isaac.motion_generation.kinematics_interface] omni.isaac.motion_generation has been deprecated in favor of isaacsim.robot_motion.motion_generation. Please update your code accordingly.
2026-10-03 19:06:50 [85,421ms] [Warning] [omni.isaac.motion_generation.lula] omni.isaac.motion_generation has been deprecated in favor of isaacsim.robot_motion.motion_generation. Please update your code accordingly.
2026-10-03 19:06:50 [85,422ms] [Warning] [omni.isaac.motion_generation.lula.kinematics] omni.isaac.motion_generation has been deprecated in favor of isaacsim.robot_motion.motion_generation. Please update your code accordingly.
2026-10-03 19:06:50 [85,425ms] [Warning] [omni.isaac.motion_generation.lula.motion_policies] omni.isaac.motion_generation has been deprecated in favor of isaacsim.robot_motion.motion_generation. Please update your code accordingly.
2026-10-03 19:06:50 [85,425ms] [Warning] [omni.isaac.motion_generation.lula.path_planners] omni.isaac.motion_generation has been deprecated in favor of isaacsim.robot_motion.motion_generation. Please update your code accordingly.
2026-10-03 19:06:50 [85,425ms] [Warning] [omni.isaac.motion_generation.lula.trajectory_generator] omni.isaac.motion_generation has been deprecated in favor of isaacsim.robot_motion.motion_generation. Please update your code accordingly.
2026-10-03 19:06:50 [85,426ms] [Warning] [omni.isaac.motion_generation.motion_policy_controller] omni.isaac.motion_generation has been deprecated in favor of isaacsim.robot_motion.motion_generation. Please update your code accordingly.
2026-10-03 19:06:50 [85,427ms] [Warning] [omni.isaac.motion_generation.motion_policy_interface] omni.isaac.motion_generation has been deprecated in favor of isaacsim.robot_motion.motion_generation. Please update your code accordingly.
2026-10-03 19:06:50 [85,427ms] [Warning] [omni.isaac.motion_generation.path_planner_visualizer] omni.isaac.motion_generation has been deprecated in favor of isaacsim.robot_motion.motion_generation. Please update your code accordingly.
2026-10-03 19:06:50 [85,427ms] [Warning] [omni.isaac.motion_generation.path_planning_interface] omni.isaac.motion_generation has been deprecated in favor of isaacsim.robot_motion.motion_generation. Please update your code accordingly.
2026-10-03 19:06:50 [85,428ms] [Warning] [omni.isaac.motion_generation.trajectory] omni.isaac.motion_generation has been deprecated in favor of isaacsim.robot_motion.motion_generation. Please update your code accordingly.
2026-10-03 19:06:50 [85,428ms] [Warning] [omni.isaac.motion_generation.world_interface] omni.isaac.motion_generation has been deprecated in favor of isaacsim.robot_motion.motion_generation. Please update your code accordingly.
[86.003s] [ext: omni.sensors.nv.materials-1.4.0-coreapi] startup
[86.192s] [ext: omni.isaac.nucleus-1.0.3] startup
2026-10-03 19:06:50 [85,625ms] [Warning] [omni.isaac.nucleus] omni.isaac.nucleus has been deprecated in favor of isaacsim.storage.native. Please update your code accordingly.
2026-10-03 19:06:50 [85,625ms] [Warning] [omni.isaac.nucleus.nucleus] omni.isaac.nucleus.nucleus has been deprecated in favor of isaacsim.storage.native. Please update your code accordingly.
[86.206s] [ext: omni.isaac.quadruped-3.0.2] startup
2026-10-03 19:06:50 [85,638ms] [Warning] [omni.isaac.quadruped] omni.isaac.quadruped has been deprecated in favor of isaacsim.robot.policy.examples. Please update your code accordingly.
[86.983s] [ext: omni.kit.manipulator.selector-1.1.1] startup
[87.338s] [ext: omni.sensors.nv.wpm-2.4.0-coreapi] startup
[87.937s] [ext: omni.sensors.nv.lidar-2.6.3-coreapi] startup
[88.153s] [ext: omni.sensors.nv.ids-1.4.0-coreapi] startup
[88.164s] [ext: isaacsim.robot.manipulators.examples-1.0.3] startup
[88.173s] [ext: isaacsim.util.debug_draw-2.0.2] startup
[88.196s] [ext: omni.sensors.tiled-0.0.6] startup
[89.097s] [ext: omni.sensors.nv.radar-2.6.1-coreapi] startup
[89.119s] [ext: omni.kit.widget.toolbar-1.7.3] startup
[89.176s] [ext: omni.kit.manipulator.transform-106.0.1] startup
[89.221s] [ext: isaacsim.sensors.physx-2.2.4] startup
[89.277s] [ext: isaacsim.sensors.rtx-13.6.3] startup
[89.409s] [ext: isaacsim.sensors.camera-0.2.9] startup
[89.429s] [ext: isaacsim.cortex.framework-1.0.2] startup
[89.430s] [ext: omni.kit.manipulator.tool.snap-1.5.12] startup
[89.614s] [ext: omni.isaac.range_sensor-4.0.2] startup
[89.626s] [ext: omni.isaac.surface_gripper-2.0.2] startup
2026-10-03 19:06:54 [89,083ms] [Warning] [omni.isaac.surface_gripper] omni.isaac.surface_gripper has been deprecated in favor of isaacsim.robot.surface_gripper. Please update your code accordingly.
[89.652s] [ext: omni.isaac.sensor-13.0.3] startup
2026-10-03 19:06:54 [89,084ms] [Warning] [omni.isaac.sensor] omni.isaac.sensor has been deprecated in favor of isaacsim.sensors.camera, isaacsim.sensors.physics, isaacsim.sensors.physx, and isaacsim.sensors.rtx. Please update your code accordingly.
2026-10-03 19:06:54 [89,084ms] [Warning] [omni.isaac.sensor.camera] omni.isaac.sensor.camera has been deprecated in favor of isaacsim.sensors.camera.camera. Please update your code accordingly.
2026-10-03 19:06:54 [89,084ms] [Warning] [omni.isaac.sensor.camera_view] omni.isaac.sensor.camera_view has been deprecated in favor of isaacsim.sensors.camera.camera_view. Please update your code accordingly.
2026-10-03 19:06:54 [89,085ms] [Warning] [omni.isaac.sensor.commands] omni.isaac.sensor.commands has been deprecated in favor of isaacsim.sensors.physics.commands, isaacsim.sensors.physx.commands, and isaacsim.sensors.rtx.commands. Please update your code accordingly.
2026-10-03 19:06:54 [89,085ms] [Warning] [omni.isaac.sensor.contact_sensor] omni.isaac.sensor.contact_sensor has been deprecated in favor of isaacsim.sensors.physics.contact_sensor. Please update your code accordingly.
2026-10-03 19:06:54 [89,085ms] [Warning] [omni.isaac.sensor.imu_sensor] omni.isaac.sensor.imu_sensor has been deprecated in favor of isaacsim.sensors.physics.imu_sensor. Please update your code accordingly.
2026-10-03 19:06:54 [89,104ms] [Warning] [omni.isaac.sensor.lidar_rtx] omni.isaac.sensor.lidar_rtx has been deprecated in favor of isaacsim.sensors.rtx.lidar_rtx. Please update your code accordingly.
2026-10-03 19:06:54 [89,105ms] [Warning] [omni.isaac.sensor.rotating_lidar_physX] omni.isaac.sensor.imu_sensor has been deprecated in favor of isaacsim.sensors.physix.rotating_lidar_physX. Please update your code accordingly.
2026-10-03 19:06:54 [89,106ms] [Warning] [omni.isaac.sensor.scripts.samples.contact_sensor] omni.isaac.sensor.scripts.samples.contact_sensor has been deprecated in favor of isaacsim.sensors.physics.scripts.samples.contact_sensor. Please update your code accordingly.
2026-10-03 19:06:54 [89,107ms] [Warning] [omni.isaac.sensor.scripts.samples.imu_sensor] omni.isaac.sensor.scripts.samples.imu_sensor has been deprecated in favor of isaacsim.sensors.physics.scripts.samples.imu_sensor. Please update your code accordingly.
2026-10-03 19:06:54 [89,107ms] [Warning] [omni.isaac.sensor.scripts.samples.lightbeam_sensor] omni.isaac.sensor.scripts.samples.lightbeam_sensor has been deprecated in favor of isaacsim.sensors.physx.scripts.samples.lightbeam_sensor. Please update your code accordingly.
[90.055s] [ext: omni.isaac.cortex-1.0.2] startup
2026-10-03 19:06:54 [90,007ms] [Warning] [omni.isaac.cortex] omni.isaac.cortex has been deprecated in favor of isaacsim.cortex.framework. Please update your code accordingly.
[90.576s] [ext: omni.kit.viewport.manipulator.transform-107.0.4] startup
[90.596s] [ext: omni.debugdraw-0.1.3] startup
[90.606s] [ext: omni.isaac.universal_robots-1.0.2] startup
2026-10-03 19:06:54 [90,039ms] [Warning] [omni.isaac.universal_robots] omni.isaac.universal_robots has been deprecated in favor of isaacsim.robot.manipulators.examples.universal_robots. Please update your code accordingly.
2026-10-03 19:06:54 [90,039ms] [Warning] [omni.isaac.universal_robots.kinematics_solver] omni.isaac.franka has been deprecated in favor of isaacsim.robot.manipulators.examples.universal_robots. Please update your code accordingly.
2026-10-03 19:06:54 [90,040ms] [Warning] [omni.isaac.universal_robots.ur10] omni.isaac.franka has been deprecated in favor of isaacsim.robot.manipulators.examples.universal_robots. Please update your code accordingly.
[90.609s] [ext: omni.isaac.utils-2.0.2] startup
[90.618s] [ext: omni.kit.manipulator.prim.core-107.0.7] startup
[90.633s] [ext: omni.fabric.commands-1.1.5] startup
[90.640s] [ext: omni.kit.manipulator.selection-106.0.1] startup
[90.645s] [ext: omni.kit.viewport.actions-107.0.0] startup
[90.653s] [ext: omni.kit.manipulator.prim.usd-107.0.3] startup
[90.658s] [ext: omni.kit.manipulator.prim.fabric-107.0.4] startup
[90.950s] [ext: isaacsim.cortex.behaviors-2.0.3] startup
[90.952s] [ext: omni.kit.widget.layers-1.8.2] startup
[91.013s] [ext: omni.kit.viewport.menubar.display-107.0.3] startup
[91.019s] [ext: omni.kit.manipulator.prim-107.0.0] startup
[91.020s] [ext: omni.isaac.cortex.sample_behaviors-2.0.2] startup
2026-10-03 19:06:55 [90,452ms] [Warning] [omni.isaac.cortex.sample_behaviors] omni.isaac.cortex.sample_behaviors has been deprecated in favor of isaacsim.cortex.behaviors. Please update your code accordingly.
[91.021s] [ext: omni.graph.ui_nodes-1.40.1] startup
[91.058s] [ext: omni.usdphysics.ui-106.5.7] startup
[91.724s] [ext: omni.physx.commands-106.5.7] startup
[91.731s] [ext: omni.kit.property.camera-1.0.9] startup
[91.734s] [ext: omni.hydra.scene_api-0.1.2] startup
[91.958s] [ext: omni.kit.property.geometry-1.3.3] startup
[91.966s] [ext: omni.kit.property.light-1.0.11] startup
[92.425s] [ext: omni.physx.ui-106.5.7] startup
[93.570s] [ext: omni.kit.property.material-1.10.17] startup
[93.603s] [ext: omni.kit.property.render-1.1.3] startup
[93.605s] [ext: omni.kit.property.transform-1.5.10] startup
[93.619s] [ext: omni.kit.property.audio-1.0.16] startup
[93.623s] [ext: isaacsim.gui.property-1.0.4] startup
[93.635s] [ext: omni.physx.demos-106.5.7] startup
[93.689s] [ext: omni.kit.property.physx-106.5.7] startup
[93.817s] [ext: omni.isaac.lula-4.0.2] startup
2026-10-03 19:06:58 [93,257ms] [Warning] [omni.isaac.lula] omni.isaac.lula has been deprecated in favor of isaacsim.robot_motion.lula. Please update your code accordingly.
[93.825s] [ext: omni.kit.property.bundle-1.3.2] startup
[93.828s] [ext: omni.kit.property.isaac-1.0.2] startup
2026-10-03 19:06:58 [93,260ms] [Warning] [omni.kit.property.isaac] omni.kit.property.isaac has been deprecated in favor of isaacsim.gui.property. Please update your code accordingly.
2026-10-03 19:06:58 [93,282ms] [Warning] [omni.kit.property.isaac.widgets] omni.kit.property.isaac.widgets has been deprecated in favor of isaacsim.gui.property.widgets. Please update your code accordingly.
[93.852s] [ext: omni.physx.vehicle-106.5.7] startup
[93.917s] [ext: omni.kit.viewport.menubar.camera-107.0.2] startup
[93.929s] [ext: omni.kit.viewport.menubar.lighting-106.0.2] startup
[93.937s] [ext: omni.kit.viewport.menubar.render-107.0.8] startup
[93.951s] [ext: omni.kit.viewport.menubar.settings-107.0.3] startup
[93.959s] [ext: omni.kit.window.console-0.2.14] startup
[93.981s] [ext: omni.physx.camera-106.5.7] startup
[94.013s] [ext: omni.kit.window.toolbar-1.6.2] startup
[94.028s] [ext: omni.isaac.version-2.0.2] startup
2026-10-03 19:06:58 [93,460ms] [Warning] [omni.isaac.version] omni.isaac.version has been deprecated in favor of isaacsim.core.version. Please update your code accordingly.
[94.032s] [ext: isaacsim.robot.wheeled_robots-4.0.3] startup
[94.046s] [ext: omni.physx.cct-106.5.7] startup
[94.163s] [ext: omni.physx.graph-106.5.7] startup
[95.489s] [ext: isaacsim.replicator.writers-1.0.1] startup
[96.043s] [ext: omni.physx.supportui-106.5.7] startup
[96.160s] [ext: omni.physx.telemetry-106.5.7] startup
[96.216s] [ext: omni.isaac.wheeled_robots-3.0.3] startup
2026-10-03 19:07:00 [95,649ms] [Warning] [omni.isaac.wheeled_robots] omni.isaac.wheeled_robots has been deprecated in favor of isaacsim.robot.wheeled_robots. Please update your code accordingly.
2026-10-03 19:07:00 [95,649ms] [Warning] [omni.isaac.wheeled_robots.controllers] omni.isaac.wheeled_robots has been deprecated in favor of isaacsim.robot.wheeled_robots. Please update your code accordingly.
2026-10-03 19:07:00 [95,649ms] [Warning] [omni.isaac.wheeled_robots.controllers.ackermann_controller] omni.isaac.wheeled_robots has been deprecated in favor of isaacsim.robot.wheeled_robots. Please update your code accordingly.
2026-10-03 19:07:00 [95,649ms] [Warning] [omni.isaac.wheeled_robots.controllers.differential_controller] omni.isaac.wheeled_robots has been deprecated in favor of isaacsim.robot.wheeled_robots. Please update your code accordingly.
2026-10-03 19:07:00 [95,650ms] [Warning] [omni.isaac.wheeled_robots.controllers.holonomic_controller] omni.isaac.wheeled_robots has been deprecated in favor of isaacsim.robot.wheeled_robots. Please update your code accordingly.
2026-10-03 19:07:00 [95,650ms] [Warning] [omni.isaac.wheeled_robots.controllers.quintic_path_planner] omni.isaac.wheeled_robots has been deprecated in favor of isaacsim.robot.wheeled_robots. Please update your code accordingly.
2026-10-03 19:07:00 [95,651ms] [Warning] [omni.isaac.wheeled_robots.controllers.stanley_control] omni.isaac.wheeled_robots has been deprecated in favor of isaacsim.robot.wheeled_robots. Please update your code accordingly.
2026-10-03 19:07:00 [95,651ms] [Warning] [omni.isaac.wheeled_robots.controllers.wheel_base_pose_controller] omni.isaac.wheeled_robots has been deprecated in favor of isaacsim.robot.wheeled_robots. Please update your code accordingly.
2026-10-03 19:07:00 [95,651ms] [Warning] [omni.isaac.wheeled_robots.impl] omni.isaac.wheeled_robots has been deprecated in favor of isaacsim.robot.wheeled_robots. Please update your code accordingly.
2026-10-03 19:07:00 [95,652ms] [Warning] [omni.isaac.wheeled_robots.robots] omni.isaac.wheeled_robots has been deprecated in favor of isaacsim.robot.wheeled_robots. Please update your code accordingly.
2026-10-03 19:07:00 [95,652ms] [Warning] [omni.isaac.wheeled_robots.robots.holonomic_robot_usd_setup] omni.isaac.wheeled_robots has been deprecated in favor of isaacsim.robot.wheeled_robots. Please update your code accordingly.
2026-10-03 19:07:00 [95,652ms] [Warning] [omni.isaac.wheeled_robots.robots.wheeled_robot] omni.isaac.wheeled_robots has been deprecated in favor of isaacsim.robot.wheeled_robots. Please update your code accordingly.
[96.255s] [ext: omni.isaac.franka-1.0.2] startup
2026-10-03 19:07:00 [95,687ms] [Warning] [omni.isaac.franka] omni.isaac.franka has been deprecated in favor of isaacsim.robot.manipulators.examples.franka. Please update your code accordingly.
2026-10-03 19:07:00 [95,688ms] [Warning] [omni.isaac.franka.franka] omni.isaac.franka has been deprecated in favor of isaacsim.robot.manipulators.examples.franka. Please update your code accordingly.
2026-10-03 19:07:00 [95,689ms] [Warning] [omni.isaac.franka.kinematics_solver] omni.isaac.franka has been deprecated in favor of isaacsim.robot.manipulators.examples.franka. Please update your code accordingly.
[96.258s] [ext: isaacsim.replicator.domain_randomization-1.0.2] startup
[96.279s] [ext: isaacsim.replicator.examples-1.1.2] startup
[96.280s] [ext: omni.kit.window.status_bar-0.1.7] startup
[96.351s] [ext: omni.rtx.window.settings-0.6.17] startup
[96.373s] [ext: omni.usd.metrics.assembler-106.5.0] startup
[96.423s] [ext: omni.physx.bundle-106.5.7] startup
[96.424s] [ext: isaacsim.app.about-2.0.7] startup
[96.426s] [ext: omni.replicator.isaac-2.0.3] startup
2026-10-03 19:07:00 [95,858ms] [Warning] [omni.replicator.isaac] omni.replicator.isaac has been deprecated in favor of isaacsim.replicator.domain_randomization, isaacsim.replicator.examples, isaacsim.replicator.writers. Please update your code accordingly.
[96.447s] [ext: omni.replicator.replicator_yaml-2.0.10] startup
[96.500s] [ext: omni.rtx.settings.core-0.6.3] startup
[96.526s] [ext: omni.usd.metrics.assembler.ui-106.5.0] startup
[96.537s] [ext: isaacsim.simulation_app-2.4.2] startup
[96.538s] [ext: omni.isaac.window.about-2.0.2] startup
2026-10-03 19:07:00 [95,971ms] [Warning] [omni.isaac.window.about] omni.isaac.window.about has been deprecated in favor of isaacsim.app.about. Please update your code accordingly.
2026-10-03 19:07:00 [95,971ms] [Warning] [omni.isaac.window.about.about] omni.isaac.window.about.about has been deprecated in favor of isaacsim.app.about.about. Please update your code accordingly.
[96.540s] [ext: semantics.schema.editor-0.3.10] startup
[96.565s] [ext: omni.kit.ui.actions-1.0.2] startup
[96.585s] [ext: semantics.schema.property-1.0.5] startup
[96.588s] [ext: omni.kit.manipulator.camera-106.0.3] startup
[96.605s] [ext: omni.isaac.kit-2.0.3] startup
2026-10-03 19:07:00 [96,037ms] [Warning] [omni.isaac.kit] omni.isaac.kit has been deprecated in favor of isaacsim.simulation_app. Please update your code accordingly.
[96.606s] [ext: omni.isaac.asset_browser-1.0.2] startup
2026-10-03 19:07:00 [96,039ms] [Warning] [omni.isaac.asset_browser] omni.isaac.asset_browser has been deprecated in favor of isaacsim.asset.browser. Please update your code accordingly.
[96.607s] [ext: isaacsim.core.throttling-2.0.2] startup
[96.609s] [ext: omni.kit.menu.common-1.1.9] startup
[96.616s] [ext: isaacsim.exp.base-4.5.0] startup
[96.644s] [ext: isaacsim.exp.base.python-4.5.0] startup
[96.647s] Simulation App Starting
2026-10-03 19:07:01 [96,737ms] [Warning] [carb.audio.device] audio device is misconfigured or broken {deviceIndex = 0, name = 'default'} (The device is likely misconfigured, check your $HOME/.asoundrc)
2026-10-03 19:07:01 [96,737ms] [Warning] [carb.audio.output] failed to retrieve the capabilities for device 0 {result = eDeviceLost (2)}
2026-10-03 19:07:01 [96,739ms] [Warning] [carb.audio.context] failed to set the requested output during context creation.  Using a null streamer instead {result = eDeviceLost (2)}
[97.800s] app ready
2026-10-03 19:07:04 [99,168ms] [Warning] [rtx.scenedb.plugin] SceneDbContext : TLAS limit buffer size 2921508224
2026-10-03 19:07:04 [99,168ms] [Warning] [rtx.scenedb.plugin] SceneDbContext : TLAS limit : valid true, within: false
2026-10-03 19:07:09 [104,580ms] [Warning] [omni.usd-abi.plugin] No setting was found for '/rtx-defaults-transient/meshlights/forceDisable'
2026-10-03 19:07:10 [105,541ms] [Warning] [omni.usd-abi.plugin] No setting was found for '/rtx-defaults/post/dlss/execMode'
2026-10-03 19:07:18 [113,834ms] [Warning] [carb.tasking.plugin] carb.tasking is likely stuck. All threads are busy with same tasks for more than 1 seconds with waiting tasks. Starting an emergency helper thread.
2026-10-03 19:07:19 [114,842ms] [Warning] [carb.tasking.plugin] carb.tasking is likely stuck. All threads are busy with same tasks for more than 1 seconds with waiting tasks. Starting an emergency helper thread.
2026-10-03 19:07:20 [115,854ms] [Warning] [carb.tasking.plugin] carb.tasking is likely stuck. All threads are busy with same tasks for more than 1 seconds with waiting tasks. Starting an emergency helper thread.
2026-10-03 19:07:21 [116,858ms] [Warning] [carb.tasking.plugin] carb.tasking is likely stuck. All threads are busy with same tasks for more than 1 seconds with waiting tasks. Starting an emergency helper thread.
2026-10-03 19:07:52 [147,395ms] [Warning] [rtx.postprocessing.plugin] DLSS increasing input dimensions: Render resolution of (320, 240) is below minimal input resolution of 300.
[155.388s] Simulation App Startup Complete
[isaac_app] renderer activeGpu=0 (want 0), multiGpu=False
app started in 156.1s
[158.374s] [ext: omni.physx.fabric-106.5.7] startup
2026-10-03 19:08:06 [161,575ms] [Warning] [omni.physicsschema.plugin] ScaleOrientation is not supported for rigid bodies, prim path: /World/envs/env_0/Robot/hande_left_finger. You may ignore this if the scale is close to uniform.
2026-10-03 19:08:06 [161,579ms] [Warning] [omni.physicsschema.plugin] ScaleOrientation is not supported for rigid bodies, prim path: /World/envs/env_0/Robot/hande_right_finger. You may ignore this if the scale is close to uniform.
2026-10-03 19:08:12 [167,995ms] [Warning] [omni.physx.plugin] Detected an articulation at /World/envs/env_0/Robot with more than 4 velocity iterations being added to a TGS scene.The related behavior changed recently, please consult the changelog. This warning will only print once.
2026-10-03 19:08:13 [168,665ms] [Warning] [omni.physx.tensors.plugin] Duplicate joint name 'FixedJoint' in articulation metatype
setup done
finger limits [[0.0, 0.042500000447034836], [0.0, 0.042500000447034836]]
[settle    ] step   50  ee err    nan mm  fingers 0.0425 0.0425  obj z +0.000
frame saved to /home/Invader17/grasp_task/runs/manual_side_20261003_220523, depth 0.943..1.200 m
[test_close] step  130  ee err    nan mm  fingers 0.0000 0.0000  obj z +0.000
[test_open ] step  210  ee err    nan mm  fingers 0.0425 0.0425  obj z +0.000
[pregrasp  ] step  510  ee err  138.8 mm  fingers 0.0424 0.0425  obj z +0.070
[approach  ] step  710  ee err    5.0 mm  fingers 0.0425 0.0425  obj z +0.030
[close     ] step  810  ee err    nan mm  fingers 0.0000 0.0000  obj z +0.030
[lift      ] step 1010  ee err   68.6 mm  fingers 0.0000 0.0000  obj z +0.030
[hold      ] step 1210  ee err    nan mm  fingers 0.0000 0.0000  obj z +0.030
object rise -4.0 cm, fingers at [5.579819939427466e-10, 0.0]
video saved to /home/Invader17/grasp_task/runs/manual_side_20261003_220523/grasp_tetrapak_side.gif, 242 frames
FAIL
2026-10-03 19:13:12 [467,788ms] [Warning] [carb.windowing-glfw.plugin] GLFW initialization failed.
2026-10-03 19:13:12 [467,788ms] [Warning] [carb] Failed to startup plugin carb.windowing-glfw.plugin (interfaces: [carb::windowing::IGLContext v1.0],[carb::windowing::IWindowing v1.5]) (impl: carb.windowing-glfw.plugin)
2026-10-03 19:13:24 [479,972ms] [Warning] [carb] Plugin interface for a client: omni.hydratexture.plugin was already released.
[INFO]: Simulation is stopped. Shutting down the app.
[22:13:44] код выхода 0, время 496 с, пик памяти на GPU 7 5291 MiB, клиент драйвера на GPU 0 6 MiB
[22:13:52] наших процессов на GPU нет
[22:13:52] результаты: /home/Invader17/grasp_task/runs/manual_side_20261003_220523
