[init] взял веса и буфер из /home/Invader17/grasp_task/ckpt/qmap: там было 5676 попыток, в буфере 5676
[eval] попытка 0: chips 0/13, can 6/8, tetrapak 3/11
[eval] попытка 1720: chips 0/11, tetrapak 5/12, can 6/9
[16:26:37] код выхода 139, время 3787 с, пик памяти на GPU 7 5885 MiB, клиент драйвера на GPU 0 6 MiB
[ckpt] продолжаю с попытки 1432, уже училось 0.86 ч, в буфере 7108
[eval] попытка 3216: can 8/9, tetrapak 8/14, chips 0/9
[18:24:37] СТОП: чужой процесс 1241021 пропал с GPU 7 во время нашего запуска — проверить, не мы ли причина
[18:24:38] код выхода 137, время 6768 с, пик памяти на GPU 7 5885 MiB, клиент драйвера на GPU 0 6 MiB
[ckpt] продолжаю с попытки 4400, уже училось 2.57 ч, в буфере 10076
[eval] попытка 6912: can 8/9, tetrapak 12/12, chips 0/11
[19:32:17] код выхода 139, время 3744 с, пик памяти на GPU 7 6154 MiB, клиент драйвера на GPU 0 6 MiB
[ckpt] продолжаю с попытки 6528, уже училось 3.43 ч, в буфере 12204
[eval] попытка 9304: can 11/12, tetrapak 14/15, chips 0/5
[eval] попытка 11816: can 13/13, tetrapak 12/12, chips 0/7
[eval] попытка 14416: chips 0/10, can 11/13, tetrapak 8/9
[eval] попытка 16768: tetrapak 9/10, chips 0/12, can 10/10
[00:42:38] СТОП: лог не обновлялся 1316 с
[00:43:23] код выхода 137, время 18352 с, пик памяти на GPU 7 6026 MiB, клиент драйвера на GPU 0 6 MiB
[ckpt] продолжаю с попытки 18184, уже училось 8.12 ч, в буфере 23636
[eval] попытка 20824: can 7/8, tetrapak 16/16, chips 0/8
[eval] попытка 23576: can 8/9, chips 0/14, tetrapak 8/9
[eval] попытка 26392: can 15/17, tetrapak 5/6, chips 0/9
[eval] попытка 28488: tetrapak 8/8, chips 0/9, can 13/15
DONE: время вышло, обучение закончено
[04:44:15] код выхода 0, время 14105 с, пик памяти на GPU 7 6026 MiB, клиент драйвера на GPU 0 6 MiB
