[22:06:04] user=Invader17 gpu=1 vk_uuid=c6d16bdcc5c9e35b4e928c96988384f1 cpus=44-47 timeout=60m stall=20m
[22:06:04] cmd: /home/Invader17/grasp_task/code/tmp_top/baseline_plan.py --n 11 --obj tetrapak can --video 2
[Warning] [simulation_app.simulation_app] Modules: ['omni.kit_app'] were loaded before SimulationApp was started and might not be loaded correctly.
[Warning] [simulation_app.simulation_app] Please check to make sure no extra omniverse or pxr modules are imported before the call to SimulationApp(...)
Starting kit application with the following args:  ['/home/Invader17/grasp_task/envs/isaac/lib/python3.10/site-packages/isaacsim/exts/isaacsim.simulation_app/isaacsim/simulation_app/simulation_app.py', '/home/Invader17/grasp_task/envs/isaac/lib/python3.10/site-packages/isaacsim/apps/isaacsim.exp.base.python.kit', '--/app/tokens/exe-path=/home/Invader17/grasp_task/envs/isaac/lib/python3.10/site-packages/omni', '--/persistent/app/viewport/displayOptions=3094', '--/rtx/materialDb/syncLoads=True', '--/rtx/hydra/materialSyncLoads=True', '--/omni.kit.plugin/syncUsdLoads=True', '--/app/renderer/resolution/width=640', '--/app/renderer/resolution/height=480', '--/app/window/width=1440', '--/app/window/height=900', '--/renderer/multiGpu/enabled=False', '--/app/fastShutdown=True', '--/app/installSignalHandlers=0', '--ext-folder', '/home/Invader17/grasp_task/envs/isaac/lib/python3.10/site-packages/isaacsim/exts', '--ext-folder', '/home/Invader17/grasp_task/envs/isaac/lib/python3.10/site-packages/isaacsim/apps', '--/renderer/multiGpu/enabled=false', '--/renderer/multiGpu/autoEnable=false', '--/renderer/multiGpu/maxGpuCount=1', '--/renderer/activeGpu=0', '--/plugins/carb.tasking.plugin/threadCount=4', '--/persistent/isaac/asset_root/default=http://omniverse-content-production.s3-us-west-2.amazonaws.com/Assets/Isaac/4.5', '--/persistent/isaac/asset_root/cloud=http://omniverse-content-production.s3-us-west-2.amazonaws.com/Assets/Isaac/4.5', '--/persistent/isaac/asset_root/nvidia=http://omniverse-content-production.s3-us-west-2.amazonaws.com/Assets/Isaac/4.5', '--/renderer/activeGpu=0', '--/physics/cudaDevice=0', '--portable', '--no-window', '--/app/window/hideUi=1']
Passing the following args to the base kit application:  ['--n', '11', '--obj', 'tetrapak', 'can', '--video', '2']
[Info] [carb] Logging to file: /home/Invader17/grasp_task/envs/isaac/lib/python3.10/site-packages/omni/logs/Kit/Isaac-Sim Python/4.5/kit_20261004_190605.log
2026-10-04 19:06:05 [0ms] [Warning] [omni.kit.app.plugin] No crash reporter present, dumps uploading isn't available.
[1.251s] [ext: omni.kit.async_engine-0.0.1] startup
[2.262s] [ext: omni.metrics.core-0.0.1] startup
[2.263s] [ext: omni.client.lib-1.0.0] startup
[2.303s] [ext: omni.blobkey-1.1.2] startup
[2.304s] [ext: omni.stats-1.0.1] startup
[2.306s] [ext: omni.datastore-0.0.0] startup
[2.315s] [ext: omni.client-1.2.2] startup
[2.341s] [ext: omni.ujitso.default-1.0.0] startup
[2.369s] [ext: omni.hsscclient-1.1.1] startup
2026-10-04 19:06:07 [2,361ms] [Warning] [omni.datastore] OmniHub is inaccessible
[2.466s] [ext: omni.gpu_foundation.shadercache.vulkan-1.0.0] startup
[2.471s] [ext: omni.assets.plugins-0.0.0] startup
[2.475s] [ext: omni.gpu_foundation-0.0.0] startup
[2.508s] [ext: carb.windowing.plugins-1.0.0] startup
2026-10-04 19:06:07 [2,508ms] [Warning] [carb.windowing-glfw.plugin] GLFW initialization failed.
2026-10-04 19:06:07 [2,508ms] [Warning] [carb] Failed to startup plugin carb.windowing-glfw.plugin (interfaces: [carb::windowing::IGLContext v1.0],[carb::windowing::IWindowing v1.5]) (impl: carb.windowing-glfw.plugin)
[2.526s] [ext: omni.kit.renderer.init-0.0.0] startup
2026-10-04 19:06:07 [2,543ms] [Warning] [omni.platforminfo.plugin] failed to open the default display.  Can't verify X Server version.
[22:06:08] на GPU 1 чужие процессы: 2935916; запас памяти 1536 MiB, наш потолок 6144 MiB
2026-10-04 19:06:29 [24,086ms] [Warning] [carb.cudainterop.plugin] CUDA_VISIBLE_DEVICES environment variable is set.
2026-10-04 19:06:29 [24,086ms] [Warning] [carb.cudainterop.plugin] Note CUDA device enumeration and Omniverse device enumeration are different.
2026-10-04 19:06:29 [24,086ms] [Warning] [carb.cudainterop.plugin] Setting CUDA_VISIBLE_DEVICES can lead to undesired behavior or crashes.

|---------------------------------------------------------------------------------------------|
| Driver Version: 575.57.08     | Graphics API: Vulkan
|=============================================================================================|
| GPU | Name                             | Active | LDA | GPU Memory | Vendor-ID | LUID       |
|     |                                  |        |     |            | Device-ID | UUID       |
|     |                                  |        |     |            | Bus-ID    |            |
|---------------------------------------------------------------------------------------------|
| 0   | NVIDIA GeForce RTX 2080 Ti       | Yes: 0 |     | 11510   MB | 10de      | 0          |
|     |                                  |        |     |            | 1e04      | c6d16bdc.. |
|     |                                  |        |     |            | 2         |            |
|=============================================================================================|
| OS: 20.04.6 LTS (Focal Fossa) ubuntu, Version: 20.04.6, Kernel: 5.15.0-139-generic
| Processor: AMD EPYC 7552 48-Core Processor
| Cores: 48 | Logical Cores: 48
|---------------------------------------------------------------------------------------------|
| Total Memory (MB): 515967 | Free Memory: 341245
| Total Page/Swap (MB): 67583 | Free Page/Swap: 17592186044409
|---------------------------------------------------------------------------------------------|
[43.121s] [ext: omni.kit.pipapi-0.0.0] startup
[43.125s] [ext: omni.materialx.libs-1.0.6] startup
[43.148s] [ext: omni.kit.pip_archive-0.0.0] startup
[43.149s] [ext: omni.usd.config-1.0.5] startup
[43.165s] [ext: omni.gpucompute.plugins-0.0.0] startup
[43.170s] [ext: omni.usd.libs-1.0.1] startup
[43.378s] [ext: omni.mdl-55.0.1] startup
[43.480s] [ext: omni.iray.libs-0.0.0] startup
[43.504s] [ext: omni.mdl.neuraylib-0.2.10] startup
[43.510s] [ext: omni.kit.usd.mdl-1.0.7] startup
[43.763s] [ext: omni.kit.telemetry-0.5.1] startup
[43.843s] [ext: omni.kit.loop-isaac-1.2.1] startup
[43.857s] [ext: omni.kit.test-1.1.2] startup
[44.168s] [ext: omni.appwindow-1.1.9] startup
2026-10-04 19:06:49 [44,154ms] [Warning] [carb.windowing-glfw.plugin] GLFW initialization failed.
2026-10-04 19:06:49 [44,155ms] [Warning] [carb] Failed to startup plugin carb.windowing-glfw.plugin (interfaces: [carb::windowing::IGLContext v1.0],[carb::windowing::IWindowing v1.5]) (impl: carb.windowing-glfw.plugin)
[44.176s] [ext: omni.kit.renderer.core-1.0.2] startup
2026-10-04 19:06:51 [46,651ms] [Warning] [carb.windowing-glfw.plugin] GLFW initialization failed.
2026-10-04 19:06:51 [46,811ms] [Warning] [carb] Failed to startup plugin carb.windowing-glfw.plugin (interfaces: [carb::windowing::IGLContext v1.0],[carb::windowing::IWindowing v1.5]) (impl: carb.windowing-glfw.plugin)
2026-10-04 19:06:52 [47,066ms] [Warning] [carb.windowing-glfw.plugin] GLFW initialization failed.
2026-10-04 19:06:52 [47,071ms] [Warning] [carb] Failed to startup plugin carb.windowing-glfw.plugin (interfaces: [carb::windowing::IGLContext v1.0],[carb::windowing::IWindowing v1.5]) (impl: carb.windowing-glfw.plugin)
[47.092s] [ext: omni.kit.renderer.capture-0.0.0] startup
[47.103s] [ext: omni.kit.renderer.imgui-1.0.2] startup
2026-10-04 19:06:52 [47,095ms] [Warning] [carb.windowing-glfw.plugin] GLFW initialization failed.
2026-10-04 19:06:52 [47,095ms] [Warning] [carb] Failed to startup plugin carb.windowing-glfw.plugin (interfaces: [carb::windowing::IGLContext v1.0],[carb::windowing::IWindowing v1.5]) (impl: carb.windowing-glfw.plugin)
2026-10-04 19:06:52 [47,098ms] [Warning] [carb.windowing-glfw.plugin] GLFW initialization failed.
2026-10-04 19:06:52 [47,099ms] [Warning] [carb] Failed to startup plugin carb.windowing-glfw.plugin (interfaces: [carb::windowing::IGLContext v1.0],[carb::windowing::IWindowing v1.5]) (impl: carb.windowing-glfw.plugin)
2026-10-04 19:06:52 [47,100ms] [Warning] [carb.windowing-glfw.plugin] GLFW initialization failed.
2026-10-04 19:06:52 [47,101ms] [Warning] [carb] Failed to startup plugin carb.windowing-glfw.plugin (interfaces: [carb::windowing::IGLContext v1.0],[carb::windowing::IWindowing v1.5]) (impl: carb.windowing-glfw.plugin)
[48.131s] [ext: omni.ui-2.26.5] startup
[48.168s] [ext: omni.kit.mainwindow-1.0.3] startup
[48.176s] [ext: carb.audio-0.1.0] startup
[48.189s] [ext: omni.uiaudio-1.0.0] startup
[48.192s] [ext: omni.kit.uiapp-0.0.0] startup
[48.200s] [ext: omni.usd.schema.metrics.assembler-106.5.0] startup
[48.223s] [ext: omni.usd.schema.anim-0.0.0] startup
[48.279s] [ext: omni.usd.schema.audio-0.0.0] startup
[48.294s] [ext: omni.usd.schema.isaac-3.0.2] startup
[48.295s] [ext: omni.usd.schema.omnigraph-1.0.0] startup
[48.310s] [ext: omni.usd.schema.forcefield-106.5.7] startup
[48.331s] [ext: omni.usd.schema.semantics-0.0.0] startup
[48.338s] [ext: omni.usd.schema.physx-106.5.7] startup
[48.391s] [ext: omni.usd.schema.geospatial-0.0.0] startup
[48.396s] [ext: omni.usd_resolver-1.0.0] startup
[48.404s] [ext: omni.kit.window.popup_dialog-2.0.24] startup
[48.415s] [ext: usdrt.scenegraph-7.5.1] startup
[48.630s] [ext: omni.timeline-1.0.11] startup
[48.635s] [ext: omni.usd.core-1.4.2] startup
[48.640s] [ext: omni.resourcemonitor-107.0.0] startup
[48.663s] [ext: omni.activity.core-1.0.1] startup
[48.667s] [ext: omni.kit.widget.nucleus_connector-1.1.10] startup
[48.688s] [ext: omni.hydra.usdrt_delegate-7.5.1] startup
[48.741s] [ext: omni.kit.actions.core-1.0.0] startup
[49.078s] [ext: omni.graph.exec-0.9.4] startup
[49.104s] [ext: omni.kit.commands-1.4.9] startup
[49.164s] [ext: omni.kit.usd_undo-0.1.8] startup
[49.237s] [ext: omni.kit.exec.core-0.13.4] startup
[49.244s] [ext: omni.kit.audiodeviceenum-1.0.1] startup
[49.280s] [ext: omni.hydra.scene_delegate-0.3.3] startup
[49.378s] [ext: omni.usd-1.12.4] startup
[50.076s] [ext: omni.inspect-1.0.1] startup
[50.083s] [ext: omni.kit.notification_manager-1.0.9] startup
[50.089s] [ext: omni.graph.core-2.181.8] startup
[50.104s] [ext: isaacsim.core.deprecation_manager-0.2.2] startup
[50.107s] [ext: omni.usd.schema.omniscripting-1.0.0] startup
[50.123s] [ext: isaacsim.robot.schema-3.1.2] startup
[50.148s] [ext: omni.kit.asset_converter-2.8.3] startup
[50.212s] [ext: omni.kit.menu.core-1.1.2] startup
[50.216s] [ext: omni.kvdb-106.5.7] startup
[50.336s] [ext: omni.kit.widget.context_menu-1.2.4] startup
[50.340s] [ext: omni.kit.usd.layers-2.2.0] startup
[50.374s] [ext: omni.kit.property.adapter.core-1.0.2] startup
[50.417s] [ext: omni.localcache-106.5.7] startup
[50.440s] [ext: omni.convexdecomposition-106.5.7] startup
[50.452s] [ext: omni.warp.core-1.5.0] startup
[50.931s] [ext: omni.kit.context_menu-1.8.3] startup
[50.936s] [ext: omni.kit.hotkeys.core-1.3.10] startup
[50.944s] [ext: omni.kit.property.adapter.fabric-1.0.3] startup
[50.947s] [ext: omni.usdphysics-106.5.7] startup
[50.954s] [ext: omni.kit.widget.path_field-2.0.11] startup
[50.956s] [ext: omni.kit.widget.options_menu-1.1.6] startup
[50.962s] [ext: omni.kit.helper.file_utils-0.1.9] startup
[50.966s] [ext: omni.kit.widget.browser_bar-2.0.10] startup
[50.970s] [ext: omni.kit.widget.options_button-1.0.3] startup
[50.973s] [ext: omni.kit.widget.filebrowser-2.10.52] startup
[50.998s] [ext: omni.kit.clipboard-1.0.5] startup
[51.002s] [ext: omni.graph.tools-1.79.1] startup
[51.044s] [ext: omni.ui.scene-1.11.2] startup
[51.058s] [ext: omni.graph.image.core-0.6.0] startup
[51.062s] [ext: omni.kit.window.filepicker-2.11.7] startup
[51.099s] [ext: omni.kit.widget.searchfield-1.1.8] startup
[51.103s] [ext: omni.graph.image.nodes-1.3.0] startup
[51.108s] [ext: omni.graph-1.140.2] startup
[51.190s] [ext: omni.kit.window.file_exporter-1.0.31] startup
[51.196s] [ext: omni.kit.widget.filter-1.1.4] startup
[51.202s] [ext: omni.physx.foundation-106.5.7] startup
[51.206s] [ext: omni.graph.nodes-1.162.1] startup
[51.223s] [ext: omni.kit.widget.stage-2.11.6] startup
[51.246s] [ext: omni.hydra.rtx.shadercache.vulkan-1.0.0] startup
[51.251s] [ext: omni.hydra.engine.stats-1.0.3] startup
[51.281s] [ext: omni.graph.action_core-1.1.7] startup
[51.294s] [ext: omni.kit.widget.highlight_label-1.0.3] startup
[51.296s] [ext: omni.ujitso.processor.texture-1.0.0] startup
[51.301s] [ext: omni.index.libs-380600.1777.0] startup
[51.302s] [ext: omni.kit.window.file_importer-1.1.14] startup
[51.304s] [ext: omni.kit.stage_template.core-1.1.22] startup
[51.308s] [ext: omni.volume-0.5.0] startup
[51.322s] [ext: omni.ujitso.client-0.0.0] startup
[51.324s] [ext: omni.index-1.0.1] startup
[51.326s] [ext: omni.kit.window.file-1.3.57] startup
[51.332s] [ext: omni.hydra.rtx-1.0.0] startup
2026-10-04 19:06:56 [51,327ms] [Warning] [omni.log] Source: omni.hydra was already registered.
[51.370s] [ext: omni.kit.viewport.registry-104.0.6] startup
[51.374s] [ext: omni.kit.viewport.legacy_gizmos-1.0.16] startup
[51.380s] [ext: omni.kit.raycast.query-1.0.5] startup
[51.388s] [ext: omni.kit.viewport.scene_camera_model-1.0.5] startup
[51.397s] [ext: omni.kit.hydra_texture-1.4.0] startup
[51.563s] [ext: omni.kit.menu.utils-1.7.7] startup
[51.603s] [ext: omni.kit.window.drop_support-1.0.4] startup
[51.608s] [ext: omni.kit.widget.viewport-107.0.7] startup
[51.619s] [ext: omni.kit.material.library-1.5.15] startup
[51.688s] [ext: omni.kit.window.content_browser_registry-0.0.6] startup
[51.693s] [ext: omni.kit.viewport.window-107.0.8] startup
[51.817s] [ext: omni.graph.action_nodes-1.40.1] startup
[51.854s] [ext: omni.kit.window.property-1.11.5] startup
[51.871s] [ext: omni.kit.window.content_browser-2.10.3] startup
[52.006s] [ext: omni.kit.property.adapter.usd-1.0.2] startup
[52.011s] [ext: omni.kit.viewport.utility-1.0.18] startup
[52.035s] [ext: omni.graph.action-1.120.0] startup
[52.040s] [ext: omni.kit.property.usd-4.2.16] startup
[52.083s] [ext: omni.physx.cooking-106.5.7] startup
[52.155s] [ext: omni.kit.widget.stage_icons-1.0.6] startup
[52.161s] [ext: omni.kit.widget.zoombar-1.0.5] startup
[52.186s] [ext: omni.physics.tensors-106.5.7] startup
[52.207s] [ext: omni.kit.widget.prompt-1.0.7] startup
[52.214s] [ext: omni.kit.usd.collect-2.2.22] startup
[52.272s] [ext: omni.physx-106.5.7] startup
[52.310s] [ext: omni.kit.window.stage-2.5.11] startup
[52.323s] [ext: omni.kit.browser.core-2.3.11] startup
[52.346s] [ext: omni.kit.widget.text_editor-1.0.2] startup
[52.353s] [ext: omni.physx.tensors-106.5.7] startup
[52.571s] [ext: omni.kit.tool.collect-2.2.16] startup
[52.576s] [ext: omni.kit.menu.stage-1.2.5] startup
[52.584s] [ext: omni.kit.browser.folder.core-1.10.1] startup
[52.611s] [ext: omni.warp-1.5.0] startup
[52.639s] [ext: isaacsim.examples.browser-0.1.8] startup
[52.668s] [ext: omni.physx.stageupdate-106.5.7] startup
[52.706s] [ext: omni.kit.numpy.common-0.1.2] startup
[52.754s] [ext: isaacsim.core.version-2.0.2] startup
[52.775s] [ext: omni.isaac.dynamic_control-1.3.15] startup
2026-10-04 19:06:57 [52,814ms] [Warning] [omni.isaac.dynamic_control] omni.isaac.dynamic_control is deprecated as of Isaac Sim 4.5. No action is needed from end-users.
[52.840s] [ext: isaacsim.storage.native-1.0.6] startup
[52.843s] [ext: omni.kit.menu.create-1.0.17] startup
[52.850s] [ext: isaacsim.core.utils-2.2.8] startup
[52.859s] [ext: omni.kit.widget.searchable_combobox-1.0.6] startup
[52.895s] [ext: omni.kit.primitive.mesh-1.0.17] startup
[52.960s] [ext: isaacsim.core.simulation_manager-0.3.3] startup
[58.418s] [ext: omni.kit.scripting-106.5.2] startup
[58.436s] [ext: omni.kit.stage_templates-1.2.6] startup
[58.451s] [ext: isaacsim.core.prims-0.3.7] startup
[58.499s] [ext: isaacsim.replicator.behavior-1.0.8] startup
[58.508s] [ext: isaacsim.core.api-4.2.16] startup
[58.542s] [ext: omni.ui_query-1.1.7] startup
[58.550s] [ext: omni.kit.manipulator.viewport-107.0.1] startup
[58.556s] [ext: omni.kit.ui_test-1.3.3] startup
[58.566s] [ext: omni.kit.window.extensions-1.4.25] startup
[58.586s] [ext: omni.graph.visualization.nodes-2.1.1] startup
[58.627s] [ext: omni.kit.tool.asset_importer-2.12.2] startup
[58.997s] [ext: isaacsim.gui.components-1.0.9] startup
[59.063s] [ext: omni.kit.widget.settings-1.2.2] startup
[59.234s] [ext: omni.kit.widget.graph-1.12.17] startup
[59.287s] [ext: omni.kit.window.preferences-1.7.0] startup
[59.303s] [ext: omni.kit.graph.delegate.default-1.2.2] startup
[59.307s] [ext: omni.kit.viewport.menubar.core-107.1.2] startup
[59.339s] [ext: omni.kit.widget.material_preview-1.0.16] startup
[59.343s] [ext: omni.kit.graph.usd.commands-1.3.1] startup
[59.344s] [ext: omni.kit.graph.editor.core-1.5.3] startup
[59.386s] [ext: omni.syntheticdata-0.6.10] startup
[59.523s] [ext: omni.kit.window.material_graph-1.8.19] startup
[59.790s] [ext: omni.graph.scriptnode-1.40.1] startup
[59.793s] [ext: isaacsim.core.cloner-1.3.4] startup
[60.166s] [ext: omni.replicator.core-1.11.35] startup
Warp 1.5.0 initialized:
   CUDA Toolkit 11.8, Driver 12.9
   Devices:
     "cpu"      : "x86_64"
     "cuda:0"   : "NVIDIA GeForce RTX 2080 Ti" (11 GiB, sm_75, mempool enabled)
   Kernel cache:
     /home/Invader17/grasp_task/.cache/warp
2026-10-04 19:07:07 [62,771ms] [Warning] [omni.replicator.core.scripts.extension] No material configuration file, adding configuration to material settings directly.
[62.906s] [ext: omni.isaac.cloner-1.0.2] startup
2026-10-04 19:07:08 [62,919ms] [Warning] [omni.isaac.cloner] omni.isaac.cloner has been deprecated in favor of isaacsim.core.cloner. Please update your code accordingly.
[63.189s] [ext: isaacsim.core.nodes-2.1.4] startup
[63.361s] [ext: isaacsim.asset.importer.urdf-2.3.10] startup
[66.040s] [ext: omni.isaac.core-4.0.3] startup
2026-10-04 19:07:11 [66,065ms] [Warning] [omni.isaac.core.physics_context.physics_context] omni.isaac.core.physics_context.physics_context has been deprecated in favor of isaacsim.core.api.physics_context.physics_context. Please update your code accordingly.
2026-10-04 19:07:11 [66,065ms] [Warning] [omni.isaac.core.simulation_context.simulation_context] omni.isaac.core.simulation_context.simulation_context has been deprecated in favor of isaacsim.core.api.simulation_context.simulation_context. Please update your code accordingly.
2026-10-04 19:07:11 [66,066ms] [Warning] [omni.isaac.core.world.world] omni.isaac.core.world.world has been deprecated in favor of isaacsim.core.api.world.world. Please update your code accordingly.
2026-10-04 19:07:11 [66,066ms] [Warning] [omni.isaac.core] omni.isaac.core has been deprecated in favor of isaacsim.core.api. Please update your code accordingly.
[66.084s] [ext: omni.isaac.core_nodes-2.0.2] startup
2026-10-04 19:07:11 [66,073ms] [Warning] [omni.isaac.core_nodes] omni.isaac.core_nodes has been deprecated in favor of isaacsim.core.nodes. Please update your code accordingly.
[66.092s] [ext: omni.anim.curve.core-1.2.0] startup
[66.135s] [ext: isaacsim.robot_motion.lula-4.0.4] startup
[66.162s] [ext: isaacsim.asset.importer.mjcf-2.3.3] startup
[66.175s] [ext: isaacsim.robot_motion.motion_generation-8.0.6] startup
[66.267s] [ext: isaacsim.asset.browser-1.3.4] startup
[66.534s] [ext: isaacsim.robot.surface_gripper-2.0.6] startup
[66.926s] [ext: omni.kit.selection-0.1.5] startup
[66.943s] [ext: isaacsim.robot_motion.lula_test_widget-1.0.5] startup
[66.949s] [ext: omni.isaac.assets_check-0.3.9] startup
2026-10-04 19:07:12 [66,943ms] [Warning] [omni.isaac.assets_check] omni.isaac.assets_check has been deprecated in favor of isaacsim.asset.browser. Please update your code accordingly.
[66.965s] [ext: isaacsim.robot.manipulators-3.0.4] startup
[67.032s] [ext: isaacsim.sensors.physics-0.3.5] startup
[67.127s] [ext: isaacsim.gui.menu-2.0.9] startup
[67.235s] [ext: omni.isaac.lula_test_widget-1.0.2] startup
2026-10-04 19:07:12 [67,219ms] [Warning] [omni.isaac.lula_test_widget] omni.isaac.lula_test_widget has been deprecated in favor of isaacsim.robot_motion.lula_test_widget. Please update your code accordingly.
[67.237s] [ext: omni.sensors.nv.common-2.5.0-coreapi] startup
[67.523s] [ext: omni.isaac.manipulators-3.0.3] startup
2026-10-04 19:07:12 [67,507ms] [Warning] [omni.isaac.manipulators] omni.isaac.manipulators has been deprecated in favor of isaacsim.robot.manipulators. Please update your code accordingly.
2026-10-04 19:07:12 [67,507ms] [Warning] [omni.isaac.manipulators.controllers] omni.isaac.manipulators has been deprecated in favor of isaacsim.robot.manipulators. Please update your code accordingly.
2026-10-04 19:07:12 [67,508ms] [Warning] [omni.isaac.manipulators.controllers.pick_place_controller] omni.isaac.manipulators has been deprecated in favor of isaacsim.robot.manipulators. Please update your code accordingly.
2026-10-04 19:07:12 [67,518ms] [Warning] [omni.isaac.manipulators.controllers.stacking_controller] omni.isaac.manipulators has been deprecated in favor of isaacsim.robot.manipulators. Please update your code accordingly.
2026-10-04 19:07:12 [67,519ms] [Warning] [omni.isaac.manipulators.grippers] omni.isaac.manipulators has been deprecated in favor of isaacsim.robot.manipulators. Please update your code accordingly.
2026-10-04 19:07:12 [67,519ms] [Warning] [omni.isaac.manipulators.grippers.gripper] omni.isaac.manipulators has been deprecated in favor of isaacsim.robot.manipulators. Please update your code accordingly.
2026-10-04 19:07:12 [67,520ms] [Warning] [omni.isaac.manipulators.grippers.parallel_gripper] omni.isaac.manipulators has been deprecated in favor of isaacsim.robot.manipulators. Please update your code accordingly.
2026-10-04 19:07:12 [67,520ms] [Warning] [omni.isaac.manipulators.grippers.surface_gripper] omni.isaac.manipulators has been deprecated in favor of isaacsim.robot.manipulators. Please update your code accordingly.
2026-10-04 19:07:12 [67,521ms] [Warning] [omni.isaac.manipulators.manipulators] omni.isaac.manipulators has been deprecated in favor of isaacsim.robot.manipulators. Please update your code accordingly.
2026-10-04 19:07:12 [67,525ms] [Warning] [omni.isaac.manipulators.manipulators.single_manipulator] omni.isaac.manipulators has been deprecated in favor of isaacsim.robot.manipulators. Please update your code accordingly.
[68.017s] [ext: isaacsim.robot.policy.examples-4.0.3] startup
[68.028s] [ext: omni.isaac.menu-1.0.2] startup
2026-10-04 19:07:13 [68,129ms] [Warning] [omni.isaac.menu] omni.isaac.menu has been deprecated in favor of isaacsim.gui.menu. Please update your code accordingly.
[68.147s] [ext: omni.isaac.motion_generation-8.0.2] startup
2026-10-04 19:07:13 [68,220ms] [Warning] [omni.isaac.motion_generation] omni.isaac.motion_generation has been deprecated in favor of isaacsim.robot_motion.motion_generation. Please update your code accordingly.
2026-10-04 19:07:13 [68,221ms] [Warning] [omni.isaac.motion_generation.articulation_kinematics_solver] omni.isaac.motion_generation has been deprecated in favor of isaacsim.robot_motion.motion_generation. Please update your code accordingly.
2026-10-04 19:07:13 [68,221ms] [Warning] [omni.isaac.motion_generation.articulation_motion_policy] omni.isaac.motion_generation has been deprecated in favor of isaacsim.robot_motion.motion_generation. Please update your code accordingly.
2026-10-04 19:07:13 [68,222ms] [Warning] [omni.isaac.motion_generation.articulation_trajectory] omni.isaac.motion_generation has been deprecated in favor of isaacsim.robot_motion.motion_generation. Please update your code accordingly.
2026-10-04 19:07:13 [68,223ms] [Warning] [omni.isaac.motion_generation.kinematics_interface] omni.isaac.motion_generation has been deprecated in favor of isaacsim.robot_motion.motion_generation. Please update your code accordingly.
2026-10-04 19:07:13 [68,223ms] [Warning] [omni.isaac.motion_generation.lula] omni.isaac.motion_generation has been deprecated in favor of isaacsim.robot_motion.motion_generation. Please update your code accordingly.
2026-10-04 19:07:13 [68,224ms] [Warning] [omni.isaac.motion_generation.lula.kinematics] omni.isaac.motion_generation has been deprecated in favor of isaacsim.robot_motion.motion_generation. Please update your code accordingly.
2026-10-04 19:07:13 [68,225ms] [Warning] [omni.isaac.motion_generation.lula.motion_policies] omni.isaac.motion_generation has been deprecated in favor of isaacsim.robot_motion.motion_generation. Please update your code accordingly.
2026-10-04 19:07:13 [68,225ms] [Warning] [omni.isaac.motion_generation.lula.path_planners] omni.isaac.motion_generation has been deprecated in favor of isaacsim.robot_motion.motion_generation. Please update your code accordingly.
2026-10-04 19:07:13 [68,226ms] [Warning] [omni.isaac.motion_generation.lula.trajectory_generator] omni.isaac.motion_generation has been deprecated in favor of isaacsim.robot_motion.motion_generation. Please update your code accordingly.
2026-10-04 19:07:13 [68,226ms] [Warning] [omni.isaac.motion_generation.motion_policy_controller] omni.isaac.motion_generation has been deprecated in favor of isaacsim.robot_motion.motion_generation. Please update your code accordingly.
2026-10-04 19:07:13 [68,227ms] [Warning] [omni.isaac.motion_generation.motion_policy_interface] omni.isaac.motion_generation has been deprecated in favor of isaacsim.robot_motion.motion_generation. Please update your code accordingly.
2026-10-04 19:07:13 [68,227ms] [Warning] [omni.isaac.motion_generation.path_planner_visualizer] omni.isaac.motion_generation has been deprecated in favor of isaacsim.robot_motion.motion_generation. Please update your code accordingly.
2026-10-04 19:07:13 [68,228ms] [Warning] [omni.isaac.motion_generation.path_planning_interface] omni.isaac.motion_generation has been deprecated in favor of isaacsim.robot_motion.motion_generation. Please update your code accordingly.
2026-10-04 19:07:13 [68,229ms] [Warning] [omni.isaac.motion_generation.trajectory] omni.isaac.motion_generation has been deprecated in favor of isaacsim.robot_motion.motion_generation. Please update your code accordingly.
2026-10-04 19:07:13 [68,230ms] [Warning] [omni.isaac.motion_generation.world_interface] omni.isaac.motion_generation has been deprecated in favor of isaacsim.robot_motion.motion_generation. Please update your code accordingly.
[68.248s] [ext: omni.sensors.nv.materials-1.4.0-coreapi] startup
[68.386s] [ext: omni.isaac.nucleus-1.0.3] startup
2026-10-04 19:07:13 [68,371ms] [Warning] [omni.isaac.nucleus] omni.isaac.nucleus has been deprecated in favor of isaacsim.storage.native. Please update your code accordingly.
2026-10-04 19:07:13 [68,371ms] [Warning] [omni.isaac.nucleus.nucleus] omni.isaac.nucleus.nucleus has been deprecated in favor of isaacsim.storage.native. Please update your code accordingly.
[68.389s] [ext: omni.isaac.quadruped-3.0.2] startup
2026-10-04 19:07:13 [68,373ms] [Warning] [omni.isaac.quadruped] omni.isaac.quadruped has been deprecated in favor of isaacsim.robot.policy.examples. Please update your code accordingly.
[68.390s] [ext: omni.kit.manipulator.selector-1.1.1] startup
[68.424s] [ext: omni.sensors.nv.wpm-2.4.0-coreapi] startup
[68.449s] [ext: omni.sensors.nv.lidar-2.6.3-coreapi] startup
[68.464s] [ext: omni.sensors.nv.ids-1.4.0-coreapi] startup
[68.483s] [ext: isaacsim.robot.manipulators.examples-1.0.3] startup
[68.507s] [ext: isaacsim.util.debug_draw-2.0.2] startup
[68.528s] [ext: omni.sensors.tiled-0.0.6] startup
[68.549s] [ext: omni.sensors.nv.radar-2.6.1-coreapi] startup
[68.566s] [ext: omni.kit.widget.toolbar-1.7.3] startup
[68.580s] [ext: omni.kit.manipulator.transform-106.0.1] startup
[68.591s] [ext: isaacsim.sensors.physx-2.2.4] startup
[68.605s] [ext: isaacsim.sensors.rtx-13.6.3] startup
[69.010s] [ext: isaacsim.sensors.camera-0.2.9] startup
[69.176s] [ext: isaacsim.cortex.framework-1.0.2] startup
[69.182s] [ext: omni.kit.manipulator.tool.snap-1.5.12] startup
[69.216s] [ext: omni.isaac.range_sensor-4.0.2] startup
[69.223s] [ext: omni.isaac.surface_gripper-2.0.2] startup
2026-10-04 19:07:14 [69,212ms] [Warning] [omni.isaac.surface_gripper] omni.isaac.surface_gripper has been deprecated in favor of isaacsim.robot.surface_gripper. Please update your code accordingly.
[69.232s] [ext: omni.isaac.sensor-13.0.3] startup
2026-10-04 19:07:14 [69,219ms] [Warning] [omni.isaac.sensor] omni.isaac.sensor has been deprecated in favor of isaacsim.sensors.camera, isaacsim.sensors.physics, isaacsim.sensors.physx, and isaacsim.sensors.rtx. Please update your code accordingly.
2026-10-04 19:07:14 [69,220ms] [Warning] [omni.isaac.sensor.camera] omni.isaac.sensor.camera has been deprecated in favor of isaacsim.sensors.camera.camera. Please update your code accordingly.
2026-10-04 19:07:14 [69,221ms] [Warning] [omni.isaac.sensor.camera_view] omni.isaac.sensor.camera_view has been deprecated in favor of isaacsim.sensors.camera.camera_view. Please update your code accordingly.
2026-10-04 19:07:14 [69,221ms] [Warning] [omni.isaac.sensor.commands] omni.isaac.sensor.commands has been deprecated in favor of isaacsim.sensors.physics.commands, isaacsim.sensors.physx.commands, and isaacsim.sensors.rtx.commands. Please update your code accordingly.
2026-10-04 19:07:14 [69,222ms] [Warning] [omni.isaac.sensor.contact_sensor] omni.isaac.sensor.contact_sensor has been deprecated in favor of isaacsim.sensors.physics.contact_sensor. Please update your code accordingly.
2026-10-04 19:07:14 [69,222ms] [Warning] [omni.isaac.sensor.imu_sensor] omni.isaac.sensor.imu_sensor has been deprecated in favor of isaacsim.sensors.physics.imu_sensor. Please update your code accordingly.
2026-10-04 19:07:14 [69,222ms] [Warning] [omni.isaac.sensor.lidar_rtx] omni.isaac.sensor.lidar_rtx has been deprecated in favor of isaacsim.sensors.rtx.lidar_rtx. Please update your code accordingly.
2026-10-04 19:07:14 [69,223ms] [Warning] [omni.isaac.sensor.rotating_lidar_physX] omni.isaac.sensor.imu_sensor has been deprecated in favor of isaacsim.sensors.physix.rotating_lidar_physX. Please update your code accordingly.
2026-10-04 19:07:14 [69,224ms] [Warning] [omni.isaac.sensor.scripts.samples.contact_sensor] omni.isaac.sensor.scripts.samples.contact_sensor has been deprecated in favor of isaacsim.sensors.physics.scripts.samples.contact_sensor. Please update your code accordingly.
2026-10-04 19:07:14 [69,225ms] [Warning] [omni.isaac.sensor.scripts.samples.imu_sensor] omni.isaac.sensor.scripts.samples.imu_sensor has been deprecated in favor of isaacsim.sensors.physics.scripts.samples.imu_sensor. Please update your code accordingly.
2026-10-04 19:07:14 [69,225ms] [Warning] [omni.isaac.sensor.scripts.samples.lightbeam_sensor] omni.isaac.sensor.scripts.samples.lightbeam_sensor has been deprecated in favor of isaacsim.sensors.physx.scripts.samples.lightbeam_sensor. Please update your code accordingly.
[69.243s] [ext: omni.isaac.cortex-1.0.2] startup
2026-10-04 19:07:14 [69,244ms] [Warning] [omni.isaac.cortex] omni.isaac.cortex has been deprecated in favor of isaacsim.cortex.framework. Please update your code accordingly.
[69.264s] [ext: omni.kit.viewport.manipulator.transform-107.0.4] startup
[69.275s] [ext: omni.debugdraw-0.1.3] startup
[69.287s] [ext: omni.isaac.universal_robots-1.0.2] startup
2026-10-04 19:07:14 [69,273ms] [Warning] [omni.isaac.universal_robots] omni.isaac.universal_robots has been deprecated in favor of isaacsim.robot.manipulators.examples.universal_robots. Please update your code accordingly.
2026-10-04 19:07:14 [69,273ms] [Warning] [omni.isaac.universal_robots.kinematics_solver] omni.isaac.franka has been deprecated in favor of isaacsim.robot.manipulators.examples.universal_robots. Please update your code accordingly.
2026-10-04 19:07:14 [69,275ms] [Warning] [omni.isaac.universal_robots.ur10] omni.isaac.franka has been deprecated in favor of isaacsim.robot.manipulators.examples.universal_robots. Please update your code accordingly.
[69.292s] [ext: omni.isaac.utils-2.0.2] startup
[69.299s] [ext: omni.kit.manipulator.prim.core-107.0.7] startup
[69.331s] [ext: omni.fabric.commands-1.1.5] startup
[69.356s] [ext: omni.kit.manipulator.selection-106.0.1] startup
[69.359s] [ext: omni.kit.viewport.actions-107.0.0] startup
[69.383s] [ext: omni.kit.manipulator.prim.usd-107.0.3] startup
[69.388s] [ext: omni.kit.manipulator.prim.fabric-107.0.4] startup
[69.391s] [ext: isaacsim.cortex.behaviors-2.0.3] startup
[69.391s] [ext: omni.kit.widget.layers-1.8.2] startup
[69.437s] [ext: omni.kit.viewport.menubar.display-107.0.3] startup
[69.447s] [ext: omni.kit.manipulator.prim-107.0.0] startup
[69.451s] [ext: omni.isaac.cortex.sample_behaviors-2.0.2] startup
2026-10-04 19:07:14 [69,435ms] [Warning] [omni.isaac.cortex.sample_behaviors] omni.isaac.cortex.sample_behaviors has been deprecated in favor of isaacsim.cortex.behaviors. Please update your code accordingly.
[69.453s] [ext: omni.graph.ui_nodes-1.40.1] startup
[69.483s] [ext: omni.usdphysics.ui-106.5.7] startup
[69.641s] [ext: omni.physx.commands-106.5.7] startup
[69.648s] [ext: omni.kit.property.camera-1.0.9] startup
[69.652s] [ext: omni.hydra.scene_api-0.1.2] startup
[69.684s] [ext: omni.kit.property.geometry-1.3.3] startup
[69.830s] [ext: omni.kit.property.light-1.0.11] startup
[69.873s] [ext: omni.physx.ui-106.5.7] startup
[69.954s] [ext: omni.kit.property.material-1.10.17] startup
[69.975s] [ext: omni.kit.property.render-1.1.3] startup
[69.980s] [ext: omni.kit.property.transform-1.5.10] startup
[69.988s] [ext: omni.kit.property.audio-1.0.16] startup
[69.992s] [ext: isaacsim.gui.property-1.0.4] startup
[69.998s] [ext: omni.physx.demos-106.5.7] startup
[70.041s] [ext: omni.kit.property.physx-106.5.7] startup
[70.671s] [ext: omni.isaac.lula-4.0.2] startup
2026-10-04 19:07:15 [70,655ms] [Warning] [omni.isaac.lula] omni.isaac.lula has been deprecated in favor of isaacsim.robot_motion.lula. Please update your code accordingly.
[70.673s] [ext: omni.kit.property.bundle-1.3.2] startup
[70.675s] [ext: omni.kit.property.isaac-1.0.2] startup
2026-10-04 19:07:15 [70,793ms] [Warning] [omni.kit.property.isaac] omni.kit.property.isaac has been deprecated in favor of isaacsim.gui.property. Please update your code accordingly.
2026-10-04 19:07:15 [70,793ms] [Warning] [omni.kit.property.isaac.widgets] omni.kit.property.isaac.widgets has been deprecated in favor of isaacsim.gui.property.widgets. Please update your code accordingly.
[70.811s] [ext: omni.physx.vehicle-106.5.7] startup
[70.907s] [ext: omni.kit.viewport.menubar.camera-107.0.2] startup
[70.949s] [ext: omni.kit.viewport.menubar.lighting-106.0.2] startup
[70.987s] [ext: omni.kit.viewport.menubar.render-107.0.8] startup
[70.995s] [ext: omni.kit.viewport.menubar.settings-107.0.3] startup
[71.003s] [ext: omni.kit.window.console-0.2.14] startup
[71.051s] [ext: omni.physx.camera-106.5.7] startup
[71.076s] [ext: omni.kit.window.toolbar-1.6.2] startup
[71.088s] [ext: omni.isaac.version-2.0.2] startup
2026-10-04 19:07:16 [71,073ms] [Warning] [omni.isaac.version] omni.isaac.version has been deprecated in favor of isaacsim.core.version. Please update your code accordingly.
[71.091s] [ext: isaacsim.robot.wheeled_robots-4.0.3] startup
[71.133s] [ext: omni.physx.cct-106.5.7] startup
[71.216s] [ext: omni.physx.graph-106.5.7] startup
[71.258s] [ext: isaacsim.replicator.writers-1.0.1] startup
[71.467s] [ext: omni.physx.supportui-106.5.7] startup
[72.097s] [ext: omni.physx.telemetry-106.5.7] startup
[73.063s] [ext: omni.isaac.wheeled_robots-3.0.3] startup
2026-10-04 19:07:18 [73,049ms] [Warning] [omni.isaac.wheeled_robots] omni.isaac.wheeled_robots has been deprecated in favor of isaacsim.robot.wheeled_robots. Please update your code accordingly.
2026-10-04 19:07:18 [73,050ms] [Warning] [omni.isaac.wheeled_robots.controllers] omni.isaac.wheeled_robots has been deprecated in favor of isaacsim.robot.wheeled_robots. Please update your code accordingly.
2026-10-04 19:07:18 [73,050ms] [Warning] [omni.isaac.wheeled_robots.controllers.ackermann_controller] omni.isaac.wheeled_robots has been deprecated in favor of isaacsim.robot.wheeled_robots. Please update your code accordingly.
2026-10-04 19:07:18 [73,051ms] [Warning] [omni.isaac.wheeled_robots.controllers.differential_controller] omni.isaac.wheeled_robots has been deprecated in favor of isaacsim.robot.wheeled_robots. Please update your code accordingly.
2026-10-04 19:07:18 [73,051ms] [Warning] [omni.isaac.wheeled_robots.controllers.holonomic_controller] omni.isaac.wheeled_robots has been deprecated in favor of isaacsim.robot.wheeled_robots. Please update your code accordingly.
2026-10-04 19:07:18 [73,052ms] [Warning] [omni.isaac.wheeled_robots.controllers.quintic_path_planner] omni.isaac.wheeled_robots has been deprecated in favor of isaacsim.robot.wheeled_robots. Please update your code accordingly.
2026-10-04 19:07:18 [73,053ms] [Warning] [omni.isaac.wheeled_robots.controllers.stanley_control] omni.isaac.wheeled_robots has been deprecated in favor of isaacsim.robot.wheeled_robots. Please update your code accordingly.
2026-10-04 19:07:18 [73,054ms] [Warning] [omni.isaac.wheeled_robots.controllers.wheel_base_pose_controller] omni.isaac.wheeled_robots has been deprecated in favor of isaacsim.robot.wheeled_robots. Please update your code accordingly.
2026-10-04 19:07:18 [73,054ms] [Warning] [omni.isaac.wheeled_robots.impl] omni.isaac.wheeled_robots has been deprecated in favor of isaacsim.robot.wheeled_robots. Please update your code accordingly.
2026-10-04 19:07:18 [73,055ms] [Warning] [omni.isaac.wheeled_robots.robots] omni.isaac.wheeled_robots has been deprecated in favor of isaacsim.robot.wheeled_robots. Please update your code accordingly.
2026-10-04 19:07:18 [73,057ms] [Warning] [omni.isaac.wheeled_robots.robots.holonomic_robot_usd_setup] omni.isaac.wheeled_robots has been deprecated in favor of isaacsim.robot.wheeled_robots. Please update your code accordingly.
2026-10-04 19:07:18 [73,057ms] [Warning] [omni.isaac.wheeled_robots.robots.wheeled_robot] omni.isaac.wheeled_robots has been deprecated in favor of isaacsim.robot.wheeled_robots. Please update your code accordingly.
[73.079s] [ext: omni.isaac.franka-1.0.2] startup
2026-10-04 19:07:18 [73,068ms] [Warning] [omni.isaac.franka] omni.isaac.franka has been deprecated in favor of isaacsim.robot.manipulators.examples.franka. Please update your code accordingly.
2026-10-04 19:07:18 [73,069ms] [Warning] [omni.isaac.franka.franka] omni.isaac.franka has been deprecated in favor of isaacsim.robot.manipulators.examples.franka. Please update your code accordingly.
2026-10-04 19:07:18 [73,071ms] [Warning] [omni.isaac.franka.kinematics_solver] omni.isaac.franka has been deprecated in favor of isaacsim.robot.manipulators.examples.franka. Please update your code accordingly.
[73.581s] [ext: isaacsim.replicator.domain_randomization-1.0.2] startup
[74.350s] [ext: isaacsim.replicator.examples-1.1.2] startup
[74.520s] [ext: omni.kit.window.status_bar-0.1.7] startup
[74.596s] [ext: omni.rtx.window.settings-0.6.17] startup
[74.906s] [ext: omni.usd.metrics.assembler-106.5.0] startup
[75.362s] [ext: omni.physx.bundle-106.5.7] startup
[75.519s] [ext: isaacsim.app.about-2.0.7] startup
[75.526s] [ext: omni.replicator.isaac-2.0.3] startup
2026-10-04 19:07:20 [75,513ms] [Warning] [omni.replicator.isaac] omni.replicator.isaac has been deprecated in favor of isaacsim.replicator.domain_randomization, isaacsim.replicator.examples, isaacsim.replicator.writers. Please update your code accordingly.
[75.531s] [ext: omni.replicator.replicator_yaml-2.0.10] startup
[75.753s] [ext: omni.rtx.settings.core-0.6.3] startup
[76.268s] [ext: omni.usd.metrics.assembler.ui-106.5.0] startup
[76.479s] [ext: isaacsim.simulation_app-2.4.2] startup
[76.480s] [ext: omni.isaac.window.about-2.0.2] startup
2026-10-04 19:07:21 [76,465ms] [Warning] [omni.isaac.window.about] omni.isaac.window.about has been deprecated in favor of isaacsim.app.about. Please update your code accordingly.
2026-10-04 19:07:21 [76,466ms] [Warning] [omni.isaac.window.about.about] omni.isaac.window.about.about has been deprecated in favor of isaacsim.app.about.about. Please update your code accordingly.
[76.483s] [ext: semantics.schema.editor-0.3.10] startup
[76.487s] [ext: omni.kit.ui.actions-1.0.2] startup
[76.513s] [ext: semantics.schema.property-1.0.5] startup
[76.516s] [ext: omni.kit.manipulator.camera-106.0.3] startup
[76.574s] [ext: omni.isaac.kit-2.0.3] startup
2026-10-04 19:07:21 [76,563ms] [Warning] [omni.isaac.kit] omni.isaac.kit has been deprecated in favor of isaacsim.simulation_app. Please update your code accordingly.
[76.580s] [ext: omni.isaac.asset_browser-1.0.2] startup
2026-10-04 19:07:21 [76,566ms] [Warning] [omni.isaac.asset_browser] omni.isaac.asset_browser has been deprecated in favor of isaacsim.asset.browser. Please update your code accordingly.
[76.584s] [ext: isaacsim.core.throttling-2.0.2] startup
[76.594s] [ext: omni.kit.menu.common-1.1.9] startup
[76.596s] [ext: isaacsim.exp.base-4.5.0] startup
[76.597s] [ext: isaacsim.exp.base.python-4.5.0] startup
[76.626s] Simulation App Starting
2026-10-04 19:07:22 [77,805ms] [Warning] [carb.audio.device] audio device is misconfigured or broken {deviceIndex = 0, name = 'default'} (The device is likely misconfigured, check your $HOME/.asoundrc)
2026-10-04 19:07:22 [77,805ms] [Warning] [carb.audio.output] failed to retrieve the capabilities for device 0 {result = eDeviceLost (2)}
2026-10-04 19:07:22 [77,805ms] [Warning] [carb.audio.context] failed to set the requested output during context creation.  Using a null streamer instead {result = eDeviceLost (2)}
[79.009s] app ready
2026-10-04 19:07:25 [80,189ms] [Warning] [rtx.scenedb.plugin] SceneDbContext : TLAS limit buffer size 2921508224
2026-10-04 19:07:25 [80,190ms] [Warning] [rtx.scenedb.plugin] SceneDbContext : TLAS limit : valid true, within: false
2026-10-04 19:07:31 [86,651ms] [Warning] [omni.usd-abi.plugin] No setting was found for '/rtx-defaults-transient/meshlights/forceDisable'
2026-10-04 19:07:32 [87,843ms] [Warning] [omni.usd-abi.plugin] No setting was found for '/rtx-defaults/post/dlss/execMode'
2026-10-04 19:07:37 [92,668ms] [Warning] [carb.tasking.plugin] carb.tasking is likely stuck. All threads are busy with same tasks for more than 1 seconds with waiting tasks. Starting an emergency helper thread.
2026-10-04 19:07:52 [107,755ms] [Warning] [carb.tasking.plugin] carb.tasking is likely stuck. All threads are busy with same tasks for more than 1 seconds with waiting tasks. Starting an emergency helper thread.
2026-10-04 19:07:53 [108,758ms] [Warning] [carb.tasking.plugin] carb.tasking is likely stuck. All threads are busy with same tasks for more than 1 seconds with waiting tasks. Starting an emergency helper thread.
2026-10-04 19:08:14 [129,060ms] [Warning] [rtx.postprocessing.plugin] DLSS increasing input dimensions: Render resolution of (320, 240) is below minimal input resolution of 300.
[131.172s] Simulation App Startup Complete
[isaac_app] renderer activeGpu=0 (want 0), multiGpu=False
app started in 131.5s
[134.535s] [ext: omni.physx.fabric-106.5.7] startup
2026-10-04 19:08:21 [136,785ms] [Warning] [omni.physicsschema.plugin] ScaleOrientation is not supported for rigid bodies, prim path: /World/envs/env_0/Robot/hande_left_finger. You may ignore this if the scale is close to uniform.
2026-10-04 19:08:21 [136,787ms] [Warning] [omni.physicsschema.plugin] ScaleOrientation is not supported for rigid bodies, prim path: /World/envs/env_0/Robot/hande_right_finger. You may ignore this if the scale is close to uniform.
2026-10-04 19:08:25 [140,300ms] [Warning] [omni.physx.plugin] Detected an articulation at /World/envs/env_0/Robot with more than 4 velocity iterations being added to a TGS scene.The related behavior changed recently, please consult the changelog. This warning will only print once.
2026-10-04 19:08:26 [141,389ms] [Warning] [omni.physx.tensors.plugin] Duplicate joint name 'FixedJoint' in articulation metatype
[planner] база повёрнута на 0: якобиан расходится на 1.9997
[planner] база повёрнута на 180: якобиан расходится на 0.0000
[planner] T_post = [[-0.99996, 0.0, 0.00939, 0.00068], [0.00939, 0.0, 0.99996, 0.00046], [0.0, 1.0, -0.0, 0.21432], [0.0, -0.0, 0.0, 1.0]]
[plan] домашняя поза: запас сам-в-себя по модели 12 мм
env ready in 21.7s
camera K fx 549.7 fy 549.7 cx 320.0 cy 240.0, pos [0.0, 0.5, 1.2000000476837158]
vision  K fx 549.7 fy 549.7 cx 320.0 cy 240.0, pos [0.0, 0.5, 1.2]
video saved to /home/Invader17/grasp_task/runs/baseline_plan_20261004_220604/tetrapak_00_side.gif, 195 frames
tetrapak #00 side      yaw   +35  grasp (-0.055 +0.329 +0.030) yaw  -133  xy err  50.2 mm  box [0.055, 0.045, 0.03]
    IK решений 44, проверено лесенок 1, отбраковано {}, взял №0 порядок 0, план 33.9 с; промах над объектом 0 мм, в схвате 0 мм; самый сильный контакт руки до сжатия ('', 0.0)
    rise  15.0 cm   OK  155.3s
video saved to /home/Invader17/grasp_task/runs/baseline_plan_20261004_220604/tetrapak_01_side.gif, 404 frames
tetrapak #01 side      yaw  +171  grasp (+0.052 +0.667 +0.030) yaw  +170  xy err  14.0 mm  box [0.042, 0.083, 0.03]
    IK решений 57, проверено лесенок 31, отбраковано {'стол': 30}, взял №15 порядок 0, план 26.6 с; промах над объектом 0 мм, в схвате 0 мм; самый сильный контакт руки до сжатия ('', 0.0)
    rise  14.9 cm   OK  223.8s
tetrapak #02 side      yaw   +68  grasp (-0.039 +0.609 +0.030) yaw  -112  xy err   2.2 mm  box [0.096, 0.061, 0.03]
    IK решений 56, проверено лесенок 2, отбраковано {'стол': 1}, взял №0 порядок 1, план 29.6 с; промах над объектом 0 мм, в схвате 0 мм; самый сильный контакт руки до сжатия ('', 0.0)
    rise  15.0 cm   OK  69.4s
tetrapak #03 side      yaw   -77  grasp (-0.040 +0.505 +0.030) yaw   -78  xy err   1.5 mm  box [0.097, 0.048, 0.03]
    IK решений 51, проверено лесенок 1, отбраковано {}, взял №0 порядок 0, план 23.5 с; промах над объектом 0 мм, в схвате 0 мм; самый сильный контакт руки до сжатия ('', 0.0)
    rise  15.0 cm   OK  57.5s
tetrapak #04 side      yaw   +13  grasp (+0.214 +0.413 +0.030) yaw  -167  xy err   6.6 mm  box [0.049, 0.097, 0.03]
    IK решений 48, проверено лесенок 1, отбраковано {}, взял №0 порядок 0, план 14.1 с; промах над объектом 0 мм, в схвате 0 мм; самый сильный контакт руки до сжатия ('', 0.0)
    rise  15.0 cm   OK  53.0s
tetrapak #05 side      yaw   +98  grasp (+0.087 +0.660 +0.030) yaw   -82  xy err   4.5 mm  box [0.096, 0.041, 0.03]
    IK решений 58, проверено лесенок 11, отбраковано {'стол': 10}, взял №5 порядок 0, план 20.7 с; промах над объектом 0 мм, в схвате 0 мм; самый сильный контакт руки до сжатия ('', 0.0)
    rise  15.0 cm   OK  83.5s
tetrapak #06 up        yaw   -38  grasp (-0.068 +0.606 +0.155) yaw  -125  xy err   3.8 mm  box [0.041, 0.041, 0.094]
    IK решений 51, проверено лесенок 2, отбраковано {'объект': 1}, взял №0 порядок 1, план 23.5 с; промах над объектом 0 мм, в схвате 0 мм; самый сильный контакт руки до сжатия ('', 0.0)
    rise  15.0 cm   OK  58.5s
tetrapak #07 side      yaw  +108  grasp (+0.161 +0.501 +0.030) yaw   -72  xy err   5.4 mm  box [0.097, 0.056, 0.03]
    IK решений 55, проверено лесенок 1, отбраковано {}, взял №0 порядок 0, план 17.3 с; промах над объектом 0 мм, в схвате 0 мм; самый сильный контакт руки до сжатия ('', 0.0)
    rise  15.0 cm   OK  51.7s
tetrapak #08 side      yaw  -133  grasp (-0.019 +0.440 +0.030) yaw  -133  xy err   0.8 mm  box [0.087, 0.084, 0.03]
    IK решений 51, проверено лесенок 1, отбраковано {}, взял №0 порядок 0, план 21.4 с; промах над объектом 0 мм, в схвате 0 мм; самый сильный контакт руки до сжатия ('', 0.0)
    rise  15.0 cm   OK  57.5s
tetrapak #09 up        yaw   -81  grasp (+0.060 +0.361 +0.155) yaw  -174  xy err   7.5 mm  box [0.033, 0.034, 0.094]
    IK решений 47, проверено лесенок 3, отбраковано {'стол': 2}, взял №1 порядок 0, план 21.7 с; промах над объектом 0 мм, в схвате 0 мм; самый сильный контакт руки до сжатия ('', 0.0)
    rise  15.0 cm   OK  81.7s
tetrapak #10 up        yaw  -154  grasp (+0.009 +0.514 +0.157) yaw   -49  xy err   1.1 mm  box [0.039, 0.039, 0.094]
    IK решений 56, проверено лесенок 2, отбраковано {'объект': 1}, взял №0 порядок 1, план 28.8 с; промах над объектом 0 мм, в схвате 0 мм; самый сильный контакт руки до сжатия ('', 0.0)
    rise  15.0 cm   OK  75.2s
--- tetrapak: 11/11 = 100%  95% CI [74%, 100%]
video saved to /home/Invader17/grasp_task/runs/baseline_plan_20261004_220604/can_00_up.gif, 174 frames
can      #00 up        yaw   -98  grasp (+0.182 +0.453 +0.015) yaw  -109  xy err   0.8 mm  box [0.039, 0.039, 0.019]
    IK решений 50, проверено лесенок 1, отбраковано {}, взял №0 порядок 0, план 24.7 с; промах над объектом 0 мм, в схвате 15 мм; самый сильный контакт руки до сжатия ('hande_right_finger', 329.1943359375)
    rise  13.8 cm   OK  139.4s
video saved to /home/Invader17/grasp_task/runs/baseline_plan_20261004_220604/can_01_up.gif, 170 frames
can      #01 up        yaw    +2  grasp (+0.146 +0.550 +0.015) yaw   -68  xy err   2.8 mm  box [0.04, 0.039, 0.019]
    IK решений 53, проверено лесенок 2, отбраковано {'объект': 1}, взял №0 порядок 1, план 34.3 с; промах над объектом 0 мм, в схвате 14 мм; самый сильный контакт руки до сжатия ('hande_right_finger', 384.6504821777344)
    rise  13.7 cm   OK  141.4s
can      #02 up        yaw   -41  grasp (-0.160 +0.638 +0.015) yaw  -136  xy err   1.8 mm  box [0.04, 0.039, 0.019]
    IK решений 58, проверено лесенок 9, отбраковано {'стол': 8}, взял №4 порядок 0, план 31.0 с; промах над объектом 0 мм, в схвате 12 мм; самый сильный контакт руки до сжатия ('hande_right_finger', 176.95716857910156)
    rise  13.8 cm   OK  138.6s
can      #03 up        yaw   +32  grasp (+0.031 +0.532 +0.015) yaw   -88  xy err   3.1 mm  box [0.039, 0.039, 0.019]
    IK решений 52, проверено лесенок 1, отбраковано {}, взял №0 порядок 0, план 31.5 с; промах над объектом 0 мм, в схвате 15 мм; самый сильный контакт руки до сжатия ('hande_right_finger', 310.1235046386719)
    rise  13.8 cm   OK  103.2s
can      #04 up        yaw  -126  grasp (+0.024 +0.519 +0.015) yaw  -124  xy err   0.4 mm  box [0.039, 0.039, 0.019]
    IK решений 59, проверено лесенок 1, отбраковано {}, взял №0 порядок 0, план 32.4 с; промах над объектом 0 мм, в схвате 16 мм; самый сильный контакт руки до сжатия ('hande_right_finger', 306.7477111816406)
    rise  13.7 cm   OK  105.1s
can      #05 up        yaw   +29  grasp (-0.127 +0.565 +0.015) yaw  -115  xy err   2.6 mm  box [0.04, 0.04, 0.019]
    IK решений 54, проверено лесенок 2, отбраковано {'объект': 1}, взял №0 порядок 1, план 52.8 с; промах над объектом 0 мм, в схвате 15 мм; самый сильный контакт руки до сжатия ('hande_right_finger', 286.27911376953125)
    rise  13.7 cm   OK  134.9s
can      #06 up        yaw  -155  grasp (-0.071 +0.382 +0.015) yaw  +146  xy err   0.5 mm  box [0.039, 0.04, 0.019]
    IK решений 46, проверено лесенок 1, отбраковано {}, взял №0 порядок 0, план 31.8 с; промах над объектом 0 мм, в схвате 14 мм; самый сильный контакт руки до сжатия ('hande_left_finger', 602.2469482421875)
    rise  13.8 cm   OK  126.5s
can      #07 up        yaw   +89  grasp (-0.002 +0.491 +0.015) yaw  -109  xy err   3.1 mm  box [0.039, 0.039, 0.019]
    IK решений 49, проверено лесенок 1, отбраковано {}, взял №0 порядок 0, план 38.5 с; промах над объектом 0 мм, в схвате 16 мм; самый сильный контакт руки до сжатия ('hande_right_finger', 308.4533386230469)
    rise  13.7 cm   OK  120.2s
can      #08 up        yaw  -153  grasp (-0.024 +0.417 +0.015) yaw  +136  xy err   0.9 mm  box [0.039, 0.039, 0.019]
    IK решений 52, проверено лесенок 1, отбраковано {}, взял №0 порядок 0, план 56.0 с; промах над объектом 0 мм, в схвате 14 мм; самый сильный контакт руки до сжатия ('hande_left_finger', 594.1609497070312)
    rise  13.7 cm   OK  132.9s
can      #09 up        yaw   -71  grasp (-0.042 +0.563 +0.015) yaw  -141  xy err   1.3 mm  box [0.039, 0.039, 0.019]
    IK решений 54, проверено лесенок 2, отбраковано {'объект': 1}, взял №0 порядок 1, план 56.0 с; промах над объектом 0 мм, в схвате 15 мм; самый сильный контакт руки до сжатия ('hande_right_finger', 341.66107177734375)
    rise  13.7 cm   OK  147.6s
can      #10 up        yaw  +103  grasp (-0.060 +0.552 +0.015) yaw   -61  xy err   2.9 mm  box [0.039, 0.039, 0.019]
    IK решений 59, проверено лесенок 2, отбраковано {'объект': 1}, взял №0 порядок 1, план 46.0 с; промах над объектом 0 мм, в схвате 15 мм; самый сильный контакт руки до сжатия ('hande_right_finger', 355.59686279296875)
    rise  13.7 cm   OK  113.4s
--- can: 11/11 = 100%  95% CI [74%, 100%]
SR: {'tetrapak': 11, 'can': 11}; 107.8 с на эпизод
2026-10-04 19:48:11 [2,526,081ms] [Warning] [carb.windowing-glfw.plugin] GLFW initialization failed.
2026-10-04 19:48:11 [2,526,082ms] [Warning] [carb] Failed to startup plugin carb.windowing-glfw.plugin (interfaces: [carb::windowing::IGLContext v1.0],[carb::windowing::IWindowing v1.5]) (impl: carb.windowing-glfw.plugin)
2026-10-04 19:48:25 [2,540,558ms] [Warning] [carb] Plugin interface for a client: omni.hydratexture.plugin was already released.
[INFO]: Simulation is stopped. Shutting down the app.
[22:48:40] код выхода 0, время 2552 с, пик памяти на GPU 1 4262 MiB, клиент драйвера на GPU 0 6 MiB
[22:48:46] наших процессов на GPU нет
[22:48:46] результаты: /home/Invader17/grasp_task/runs/baseline_plan_20261004_220604
