[13:07:49] user=Invader17 gpu=7 vk_uuid=d9fc0582a134ded0909de88d902ecc0b cpus=46-47 timeout=40m stall=20m
[13:07:49] cmd: /home/Invader17/grasp_task/code/grasp/grasp_check.py --obj tetrapak --side --video
[Warning] [simulation_app.simulation_app] Modules: ['omni.kit_app'] were loaded before SimulationApp was started and might not be loaded correctly.
[Warning] [simulation_app.simulation_app] Please check to make sure no extra omniverse or pxr modules are imported before the call to SimulationApp(...)
Starting kit application with the following args:  ['/home/Invader17/grasp_task/envs/isaac/lib/python3.10/site-packages/isaacsim/exts/isaacsim.simulation_app/isaacsim/simulation_app/simulation_app.py', '/home/Invader17/grasp_task/envs/isaac/lib/python3.10/site-packages/isaacsim/apps/isaacsim.exp.base.python.kit', '--/app/tokens/exe-path=/home/Invader17/grasp_task/envs/isaac/lib/python3.10/site-packages/omni', '--/persistent/app/viewport/displayOptions=3094', '--/rtx/materialDb/syncLoads=True', '--/rtx/hydra/materialSyncLoads=True', '--/omni.kit.plugin/syncUsdLoads=True', '--/app/renderer/resolution/width=640', '--/app/renderer/resolution/height=480', '--/app/window/width=1440', '--/app/window/height=900', '--/renderer/multiGpu/enabled=False', '--/app/fastShutdown=True', '--/app/installSignalHandlers=0', '--ext-folder', '/home/Invader17/grasp_task/envs/isaac/lib/python3.10/site-packages/isaacsim/exts', '--ext-folder', '/home/Invader17/grasp_task/envs/isaac/lib/python3.10/site-packages/isaacsim/apps', '--/renderer/multiGpu/enabled=false', '--/renderer/multiGpu/autoEnable=false', '--/renderer/multiGpu/maxGpuCount=1', '--/renderer/activeGpu=0', '--/plugins/carb.tasking.plugin/threadCount=4', '--/persistent/isaac/asset_root/default=http://omniverse-content-production.s3-us-west-2.amazonaws.com/Assets/Isaac/4.5', '--/persistent/isaac/asset_root/cloud=http://omniverse-content-production.s3-us-west-2.amazonaws.com/Assets/Isaac/4.5', '--/persistent/isaac/asset_root/nvidia=http://omniverse-content-production.s3-us-west-2.amazonaws.com/Assets/Isaac/4.5', '--/renderer/activeGpu=0', '--/physics/cudaDevice=0', '--portable', '--no-window', '--/app/window/hideUi=1']
Passing the following args to the base kit application:  ['--obj', 'tetrapak', '--side', '--video']
[Info] [carb] Logging to file: /home/Invader17/grasp_task/envs/isaac/lib/python3.10/site-packages/omni/logs/Kit/Isaac-Sim Python/4.5/kit_20261004_100750.log
2026-10-04 10:07:50 [0ms] [Warning] [omni.kit.app.plugin] No crash reporter present, dumps uploading isn't available.
[2.488s] [ext: omni.kit.async_engine-0.0.1] startup
[13:07:52] на GPU 7 чужие процессы: 775078; запас памяти 1536 MiB, наш потолок 6144 MiB
[3.981s] [ext: omni.metrics.core-0.0.1] startup
[3.983s] [ext: omni.client.lib-1.0.0] startup
[4.254s] [ext: omni.blobkey-1.1.2] startup
[4.256s] [ext: omni.stats-1.0.1] startup
[4.261s] [ext: omni.datastore-0.0.0] startup
[4.811s] [ext: omni.client-1.2.2] startup
[5.520s] [ext: omni.ujitso.default-1.0.0] startup
[5.529s] [ext: omni.hsscclient-1.1.1] startup
2026-10-04 10:07:55 [4,907ms] [Warning] [omni.datastore] OmniHub is inaccessible
[5.604s] [ext: omni.gpu_foundation.shadercache.vulkan-1.0.0] startup
[5.618s] [ext: omni.assets.plugins-0.0.0] startup
[5.632s] [ext: omni.gpu_foundation-0.0.0] startup
[5.731s] [ext: carb.windowing.plugins-1.0.0] startup
2026-10-04 10:07:55 [5,147ms] [Warning] [carb.windowing-glfw.plugin] GLFW initialization failed.
2026-10-04 10:07:55 [5,147ms] [Warning] [carb] Failed to startup plugin carb.windowing-glfw.plugin (interfaces: [carb::windowing::IGLContext v1.0],[carb::windowing::IWindowing v1.5]) (impl: carb.windowing-glfw.plugin)
[5.777s] [ext: omni.kit.renderer.init-0.0.0] startup
2026-10-04 10:07:56 [5,982ms] [Warning] [omni.platforminfo.plugin] failed to open the default display.  Can't verify X Server version.
2026-10-04 10:08:11 [20,931ms] [Warning] [carb.cudainterop.plugin] CUDA_VISIBLE_DEVICES environment variable is set.
2026-10-04 10:08:11 [20,931ms] [Warning] [carb.cudainterop.plugin] Note CUDA device enumeration and Omniverse device enumeration are different.
2026-10-04 10:08:11 [20,931ms] [Warning] [carb.cudainterop.plugin] Setting CUDA_VISIBLE_DEVICES can lead to undesired behavior or crashes.

|---------------------------------------------------------------------------------------------|
| Driver Version: 575.57.08     | Graphics API: Vulkan
|=============================================================================================|
| GPU | Name                             | Active | LDA | GPU Memory | Vendor-ID | LUID       |
|     |                                  |        |     |            | Device-ID | UUID       |
|     |                                  |        |     |            | Bus-ID    |            |
|---------------------------------------------------------------------------------------------|
| 0   | NVIDIA GeForce RTX 2080 Ti       | Yes: 0 |     | 11510   MB | 10de      | 0          |
|     |                                  |        |     |            | 1e04      | d9fc0582.. |
|     |                                  |        |     |            | 8         |            |
|=============================================================================================|
| OS: 20.04.6 LTS (Focal Fossa) ubuntu, Version: 20.04.6, Kernel: 5.15.0-139-generic
| Processor: AMD EPYC 7552 48-Core Processor
| Cores: 48 | Logical Cores: 48
|---------------------------------------------------------------------------------------------|
| Total Memory (MB): 515967 | Free Memory: 337012
| Total Page/Swap (MB): 67583 | Free Page/Swap: 17592186044409
|---------------------------------------------------------------------------------------------|
[35.840s] [ext: omni.kit.pipapi-0.0.0] startup
[35.854s] [ext: omni.materialx.libs-1.0.6] startup
[35.908s] [ext: omni.kit.pip_archive-0.0.0] startup
[35.909s] [ext: omni.usd.config-1.0.5] startup
[35.933s] [ext: omni.gpucompute.plugins-0.0.0] startup
[35.938s] [ext: omni.usd.libs-1.0.1] startup
[36.992s] [ext: omni.mdl-55.0.1] startup
[37.056s] [ext: omni.iray.libs-0.0.0] startup
[37.287s] [ext: omni.mdl.neuraylib-0.2.10] startup
[37.294s] [ext: omni.kit.usd.mdl-1.0.7] startup
[38.101s] [ext: omni.kit.telemetry-0.5.1] startup
[38.181s] [ext: omni.kit.loop-isaac-1.2.1] startup
[38.191s] [ext: omni.kit.test-1.1.2] startup
[38.416s] [ext: omni.appwindow-1.1.9] startup
2026-10-04 10:08:28 [37,791ms] [Warning] [carb.windowing-glfw.plugin] GLFW initialization failed.
2026-10-04 10:08:28 [37,791ms] [Warning] [carb] Failed to startup plugin carb.windowing-glfw.plugin (interfaces: [carb::windowing::IGLContext v1.0],[carb::windowing::IWindowing v1.5]) (impl: carb.windowing-glfw.plugin)
[38.429s] [ext: omni.kit.renderer.core-1.0.2] startup
2026-10-04 10:08:29 [38,731ms] [Warning] [carb.windowing-glfw.plugin] GLFW initialization failed.
2026-10-04 10:08:29 [38,732ms] [Warning] [carb] Failed to startup plugin carb.windowing-glfw.plugin (interfaces: [carb::windowing::IGLContext v1.0],[carb::windowing::IWindowing v1.5]) (impl: carb.windowing-glfw.plugin)
2026-10-04 10:08:29 [38,832ms] [Warning] [carb.windowing-glfw.plugin] GLFW initialization failed.
2026-10-04 10:08:29 [38,833ms] [Warning] [carb] Failed to startup plugin carb.windowing-glfw.plugin (interfaces: [carb::windowing::IGLContext v1.0],[carb::windowing::IWindowing v1.5]) (impl: carb.windowing-glfw.plugin)
[39.467s] [ext: omni.kit.renderer.capture-0.0.0] startup
[39.487s] [ext: omni.kit.renderer.imgui-1.0.2] startup
2026-10-04 10:08:29 [38,882ms] [Warning] [carb.windowing-glfw.plugin] GLFW initialization failed.
2026-10-04 10:08:29 [38,882ms] [Warning] [carb] Failed to startup plugin carb.windowing-glfw.plugin (interfaces: [carb::windowing::IGLContext v1.0],[carb::windowing::IWindowing v1.5]) (impl: carb.windowing-glfw.plugin)
2026-10-04 10:08:29 [38,887ms] [Warning] [carb.windowing-glfw.plugin] GLFW initialization failed.
2026-10-04 10:08:29 [38,887ms] [Warning] [carb] Failed to startup plugin carb.windowing-glfw.plugin (interfaces: [carb::windowing::IGLContext v1.0],[carb::windowing::IWindowing v1.5]) (impl: carb.windowing-glfw.plugin)
2026-10-04 10:08:29 [38,890ms] [Warning] [carb.windowing-glfw.plugin] GLFW initialization failed.
2026-10-04 10:08:29 [38,890ms] [Warning] [carb] Failed to startup plugin carb.windowing-glfw.plugin (interfaces: [carb::windowing::IGLContext v1.0],[carb::windowing::IWindowing v1.5]) (impl: carb.windowing-glfw.plugin)
[40.255s] [ext: omni.ui-2.26.5] startup
[40.332s] [ext: omni.kit.mainwindow-1.0.3] startup
[40.343s] [ext: carb.audio-0.1.0] startup
[40.365s] [ext: omni.uiaudio-1.0.0] startup
[40.377s] [ext: omni.kit.uiapp-0.0.0] startup
[40.377s] [ext: omni.usd.schema.metrics.assembler-106.5.0] startup
[40.409s] [ext: omni.usd.schema.anim-0.0.0] startup
[42.381s] [ext: omni.usd.schema.audio-0.0.0] startup
[42.393s] [ext: omni.usd.schema.isaac-3.0.2] startup
[42.394s] [ext: omni.usd.schema.omnigraph-1.0.0] startup
[42.421s] [ext: omni.usd.schema.forcefield-106.5.7] startup
[42.469s] [ext: omni.usd.schema.semantics-0.0.0] startup
[42.478s] [ext: omni.usd.schema.physx-106.5.7] startup
[42.627s] [ext: omni.usd.schema.geospatial-0.0.0] startup
[42.640s] [ext: omni.usd_resolver-1.0.0] startup
[42.655s] [ext: omni.kit.window.popup_dialog-2.0.24] startup
[42.669s] [ext: usdrt.scenegraph-7.5.1] startup
[42.996s] [ext: omni.timeline-1.0.11] startup
[43.005s] [ext: omni.usd.core-1.4.2] startup
[43.018s] [ext: omni.resourcemonitor-107.0.0] startup
[43.027s] [ext: omni.activity.core-1.0.1] startup
[43.039s] [ext: omni.kit.widget.nucleus_connector-1.1.10] startup
[43.044s] [ext: omni.hydra.usdrt_delegate-7.5.1] startup
[43.081s] [ext: omni.kit.actions.core-1.0.0] startup
[43.092s] [ext: omni.graph.exec-0.9.4] startup
[43.099s] [ext: omni.kit.commands-1.4.9] startup
[43.111s] [ext: omni.kit.usd_undo-0.1.8] startup
[43.116s] [ext: omni.kit.exec.core-0.13.4] startup
[43.127s] [ext: omni.kit.audiodeviceenum-1.0.1] startup
[43.136s] [ext: omni.hydra.scene_delegate-0.3.3] startup
[43.148s] [ext: omni.usd-1.12.4] startup
[44.203s] [ext: omni.inspect-1.0.1] startup
[44.212s] [ext: omni.kit.notification_manager-1.0.9] startup
[44.226s] [ext: omni.graph.core-2.181.8] startup
[44.261s] [ext: isaacsim.core.deprecation_manager-0.2.2] startup
[44.271s] [ext: omni.usd.schema.omniscripting-1.0.0] startup
[44.285s] [ext: isaacsim.robot.schema-3.1.2] startup
[44.318s] [ext: omni.kit.asset_converter-2.8.3] startup
[44.498s] [ext: omni.kit.menu.core-1.1.2] startup
[44.500s] [ext: omni.kvdb-106.5.7] startup
[44.519s] [ext: omni.kit.widget.context_menu-1.2.4] startup
[44.521s] [ext: omni.kit.usd.layers-2.2.0] startup
[44.585s] [ext: omni.kit.property.adapter.core-1.0.2] startup
[44.632s] [ext: omni.localcache-106.5.7] startup
[44.684s] [ext: omni.convexdecomposition-106.5.7] startup
[44.711s] [ext: omni.warp.core-1.5.0] startup
[46.277s] [ext: omni.kit.context_menu-1.8.3] startup
[46.281s] [ext: omni.kit.hotkeys.core-1.3.10] startup
[46.311s] [ext: omni.kit.property.adapter.fabric-1.0.3] startup
[46.329s] [ext: omni.usdphysics-106.5.7] startup
[46.337s] [ext: omni.kit.widget.path_field-2.0.11] startup
[46.343s] [ext: omni.kit.widget.options_menu-1.1.6] startup
[46.358s] [ext: omni.kit.helper.file_utils-0.1.9] startup
[46.361s] [ext: omni.kit.widget.browser_bar-2.0.10] startup
[46.376s] [ext: omni.kit.widget.options_button-1.0.3] startup
[46.377s] [ext: omni.kit.widget.filebrowser-2.10.52] startup
[46.397s] [ext: omni.kit.clipboard-1.0.5] startup
[46.399s] [ext: omni.graph.tools-1.79.1] startup
[46.623s] [ext: omni.ui.scene-1.11.2] startup
[46.948s] [ext: omni.graph.image.core-0.6.0] startup
[46.959s] [ext: omni.kit.window.filepicker-2.11.7] startup
[47.013s] [ext: omni.kit.widget.searchfield-1.1.8] startup
[47.217s] [ext: omni.graph.image.nodes-1.3.0] startup
[47.247s] [ext: omni.graph-1.140.2] startup
[47.700s] [ext: omni.kit.window.file_exporter-1.0.31] startup
[47.852s] [ext: omni.kit.widget.filter-1.1.4] startup
[47.859s] [ext: omni.physx.foundation-106.5.7] startup
[47.871s] [ext: omni.graph.nodes-1.162.1] startup
[48.065s] [ext: omni.kit.widget.stage-2.11.6] startup
[48.165s] [ext: omni.hydra.rtx.shadercache.vulkan-1.0.0] startup
[48.171s] [ext: omni.hydra.engine.stats-1.0.3] startup
[48.189s] [ext: omni.graph.action_core-1.1.7] startup
[48.252s] [ext: omni.kit.widget.highlight_label-1.0.3] startup
[48.336s] [ext: omni.ujitso.processor.texture-1.0.0] startup
[48.545s] [ext: omni.index.libs-380600.1777.0] startup
[48.546s] [ext: omni.kit.window.file_importer-1.1.14] startup
[48.549s] [ext: omni.kit.stage_template.core-1.1.22] startup
[48.964s] [ext: omni.volume-0.5.0] startup
[49.188s] [ext: omni.ujitso.client-0.0.0] startup
[49.190s] [ext: omni.index-1.0.1] startup
[49.203s] [ext: omni.kit.window.file-1.3.57] startup
[49.212s] [ext: omni.hydra.rtx-1.0.0] startup
2026-10-04 10:08:38 [48,626ms] [Warning] [omni.log] Source: omni.hydra was already registered.
[49.941s] [ext: omni.kit.viewport.registry-104.0.6] startup
[49.943s] [ext: omni.kit.viewport.legacy_gizmos-1.0.16] startup
[49.965s] [ext: omni.kit.raycast.query-1.0.5] startup
[49.987s] [ext: omni.kit.viewport.scene_camera_model-1.0.5] startup
[50.009s] [ext: omni.kit.hydra_texture-1.4.0] startup
[50.029s] [ext: omni.kit.menu.utils-1.7.7] startup
[50.047s] [ext: omni.kit.window.drop_support-1.0.4] startup
[50.065s] [ext: omni.kit.widget.viewport-107.0.7] startup
[50.097s] [ext: omni.kit.material.library-1.5.15] startup
[50.113s] [ext: omni.kit.window.content_browser_registry-0.0.6] startup
[50.128s] [ext: omni.kit.viewport.window-107.0.8] startup
[50.196s] [ext: omni.graph.action_nodes-1.40.1] startup
[50.286s] [ext: omni.kit.window.property-1.11.5] startup
[50.323s] [ext: omni.kit.window.content_browser-2.10.3] startup
[50.556s] [ext: omni.kit.property.adapter.usd-1.0.2] startup
[50.667s] [ext: omni.kit.viewport.utility-1.0.18] startup
[50.669s] [ext: omni.graph.action-1.120.0] startup
[50.683s] [ext: omni.kit.property.usd-4.2.16] startup
[50.714s] [ext: omni.physx.cooking-106.5.7] startup
[50.741s] [ext: omni.kit.widget.stage_icons-1.0.6] startup
[50.748s] [ext: omni.kit.widget.zoombar-1.0.5] startup
[50.763s] [ext: omni.physics.tensors-106.5.7] startup
[50.789s] [ext: omni.kit.widget.prompt-1.0.7] startup
[50.797s] [ext: omni.kit.usd.collect-2.2.22] startup
[50.804s] [ext: omni.physx-106.5.7] startup
[51.020s] [ext: omni.kit.window.stage-2.5.11] startup
[51.038s] [ext: omni.kit.browser.core-2.3.11] startup
[51.047s] [ext: omni.kit.widget.text_editor-1.0.2] startup
[51.066s] [ext: omni.physx.tensors-106.5.7] startup
[51.083s] [ext: omni.kit.tool.collect-2.2.16] startup
[51.089s] [ext: omni.kit.menu.stage-1.2.5] startup
[51.095s] [ext: omni.kit.browser.folder.core-1.10.1] startup
[51.113s] [ext: omni.warp-1.5.0] startup
[51.136s] [ext: isaacsim.examples.browser-0.1.8] startup
[51.172s] [ext: omni.physx.stageupdate-106.5.7] startup
[51.218s] [ext: omni.kit.numpy.common-0.1.2] startup
[51.488s] [ext: isaacsim.core.version-2.0.2] startup
[51.491s] [ext: omni.isaac.dynamic_control-1.3.15] startup
2026-10-04 10:08:41 [51,577ms] [Warning] [omni.isaac.dynamic_control] omni.isaac.dynamic_control is deprecated as of Isaac Sim 4.5. No action is needed from end-users.
[52.209s] [ext: isaacsim.storage.native-1.0.6] startup
[52.225s] [ext: omni.kit.menu.create-1.0.17] startup
[52.229s] [ext: isaacsim.core.utils-2.2.8] startup
[52.404s] [ext: omni.kit.widget.searchable_combobox-1.0.6] startup
[52.407s] [ext: omni.kit.primitive.mesh-1.0.17] startup
[52.420s] [ext: isaacsim.core.simulation_manager-0.3.3] startup
[61.565s] [ext: omni.kit.scripting-106.5.2] startup
[61.578s] [ext: omni.kit.stage_templates-1.2.6] startup
[61.587s] [ext: isaacsim.core.prims-0.3.7] startup
[61.625s] [ext: isaacsim.replicator.behavior-1.0.8] startup
[61.629s] [ext: isaacsim.core.api-4.2.16] startup
[61.663s] [ext: omni.ui_query-1.1.7] startup
[61.666s] [ext: omni.kit.manipulator.viewport-107.0.1] startup
[61.671s] [ext: omni.kit.ui_test-1.3.3] startup
[61.676s] [ext: omni.kit.window.extensions-1.4.25] startup
[61.694s] [ext: omni.graph.visualization.nodes-2.1.1] startup
[61.712s] [ext: omni.kit.tool.asset_importer-2.12.2] startup
[61.754s] [ext: isaacsim.gui.components-1.0.9] startup
[61.760s] [ext: omni.kit.widget.settings-1.2.2] startup
[61.765s] [ext: omni.kit.widget.graph-1.12.17] startup
[61.787s] [ext: omni.kit.window.preferences-1.7.0] startup
[62.134s] [ext: omni.kit.graph.delegate.default-1.2.2] startup
[62.136s] [ext: omni.kit.viewport.menubar.core-107.1.2] startup
[62.636s] [ext: omni.kit.widget.material_preview-1.0.16] startup
[62.653s] [ext: omni.kit.graph.usd.commands-1.3.1] startup
[62.658s] [ext: omni.kit.graph.editor.core-1.5.3] startup
[62.676s] [ext: omni.syntheticdata-0.6.10] startup
[63.083s] [ext: omni.kit.window.material_graph-1.8.19] startup
[64.156s] [ext: omni.graph.scriptnode-1.40.1] startup
[64.158s] [ext: isaacsim.core.cloner-1.3.4] startup
[64.223s] [ext: omni.replicator.core-1.11.35] startup
Warp 1.5.0 initialized:
   CUDA Toolkit 11.8, Driver 12.9
   Devices:
     "cpu"      : "x86_64"
     "cuda:0"   : "NVIDIA GeForce RTX 2080 Ti" (11 GiB, sm_75, mempool enabled)
   Kernel cache:
     /home/Invader17/grasp_task/.cache/warp
2026-10-04 10:08:54 [64,481ms] [Warning] [omni.replicator.core.scripts.extension] No material configuration file, adding configuration to material settings directly.
[65.125s] [ext: omni.isaac.cloner-1.0.2] startup
2026-10-04 10:08:54 [64,496ms] [Warning] [omni.isaac.cloner] omni.isaac.cloner has been deprecated in favor of isaacsim.core.cloner. Please update your code accordingly.
[65.126s] [ext: isaacsim.core.nodes-2.1.4] startup
[66.219s] [ext: isaacsim.asset.importer.urdf-2.3.10] startup
[67.791s] [ext: omni.isaac.core-4.0.3] startup
2026-10-04 10:08:57 [67,209ms] [Warning] [omni.isaac.core.physics_context.physics_context] omni.isaac.core.physics_context.physics_context has been deprecated in favor of isaacsim.core.api.physics_context.physics_context. Please update your code accordingly.
2026-10-04 10:08:57 [67,210ms] [Warning] [omni.isaac.core.simulation_context.simulation_context] omni.isaac.core.simulation_context.simulation_context has been deprecated in favor of isaacsim.core.api.simulation_context.simulation_context. Please update your code accordingly.
2026-10-04 10:08:57 [67,210ms] [Warning] [omni.isaac.core.world.world] omni.isaac.core.world.world has been deprecated in favor of isaacsim.core.api.world.world. Please update your code accordingly.
2026-10-04 10:08:57 [67,210ms] [Warning] [omni.isaac.core] omni.isaac.core has been deprecated in favor of isaacsim.core.api. Please update your code accordingly.
[67.840s] [ext: omni.isaac.core_nodes-2.0.2] startup
2026-10-04 10:08:57 [67,254ms] [Warning] [omni.isaac.core_nodes] omni.isaac.core_nodes has been deprecated in favor of isaacsim.core.nodes. Please update your code accordingly.
[67.883s] [ext: omni.anim.curve.core-1.2.0] startup
[67.943s] [ext: isaacsim.robot_motion.lula-4.0.4] startup
[68.209s] [ext: isaacsim.asset.importer.mjcf-2.3.3] startup
[68.229s] [ext: isaacsim.robot_motion.motion_generation-8.0.6] startup
[68.252s] [ext: isaacsim.asset.browser-1.3.4] startup
[68.352s] [ext: isaacsim.robot.surface_gripper-2.0.6] startup
[68.361s] [ext: omni.kit.selection-0.1.5] startup
[68.396s] [ext: isaacsim.robot_motion.lula_test_widget-1.0.5] startup
[68.399s] [ext: omni.isaac.assets_check-0.3.9] startup
2026-10-04 10:08:58 [67,771ms] [Warning] [omni.isaac.assets_check] omni.isaac.assets_check has been deprecated in favor of isaacsim.asset.browser. Please update your code accordingly.
[68.400s] [ext: isaacsim.robot.manipulators-3.0.4] startup
[68.412s] [ext: isaacsim.sensors.physics-0.3.5] startup
[68.971s] [ext: isaacsim.gui.menu-2.0.9] startup
[69.091s] [ext: omni.isaac.lula_test_widget-1.0.2] startup
2026-10-04 10:08:58 [68,463ms] [Warning] [omni.isaac.lula_test_widget] omni.isaac.lula_test_widget has been deprecated in favor of isaacsim.robot_motion.lula_test_widget. Please update your code accordingly.
[69.108s] [ext: omni.sensors.nv.common-2.5.0-coreapi] startup
[69.646s] [ext: omni.isaac.manipulators-3.0.3] startup
2026-10-04 10:08:59 [69,018ms] [Warning] [omni.isaac.manipulators] omni.isaac.manipulators has been deprecated in favor of isaacsim.robot.manipulators. Please update your code accordingly.
2026-10-04 10:08:59 [69,018ms] [Warning] [omni.isaac.manipulators.controllers] omni.isaac.manipulators has been deprecated in favor of isaacsim.robot.manipulators. Please update your code accordingly.
2026-10-04 10:08:59 [69,018ms] [Warning] [omni.isaac.manipulators.controllers.pick_place_controller] omni.isaac.manipulators has been deprecated in favor of isaacsim.robot.manipulators. Please update your code accordingly.
2026-10-04 10:08:59 [69,020ms] [Warning] [omni.isaac.manipulators.controllers.stacking_controller] omni.isaac.manipulators has been deprecated in favor of isaacsim.robot.manipulators. Please update your code accordingly.
2026-10-04 10:08:59 [69,020ms] [Warning] [omni.isaac.manipulators.grippers] omni.isaac.manipulators has been deprecated in favor of isaacsim.robot.manipulators. Please update your code accordingly.
2026-10-04 10:08:59 [69,021ms] [Warning] [omni.isaac.manipulators.grippers.gripper] omni.isaac.manipulators has been deprecated in favor of isaacsim.robot.manipulators. Please update your code accordingly.
2026-10-04 10:08:59 [69,023ms] [Warning] [omni.isaac.manipulators.grippers.parallel_gripper] omni.isaac.manipulators has been deprecated in favor of isaacsim.robot.manipulators. Please update your code accordingly.
2026-10-04 10:08:59 [69,023ms] [Warning] [omni.isaac.manipulators.grippers.surface_gripper] omni.isaac.manipulators has been deprecated in favor of isaacsim.robot.manipulators. Please update your code accordingly.
2026-10-04 10:08:59 [69,024ms] [Warning] [omni.isaac.manipulators.manipulators] omni.isaac.manipulators has been deprecated in favor of isaacsim.robot.manipulators. Please update your code accordingly.
2026-10-04 10:08:59 [69,024ms] [Warning] [omni.isaac.manipulators.manipulators.single_manipulator] omni.isaac.manipulators has been deprecated in favor of isaacsim.robot.manipulators. Please update your code accordingly.
[69.664s] [ext: isaacsim.robot.policy.examples-4.0.3] startup
[69.667s] [ext: omni.isaac.menu-1.0.2] startup
2026-10-04 10:08:59 [69,038ms] [Warning] [omni.isaac.menu] omni.isaac.menu has been deprecated in favor of isaacsim.gui.menu. Please update your code accordingly.
[69.668s] [ext: omni.isaac.motion_generation-8.0.2] startup
2026-10-04 10:08:59 [69,040ms] [Warning] [omni.isaac.motion_generation] omni.isaac.motion_generation has been deprecated in favor of isaacsim.robot_motion.motion_generation. Please update your code accordingly.
2026-10-04 10:08:59 [69,040ms] [Warning] [omni.isaac.motion_generation.articulation_kinematics_solver] omni.isaac.motion_generation has been deprecated in favor of isaacsim.robot_motion.motion_generation. Please update your code accordingly.
2026-10-04 10:08:59 [69,040ms] [Warning] [omni.isaac.motion_generation.articulation_motion_policy] omni.isaac.motion_generation has been deprecated in favor of isaacsim.robot_motion.motion_generation. Please update your code accordingly.
2026-10-04 10:08:59 [69,040ms] [Warning] [omni.isaac.motion_generation.articulation_trajectory] omni.isaac.motion_generation has been deprecated in favor of isaacsim.robot_motion.motion_generation. Please update your code accordingly.
2026-10-04 10:08:59 [69,041ms] [Warning] [omni.isaac.motion_generation.kinematics_interface] omni.isaac.motion_generation has been deprecated in favor of isaacsim.robot_motion.motion_generation. Please update your code accordingly.
2026-10-04 10:08:59 [69,047ms] [Warning] [omni.isaac.motion_generation.lula] omni.isaac.motion_generation has been deprecated in favor of isaacsim.robot_motion.motion_generation. Please update your code accordingly.
2026-10-04 10:08:59 [69,047ms] [Warning] [omni.isaac.motion_generation.lula.kinematics] omni.isaac.motion_generation has been deprecated in favor of isaacsim.robot_motion.motion_generation. Please update your code accordingly.
2026-10-04 10:08:59 [69,047ms] [Warning] [omni.isaac.motion_generation.lula.motion_policies] omni.isaac.motion_generation has been deprecated in favor of isaacsim.robot_motion.motion_generation. Please update your code accordingly.
2026-10-04 10:08:59 [69,048ms] [Warning] [omni.isaac.motion_generation.lula.path_planners] omni.isaac.motion_generation has been deprecated in favor of isaacsim.robot_motion.motion_generation. Please update your code accordingly.
2026-10-04 10:08:59 [69,048ms] [Warning] [omni.isaac.motion_generation.lula.trajectory_generator] omni.isaac.motion_generation has been deprecated in favor of isaacsim.robot_motion.motion_generation. Please update your code accordingly.
2026-10-04 10:08:59 [69,048ms] [Warning] [omni.isaac.motion_generation.motion_policy_controller] omni.isaac.motion_generation has been deprecated in favor of isaacsim.robot_motion.motion_generation. Please update your code accordingly.
2026-10-04 10:08:59 [69,049ms] [Warning] [omni.isaac.motion_generation.motion_policy_interface] omni.isaac.motion_generation has been deprecated in favor of isaacsim.robot_motion.motion_generation. Please update your code accordingly.
2026-10-04 10:08:59 [69,050ms] [Warning] [omni.isaac.motion_generation.path_planner_visualizer] omni.isaac.motion_generation has been deprecated in favor of isaacsim.robot_motion.motion_generation. Please update your code accordingly.
2026-10-04 10:08:59 [69,050ms] [Warning] [omni.isaac.motion_generation.path_planning_interface] omni.isaac.motion_generation has been deprecated in favor of isaacsim.robot_motion.motion_generation. Please update your code accordingly.
2026-10-04 10:08:59 [69,050ms] [Warning] [omni.isaac.motion_generation.trajectory] omni.isaac.motion_generation has been deprecated in favor of isaacsim.robot_motion.motion_generation. Please update your code accordingly.
2026-10-04 10:08:59 [69,051ms] [Warning] [omni.isaac.motion_generation.world_interface] omni.isaac.motion_generation has been deprecated in favor of isaacsim.robot_motion.motion_generation. Please update your code accordingly.
[69.704s] [ext: omni.sensors.nv.materials-1.4.0-coreapi] startup
[69.724s] [ext: omni.isaac.nucleus-1.0.3] startup
2026-10-04 10:08:59 [69,096ms] [Warning] [omni.isaac.nucleus] omni.isaac.nucleus has been deprecated in favor of isaacsim.storage.native. Please update your code accordingly.
2026-10-04 10:08:59 [69,096ms] [Warning] [omni.isaac.nucleus.nucleus] omni.isaac.nucleus.nucleus has been deprecated in favor of isaacsim.storage.native. Please update your code accordingly.
[69.726s] [ext: omni.isaac.quadruped-3.0.2] startup
2026-10-04 10:08:59 [69,098ms] [Warning] [omni.isaac.quadruped] omni.isaac.quadruped has been deprecated in favor of isaacsim.robot.policy.examples. Please update your code accordingly.
[69.728s] [ext: omni.kit.manipulator.selector-1.1.1] startup
[69.730s] [ext: omni.sensors.nv.wpm-2.4.0-coreapi] startup
[69.752s] [ext: omni.sensors.nv.lidar-2.6.3-coreapi] startup
[69.784s] [ext: omni.sensors.nv.ids-1.4.0-coreapi] startup
[69.813s] [ext: isaacsim.robot.manipulators.examples-1.0.3] startup
[69.821s] [ext: isaacsim.util.debug_draw-2.0.2] startup
[69.840s] [ext: omni.sensors.tiled-0.0.6] startup
[69.847s] [ext: omni.sensors.nv.radar-2.6.1-coreapi] startup
[69.876s] [ext: omni.kit.widget.toolbar-1.7.3] startup
[69.895s] [ext: omni.kit.manipulator.transform-106.0.1] startup
[69.908s] [ext: isaacsim.sensors.physx-2.2.4] startup
[70.015s] [ext: isaacsim.sensors.rtx-13.6.3] startup
[70.336s] [ext: isaacsim.sensors.camera-0.2.9] startup
[70.408s] [ext: isaacsim.cortex.framework-1.0.2] startup
[70.539s] [ext: omni.kit.manipulator.tool.snap-1.5.12] startup
[70.671s] [ext: omni.isaac.range_sensor-4.0.2] startup
[70.890s] [ext: omni.isaac.surface_gripper-2.0.2] startup
2026-10-04 10:09:00 [70,262ms] [Warning] [omni.isaac.surface_gripper] omni.isaac.surface_gripper has been deprecated in favor of isaacsim.robot.surface_gripper. Please update your code accordingly.
[70.892s] [ext: omni.isaac.sensor-13.0.3] startup
2026-10-04 10:09:00 [70,264ms] [Warning] [omni.isaac.sensor] omni.isaac.sensor has been deprecated in favor of isaacsim.sensors.camera, isaacsim.sensors.physics, isaacsim.sensors.physx, and isaacsim.sensors.rtx. Please update your code accordingly.
2026-10-04 10:09:00 [70,264ms] [Warning] [omni.isaac.sensor.camera] omni.isaac.sensor.camera has been deprecated in favor of isaacsim.sensors.camera.camera. Please update your code accordingly.
2026-10-04 10:09:00 [70,264ms] [Warning] [omni.isaac.sensor.camera_view] omni.isaac.sensor.camera_view has been deprecated in favor of isaacsim.sensors.camera.camera_view. Please update your code accordingly.
2026-10-04 10:09:00 [70,265ms] [Warning] [omni.isaac.sensor.commands] omni.isaac.sensor.commands has been deprecated in favor of isaacsim.sensors.physics.commands, isaacsim.sensors.physx.commands, and isaacsim.sensors.rtx.commands. Please update your code accordingly.
2026-10-04 10:09:00 [70,290ms] [Warning] [omni.isaac.sensor.contact_sensor] omni.isaac.sensor.contact_sensor has been deprecated in favor of isaacsim.sensors.physics.contact_sensor. Please update your code accordingly.
2026-10-04 10:09:00 [70,291ms] [Warning] [omni.isaac.sensor.imu_sensor] omni.isaac.sensor.imu_sensor has been deprecated in favor of isaacsim.sensors.physics.imu_sensor. Please update your code accordingly.
2026-10-04 10:09:00 [70,291ms] [Warning] [omni.isaac.sensor.lidar_rtx] omni.isaac.sensor.lidar_rtx has been deprecated in favor of isaacsim.sensors.rtx.lidar_rtx. Please update your code accordingly.
2026-10-04 10:09:00 [70,291ms] [Warning] [omni.isaac.sensor.rotating_lidar_physX] omni.isaac.sensor.imu_sensor has been deprecated in favor of isaacsim.sensors.physix.rotating_lidar_physX. Please update your code accordingly.
2026-10-04 10:09:00 [70,293ms] [Warning] [omni.isaac.sensor.scripts.samples.contact_sensor] omni.isaac.sensor.scripts.samples.contact_sensor has been deprecated in favor of isaacsim.sensors.physics.scripts.samples.contact_sensor. Please update your code accordingly.
2026-10-04 10:09:00 [70,317ms] [Warning] [omni.isaac.sensor.scripts.samples.imu_sensor] omni.isaac.sensor.scripts.samples.imu_sensor has been deprecated in favor of isaacsim.sensors.physics.scripts.samples.imu_sensor. Please update your code accordingly.
2026-10-04 10:09:01 [70,700ms] [Warning] [omni.isaac.sensor.scripts.samples.lightbeam_sensor] omni.isaac.sensor.scripts.samples.lightbeam_sensor has been deprecated in favor of isaacsim.sensors.physx.scripts.samples.lightbeam_sensor. Please update your code accordingly.
[71.330s] [ext: omni.isaac.cortex-1.0.2] startup
2026-10-04 10:09:01 [70,702ms] [Warning] [omni.isaac.cortex] omni.isaac.cortex has been deprecated in favor of isaacsim.cortex.framework. Please update your code accordingly.
[71.332s] [ext: omni.kit.viewport.manipulator.transform-107.0.4] startup
[71.622s] [ext: omni.debugdraw-0.1.3] startup
[71.664s] [ext: omni.isaac.universal_robots-1.0.2] startup
2026-10-04 10:09:01 [71,036ms] [Warning] [omni.isaac.universal_robots] omni.isaac.universal_robots has been deprecated in favor of isaacsim.robot.manipulators.examples.universal_robots. Please update your code accordingly.
2026-10-04 10:09:01 [71,036ms] [Warning] [omni.isaac.universal_robots.kinematics_solver] omni.isaac.franka has been deprecated in favor of isaacsim.robot.manipulators.examples.universal_robots. Please update your code accordingly.
2026-10-04 10:09:01 [71,041ms] [Warning] [omni.isaac.universal_robots.ur10] omni.isaac.franka has been deprecated in favor of isaacsim.robot.manipulators.examples.universal_robots. Please update your code accordingly.
[71.671s] [ext: omni.isaac.utils-2.0.2] startup
[71.681s] [ext: omni.kit.manipulator.prim.core-107.0.7] startup
[71.696s] [ext: omni.fabric.commands-1.1.5] startup
[71.712s] [ext: omni.kit.manipulator.selection-106.0.1] startup
[71.718s] [ext: omni.kit.viewport.actions-107.0.0] startup
[71.729s] [ext: omni.kit.manipulator.prim.usd-107.0.3] startup
[71.734s] [ext: omni.kit.manipulator.prim.fabric-107.0.4] startup
[71.745s] [ext: isaacsim.cortex.behaviors-2.0.3] startup
[71.747s] [ext: omni.kit.widget.layers-1.8.2] startup
[71.822s] [ext: omni.kit.viewport.menubar.display-107.0.3] startup
[71.871s] [ext: omni.kit.manipulator.prim-107.0.0] startup
[71.875s] [ext: omni.isaac.cortex.sample_behaviors-2.0.2] startup
2026-10-04 10:09:01 [71,247ms] [Warning] [omni.isaac.cortex.sample_behaviors] omni.isaac.cortex.sample_behaviors has been deprecated in favor of isaacsim.cortex.behaviors. Please update your code accordingly.
[71.879s] [ext: omni.graph.ui_nodes-1.40.1] startup
[71.903s] [ext: omni.usdphysics.ui-106.5.7] startup
[72.012s] [ext: omni.physx.commands-106.5.7] startup
[72.027s] [ext: omni.kit.property.camera-1.0.9] startup
[72.032s] [ext: omni.hydra.scene_api-0.1.2] startup
[72.048s] [ext: omni.kit.property.geometry-1.3.3] startup
[72.057s] [ext: omni.kit.property.light-1.0.11] startup
[72.060s] [ext: omni.physx.ui-106.5.7] startup
[72.127s] [ext: omni.kit.property.material-1.10.17] startup
[72.146s] [ext: omni.kit.property.render-1.1.3] startup
[72.148s] [ext: omni.kit.property.transform-1.5.10] startup
[72.160s] [ext: omni.kit.property.audio-1.0.16] startup
[72.165s] [ext: isaacsim.gui.property-1.0.4] startup
[72.172s] [ext: omni.physx.demos-106.5.7] startup
[72.217s] [ext: omni.kit.property.physx-106.5.7] startup
[72.327s] [ext: omni.isaac.lula-4.0.2] startup
2026-10-04 10:09:02 [71,699ms] [Warning] [omni.isaac.lula] omni.isaac.lula has been deprecated in favor of isaacsim.robot_motion.lula. Please update your code accordingly.
[72.329s] [ext: omni.kit.property.bundle-1.3.2] startup
[72.340s] [ext: omni.kit.property.isaac-1.0.2] startup
2026-10-04 10:09:02 [71,714ms] [Warning] [omni.kit.property.isaac] omni.kit.property.isaac has been deprecated in favor of isaacsim.gui.property. Please update your code accordingly.
2026-10-04 10:09:02 [71,715ms] [Warning] [omni.kit.property.isaac.widgets] omni.kit.property.isaac.widgets has been deprecated in favor of isaacsim.gui.property.widgets. Please update your code accordingly.
[72.345s] [ext: omni.physx.vehicle-106.5.7] startup
[72.389s] [ext: omni.kit.viewport.menubar.camera-107.0.2] startup
[72.404s] [ext: omni.kit.viewport.menubar.lighting-106.0.2] startup
[72.409s] [ext: omni.kit.viewport.menubar.render-107.0.8] startup
[72.418s] [ext: omni.kit.viewport.menubar.settings-107.0.3] startup
[72.433s] [ext: omni.kit.window.console-0.2.14] startup
[72.457s] [ext: omni.physx.camera-106.5.7] startup
[72.493s] [ext: omni.kit.window.toolbar-1.6.2] startup
[72.505s] [ext: omni.isaac.version-2.0.2] startup
2026-10-04 10:09:02 [71,878ms] [Warning] [omni.isaac.version] omni.isaac.version has been deprecated in favor of isaacsim.core.version. Please update your code accordingly.
[72.507s] [ext: isaacsim.robot.wheeled_robots-4.0.3] startup
[72.528s] [ext: omni.physx.cct-106.5.7] startup
[72.568s] [ext: omni.physx.graph-106.5.7] startup
[72.617s] [ext: isaacsim.replicator.writers-1.0.1] startup
[72.667s] [ext: omni.physx.supportui-106.5.7] startup
[72.728s] [ext: omni.physx.telemetry-106.5.7] startup
[72.754s] [ext: omni.isaac.wheeled_robots-3.0.3] startup
2026-10-04 10:09:02 [72,126ms] [Warning] [omni.isaac.wheeled_robots] omni.isaac.wheeled_robots has been deprecated in favor of isaacsim.robot.wheeled_robots. Please update your code accordingly.
2026-10-04 10:09:02 [72,126ms] [Warning] [omni.isaac.wheeled_robots.controllers] omni.isaac.wheeled_robots has been deprecated in favor of isaacsim.robot.wheeled_robots. Please update your code accordingly.
2026-10-04 10:09:02 [72,127ms] [Warning] [omni.isaac.wheeled_robots.controllers.ackermann_controller] omni.isaac.wheeled_robots has been deprecated in favor of isaacsim.robot.wheeled_robots. Please update your code accordingly.
2026-10-04 10:09:02 [72,172ms] [Warning] [omni.isaac.wheeled_robots.controllers.differential_controller] omni.isaac.wheeled_robots has been deprecated in favor of isaacsim.robot.wheeled_robots. Please update your code accordingly.
2026-10-04 10:09:02 [72,172ms] [Warning] [omni.isaac.wheeled_robots.controllers.holonomic_controller] omni.isaac.wheeled_robots has been deprecated in favor of isaacsim.robot.wheeled_robots. Please update your code accordingly.
2026-10-04 10:09:02 [72,172ms] [Warning] [omni.isaac.wheeled_robots.controllers.quintic_path_planner] omni.isaac.wheeled_robots has been deprecated in favor of isaacsim.robot.wheeled_robots. Please update your code accordingly.
2026-10-04 10:09:02 [72,173ms] [Warning] [omni.isaac.wheeled_robots.controllers.stanley_control] omni.isaac.wheeled_robots has been deprecated in favor of isaacsim.robot.wheeled_robots. Please update your code accordingly.
2026-10-04 10:09:02 [72,173ms] [Warning] [omni.isaac.wheeled_robots.controllers.wheel_base_pose_controller] omni.isaac.wheeled_robots has been deprecated in favor of isaacsim.robot.wheeled_robots. Please update your code accordingly.
2026-10-04 10:09:02 [72,174ms] [Warning] [omni.isaac.wheeled_robots.impl] omni.isaac.wheeled_robots has been deprecated in favor of isaacsim.robot.wheeled_robots. Please update your code accordingly.
2026-10-04 10:09:02 [72,174ms] [Warning] [omni.isaac.wheeled_robots.robots] omni.isaac.wheeled_robots has been deprecated in favor of isaacsim.robot.wheeled_robots. Please update your code accordingly.
2026-10-04 10:09:02 [72,174ms] [Warning] [omni.isaac.wheeled_robots.robots.holonomic_robot_usd_setup] omni.isaac.wheeled_robots has been deprecated in favor of isaacsim.robot.wheeled_robots. Please update your code accordingly.
2026-10-04 10:09:02 [72,175ms] [Warning] [omni.isaac.wheeled_robots.robots.wheeled_robot] omni.isaac.wheeled_robots has been deprecated in favor of isaacsim.robot.wheeled_robots. Please update your code accordingly.
[73.191s] [ext: omni.isaac.franka-1.0.2] startup
2026-10-04 10:09:02 [72,563ms] [Warning] [omni.isaac.franka] omni.isaac.franka has been deprecated in favor of isaacsim.robot.manipulators.examples.franka. Please update your code accordingly.
2026-10-04 10:09:02 [72,563ms] [Warning] [omni.isaac.franka.franka] omni.isaac.franka has been deprecated in favor of isaacsim.robot.manipulators.examples.franka. Please update your code accordingly.
2026-10-04 10:09:02 [72,565ms] [Warning] [omni.isaac.franka.kinematics_solver] omni.isaac.franka has been deprecated in favor of isaacsim.robot.manipulators.examples.franka. Please update your code accordingly.
[73.217s] [ext: isaacsim.replicator.domain_randomization-1.0.2] startup
[73.248s] [ext: isaacsim.replicator.examples-1.1.2] startup
[73.259s] [ext: omni.kit.window.status_bar-0.1.7] startup
[73.280s] [ext: omni.rtx.window.settings-0.6.17] startup
[73.304s] [ext: omni.usd.metrics.assembler-106.5.0] startup
[73.357s] [ext: omni.physx.bundle-106.5.7] startup
[73.358s] [ext: isaacsim.app.about-2.0.7] startup
[73.361s] [ext: omni.replicator.isaac-2.0.3] startup
2026-10-04 10:09:03 [72,732ms] [Warning] [omni.replicator.isaac] omni.replicator.isaac has been deprecated in favor of isaacsim.replicator.domain_randomization, isaacsim.replicator.examples, isaacsim.replicator.writers. Please update your code accordingly.
[73.373s] [ext: omni.replicator.replicator_yaml-2.0.10] startup
[73.407s] [ext: omni.rtx.settings.core-0.6.3] startup
[73.425s] [ext: omni.usd.metrics.assembler.ui-106.5.0] startup
[73.432s] [ext: isaacsim.simulation_app-2.4.2] startup
[73.433s] [ext: omni.isaac.window.about-2.0.2] startup
2026-10-04 10:09:03 [72,808ms] [Warning] [omni.isaac.window.about] omni.isaac.window.about has been deprecated in favor of isaacsim.app.about. Please update your code accordingly.
2026-10-04 10:09:03 [72,808ms] [Warning] [omni.isaac.window.about.about] omni.isaac.window.about.about has been deprecated in favor of isaacsim.app.about.about. Please update your code accordingly.
[73.439s] [ext: semantics.schema.editor-0.3.10] startup
[73.454s] [ext: omni.kit.ui.actions-1.0.2] startup
[73.466s] [ext: semantics.schema.property-1.0.5] startup
[73.469s] [ext: omni.kit.manipulator.camera-106.0.3] startup
[73.508s] [ext: omni.isaac.kit-2.0.3] startup
2026-10-04 10:09:03 [72,880ms] [Warning] [omni.isaac.kit] omni.isaac.kit has been deprecated in favor of isaacsim.simulation_app. Please update your code accordingly.
[73.509s] [ext: omni.isaac.asset_browser-1.0.2] startup
2026-10-04 10:09:03 [72,881ms] [Warning] [omni.isaac.asset_browser] omni.isaac.asset_browser has been deprecated in favor of isaacsim.asset.browser. Please update your code accordingly.
[73.513s] [ext: isaacsim.core.throttling-2.0.2] startup
[73.526s] [ext: omni.kit.menu.common-1.1.9] startup
[73.529s] [ext: isaacsim.exp.base-4.5.0] startup
[73.529s] [ext: isaacsim.exp.base.python-4.5.0] startup
[73.538s] Simulation App Starting
2026-10-04 10:09:07 [77,083ms] [Warning] [carb.audio.device] audio device is misconfigured or broken {deviceIndex = 0, name = 'default'} (The device is likely misconfigured, check your $HOME/.asoundrc)
2026-10-04 10:09:07 [77,084ms] [Warning] [carb.audio.output] failed to retrieve the capabilities for device 0 {result = eDeviceLost (2)}
2026-10-04 10:09:07 [77,084ms] [Warning] [carb.audio.context] failed to set the requested output during context creation.  Using a null streamer instead {result = eDeviceLost (2)}
[78.705s] app ready
2026-10-04 10:09:12 [82,101ms] [Warning] [rtx.scenedb.plugin] SceneDbContext : TLAS limit buffer size 2921508224
2026-10-04 10:09:12 [82,102ms] [Warning] [rtx.scenedb.plugin] SceneDbContext : TLAS limit : valid true, within: false
2026-10-04 10:09:15 [85,409ms] [Warning] [carb.tasking.plugin] carb.tasking is likely stuck. All threads are busy with same tasks for more than 1 seconds with waiting tasks. Starting an emergency helper thread.
2026-10-04 10:09:17 [87,627ms] [Warning] [omni.usd-abi.plugin] No setting was found for '/rtx-defaults-transient/meshlights/forceDisable'
2026-10-04 10:09:18 [88,334ms] [Warning] [omni.usd-abi.plugin] No setting was found for '/rtx-defaults/post/dlss/execMode'
2026-10-04 10:09:37 [107,557ms] [Warning] [carb.tasking.plugin] carb.tasking is likely stuck. All threads are busy with same tasks for more than 1 seconds with waiting tasks. Starting an emergency helper thread.
2026-10-04 10:09:38 [108,557ms] [Warning] [carb.tasking.plugin] carb.tasking is likely stuck. All threads are busy with same tasks for more than 1 seconds with waiting tasks. Starting an emergency helper thread.
2026-10-04 10:09:39 [109,557ms] [Warning] [carb.tasking.plugin] carb.tasking is likely stuck. All threads are busy with same tasks for more than 1 seconds with waiting tasks. Starting an emergency helper thread.
2026-10-04 10:09:40 [110,561ms] [Warning] [carb.tasking.plugin] carb.tasking is likely stuck. All threads are busy with same tasks for more than 1 seconds with waiting tasks. Starting an emergency helper thread.
2026-10-04 10:09:41 [111,569ms] [Warning] [carb.tasking.plugin] carb.tasking is likely stuck. All threads are busy with same tasks for more than 1 seconds with waiting tasks. Starting an emergency helper thread.
2026-10-04 10:10:34 [163,796ms] [Warning] [rtx.postprocessing.plugin] DLSS increasing input dimensions: Render resolution of (320, 240) is below minimal input resolution of 300.
[167.242s] Simulation App Startup Complete
[isaac_app] renderer activeGpu=0 (want 0), multiGpu=False
app started in 167.4s
[170.356s] [ext: omni.physx.fabric-106.5.7] startup
2026-10-04 10:10:43 [173,002ms] [Warning] [omni.physicsschema.plugin] ScaleOrientation is not supported for rigid bodies, prim path: /World/envs/env_0/Robot/hande_left_finger. You may ignore this if the scale is close to uniform.
2026-10-04 10:10:43 [173,006ms] [Warning] [omni.physicsschema.plugin] ScaleOrientation is not supported for rigid bodies, prim path: /World/envs/env_0/Robot/hande_right_finger. You may ignore this if the scale is close to uniform.
2026-10-04 10:10:45 [175,153ms] [Warning] [omni.physx.plugin] Detected an articulation at /World/envs/env_0/Robot with more than 4 velocity iterations being added to a TGS scene.The related behavior changed recently, please consult the changelog. This warning will only print once.
2026-10-04 10:10:46 [176,083ms] [Warning] [omni.physx.tensors.plugin] Duplicate joint name 'FixedJoint' in articulation metatype
setup done
finger limits [[0.0, 0.042500000447034836], [0.0, 0.042500000447034836]]
[planner] база повёрнута на 0: якобиан расходится на 1.9997
[planner] база повёрнута на 180: якобиан расходится на 0.0000
домашняя поза: manip по симу 0.2198, по моей кинематике 0.2198
стартовая поза: решений 398, manip лучший 0.1036, у выбранной 0.0953, суставы [1.047, -2.232, 2.027, -1.365, -1.571, 2.628]
[planner] задача 1, напротив объекта: ни одного решения IK
СТОП: планировщик не нашёл, как доехать
FAIL
2026-10-04 10:13:29 [339,464ms] [Warning] [carb.windowing-glfw.plugin] GLFW initialization failed.
2026-10-04 10:13:29 [339,469ms] [Warning] [carb] Failed to startup plugin carb.windowing-glfw.plugin (interfaces: [carb::windowing::IGLContext v1.0],[carb::windowing::IWindowing v1.5]) (impl: carb.windowing-glfw.plugin)
2026-10-04 10:13:35 [344,672ms] [Warning] [carb] Plugin interface for a client: omni.hydratexture.plugin was already released.
[INFO]: Simulation is stopped. Shutting down the app.
[13:13:50] код выхода 0, время 358 с, пик памяти на GPU 7 4089 MiB, клиент драйвера на GPU 0 6 MiB
[13:13:58] наших процессов на GPU нет
[13:13:58] результаты: /home/Invader17/grasp_task/runs/side_v5_20261004_130749
